> Task :app:checkKotlinGradlePluginConfigurationErrors SKIPPED
> Task :app:preBuild UP-TO-DATE
> Task :app:preDebugBuild UP-TO-DATE
> Task :app:checkDebugAarMetadata UP-TO-DATE
> Task :app:generateDebugResValues UP-TO-DATE
> Task :app:mapDebugSourceSetPaths UP-TO-DATE
> Task :app:generateDebugResources UP-TO-DATE
> Task :app:mergeDebugResources UP-TO-DATE
> Task :app:packageDebugResources UP-TO-DATE
> Task :app:parseDebugLocalResources UP-TO-DATE
> Task :app:createDebugCompatibleScreenManifests UP-TO-DATE
> Task :app:extractDeepLinksDebug UP-TO-DATE
> Task :app:processDebugMainManifest UP-TO-DATE
> Task :app:processDebugManifest UP-TO-DATE
> Task :app:processDebugManifestForPackage UP-TO-DATE
> Task :app:processDebugResources UP-TO-DATE
> Task :app:compileDebugKotlin UP-TO-DATE
> Task :app:javaPreCompileDebug UP-TO-DATE
> Task :app:compileDebugJavaWithJavac UP-TO-DATE
> Task :app:bundleDebugClassesToCompileJar UP-TO-DATE
> Task :app:compileDebugUnitTestKotlin UP-TO-DATE
> Task :app:preDebugUnitTestBuild UP-TO-DATE
> Task :app:javaPreCompileDebugUnitTest UP-TO-DATE

> Task :app:compileDebugUnitTestJavaWithJavac FAILED
./gradlew : C:\Users\gokul D\SHIELD-1\
app\src\test\java\com\dearmoon\shield\
data\PrivacyConsentTest.java:4: 
error: package androidx.test.core.app 
does not exist
At line:1 char:1
+ ./gradlew :app:compileDebugUnitTestJ
avaWithJavac --console=plain > bu ...
+ ~~~~~~~~~~~~~~~~~~~~~~~~~~~~~~~~~~~~
~~~~~~~~~~~~~~~~~~~~~~~~~~~~~~~~~
    + CategoryInfo          : NotSpec 
   ified: (C:\Users\gokul ... does n  
  ot exist:String) [], RemoteExcept   
 ion
    + FullyQualifiedErrorId : NativeC 
   ommandError
 
import androidx.test.core.app.Applicat
ionProvider;
                             ^
C:\Users\gokul D\SHIELD-1\app\src\test
\java\com\dearmoon\shield\detection\Ki
llMechanismTest.java:7: error: 
package androidx.test.core.app does 
not exist
import androidx.test.core.app.Applicat
ionProvider;
                             ^
C:\Users\gokul D\SHIELD-1\app\src\test
\java\com\dearmoon\shield\modea\ModeAE
xclusionTest.java:5: error: package 
androidx.test.core.app does not exist
import androidx.test.core.app.Applicat
ionProvider;
                             ^
C:\Users\gokul D\SHIELD-1\app\src\test
\java\com\dearmoon\shield\security\Con
figAuditCheckerTest.java:10: error: 
package androidx.test.core.app does 
not exist
import androidx.test.core.app.Applicat
ionProvider;
                             ^
C:\Users\gokul D\SHIELD-1\app\src\test
\java\com\dearmoon\shield\security\Dep
endencyIntegrityTest.java:8: error: 
package androidx.test.core.app does 
not exist
import androidx.test.core.app.Applicat
ionProvider;
                             ^
C:\Users\gokul D\SHIELD-1\app\src\test
\java\com\dearmoon\shield\snapshot\Bac
kupEncryptionTest.java:4: error: 
package androidx.test.core.app does 
not exist
import androidx.test.core.app.Applicat
ionProvider;
                             ^
C:\Users\gokul D\SHIELD-1\app\src\test
\java\com\dearmoon\shield\data\Privacy
ConsentTest.java:23: error: cannot 
find symbol
        context = ApplicationProvider.
getApplicationContext();
                  ^
  symbol:   variable 
ApplicationProvider
  location: class PrivacyConsentTest
C:\Users\gokul D\SHIELD-1\app\src\test
\java\com\dearmoon\shield\data\Privacy
ConsentTest.java:66: error: cannot 
find symbol
            
verify(mockDb).clearAllTelemetry();
                          ^
  symbol:   method clearAllTelemetry()
  location: class EventDatabase
C:\Users\gokul D\SHIELD-1\app\src\test
\java\com\dearmoon\shield\detection\Ki
llMechanismTest.java:40: error: 
cannot find symbol
        context = ApplicationProvider.
getApplicationContext();
                  ^
  symbol:   variable 
ApplicationProvider
  location: class KillMechanismTest
C:\Users\gokul D\SHIELD-1\app\src\test
\java\com\dearmoon\shield\modea\ModeAE
xclusionTest.java:35: error: cannot 
find symbol
        context = ApplicationProvider.
getApplicationContext();
                  ^
  symbol:   variable 
ApplicationProvider
  location: class ModeAExclusionTest
C:\Users\gokul D\SHIELD-1\app\src\test
\java\com\dearmoon\shield\security\Con
figAuditCheckerTest.java:32: error: 
cannot find symbol
        context = ApplicationProvider.
getApplicationContext();
                  ^
  symbol:   variable 
ApplicationProvider
  location: class 
ConfigAuditCheckerTest
C:\Users\gokul D\SHIELD-1\app\src\test
\java\com\dearmoon\shield\security\Dep
endencyIntegrityTest.java:31: error: 
cannot find symbol
        context = ApplicationProvider.
getApplicationContext();
                  ^
  symbol:   variable 
ApplicationProvider
  location: class 
DependencyIntegrityTest
C:\Users\gokul D\SHIELD-1\app\src\test
\java\com\dearmoon\shield\snapshot\Bac
kupEncryptionTest.java:34: error: 
cannot find symbol
        context = ApplicationProvider.
getApplicationContext();
                  ^
  symbol:   variable 
ApplicationProvider
  location: class BackupEncryptionTest
C:\Users\gokul D\SHIELD-1\app\src\test
\java\com\dearmoon\shield\snapshot\Bac
kupEncryptionTest.java:68: error: 
incompatible types: SecretKey cannot 
be converted to byte[]
        manager.decryptFile(enc, dec, 
key);
                                      
^
C:\Users\gokul D\SHIELD-1\app\src\test
\java\com\dearmoon\shield\snapshot\Bac
kupEncryptionTest.java:79: error: 
cannot find symbol
            encrypted = manager.encryp
tDbColumn(sensitiveData);
                               ^
  symbol:   method 
encryptDbColumn(String)
  location: variable manager of type 
BackupEncryptionManager
C:\Users\gokul D\SHIELD-1\app\src\test
\java\com\dearmoon\shield\snapshot\Bac
kupEncryptionTest.java:84: error: 
cannot find symbol
        String decrypted = 
manager.decryptDbColumn(encrypted);
                                  ^
  symbol:   method 
decryptDbColumn(byte[])
  location: variable manager of type 
BackupEncryptionManager
Note: Some input files use or 
override a deprecated API.
Note: Recompile with 
-Xlint:deprecation for details.
Note: Some messages have been 
simplified; recompile with 
-Xdiags:verbose to get full output
16 errors

FAILURE: Build failed with an 
exception.

* What went wrong:
Execution failed for task ':app:compil
eDebugUnitTestJavaWithJavac'.
> Compilation failed; see the 
compiler error output for details.

* Try:
> Run with --info option to get more 
log output.
> Run with --scan to get full 
insights.

BUILD FAILED in 25s
20 actionable tasks: 1 executed, 19 up-to-date
