> Task :app:checkKotlinGradlePluginConfigurationErrors SKIPPED
> Task :app:preBuild UP-TO-DATE
> Task :app:preDebugBuild UP-TO-DATE
> Task :app:checkDebugAarMetadata UP-TO-DATE
> Task :app:generateDebugResValues UP-TO-DATE
> Task :app:mapDebugSourceSetPaths UP-TO-DATE
> Task :app:generateDebugResources UP-TO-DATE
> Task :app:mergeDebugResources UP-TO-DATE
> Task :app:packageDebugResources UP-TO-DATE
> Task :app:parseDebugLocalResources UP-TO-DATE
> Task :app:createDebugCompatibleScreenManifests UP-TO-DATE
> Task :app:extractDeepLinksDebug UP-TO-DATE
> Task :app:processDebugMainManifest UP-TO-DATE
> Task :app:processDebugManifest UP-TO-DATE
> Task :app:processDebugManifestForPackage UP-TO-DATE
> Task :app:processDebugResources UP-TO-DATE
> Task :app:compileDebugKotlin UP-TO-DATE
> Task :app:javaPreCompileDebug UP-TO-DATE

> Task :app:compileDebugJavaWithJavac FAILED
./gradlew : C:\Users\gokul D\SHIELD-1\app\
src\main\java\com\dearmoon\shield\detectio
n\UnifiedDetectionEngine.java:238: error: 
cannot find symbol
At line:1 char:1
+ ./gradlew compileDebugUnitTestSources > 
compile_output.txt 2>&1
+ ~~~~~~~~~~~~~~~~~~~~~~~~~~~~~~~~~~~~~~~~
~~~~~~~~~~~~~~~~~~~~~~~
    + CategoryInfo          : NotSpecifie 
   d: (C:\Users\gokul ...not find symbol  
  :String) [], RemoteException
    + FullyQualifiedErrorId : NativeComma 
   ndError
 
        String suspectPackageName = 
attributor != null ? 
attributor.getPackageForUid(uid) : 
"unknown";
                                    ^
  symbol:   variable attributor
  location: class UnifiedDetectionEngine
C:\Users\gokul D\SHIELD-1\app\src\main\jav
a\com\dearmoon\shield\detection\UnifiedDet
ectionEngine.java:238: error: cannot find 
symbol
        String suspectPackageName = 
attributor != null ? 
attributor.getPackageForUid(uid) : 
"unknown";
                                          
               ^
  symbol:   variable attributor
  location: class UnifiedDetectionEngine
Note: Some input files use or override a 
deprecated API.
Note: Recompile with -Xlint:deprecation 
for details.
2 errors

FAILURE: Build failed with an exception.

* What went wrong:
Execution failed for task 
':app:compileDebugJavaWithJavac'.
> Compilation failed; see the compiler 
error output for details.

* Try:
> Run with --info option to get more log 
output.
> Run with --scan to get full insights.

BUILD FAILED in 39s
16 actionable tasks: 1 executed, 15 up-to-date
