03-13 10:02:13.503 14616 14772 D EventDatabase: Inserted HoneyfileEvent: 69
03-13 10:02:13.503 14616 14772 D TelemetryStorage: EVENT STORED: HONEYFILE_ACCESS (ID: 69)
03-13 10:02:13.504 14616 14772 W HoneyfileCollector: ⚠️ HONEYFILE TRAP TRIGGERED: /storage/emulated/0/Download/86f77f07.bin (OPEN) by UID 10273
03-13 10:02:13.504 14616 14772 D TelemetryStorage: EVENT GENERATED: HONEYFILE_ACCESS
03-13 10:02:13.510  6159 11134 D VibratorManagerServiceExtImpl: onNoteVibratorOnLocked uid=1000, timing=45
03-13 10:02:13.511  6159 11134 D LinearMotorVibratorControler: OplusMirrorLinearMotorVibratorManager.turnOnLinearmotorVibrator
03-13 10:02:13.511  6159 11134 D LinearMotorVibratorControler: convertEffectStrength amplitude:1600
03-13 10:02:13.514 14616 14772 D EventDatabase: Inserted HoneyfileEvent: 70
03-13 10:02:13.514 14616 14772 D TelemetryStorage: EVENT STORED: HONEYFILE_ACCESS (ID: 70)
03-13 10:02:13.515 14616 14772 W HoneyfileCollector: ⚠️ HONEYFILE TRAP TRIGGERED: /storage/emulated/0/Download/86f77f07.bin (OPEN) by UID 10273
03-13 10:02:13.516 13471 15195 W Finsky  : [202] PSR: Package com.android.runtime not installed
03-13 10:02:13.529  6159 11134 D WaveformEffect: getWaveFormDurationArray mEffectType=1 duration=45 indexOfKey=1
03-13 10:02:13.529  6159 11134 D LinearmotorVibratorService: linearMotorVibrate WAVEFORM_NODE_RAM, uid=1000 opPkg=android we.getWaveFormIndexArray()=[2] we.getWaveFormDurationArray()=[45] we.getStrengthSettingEnabled()=true
03-13 10:02:13.529  6159 11134 D WaveformEffect: getWaveFormDurationArray mEffectType=1 duration=45 indexOfKey=1
03-13 10:02:13.533 14616 14772 D TelemetryStorage: EVENT GENERATED: HONEYFILE_ACCESS
03-13 10:02:13.540 14616 14772 D EventDatabase: Inserted HoneyfileEvent: 71
03-13 10:02:13.540 14616 14772 D TelemetryStorage: EVENT STORED: HONEYFILE_ACCESS (ID: 71)
03-13 10:02:13.543 14616 14772 W HoneyfileCollector: ⚠️ HONEYFILE TRAP TRIGGERED: /storage/emulated/0/Download/86f77f07.bin (OPEN) by UID 10273
03-13 10:02:13.543 14616 14772 D TelemetryStorage: EVENT GENERATED: HONEYFILE_ACCESS
03-13 10:02:13.552 13471 15195 W Finsky  : [202] PSR: Package com.android.vndk.v30 not installed
03-13 10:02:13.556 14616 14772 D EventDatabase: Inserted HoneyfileEvent: 72
03-13 10:02:13.556 14616 14772 D TelemetryStorage: EVENT STORED: HONEYFILE_ACCESS (ID: 72)
03-13 10:02:13.557 14616 14772 W HoneyfileCollector: ⚠️ HONEYFILE TRAP TRIGGERED: /storage/emulated/0/Download/86f77f07.bin (OPEN) by UID 10273
03-13 10:02:13.558 13471 15195 W Finsky  : [202] PSR: Package com.android.vndk.v31 not installed
03-13 10:02:13.569 13471 15195 W Finsky  : [202] PSR: Package com.android.wifi not installed
03-13 10:02:13.578 14616 14772 E SnapshotDirObserver: BACKUP DIR TAMPER – event=DELETE  file=/data/user/0/com.dearmoon.shield/files/secure_backups/1773341066827_attack_test.txt.enc
03-13 10:02:13.586 14616 14773 I SnapshotManager: Retention: pruned 1 entries (file-count limit)
03-13 10:02:13.587 14616 14773 I SnapshotManager: Encrypted backup created: 1773376322681_86f77f07.bin.enc  chain=a710ede7d98dâ€¦
03-13 10:02:13.587 14616 14773 D SnapshotManager: Snapshot created and backed up: 86f77f07.bin
03-13 10:02:13.589 14616 14772 D TelemetryStorage: EVENT GENERATED: HONEYFILE_ACCESS
03-13 10:02:13.589  6693  6693 D NoBackGesture: End gesture: MotionEvent { action=ACTION_UP, actionButton=0, id[0]=0, x[0]=204.18906, y[0]=1899.7916, toolType[0]=TOOL_TYPE_FINGER, buttonState=0, classification=NONE, metaState=0, flags=0x0, edgeFlags=0x0, pointerCount=1, historySize=0, eventTime=349030305, downTime=349030215, deviceId=3, source=0x1002, displayId=0, eventId=291303057 }
03-13 10:02:13.589  8509  8509 W TooltipLifecycleManager: TooltipLifecycleManager.dismissTooltips():153 Tooltip with id SUGGESTION_VIEW_EDU_MINI_DIALOG not found in tooltipManager.
03-13 10:02:13.590  6693  6693 V TextView: notifyAutoFillManagerAfterTextChanged
03-13 10:02:13.590  6693  6693 V AutofillManager: notifyValueChanged(111): ignoring on state UNKNOWN
03-13 10:02:13.599 14616 14772 D EventDatabase: Inserted HoneyfileEvent: 73
03-13 10:02:13.599 14616 14772 D TelemetryStorage: EVENT STORED: HONEYFILE_ACCESS (ID: 73)
03-13 10:02:13.600 14616 14772 W HoneyfileCollector: ⚠️ HONEYFILE TRAP TRIGGERED: /storage/emulated/0/Download/0062f9f8.key (OPEN) by UID 10273
03-13 10:02:13.600 14616 14772 D TelemetryStorage: EVENT GENERATED: HONEYFILE_ACCESS
03-13 10:02:13.614 14616 14772 D EventDatabase: Inserted HoneyfileEvent: 74
03-13 10:02:13.614 14616 14772 D TelemetryStorage: EVENT STORED: HONEYFILE_ACCESS (ID: 74)
03-13 10:02:13.616 14616 14772 W HoneyfileCollector: ⚠️ HONEYFILE TRAP TRIGGERED: /storage/emulated/0/Download/0062f9f8.key (OPEN) by UID 10273
03-13 10:02:13.629 14616 14772 D TelemetryStorage: EVENT GENERATED: HONEYFILE_ACCESS
03-13 10:02:13.637 14616 14772 D EventDatabase: Inserted HoneyfileEvent: 75
03-13 10:02:13.637 14616 14772 D TelemetryStorage: EVENT STORED: HONEYFILE_ACCESS (ID: 75)
03-13 10:02:13.638 14616 14772 W HoneyfileCollector: ⚠️ HONEYFILE TRAP TRIGGERED: /storage/emulated/0/Download/0062f9f8.key (OPEN) by UID 10273
03-13 10:02:13.638 14616 14772 D TelemetryStorage: EVENT GENERATED: HONEYFILE_ACCESS
03-13 10:02:13.647 14894 14894 I SHIELD_MODE_A: BURST pid=14616 flags=0x2 writes=1852 reads=0 fsyncs=0
03-13 10:02:13.656 14616 14772 D EventDatabase: Inserted HoneyfileEvent: 76
03-13 10:02:13.656 14616 14772 D TelemetryStorage: EVENT STORED: HONEYFILE_ACCESS (ID: 76)
03-13 10:02:13.656 14616 15107 I SHIELD_MODE_A: BURST pid=14616 uid=10273 file=/data/data/com.dearmoon.shield/databases/shield_events.db bytes=1852
03-13 10:02:13.656 14616 15107 D TelemetryStorage: EVENT GENERATED: FILE_SYSTEM
03-13 10:02:13.657 14616 14772 W HoneyfileCollector: ⚠️ HONEYFILE TRAP TRIGGERED: /storage/emulated/0/Download/0062f9f8.key (OPEN) by UID 10273
03-13 10:02:13.667 14616 15107 D EventDatabase: Inserted FileSystemEvent: 353
03-13 10:02:13.667 14616 15107 D TelemetryStorage: EVENT STORED: HYBRID_FILE_SYSTEM (ID: 353)
03-13 10:02:13.669 14616 14788 D UnifiedDetectionEngine: Analyzing file event: MODIFY on /data/data/com.dearmoon.shield/databases/shield_events.db
03-13 10:02:13.669 14616 14788 D UnifiedDetectionEngine: Attribution(private-path): /data/data/com.dearmoon.shield/databases/shield_events.db → com.dearmoon.shield uid=10273
03-13 10:02:13.675 14616 14788 D BehaviorCorrelation: Correlation: com.dearmoon.shield score=15 (file=10, net=0, honey=20, locker=0)
03-13 10:02:13.675 14616 14788 I UnifiedDetectionEngine: Skipping analysis for whitelisted app: com.dearmoon.shield
03-13 10:02:13.678 14616 14772 E SnapshotDirObserver: BACKUP DIR TAMPER – event=DELETE  file=/data/user/0/com.dearmoon.shield/files/secure_backups/1773341066827_testfile_13.txt.enc
03-13 10:02:13.684 14616 14773 I SnapshotManager: Retention: pruned 1 entries (file-count limit)
03-13 10:02:13.686 14616 14773 I SnapshotManager: Encrypted backup created: 1773376322681_0062f9f8.key.enc  chain=2912265d7df4â€¦
03-13 10:02:13.686 14616 14773 D SnapshotManager: Snapshot created and backed up: 0062f9f8.key
03-13 10:02:13.714  6159  6188 D WindowManager: Acquiring screen wakelock due to Window{1192cda u0 Toast}
03-13 10:02:13.714  6159  6188 D OplusAONSmartDim: onWakeLockAcquireLocked: lock=10401270, flags=0x2000000a, packageName=android, tag="WindowManager", ws=WorkSource{10185}, uid=1000, pid=6159
03-13 10:02:13.753 14616 14772 E SnapshotDirObserver: BACKUP DIR TAMPER – event=DELETE  file=/data/user/0/com.dearmoon.shield/files/secure_backups/1773341066827_testfile_3.txt.enc
03-13 10:02:13.758 14616 14773 I SnapshotManager: Retention: pruned 1 entries (file-count limit)
03-13 10:02:13.760 14616 14773 I SnapshotManager: Encrypted backup created: 1773376322681_8b1aeb7f.bak.enc  chain=83dea7626a76â€¦
03-13 10:02:13.760 14616 14773 D SnapshotManager: Snapshot created and backed up: 8b1aeb7f.bak
03-13 10:02:13.833 14616 14772 E SnapshotDirObserver: BACKUP DIR TAMPER – event=DELETE  file=/data/user/0/com.dearmoon.shield/files/secure_backups/1773341066827_testfile_19.txt.enc
03-13 10:02:13.839 13471 15195 I Finsky  : [202] App states replicator found 44 unowned apps
03-13 10:02:13.840 14616 14773 I SnapshotManager: Retention: pruned 1 entries (file-count limit)
03-13 10:02:13.841 14616 14773 I SnapshotManager: Encrypted backup created: 1773376322681_SHIELD_Report_ebddf73e.pdf.enc  chain=4807130403daâ€¦
03-13 10:02:13.841 14616 14773 D SnapshotManager: Snapshot created and backed up: SHIELD_Report_ebddf73e.pdf
03-13 10:02:13.870 13471 13508 I Finsky  : [143] Completed 0 account content syncs with 0 successful.
03-13 10:02:13.870 13471 13471 I Finsky  : [2] [ContentSync] Installation state replication succeeded.
03-13 10:02:13.871 13471 13471 I Finsky  : [2] SCH: jobFinished: 12-1. TimeElapsed: 2262ms.
03-13 10:02:13.871 13471 13471 I Finsky  : [2] WM::SCH: Logging work end for 12-1
03-13 10:02:13.894 13471 13508 I Finsky  : [143] SCH: Scheduling phonesky job Id: 1-1337, CT: 1773364147742, Constraints: [{ L: 37603297, D: 80803297, C: CHARGING_NONE, I: IDLE_NONE, N: NET_ANY, B: BATTERY_ANY }]
03-13 10:02:13.902 13471 13507 I Finsky  : [142] SCH: Scheduling 1 system job(s)
03-13 10:02:13.902 13471 13507 I Finsky  : [142] SCH: Scheduling system job Id: 9923, L: 25417137, D: 68617137, C: false, I: false, N: 1
03-13 10:02:13.916 13471 15194 I Finsky  : [201] SCH: job service finished with id 9918.
03-13 10:02:13.944 14616 14772 E SnapshotDirObserver: BACKUP DIR TAMPER – event=DELETE  file=/data/user/0/com.dearmoon.shield/files/secure_backups/1773341066827_testfile_8.txt.enc
03-13 10:02:13.951 14616 14773 I SnapshotManager: Retention: pruned 1 entries (file-count limit)
03-13 10:02:13.953 14616 14773 I SnapshotManager: Encrypted backup created: 1773376322681_7108e591.txt.enc  chain=98324fd05eb4â€¦
03-13 10:02:13.953 14616 14773 D SnapshotManager: Snapshot created and backed up: 7108e591.txt
03-13 10:02:14.016 14616 14772 E SnapshotDirObserver: BACKUP DIR TAMPER – event=DELETE  file=/data/user/0/com.dearmoon.shield/files/secure_backups/1773341066827_testfile_18.txt.enc
03-13 10:02:14.025 14616 14773 I SnapshotManager: Retention: pruned 1 entries (file-count limit)
03-13 10:02:14.026 14616 14773 I SnapshotManager: Encrypted backup created: 1773376322681_bdb2c484.key.enc  chain=4514d452d172â€¦
03-13 10:02:14.026 14616 14773 D SnapshotManager: Snapshot created and backed up: bdb2c484.key
03-13 10:02:14.036  6159  6267 E OplusZoomWindowManagerService: null stack in getZoomScaleRect
03-13 10:02:14.036  6693  6693 D NoBackGesture: Start gesture: MotionEvent { action=ACTION_DOWN, actionButton=0, id[0]=0, x[0]=192.17793, y[0]=1791.7466, toolType[0]=TOOL_TYPE_FINGER, buttonState=0, classification=NONE, metaState=0, flags=0x0, edgeFlags=0x0, pointerCount=1, historySize=0, eventTime=349030752, downTime=349030752, deviceId=3, source=0x1002, displayId=0, eventId=55535818 }
03-13 10:02:14.037  6693  6693 D NoBackGesture: Not in side gesture area
03-13 10:02:14.037  6159  6586 D OGG_Detector: D:done mCurrStatus: 0
03-13 10:02:14.039  6159  6955 D LinearmotorVibrator: vibrate: effect=WaveformEffect { 76a663c, effectType=1, effectStrength=1, effectLoop=false, ringtoneVibrateType=-1, isRingtoneCustomized=false, ringtoneFilePath=, strengthSettingEnabled=true, asynchronous=true, usageHint=0 }
03-13 10:02:14.039  6159  6955 D WaveformEffect: getWaveFormDurationArray mEffectType=1 duration=45 indexOfKey=1
03-13 10:02:14.039  6159  6955 D LinearmotorVibrator: vibrateAsynchronouslyLocked: delayDuration=0
03-13 10:02:14.039  6159  6955 D WaveformEffect: getWaveFormDurationArray mEffectType=1 duration=45 indexOfKey=1
03-13 10:02:14.039  6159 11134 D WaveformEffect: getWaveFormDurationArray mEffectType=1 duration=45 indexOfKey=1
03-13 10:02:14.039  6159 11134 D SystemVibratorExtImpl: linearMotorVibrate waveformIds.length = 1, timings.length = 1
03-13 10:02:14.039  6159 11134 I SystemVibratorExtImpl: SystemVibrator vibrate is uid= 1000,opPkg =android,duration=45,effect=OplusNativeOneShotVibrationEffect{mWaveformId=2, mTiming=45, mEffectStrength=1600},Binder.getCallingPid()=6159
03-13 10:02:14.039  6159 11134 W VibratorManagerServiceExtImpl: impl ignoreVibrateForOneShotEffect: illegel effect params, curVibEffect=null ,newEffect=OplusNativeOneShotVibrationEffect{mWaveformId=2, mTiming=45, mEffectStrength=1600}
03-13 10:02:14.040  6159 11134 D VibratorManagerServiceExtImpl: startCustomizeVibratorLocked id= 0,size=1
03-13 10:02:14.040  6159 11134 D VibratorManagerServiceExtImpl: startCustomizeVibratorLocked withCallback=true
03-13 10:02:14.045  6159 11134 D VibratorManagerServiceExtImpl: onNoteVibratorOnLocked uid=1000, timing=45
03-13 10:02:14.045  6159 11134 D LinearMotorVibratorControler: OplusMirrorLinearMotorVibratorManager.turnOnLinearmotorVibrator
03-13 10:02:14.045  6159 11134 D LinearMotorVibratorControler: convertEffectStrength amplitude:1600
03-13 10:02:14.057  6159 11134 D WaveformEffect: getWaveFormDurationArray mEffectType=1 duration=45 indexOfKey=1
03-13 10:02:14.058  6159 11134 D LinearmotorVibratorService: linearMotorVibrate WAVEFORM_NODE_RAM, uid=1000 opPkg=android we.getWaveFormIndexArray()=[2] we.getWaveFormDurationArray()=[45] we.getStrengthSettingEnabled()=true
03-13 10:02:14.058  6159 11134 D WaveformEffect: getWaveFormDurationArray mEffectType=1 duration=45 indexOfKey=1
03-13 10:02:14.099 14616 14772 E SnapshotDirObserver: BACKUP DIR TAMPER – event=DELETE  file=/data/user/0/com.dearmoon.shield/files/secure_backups/1773341066827_testfile_2.txt.enc
03-13 10:02:14.107 14616 14773 I SnapshotManager: Retention: pruned 1 entries (file-count limit)
03-13 10:02:14.109 14616 14773 I SnapshotManager: Encrypted backup created: 1773376322681_8f51969c.txt.enc  chain=910d1267fba4â€¦
03-13 10:02:14.109 14616 14773 D SnapshotManager: Snapshot created and backed up: 8f51969c.txt
03-13 10:02:14.147  6693  6693 D NoBackGesture: End gesture: MotionEvent { action=ACTION_UP, actionButton=0, id[0]=0, x[0]=192.17793, y[0]=1791.7466, toolType[0]=TOOL_TYPE_FINGER, buttonState=0, classification=NONE, metaState=0, flags=0x0, edgeFlags=0x0, pointerCount=1, historySize=0, eventTime=349030863, downTime=349030752, deviceId=3, source=0x1002, displayId=0, eventId=1059913187 }
03-13 10:02:14.148  8509  8509 W TooltipLifecycleManager: TooltipLifecycleManager.dismissTooltips():153 Tooltip with id SUGGESTION_VIEW_EDU_MINI_DIALOG not found in tooltipManager.
03-13 10:02:14.150  6693  6693 V TextView: notifyAutoFillManagerAfterTextChanged
03-13 10:02:14.150  6693  6693 V AutofillManager: notifyValueChanged(111): ignoring on state UNKNOWN
03-13 10:02:14.151 14894 14894 I SHIELD_MODE_A: BURST pid=14616 flags=0x2 writes=2159 reads=0 fsyncs=0
03-13 10:02:14.166 14616 15107 I SHIELD_MODE_A: BURST pid=14616 uid=10273 file=/data/data/com.dearmoon.shield/databases/shield_snapshots.db bytes=2159
03-13 10:02:14.166 14616 15107 D TelemetryStorage: EVENT GENERATED: FILE_SYSTEM
03-13 10:02:14.174 14616 15107 D EventDatabase: Inserted FileSystemEvent: 354
03-13 10:02:14.175 14616 15107 D TelemetryStorage: EVENT STORED: HYBRID_FILE_SYSTEM (ID: 354)
03-13 10:02:14.177 14616 14788 D UnifiedDetectionEngine: Analyzing file event: MODIFY on /data/data/com.dearmoon.shield/databases/shield_snapshots.db
03-13 10:02:14.178 14616 14788 D UnifiedDetectionEngine: Attribution(private-path): /data/data/com.dearmoon.shield/databases/shield_snapshots.db → com.dearmoon.shield uid=10273
03-13 10:02:14.180 14616 14788 D BehaviorCorrelation: Correlation: com.dearmoon.shield score=15 (file=10, net=0, honey=20, locker=0)
03-13 10:02:14.189 14616 14788 I UnifiedDetectionEngine: Skipping analysis for whitelisted app: com.dearmoon.shield
03-13 10:02:14.189 14616 14772 E SnapshotDirObserver: BACKUP DIR TAMPER – event=DELETE  file=/data/user/0/com.dearmoon.shield/files/secure_backups/1773341066827_testfile_7.txt.enc
03-13 10:02:14.196 14616 14773 I SnapshotManager: Retention: pruned 1 entries (file-count limit)
03-13 10:02:14.198 14616 14773 I SnapshotManager: Encrypted backup created: 1773376322681_62b15c07.bak.enc  chain=a56588ccee2bâ€¦
03-13 10:02:14.198 14616 14773 D SnapshotManager: Snapshot created and backed up: 62b15c07.bak
03-13 10:02:14.270 14616 14772 E SnapshotDirObserver: BACKUP DIR TAMPER – event=DELETE  file=/data/user/0/com.dearmoon.shield/files/secure_backups/1773341066827_testfile_4.txt.enc
03-13 10:02:14.276 14616 14773 I SnapshotManager: Retention: pruned 1 entries (file-count limit)
03-13 10:02:14.282 14616 14773 I SnapshotManager: Encrypted backup created: 1773376322681_3eab09ca.bak.enc  chain=fb877a23a55eâ€¦
03-13 10:02:14.282 14616 14773 D SnapshotManager: Snapshot created and backed up: 3eab09ca.bak
03-13 10:02:14.353 14616 14772 E SnapshotDirObserver: BACKUP DIR TAMPER – event=DELETE  file=/data/user/0/com.dearmoon.shield/files/secure_backups/1773341066827_testfile_9.txt.enc
03-13 10:02:14.363 14616 14773 I SnapshotManager: Retention: pruned 1 entries (file-count limit)
03-13 10:02:14.364 14616 14773 I SnapshotManager: Encrypted backup created: 1773376322681_caba8188.db.enc  chain=f993eaf3ee10â€¦
03-13 10:02:14.364 14616 14773 D SnapshotManager: Snapshot created and backed up: caba8188.db
03-13 10:02:14.428 14616 14772 E SnapshotDirObserver: BACKUP DIR TAMPER – event=DELETE  file=/data/user/0/com.dearmoon.shield/files/secure_backups/1773341066827_testfile_16.txt.enc
03-13 10:02:14.434 14616 14773 I SnapshotManager: Retention: pruned 1 entries (file-count limit)
03-13 10:02:14.435 14616 14773 I SnapshotManager: Encrypted backup created: 1773376322681_file1.txt.enc  chain=6af6092856fcâ€¦
03-13 10:02:14.436 14616 14773 D SnapshotManager: Snapshot created and backed up: file1.txt
03-13 10:02:14.656 14894 14894 I SHIELD_MODE_A: BURST pid=14616 flags=0x2 writes=2254 reads=0 fsyncs=0
03-13 10:02:14.665 14616 15107 I SHIELD_MODE_A: BURST pid=14616 uid=10273 file=/data/data/com.dearmoon.shield/databases/shield_events.db bytes=2254
03-13 10:02:14.665 14616 15107 D TelemetryStorage: EVENT GENERATED: FILE_SYSTEM
03-13 10:02:14.676 14616 15107 D EventDatabase: Inserted FileSystemEvent: 355
03-13 10:02:14.676 14616 15107 D TelemetryStorage: EVENT STORED: HYBRID_FILE_SYSTEM (ID: 355)
03-13 10:02:14.679 14616 14788 D UnifiedDetectionEngine: Analyzing file event: MODIFY on /data/data/com.dearmoon.shield/databases/shield_events.db
03-13 10:02:14.679 14616 14788 D UnifiedDetectionEngine: Attribution(private-path): /data/data/com.dearmoon.shield/databases/shield_events.db → com.dearmoon.shield uid=10273
03-13 10:02:14.684 14616 14788 D BehaviorCorrelation: Correlation: com.dearmoon.shield score=15 (file=10, net=0, honey=20, locker=0)
03-13 10:02:14.684  6159  6586 D OGG_Detector: D:done mCurrStatus: 0
03-13 10:02:14.685  6159  6180 E OplusZoomWindowManagerService: null stack in getZoomScaleRect
03-13 10:02:14.685 14616 14788 I UnifiedDetectionEngine: Skipping analysis for whitelisted app: com.dearmoon.shield
03-13 10:02:14.688  6693  6693 D NoBackGesture: Start gesture: MotionEvent { action=ACTION_DOWN, actionButton=0, id[0]=0, x[0]=916.8489, y[0]=1804.7521, toolType[0]=TOOL_TYPE_FINGER, buttonState=0, classification=NONE, metaState=0, flags=0x0, edgeFlags=0x0, pointerCount=1, historySize=0, eventTime=349031400, downTime=349031400, deviceId=3, source=0x1002, displayId=0, eventId=35101227 }
03-13 10:02:14.688  6693  6693 D NoBackGesture: Not in side gesture area
03-13 10:02:14.688  6159  6180 D LinearmotorVibrator: vibrate: effect=WaveformEffect { 1dbffc5, effectType=1, effectStrength=1, effectLoop=false, ringtoneVibrateType=-1, isRingtoneCustomized=false, ringtoneFilePath=, strengthSettingEnabled=true, asynchronous=true, usageHint=0 }
03-13 10:02:14.688  6159  6180 D WaveformEffect: getWaveFormDurationArray mEffectType=1 duration=45 indexOfKey=1
03-13 10:02:14.688  6159  6180 D LinearmotorVibrator: vibrateAsynchronouslyLocked: delayDuration=0
03-13 10:02:14.688  6159  6180 D WaveformEffect: getWaveFormDurationArray mEffectType=1 duration=45 indexOfKey=1
03-13 10:02:14.688  6159 11134 D WaveformEffect: getWaveFormDurationArray mEffectType=1 duration=45 indexOfKey=1
03-13 10:02:14.688  6159 11134 D SystemVibratorExtImpl: linearMotorVibrate waveformIds.length = 1, timings.length = 1
03-13 10:02:14.688  6159 11134 I SystemVibratorExtImpl: SystemVibrator vibrate is uid= 1000,opPkg =android,duration=45,effect=OplusNativeOneShotVibrationEffect{mWaveformId=2, mTiming=45, mEffectStrength=1600},Binder.getCallingPid()=6159
03-13 10:02:14.689  6159 11134 W VibratorManagerServiceExtImpl: impl ignoreVibrateForOneShotEffect: illegel effect params, curVibEffect=null ,newEffect=OplusNativeOneShotVibrationEffect{mWaveformId=2, mTiming=45, mEffectStrength=1600}
03-13 10:02:14.689  6159 11134 D VibratorManagerServiceExtImpl: startCustomizeVibratorLocked id= 0,size=1
03-13 10:02:14.690  6159 11134 D VibratorManagerServiceExtImpl: startCustomizeVibratorLocked withCallback=true
03-13 10:02:14.695  6159 11134 D VibratorManagerServiceExtImpl: onNoteVibratorOnLocked uid=1000, timing=45
03-13 10:02:14.695  6159 11134 D LinearMotorVibratorControler: OplusMirrorLinearMotorVibratorManager.turnOnLinearmotorVibrator
03-13 10:02:14.695  6159 11134 D LinearMotorVibratorControler: convertEffectStrength amplitude:1600
03-13 10:02:14.711  6159 11134 D WaveformEffect: getWaveFormDurationArray mEffectType=1 duration=45 indexOfKey=1
03-13 10:02:14.712  6159 11134 D LinearmotorVibratorService: linearMotorVibrate WAVEFORM_NODE_RAM, uid=1000 opPkg=android we.getWaveFormIndexArray()=[2] we.getWaveFormDurationArray()=[45] we.getStrengthSettingEnabled()=true
03-13 10:02:14.712  6159 11134 D WaveformEffect: getWaveFormDurationArray mEffectType=1 duration=45 indexOfKey=1
03-13 10:02:14.819  8509  8509 W TooltipLifecycleManager: TooltipLifecycleManager.dismissTooltips():153 Tooltip with id SUGGESTION_VIEW_EDU_MINI_DIALOG not found in tooltipManager.
03-13 10:02:14.819  6693  6693 D NoBackGesture: End gesture: MotionEvent { action=ACTION_UP, actionButton=0, id[0]=0, x[0]=916.8489, y[0]=1804.7521, toolType[0]=TOOL_TYPE_FINGER, buttonState=0, classification=NONE, metaState=0, flags=0x0, edgeFlags=0x0, pointerCount=1, historySize=0, eventTime=349031534, downTime=349031400, deviceId=3, source=0x1002, displayId=0, eventId=814006007 }
03-13 10:02:14.822  6693  6693 V TextView: notifyAutoFillManagerAfterTextChanged
03-13 10:02:14.822  6693  6693 V AutofillManager: notifyValueChanged(111): ignoring on state UNKNOWN
03-13 10:02:14.840  6693  6693 D OplusScrollToTopManager: unregisterGuidePopupDismissReceiverInSystemUI
03-13 10:02:14.840  6693  6693 D OplusScrollToTopManager: Receiver not registered: android.view.OplusScrollToTopManager$1@249382
03-13 10:02:14.840  6693  6693 D OplusScrollToTopManager: unregisterSystemUIBroadcastReceiver
03-13 10:02:14.840  6693  6693 D OplusScrollToTopManager: java.lang.IllegalArgumentException: Receiver not registered: android.view.OplusScrollToTopManager$2@d109a93
03-13 10:02:14.840  6693  6693 V OplusZoomWindowDecorViewHelper: removeZoomView
03-13 10:02:14.844  6693  7606 E BLASTBufferQueue: BLASTBufferItemConsumer::onDisconnect()
03-13 10:02:14.845  6159 13521 W InputManager-JNI: Input channel object '1192cda Toast (client)' was disposed without first being removed with the input manager!
03-13 10:02:14.853  6159 13521 D WindowManager: Releasing screen wakelock due to Window{1192cda u0 Toast}
03-13 10:02:14.854  6159 13521 D OplusAONSmartDim: onWakeLockReleaseLocked: lock=10401270, flags=0x2000000a, packageName=android, tag="WindowManager", ws=WorkSource{10185}, uid=1000, pid=6159
03-13 10:02:14.854  1253  1253 D OplusMovieIdle: updateLayerStacks,mOmiSupport is not supoort
03-13 10:02:14.856  6159 13521 W NotificationService: Toast already killed. pkg=com.topjohnwu.magisk token=android.os.BinderProxy@eaf0e6
03-13 10:02:14.864  1253  1253 D OplusLayer: ~Layer() sequence=12971, name=WindowToken{95ae216 android.os.Binder@c30b31}#0 0xb400007e9d421380
03-13 10:02:14.864  1253  1253 D OplusLayer: ~Layer() sequence=12983, name=1192cda Toast#0 0xb400007e9d416640
03-13 10:02:14.866  1253  1253 D OplusMovieIdle: updateLayerStacks,mOmiSupport is not supoort
03-13 10:02:14.871  1253  1253 D OplusLayer: ~Layer() sequence=12984, name=Toast#0 0xb400007ea0b4a780
03-13 10:02:14.872  6693  6693 D WindowManager: Add to mViews: com.oplusos.systemui.toast.OplusToastLayout{1608800 V.E...... ......I. 0,0-0,0},pkg= com.android.systemui
03-13 10:02:14.876  1253  1253 D OplusMovieIdle: updateLayerStacks,mOmiSupport is not supoort
03-13 10:02:14.881  6159 13521 D OplusDisplayPolicy: com.android.systemui, change system app cutoutMode: oplus always
03-13 10:02:14.894  6159 13521 D OplusDisplayPolicy: com.android.systemui, change system app cutoutMode: oplus always
03-13 10:02:14.897  1253  1253 D OplusMovieIdle: updateLayerStacks,mOmiSupport is not supoort
03-13 10:02:14.908  1253  1253 D OplusMovieIdle: updateLayerStacks,mOmiSupport is not supoort
03-13 10:02:14.915  1253  1253 D OplusLayer: setBuffer sequence=12986, name=Toast#0
03-13 10:02:14.915  1253  1253 I OplusLayer: VRR [FRTC] update from -1 to 0
03-13 10:02:14.916  6693  6707 D SurfaceComposerClient: VRR [FRTC] client handle [bufferId:18446744073709551615 framenumber:0] [ffffffff, ffffffff]
03-13 10:02:14.918  1253  1253 D OplusMovieIdle: updateLayerStacks,mOmiSupport is not supoort
03-13 10:02:14.929  1253  1253 D OplusMovieIdle: updateLayerStacks,mOmiSupport is not supoort
03-13 10:02:15.090 14616 14772 E SnapshotDirObserver: BACKUP DIR TAMPER – event=DELETE  file=/data/user/0/com.dearmoon.shield/files/secure_backups/1773341066827_testfile_12.txt.enc
03-13 10:02:15.098 14616 14773 I SnapshotManager: Retention: pruned 1 entries (file-count limit)
03-13 10:02:15.100 14616 14773 I SnapshotManager: Encrypted backup created: 1773376322681_magisk_patched-30700_GkRIB.img.enc  chain=8053cd9f5636â€¦
03-13 10:02:15.100 14616 14773 D SnapshotManager: Snapshot created and backed up: magisk_patched-30700_GkRIB.img
03-13 10:02:15.160 14894 14894 I SHIELD_MODE_A: BURST pid=14616 flags=0x2 writes=26856 reads=0 fsyncs=0
03-13 10:02:15.171 14616 15107 I SHIELD_MODE_A: BURST pid=14616 uid=10273 file=/data/data/com.dearmoon.shield/databases/shield_snapshots.db bytes=26856
03-13 10:02:15.171 14616 15107 D TelemetryStorage: EVENT GENERATED: FILE_SYSTEM
03-13 10:02:15.178 14616 14772 E SnapshotDirObserver: BACKUP DIR TAMPER – event=DELETE  file=/data/user/0/com.dearmoon.shield/files/secure_backups/1773341066827_testfile_10.txt.enc
03-13 10:02:15.182 14616 15107 D EventDatabase: Inserted FileSystemEvent: 356
03-13 10:02:15.182 14616 15107 D TelemetryStorage: EVENT STORED: HYBRID_FILE_SYSTEM (ID: 356)
03-13 10:02:15.183 14616 14788 D UnifiedDetectionEngine: Analyzing file event: MODIFY on /data/data/com.dearmoon.shield/databases/shield_snapshots.db
03-13 10:02:15.184 14616 14788 D UnifiedDetectionEngine: Attribution(private-path): /data/data/com.dearmoon.shield/databases/shield_snapshots.db → com.dearmoon.shield uid=10273
03-13 10:02:15.186 14616 14788 D BehaviorCorrelation: Correlation: com.dearmoon.shield score=15 (file=10, net=0, honey=20, locker=0)
03-13 10:02:15.186 14616 14788 I UnifiedDetectionEngine: Skipping analysis for whitelisted app: com.dearmoon.shield
03-13 10:02:15.186 14616 14773 I SnapshotManager: Retention: pruned 1 entries (file-count limit)
03-13 10:02:15.187 14616 14773 I SnapshotManager: Encrypted backup created: 1773376322681_9b538322.db.enc  chain=509331a1ad49â€¦
03-13 10:02:15.187 14616 14773 D SnapshotManager: Snapshot created and backed up: 9b538322.db
03-13 10:02:15.198  6159  6180 E OplusZoomWindowManagerService: null stack in getZoomScaleRect
03-13 10:02:15.198  6693  6693 D NoBackGesture: Start gesture: MotionEvent { action=ACTION_DOWN, actionButton=0, id[0]=0, x[0]=381.3531, y[0]=1767.7366, toolType[0]=TOOL_TYPE_FINGER, buttonState=0, classification=NONE, metaState=0, flags=0x0, edgeFlags=0x0, pointerCount=1, historySize=0, eventTime=349031915, downTime=349031915, deviceId=3, source=0x1002, displayId=0, eventId=225282715 }
03-13 10:02:15.199  6693  6693 D NoBackGesture: Not in side gesture area
03-13 10:02:15.201  6159  6586 D OGG_Detector: D:done mCurrStatus: 0
03-13 10:02:15.203  6159  6180 D LinearmotorVibrator: vibrate: effect=WaveformEffect { fca979, effectType=1, effectStrength=1, effectLoop=false, ringtoneVibrateType=-1, isRingtoneCustomized=false, ringtoneFilePath=, strengthSettingEnabled=true, asynchronous=true, usageHint=0 }
03-13 10:02:15.203  6159  6180 D WaveformEffect: getWaveFormDurationArray mEffectType=1 duration=45 indexOfKey=1
03-13 10:02:15.203  6159  6180 D LinearmotorVibrator: vibrateAsynchronouslyLocked: delayDuration=0
03-13 10:02:15.203  6159  6180 D WaveformEffect: getWaveFormDurationArray mEffectType=1 duration=45 indexOfKey=1
03-13 10:02:15.203  6159 11134 D WaveformEffect: getWaveFormDurationArray mEffectType=1 duration=45 indexOfKey=1
03-13 10:02:15.203  6159 11134 D SystemVibratorExtImpl: linearMotorVibrate waveformIds.length = 1, timings.length = 1
03-13 10:02:15.203  6159 11134 I SystemVibratorExtImpl: SystemVibrator vibrate is uid= 1000,opPkg =android,duration=45,effect=OplusNativeOneShotVibrationEffect{mWaveformId=2, mTiming=45, mEffectStrength=1600},Binder.getCallingPid()=6159
03-13 10:02:15.204  6159 11134 W VibratorManagerServiceExtImpl: impl ignoreVibrateForOneShotEffect: illegel effect params, curVibEffect=null ,newEffect=OplusNativeOneShotVibrationEffect{mWaveformId=2, mTiming=45, mEffectStrength=1600}
03-13 10:02:15.204  6159 11134 D VibratorManagerServiceExtImpl: startCustomizeVibratorLocked id= 0,size=1
03-13 10:02:15.204  6159 11134 D VibratorManagerServiceExtImpl: startCustomizeVibratorLocked withCallback=true
03-13 10:02:15.209  6159 11134 D VibratorManagerServiceExtImpl: onNoteVibratorOnLocked uid=1000, timing=45
03-13 10:02:15.210  6159 11134 D LinearMotorVibratorControler: OplusMirrorLinearMotorVibratorManager.turnOnLinearmotorVibrator
03-13 10:02:15.210  6159 11134 D LinearMotorVibratorControler: convertEffectStrength amplitude:1600
03-13 10:02:15.224  6159 11134 D WaveformEffect: getWaveFormDurationArray mEffectType=1 duration=45 indexOfKey=1
03-13 10:02:15.224  6159 11134 D LinearmotorVibratorService: linearMotorVibrate WAVEFORM_NODE_RAM, uid=1000 opPkg=android we.getWaveFormIndexArray()=[2] we.getWaveFormDurationArray()=[45] we.getStrengthSettingEnabled()=true
03-13 10:02:15.224  6159 11134 D WaveformEffect: getWaveFormDurationArray mEffectType=1 duration=45 indexOfKey=1
03-13 10:02:15.262 14616 14772 E SnapshotDirObserver: BACKUP DIR TAMPER – event=DELETE  file=/data/user/0/com.dearmoon.shield/files/secure_backups/1773341066827_testfile_15.txt.enc
03-13 10:02:15.269 14616 14773 I SnapshotManager: Retention: pruned 1 entries (file-count limit)
03-13 10:02:15.270 14616 14773 I SnapshotManager: Encrypted backup created: 1773376322681_064a7662.dat.enc  chain=3fd07cd7fea9â€¦
03-13 10:02:15.271 14616 14773 D SnapshotManager: Snapshot created and backed up: 064a7662.dat
03-13 10:02:15.332  8509  8509 W TooltipLifecycleManager: TooltipLifecycleManager.dismissTooltips():153 Tooltip with id SUGGESTION_VIEW_EDU_MINI_DIALOG not found in tooltipManager.
03-13 10:02:15.334  6693  6693 D NoBackGesture: End gesture: MotionEvent { action=ACTION_UP, actionButton=0, id[0]=0, x[0]=381.3531, y[0]=1767.7366, toolType[0]=TOOL_TYPE_FINGER, buttonState=0, classification=NONE, metaState=0, flags=0x0, edgeFlags=0x0, pointerCount=1, historySize=0, eventTime=349032048, downTime=349031915, deviceId=3, source=0x1002, displayId=0, eventId=1022509744 }
03-13 10:02:15.337  6693  6693 V TextView: notifyAutoFillManagerAfterTextChanged
03-13 10:02:15.337  6693  6693 V AutofillManager: notifyValueChanged(111): ignoring on state UNKNOWN
03-13 10:02:15.339 14616 14772 E SnapshotDirObserver: BACKUP DIR TAMPER – event=DELETE  file=/data/user/0/com.dearmoon.shield/files/secure_backups/1773341066827_snapshot_test.txt.enc
03-13 10:02:15.347 14616 14773 I SnapshotManager: Retention: pruned 1 entries (file-count limit)
03-13 10:02:15.348 14616 14773 I SnapshotManager: Encrypted backup created: 1773376322681_49d8b435.db.enc  chain=6a5c5796390dâ€¦
03-13 10:02:15.348 14616 14773 D SnapshotManager: Snapshot created and backed up: 49d8b435.db
03-13 10:02:15.352 14616 14772 D TelemetryStorage: EVENT GENERATED: HONEYFILE_ACCESS
03-13 10:02:15.368 14616 14772 D EventDatabase: Inserted HoneyfileEvent: 77
03-13 10:02:15.368 14616 14772 D TelemetryStorage: EVENT STORED: HONEYFILE_ACCESS (ID: 77)
03-13 10:02:15.369 14616 14772 W HoneyfileCollector: ⚠️ HONEYFILE TRAP TRIGGERED: /storage/emulated/0/Download/8e7bb5b4.txt (OPEN) by UID 10273
03-13 10:02:15.369 14616 14772 D TelemetryStorage: EVENT GENERATED: HONEYFILE_ACCESS
03-13 10:02:15.376 14616 14772 D EventDatabase: Inserted HoneyfileEvent: 78
03-13 10:02:15.376 14616 14772 D TelemetryStorage: EVENT STORED: HONEYFILE_ACCESS (ID: 78)
03-13 10:02:15.377 14616 14772 W HoneyfileCollector: ⚠️ HONEYFILE TRAP TRIGGERED: /storage/emulated/0/Download/8e7bb5b4.txt (OPEN) by UID 10273
03-13 10:02:15.386 14616 14772 D TelemetryStorage: EVENT GENERATED: HONEYFILE_ACCESS
03-13 10:02:15.393 14616 14772 D EventDatabase: Inserted HoneyfileEvent: 79
03-13 10:02:15.393 14616 14772 D TelemetryStorage: EVENT STORED: HONEYFILE_ACCESS (ID: 79)
03-13 10:02:15.394 14616 14772 W HoneyfileCollector: ⚠️ HONEYFILE TRAP TRIGGERED: /storage/emulated/0/Download/8e7bb5b4.txt (OPEN) by UID 10273
03-13 10:02:15.394 14616 14772 D TelemetryStorage: EVENT GENERATED: HONEYFILE_ACCESS
03-13 10:02:15.403 14616 14772 D EventDatabase: Inserted HoneyfileEvent: 80
03-13 10:02:15.403 14616 14772 D TelemetryStorage: EVENT STORED: HONEYFILE_ACCESS (ID: 80)
03-13 10:02:15.404 14616 14772 W HoneyfileCollector: ⚠️ HONEYFILE TRAP TRIGGERED: /storage/emulated/0/Download/8e7bb5b4.txt (OPEN) by UID 10273
03-13 10:02:15.427  1206  1206 D vendor.oplus.hardware.charger@1.0-service: wireless adapter power -2147483648
03-13 10:02:15.430 14616 14772 E SnapshotDirObserver: BACKUP DIR TAMPER – event=DELETE  file=/data/user/0/com.dearmoon.shield/files/secure_backups/1773341066827_testfile_20.txt.enc
03-13 10:02:15.437  9696  9696 D Cloud.DeviceStatusDispatcher: onReceive action=android.intent.action.BATTERY_CHANGED
03-13 10:02:15.437  9696  9696 D Cloud.DeviceStatusDispatcher: battery Temperature 34.7
03-13 10:02:15.438  9696  9696 D Cloud.BatteryStatusUtil: setBatteryTemperature = 34.7
03-13 10:02:15.446 14616 14773 I SnapshotManager: Retention: pruned 1 entries (file-count limit)
03-13 10:02:15.449 14616 14773 I SnapshotManager: Encrypted backup created: 1773376322681_8e7bb5b4.txt.enc  chain=7236713e5723â€¦
03-13 10:02:15.449 14616 14773 D SnapshotManager: Snapshot created and backed up: 8e7bb5b4.txt
03-13 10:02:15.530 14616 14772 E SnapshotDirObserver: BACKUP DIR TAMPER – event=DELETE  file=/data/user/0/com.dearmoon.shield/files/secure_backups/1773341066827_testfile_14.txt.enc
03-13 10:02:15.545 14616 14773 I SnapshotManager: Retention: pruned 1 entries (file-count limit)
03-13 10:02:15.547 14616 14773 I SnapshotManager: Encrypted backup created: 1773376322681_3adf07c2.dat.enc  chain=c8c605adb45eâ€¦
03-13 10:02:15.547 14616 14773 D SnapshotManager: Snapshot created and backed up: 3adf07c2.dat
03-13 10:02:15.613 14616 14772 E SnapshotDirObserver: BACKUP DIR TAMPER – event=DELETE  file=/data/user/0/com.dearmoon.shield/files/secure_backups/1773341066827_testfile_11.txt.enc
03-13 10:02:15.623 14616 14773 I SnapshotManager: Retention: pruned 1 entries (file-count limit)
03-13 10:02:15.625 14616 14773 I SnapshotManager: Encrypted backup created: 1773376322681_1acf8df0.key.enc  chain=a8efa5729a6bâ€¦
03-13 10:02:15.625 14616 14773 D SnapshotManager: Snapshot created and backed up: 1acf8df0.key
03-13 10:02:15.665 14894 14894 I SHIELD_MODE_A: BURST pid=14616 flags=0x2 writes=27008 reads=0 fsyncs=0
03-13 10:02:15.667  6159  6586 D OGG_Detector: D:done mCurrStatus: 0
03-13 10:02:15.667  6159  6267 E OplusZoomWindowManagerService: null stack in getZoomScaleRect
03-13 10:02:15.668  6693  6693 D NoBackGesture: Start gesture: MotionEvent { action=ACTION_DOWN, actionButton=0, id[0]=0, x[0]=328.30396, y[0]=1875.7816, toolType[0]=TOOL_TYPE_FINGER, buttonState=0, classification=NONE, metaState=0, flags=0x0, edgeFlags=0x0, pointerCount=1, historySize=0, eventTime=349032384, downTime=349032384, deviceId=3, source=0x1002, displayId=0, eventId=116403880 }
03-13 10:02:15.668  6693  6693 D NoBackGesture: Not in side gesture area
03-13 10:02:15.670  6159 13521 D LinearmotorVibrator: vibrate: effect=WaveformEffect { 3cd36be, effectType=1, effectStrength=1, effectLoop=false, ringtoneVibrateType=-1, isRingtoneCustomized=false, ringtoneFilePath=, strengthSettingEnabled=true, asynchronous=true, usageHint=0 }
03-13 10:02:15.670  6159 13521 D WaveformEffect: getWaveFormDurationArray mEffectType=1 duration=45 indexOfKey=1
03-13 10:02:15.670  6159 13521 D LinearmotorVibrator: vibrateAsynchronouslyLocked: delayDuration=0
03-13 10:02:15.670  6159 13521 D WaveformEffect: getWaveFormDurationArray mEffectType=1 duration=45 indexOfKey=1
03-13 10:02:15.670  6159 11134 D WaveformEffect: getWaveFormDurationArray mEffectType=1 duration=45 indexOfKey=1
03-13 10:02:15.670  6159 11134 D SystemVibratorExtImpl: linearMotorVibrate waveformIds.length = 1, timings.length = 1
03-13 10:02:15.670  6159 11134 I SystemVibratorExtImpl: SystemVibrator vibrate is uid= 1000,opPkg =android,duration=45,effect=OplusNativeOneShotVibrationEffect{mWaveformId=2, mTiming=45, mEffectStrength=1600},Binder.getCallingPid()=6159
03-13 10:02:15.670  6159 11134 W VibratorManagerServiceExtImpl: impl ignoreVibrateForOneShotEffect: illegel effect params, curVibEffect=null ,newEffect=OplusNativeOneShotVibrationEffect{mWaveformId=2, mTiming=45, mEffectStrength=1600}
03-13 10:02:15.671  6159 11134 D VibratorManagerServiceExtImpl: startCustomizeVibratorLocked id= 0,size=1
03-13 10:02:15.671  6159 11134 D VibratorManagerServiceExtImpl: startCustomizeVibratorLocked withCallback=true
03-13 10:02:15.674 14616 15107 I SHIELD_MODE_A: BURST pid=14616 uid=10273 file=/data/data/com.dearmoon.shield/databases/shield_events.db bytes=27008
03-13 10:02:15.675 14616 15107 D TelemetryStorage: EVENT GENERATED: FILE_SYSTEM
03-13 10:02:15.677  6159 11134 D VibratorManagerServiceExtImpl: onNoteVibratorOnLocked uid=1000, timing=45
03-13 10:02:15.677  6159 11134 D LinearMotorVibratorControler: OplusMirrorLinearMotorVibratorManager.turnOnLinearmotorVibrator
03-13 10:02:15.677  6159 11134 D LinearMotorVibratorControler: convertEffectStrength amplitude:1600
03-13 10:02:15.683 14616 15107 D EventDatabase: Inserted FileSystemEvent: 357
03-13 10:02:15.683 14616 15107 D TelemetryStorage: EVENT STORED: HYBRID_FILE_SYSTEM (ID: 357)
03-13 10:02:15.684 14616 14788 D UnifiedDetectionEngine: Analyzing file event: MODIFY on /data/data/com.dearmoon.shield/databases/shield_events.db
03-13 10:02:15.685 14616 14788 D UnifiedDetectionEngine: Attribution(private-path): /data/data/com.dearmoon.shield/databases/shield_events.db → com.dearmoon.shield uid=10273
03-13 10:02:15.686 14616 14788 D BehaviorCorrelation: Correlation: com.dearmoon.shield score=15 (file=10, net=0, honey=24, locker=0)
03-13 10:02:15.686 14616 14788 I UnifiedDetectionEngine: Skipping analysis for whitelisted app: com.dearmoon.shield
03-13 10:02:15.690  6159 11134 D WaveformEffect: getWaveFormDurationArray mEffectType=1 duration=45 indexOfKey=1
03-13 10:02:15.690  6159 11134 D LinearmotorVibratorService: linearMotorVibrate WAVEFORM_NODE_RAM, uid=1000 opPkg=android we.getWaveFormIndexArray()=[2] we.getWaveFormDurationArray()=[45] we.getStrengthSettingEnabled()=true
03-13 10:02:15.690  6159 11134 D WaveformEffect: getWaveFormDurationArray mEffectType=1 duration=45 indexOfKey=1
03-13 10:02:15.694 14616 14772 E SnapshotDirObserver: BACKUP DIR TAMPER – event=DELETE  file=/data/user/0/com.dearmoon.shield/files/secure_backups/1773341066827_testfile_1.txt.enc
03-13 10:02:15.702 14616 14773 I SnapshotManager: Retention: pruned 1 entries (file-count limit)
03-13 10:02:15.703 14616 14773 I SnapshotManager: Encrypted backup created: 1773376322681_63b4c152.dat.enc  chain=464c5539d75dâ€¦
03-13 10:02:15.703 14616 14773 D SnapshotManager: Snapshot created and backed up: 63b4c152.dat
03-13 10:02:15.758  8509  8509 W TooltipLifecycleManager: TooltipLifecycleManager.dismissTooltips():153 Tooltip with id SUGGESTION_VIEW_EDU_MINI_DIALOG not found in tooltipManager.
03-13 10:02:15.758  6693  6693 D NoBackGesture: End gesture: MotionEvent { action=ACTION_UP, actionButton=0, id[0]=0, x[0]=328.30396, y[0]=1875.7816, toolType[0]=TOOL_TYPE_FINGER, buttonState=0, classification=NONE, metaState=0, flags=0x0, edgeFlags=0x0, pointerCount=1, historySize=0, eventTime=349032473, downTime=349032384, deviceId=3, source=0x1002, displayId=0, eventId=35005817 }
03-13 10:02:15.761  6693  6693 V TextView: notifyAutoFillManagerAfterTextChanged
03-13 10:02:15.761  6693  6693 V AutofillManager: notifyValueChanged(111): ignoring on state UNKNOWN
03-13 10:02:15.771 14616 14772 E SnapshotDirObserver: BACKUP DIR TAMPER – event=DELETE  file=/data/user/0/com.dearmoon.shield/files/secure_backups/1773341066827_f0572e37.bin.enc
03-13 10:02:15.780 14616 14773 I SnapshotManager: Retention: pruned 1 entries (file-count limit)
03-13 10:02:15.782 14616 14773 I SnapshotManager: Encrypted backup created: 1773376322681_952ae0d9.txt.enc  chain=9355c10afff7â€¦
03-13 10:02:15.782 14616 14773 D SnapshotManager: Snapshot created and backed up: 952ae0d9.txt
03-13 10:02:15.857 18338 18338 D BoundBrokerSvc: onUnbind: Intent { act=com.google.android.gms.inappreach.service.START dat=chimera-action: cmp=com.google.android.gms/.chimera.GmsApiService }
03-13 10:02:16.174 14894 14894 I SHIELD_MODE_A: BURST pid=14616 flags=0x2 writes=27063 reads=0 fsyncs=0
03-13 10:02:16.195 14616 15107 I SHIELD_MODE_A: BURST pid=14616 uid=10273 file=/data/data/com.dearmoon.shield/databases/shield_events.db bytes=27063
03-13 10:02:16.195 14616 15107 D TelemetryStorage: EVENT GENERATED: FILE_SYSTEM
03-13 10:02:16.205 14616 15107 D EventDatabase: Inserted FileSystemEvent: 358
03-13 10:02:16.205 14616 15107 D TelemetryStorage: EVENT STORED: HYBRID_FILE_SYSTEM (ID: 358)
03-13 10:02:16.206 14616 14788 D UnifiedDetectionEngine: Analyzing file event: MODIFY on /data/data/com.dearmoon.shield/databases/shield_events.db
03-13 10:02:16.207 14616 14788 D UnifiedDetectionEngine: Attribution(private-path): /data/data/com.dearmoon.shield/databases/shield_events.db → com.dearmoon.shield uid=10273
03-13 10:02:16.211 14616 14788 D BehaviorCorrelation: Correlation: com.dearmoon.shield score=15 (file=10, net=0, honey=24, locker=0)
03-13 10:02:16.211 14616 14788 I UnifiedDetectionEngine: Skipping analysis for whitelisted app: com.dearmoon.shield
03-13 10:02:16.311  6159  6188 D WindowManager: Acquiring screen wakelock due to Window{6af40d4 u0 Toast}
03-13 10:02:16.312  6159  6188 D OplusAONSmartDim: onWakeLockAcquireLocked: lock=10401270, flags=0x2000000a, packageName=android, tag="WindowManager", ws=WorkSource{10185}, uid=1000, pid=6159
03-13 10:02:16.340  6159  6267 E OplusZoomWindowManagerService: null stack in getZoomScaleRect
03-13 10:02:16.340  6693  6693 D NoBackGesture: Start gesture: MotionEvent { action=ACTION_DOWN, actionButton=0, id[0]=0, x[0]=966.8952, y[0]=2212.922, toolType[0]=TOOL_TYPE_FINGER, buttonState=0, classification=NONE, metaState=0, flags=0x0, edgeFlags=0x0, pointerCount=1, historySize=0, eventTime=349033055, downTime=349033055, deviceId=3, source=0x1002, displayId=0, eventId=666790456 }
03-13 10:02:16.340  6693  6693 D NoBackGesture: Not in side gesture area
03-13 10:02:16.341  6159 13521 D LinearmotorVibrator: vibrate: effect=WaveformEffect { a02631f, effectType=1, effectStrength=1, effectLoop=false, ringtoneVibrateType=-1, isRingtoneCustomized=false, ringtoneFilePath=, strengthSettingEnabled=true, asynchronous=true, usageHint=0 }
03-13 10:02:16.341  6159  6586 D OGG_Detector: D:done mCurrStatus: 0
03-13 10:02:16.341  6159 13521 D WaveformEffect: getWaveFormDurationArray mEffectType=1 duration=45 indexOfKey=1
03-13 10:02:16.341  6159 13521 D LinearmotorVibrator: vibrateAsynchronouslyLocked: delayDuration=0
03-13 10:02:16.341  6159 13521 D WaveformEffect: getWaveFormDurationArray mEffectType=1 duration=45 indexOfKey=1
03-13 10:02:16.342  6159 11134 D WaveformEffect: getWaveFormDurationArray mEffectType=1 duration=45 indexOfKey=1
03-13 10:02:16.342  6159 11134 D SystemVibratorExtImpl: linearMotorVibrate waveformIds.length = 1, timings.length = 1
03-13 10:02:16.342  6159 11134 I SystemVibratorExtImpl: SystemVibrator vibrate is uid= 1000,opPkg =android,duration=45,effect=OplusNativeOneShotVibrationEffect{mWaveformId=2, mTiming=45, mEffectStrength=1600},Binder.getCallingPid()=6159
03-13 10:02:16.342  6159 11134 W VibratorManagerServiceExtImpl: impl ignoreVibrateForOneShotEffect: illegel effect params, curVibEffect=null ,newEffect=OplusNativeOneShotVibrationEffect{mWaveformId=2, mTiming=45, mEffectStrength=1600}
03-13 10:02:16.342  6159 11134 D VibratorManagerServiceExtImpl: startCustomizeVibratorLocked id= 0,size=1
03-13 10:02:16.343  6159 11134 D VibratorManagerServiceExtImpl: startCustomizeVibratorLocked withCallback=true
03-13 10:02:16.347  6159 11134 D VibratorManagerServiceExtImpl: onNoteVibratorOnLocked uid=1000, timing=45
03-13 10:02:16.348  6159 11134 D LinearMotorVibratorControler: OplusMirrorLinearMotorVibratorManager.turnOnLinearmotorVibrator
03-13 10:02:16.348  6159 11134 D LinearMotorVibratorControler: convertEffectStrength amplitude:1600
03-13 10:02:16.369  6159 11134 D WaveformEffect: getWaveFormDurationArray mEffectType=1 duration=45 indexOfKey=1
03-13 10:02:16.369  6159 11134 D LinearmotorVibratorService: linearMotorVibrate WAVEFORM_NODE_RAM, uid=1000 opPkg=android we.getWaveFormIndexArray()=[2] we.getWaveFormDurationArray()=[45] we.getStrengthSettingEnabled()=true
03-13 10:02:16.369  6159 11134 D WaveformEffect: getWaveFormDurationArray mEffectType=1 duration=45 indexOfKey=1
03-13 10:02:16.450  6693  6693 D NoBackGesture: End gesture: MotionEvent { action=ACTION_UP, actionButton=0, id[0]=0, x[0]=966.8952, y[0]=2212.922, toolType[0]=TOOL_TYPE_FINGER, buttonState=0, classification=NONE, metaState=0, flags=0x0, edgeFlags=0x0, pointerCount=1, historySize=0, eventTime=349033166, downTime=349033055, deviceId=3, source=0x1002, displayId=0, eventId=732444798 }
03-13 10:02:16.453  6159 13521 D LockSettingsService: spBasedDoVerifyCredential: user=0 hasEnrolledBiometrics=false
03-13 10:02:16.472  8474  9195 I Athena  : CommonAction: 22,4192,179,3257,4095,21,0.0,22
03-13 10:02:16.484  1959  1959 D gatekeeperd: verifyChallenge uid=100000, challenge=0
03-13 10:02:16.558  1959  1959 D gatekeeperd: verifyChallenge code: 0 timeout:0
03-13 10:02:16.560  1959  1959 D gatekeeperd: verifyChallenge end
03-13 10:02:16.580 14616 14772 E SnapshotDirObserver: BACKUP DIR TAMPER – event=DELETE  file=/data/user/0/com.dearmoon.shield/files/secure_backups/1773341066827_58a35a09.db.enc
03-13 10:02:16.584  1959  1959 D gatekeeperd: verifyChallenge uid=0, challenge=0
03-13 10:02:16.586 14616 14773 I SnapshotManager: Retention: pruned 1 entries (file-count limit)
03-13 10:02:16.588 14616 14773 I SnapshotManager: Encrypted backup created: 1773376322681_boot.img.enc  chain=4840251bf1c1â€¦
03-13 10:02:16.588 14616 14773 D SnapshotManager: Snapshot created and backed up: boot.img
03-13 10:02:16.608  1959  1959 D gatekeeperd: verifyChallenge code: 0 timeout:0
03-13 10:02:16.609  1959  1959 D gatekeeperd: verifyChallenge end
03-13 10:02:16.609  1959  1959 D gatekeeperd: verifyChallenge uid=0, challenge=0
03-13 10:02:16.610  6159  6471 E OplusCustomizeRestrictionManagerService: isBiometricDisabled start
03-13 10:02:16.636  1959  1959 D gatekeeperd: verifyChallenge code: 0 timeout:0
03-13 10:02:16.637  1959  1959 D gatekeeperd: verifyChallenge end
03-13 10:02:16.639   835  4932 I keystore2: keystore2::authorization: on_lock_screen_event(LockScreenEvent(0), user_id=0, password.is_some()=true, unlocking_sids=None)
03-13 10:02:16.639   835  4932 I keystore2: keystore2::super_key: In get_with_password_unlock. Trying to unlock when already unlocked.
03-13 10:02:16.640  6159 13521 I LockSettingsService: Unlocking user 0 with secret only, length 32
03-13 10:02:16.640  6159 13521 D LockSettingsService: unlockUser finished
03-13 10:02:16.640  6159 13521 W ActivityManager: UserLifecycleEvent 5 received without an active userJourneySession.
03-13 10:02:16.640  6159 13521 D LockSettingsService: unlockUser finished
03-13 10:02:16.641  6159 13521 I LockSettingsService: Disabling escrow token on user 0
03-13 10:02:16.641  1219  1219 E ORMS_HAL: open /sys/devices/platform/soc/soc:oplus-omrg/oplus-omrg0/ruler_enable failed(No such file or directory)
03-13 10:02:16.641  6159 13521 I LockSettingsService: doVerifyCredential response.getResponseCode()= 0 timeout:0
03-13 10:02:16.643  6159  6159 W AlarmManager: Unrecognized alarm listener com.android.server.locksettings.LockSettingsStrongAuth$NonStrongBiometricIdleTimeoutAlarmListener@16ff3fc
03-13 10:02:16.644  1959  1959 D gatekeeperd: verifyChallenge uid=0, challenge=0
03-13 10:02:16.665  1959  1959 D gatekeeperd: verifyChallenge code: 0 timeout:0
03-13 10:02:16.666  1959  1959 D gatekeeperd: verifyChallenge end
03-13 10:02:16.669  8509  8509 I GoogleInputMethodService: GoogleInputMethodService.onFinishInputView():1602 onFinishInputView(false)
03-13 10:02:16.670  8509  8509 W TooltipLifecycleManager: TooltipLifecycleManager.dismissTooltips():153 Tooltip with id SUGGESTION_VIEW_EDU_MINI_DIALOG not found in tooltipManager.
03-13 10:02:16.670  8509  8509 I GlobeKeyExtension: GlobeKeyExtension.onDeactivate():153
03-13 10:02:16.670  8509  8509 W TooltipLifecycleManager: TooltipLifecycleManager.dismissTooltips():153 Tooltip with id spell_check_add_to_dictionary not found in tooltipManager.
03-13 10:02:16.671  8509  8509 I VoiceInputManagerWrapper: VoiceInputManagerWrapper.shutdown():131 shutdown()
