03-13 10:02:07.828 14883 14883 D NetworkSecurityConfig: Using Network Security Config from resource network_security_config debugBuild: false
03-13 10:02:07.829 14882 14882 I AndroidRuntime: Using default boot image
03-13 10:02:07.829 14882 14882 I AndroidRuntime: Leaving lock profiling enabled
03-13 10:02:07.829 14883 14883 I MultiDex: VM with version 2.1.0 has multidex support
03-13 10:02:07.829 14883 14883 I MultiDex: Installing application
03-13 10:02:07.829 14883 14883 I MultiDex: VM has multidex support, MultiDex support library is disabled.
03-13 10:02:07.833 25441 25496 D WM-GreedyScheduler: Cancelling work ID 76630ed5-b7f2-4a00-8fd4-cd421b59f3b0
03-13 10:02:07.837 14883 14883 I FirebaseApp: Device unlocked: initializing all Firebase APIs for app [DEFAULT]
03-13 10:02:07.837 14825 14825 D ProcessState: Binder ioctl to enable oneway spam detection failed: Invalid argument
03-13 10:02:07.838 14825 14825 D AndroidRuntime: Calling main entry com.android.commands.content.Content
03-13 10:02:07.849 14883 14883 I FirebaseInitProvider: FirebaseApp initialization successful
03-13 10:02:07.850 14825 14825 D OplusTrace: register_android_os_OplusTrace
03-13 10:02:07.856 25441 25494 I elxx    : (REDACTED) Running synclets: %s
03-13 10:02:07.857 25441 25500 I elxx    : Scheduling next wakeup
03-13 10:02:07.857 25441 25500 I elyx    : Scheduling next periodic WorkManager workers
03-13 10:02:07.858 14876 14876 W com.oplus.ota: Class a.a.a.a.b failed lock verification and will run slower.
03-13 10:02:07.858 14876 14876 W com.oplus.ota: Common causes for lock verification issues are non-optimized dex code
03-13 10:02:07.858 14876 14876 W com.oplus.ota: and incorrect proguard optimizations.
03-13 10:02:07.859 14876 14876 W com.oplus.ota: Class com.oplus.d.a.c failed lock verification and will run slower.
03-13 10:02:07.865 14825 14825 D ExtLoader: DEFAULT_DEBUG_DUMMY=false, DEFAULT_DEBUG_CREATE=false
03-13 10:02:07.870  6693  6693 D OPSystemUIWLBHelper: inside onNotificationAdded
03-13 10:02:07.872  6159  6606 D OplusNotificationManagerServiceExtImpl: shouldInterceptToast:
03-13 10:02:07.872 14876 14876 I SwitchesProvider: com.oplus.ota.enhanced_switch_provider
03-13 10:02:07.873  6693  6693 D OPSystemUIWLBHelper: sendNotificationAddedBroadcast com.dearmoon.shield
03-13 10:02:07.877  1253  1253 D OplusMovieIdle: updateLayerStacks,mOmiSupport is not supoort
03-13 10:02:07.879 14883 14883 W com.facebook.UserSettingsManager: Please set a value for AutoLogAppEventsEnabled. Set the flag to TRUE if you want to collect app install, app launch and in-app purchase events automatically. To request user consent before collecting data, set the flag value to FALSE, then change to TRUE once user consent is received. Learn more: https://developers.facebook.com/docs/app-events/getting-started-app-events-android#disable-auto-events.
03-13 10:02:07.879 14883 14883 W com.facebook.UserSettingsManager: You haven't set a value for AdvertiserIDCollectionEnabled. Set the flag to TRUE if you want to collect Advertiser ID for better advertising and analytics results. To request user consent before collecting data, set the flag value to FALSE, then change to TRUE once user consent is received. Learn more: https://developers.facebook.com/docs/app-events/getting-started-app-events-android#disable-auto-events.
03-13 10:02:07.881 13444 13444 D com.oneplus.opwlb.receivers.WLBReceiver: received action:com.oneplus.intent.NOTIFICATION_ADDED
03-13 10:02:07.881 13444 13444 D WLBNotificationEntryManager: calculated days 20525 system 1773376327881 current 0
03-13 10:02:07.881 13444 13444 D WLBNotificationEntryManager: onNotificationAdded days 20525 pkgName com.dearmoon.shield
03-13 10:02:07.882 25441 25496 D WM-SystemJobScheduler: Scheduling work ID 76630ed5-b7f2-4a00-8fd4-cd421b59f3b0Job ID 1939
03-13 10:02:07.893 25441 25441 D WM-SystemJobService: onStartJob for WorkGenerationalId(workSpecId=76630ed5-b7f2-4a00-8fd4-cd421b59f3b0, generation=117)
03-13 10:02:07.894 14825 14825 D hw-ProcessState: Binder ioctl to enable oneway spam detection failed: Invalid argument
03-13 10:02:07.894 14825 14825 D AndroidRuntime: Shutting down VM
03-13 10:02:07.897 25441 25496 D WM-GreedyScheduler: Ignoring {WorkSpec: 5f1ec55e-34b4-45d6-a90f-c1bb2054fc87}. Requires ContentUri triggers.
03-13 10:02:07.898 25441 25496 D WM-GreedyScheduler: Starting tracking for e2977f50-a00d-4fa9-80c9-f6f8ab95b3bb,76630ed5-b7f2-4a00-8fd4-cd421b59f3b0,6de365c7-b6fb-49ed-ab56-2463ebbc1718,5054b167-cb79-47dd-b100-d78069821fd7,35edcc4a-6234-49d2-b4ef-e1af1588424f,8ebdcebb-0509-4cdd-83c9-04d58329abe1,027e66a4-11f4-447a-b17b-af021710b23f,7ea9dd3c-a8e0-48db-95ee-b0df99386e85,4e74e3f3-0af5-4518-b860-8b7b493cbe02,0117c70c-a2f3-4e4b-83b9-d7820284fd2d,6400fba0-9ccf-47c0-9617-5e06328b8d52
03-13 10:02:07.898  1253  1253 D OplusMovieIdle: updateLayerStacks,mOmiSupport is not supoort
03-13 10:02:07.898 14883 14883 D FCMTokenManager: cancel job
03-13 10:02:07.898 14908 14908 W android.youtub: Entry not found
03-13 10:02:07.899 14908 14908 W android.youtub: Entry not found
03-13 10:02:07.900 14908 14908 W android.youtub: Entry not found
03-13 10:02:07.902 14883 14969 W oneplus.accoun: ClassLoaderContext classpath size mismatch. expected=16, found=0 (DLC[];PCL[base.apk*4050946508:base.apk!classes2.dex*3212062844:base.apk!classes3.dex*3549498508:base.apk!classes4.dex*1370392166:base.apk!classes5.dex*2860830877:base.apk!classes6.dex*736110594:base.apk!classes7.dex*4150685309:base.apk!classes8.dex*1656033262:base.apk!classes9.dex*2697865308:base.apk!classes10.dex*2370765848:base.apk!classes11.dex*1684767636:base.apk!classes12.dex*4273182847:base.apk!classes13.dex*4115713206:base.apk!classes14.dex*2424130205:base.apk!classes15.dex*2474349848:base.apk!classes16.dex*1557910536]{PCL[/system/framework/org.apache.http.legacy.jar*3034548895]#PCL[/system/framework/com.android.location.provider.jar*3633238673]#PCL[/system/framework/com.android.media.remotedisplay.jar*3472798122]} | DLC[];PCL[])
03-13 10:02:07.904 14883 14883 I FCMTokenManager: initFCMJobScheduler success
03-13 10:02:07.904  6693  6693 D OPSystemUIWLBHelper: inside onNotificationAdded
03-13 10:02:07.906  6693  6693 D OPSystemUIWLBHelper: sendNotificationAddedBroadcast android
03-13 10:02:07.906 14908 14908 W android.youtub: JIT profile information will not be recorded: profile file does not exist.
03-13 10:02:07.906 14908 14908 W android.youtub: JIT profile information will not be recorded: profile file does not exist.
03-13 10:02:07.906 14908 14908 W android.youtub: JIT profile information will not be recorded: profile file does not exist.
03-13 10:02:07.907 14883 14969 I DynamiteModule: Considering local module com.google.android.gms.measurement.dynamite:19 and remote module com.google.android.gms.measurement.dynamite:181
03-13 10:02:07.907 14883 14969 I DynamiteModule: Selected remote version of com.google.android.gms.measurement.dynamite, version >= 181
03-13 10:02:07.907 14883 14969 V DynamiteModule: Dynamite loader version >= 2, using loadModule2NoCrashUtils
03-13 10:02:07.909 14883 14883 I OPAccount/Scheduler: k4nfTTaW0hwZDNUyGvLyatH+24u00osMdqyBJX0jj/AWDJXbrWoNaDTvYwNzLYsgRPrWHf1QqPJg
03-13 10:02:07.909 14883 14883 I OPAccount/Scheduler: g6E5ton3szGDkeaIWZ7pDiHXvfMqomKY1OismswGbgEovU2sdD0IGzqMumSTnfQzx5I3lm2xmzCt
03-13 10:02:07.909 14883 14883 I OPAccount/Scheduler: TeQmTUgA9kiOcMQMK9I=
03-13 10:02:07.912 14883 14995 W com.facebook.internal.NativeProtocol: Apps that target Android API 30+ (Android 11+) cannot call Facebook native apps unless the package visibility needs are declared. Please follow https://developers.facebook.com/docs/android/troubleshooting/#faq_267321845055988 to make the declaration.
03-13 10:02:07.922 13444 13444 D com.oneplus.opwlb.receivers.WLBReceiver: received action:com.oneplus.intent.NOTIFICATION_ADDED
03-13 10:02:07.922 13444 13444 D WLBNotificationEntryManager: calculated days 20525 system 1773376327922 current 0
03-13 10:02:07.922 13444 13444 D WLBNotificationEntryManager: onNotificationAdded days 20525 pkgName android
03-13 10:02:07.923 14883 14969 W System  : ClassLoader referenced unknown path:
03-13 10:02:07.926 14908 14908 V GraphicsEnvironment: ANGLE Developer option for 'com.google.android.youtube' set to: 'default'
03-13 10:02:07.926 14908 14908 V GraphicsEnvironment: Updatable production driver is not supported on the device.
03-13 10:02:07.931 14883 14988 W GraphRequest: Starting with v13 of the SDK, a client token must be embedded in your client code before making Graph API calls. Visit https://developers.facebook.com/docs/android/getting-started#client-token to learn how to implement this change.
03-13 10:02:07.931 14883 14993 W GraphRequest: Starting with v13 of the SDK, a client token must be embedded in your client code before making Graph API calls. Visit https://developers.facebook.com/docs/android/getting-started#client-token to learn how to implement this change.
03-13 10:02:07.931 14908 14908 D NetworkSecurityConfig: Using Network Security Config from resource network_security_config debugBuild: false
03-13 10:02:07.932 14908 14908 D NetworkSecurityConfig: Using Network Security Config from resource network_security_config debugBuild: false
03-13 10:02:07.932 14883 14994 W GraphRequest: Starting with v13 of the SDK, a client token must be embedded in your client code before making Graph API calls. Visit https://developers.facebook.com/docs/android/getting-started#client-token to learn how to implement this change.
03-13 10:02:07.930 14616 14772 E SnapshotDirObserver: BACKUP DIR TAMPER – event=DELETE  file=/data/user/0/com.dearmoon.shield/files/secure_backups/1773341066827_064a7662.dat.enc
03-13 10:02:07.935 14883 14969 W oneplus.accoun: ClassLoaderContext classpath size mismatch. expected=16, found=2 (DLC[];PCL[base.apk*4050946508:base.apk!classes2.dex*3212062844:base.apk!classes3.dex*3549498508:base.apk!classes4.dex*1370392166:base.apk!classes5.dex*2860830877:base.apk!classes6.dex*736110594:base.apk!classes7.dex*4150685309:base.apk!classes8.dex*1656033262:base.apk!classes9.dex*2697865308:base.apk!classes10.dex*2370765848:base.apk!classes11.dex*1684767636:base.apk!classes12.dex*4273182847:base.apk!classes13.dex*4115713206:base.apk!classes14.dex*2424130205:base.apk!classes15.dex*2474349848:base.apk!classes16.dex*1557910536]{PCL[/system/framework/org.apache.http.legacy.jar*3034548895]#PCL[/system/framework/com.android.location.provider.jar*3633238673]#PCL[/system/framework/com.android.media.remotedisplay.jar*3472798122]} | DLC[];PCL[/product/app/Account/Account.apk*3320962100:/product/app/Account/Account.apk!classes2.dex*3946590445]{PCL[/system/framework/org.apache.http.legacy.jar*3034548895]})
03-13 10:02:07.953 14883 14883 W AppTrackerHelper: isAllowSendAppTracker is false.
03-13 10:02:07.961  6159 15814 D UserManagerServiceExtImpl: getMultiSystemUserId  res = -10000
03-13 10:02:07.962 14883 15023 E ActivityThread: Failed to find provider info for com.oneplus.security.database.NormalSafeProvider
03-13 10:02:07.965 14616 14773 I SnapshotManager: Retention: pruned 1 entries (file-count limit)
03-13 10:02:07.966 25441 25496 D WM-GreedyScheduler: Cancelling work ID 2af90fb3-f9cf-4d83-ae50-55659723738f
03-13 10:02:07.966  6693  6693 D InterruptionStateProvider: No alerting: suppressed due to group alert behavior
03-13 10:02:07.967  6693  6693 D InterruptionStateProvider: No alerting: suppressed due to group alert behavior
03-13 10:02:07.967  6693  6693 D InterruptionStateProvider: No alerting: suppressed due to group alert behavior
03-13 10:02:07.968  6693  6851 D PeopleSpaceWidgetMgr: Sbn doesn't contain valid PeopleTileKey: null/0/com.dearmoon.shield
03-13 10:02:07.969 14616 14773 I SnapshotManager: Encrypted backup created: 1773376322681_file13.txt.enc  chain=8dd2dfc7b78câ€¦
03-13 10:02:07.969 14616 14773 D SnapshotManager: Snapshot created and backed up: file13.txt
03-13 10:02:07.970 14616 14772 D HoneyfileCollector: Skipping honeyfile event during grace period: /storage/emulated/0/Documents/0cb93816.txt (970ms since creation)
03-13 10:02:07.978 14616 14772 D HoneyfileCollector: Skipping honeyfile event during grace period: /storage/emulated/0/Documents/0cb93816.txt (978ms since creation)
03-13 10:02:07.981 14883 15023 E ActivityThread: Failed to find provider info for com.oneplus.security.database.SafeProvider
03-13 10:02:07.995 25441 25496 D WM-SystemJobScheduler: Scheduling work ID 2af90fb3-f9cf-4d83-ae50-55659723738fJob ID 1940
03-13 10:02:08.005 25441 25496 D WM-GreedyScheduler: Ignoring {WorkSpec: 5f1ec55e-34b4-45d6-a90f-c1bb2054fc87}. Requires ContentUri triggers.
03-13 10:02:08.006 25441 25496 D WM-GreedyScheduler: Starting tracking for e2977f50-a00d-4fa9-80c9-f6f8ab95b3bb,76630ed5-b7f2-4a00-8fd4-cd421b59f3b0,6de365c7-b6fb-49ed-ab56-2463ebbc1718,5054b167-cb79-47dd-b100-d78069821fd7,35edcc4a-6234-49d2-b4ef-e1af1588424f,8ebdcebb-0509-4cdd-83c9-04d58329abe1,027e66a4-11f4-447a-b17b-af021710b23f,7ea9dd3c-a8e0-48db-95ee-b0df99386e85,4e74e3f3-0af5-4518-b860-8b7b493cbe02,0117c70c-a2f3-4e4b-83b9-d7820284fd2d,6400fba0-9ccf-47c0-9617-5e06328b8d52
03-13 10:02:08.013 14882 14882 D app_process: Time zone APEX ICU file found: /apex/com.android.tzdata/etc/icu/icu_tzdata.dat
03-13 10:02:08.013 14882 14882 D app_process: I18n APEX ICU file found: /apex/com.android.i18n/etc/icu/icudt68l.dat
03-13 10:02:08.029  6159  6232 E VerityUtils: Failed to measure fs-verity, errno 1: /data/app/~~f_wE243qA76CHdlj9Nqzjg==/com.google.android.youtube-o9dlgWVwQyL5tq7hTO3Xdw==/base.apk
03-13 10:02:08.047  6159  6267 D ConnectivityService: requestNetwork for uid/pid:10146/14908 activeRequest: null callbackRequest: 2274 [NetworkRequest [ REQUEST id=2275, [ Capabilities: INTERNET&NOT_RESTRICTED&TRUSTED&NOT_VCN_MANAGED Uid: 10146 RequestorUid: 10146 RequestorPkg: com.google.android.youtube UnderlyingNetworks: Null] ]] callback flags: 0 order: 2147483647
03-13 10:02:08.047  6159  6525 D ConnectivityService: NetReassign [2275 : null → 161]
03-13 10:02:08.049  6159  6482 D UntrustedWifiNetworkFactory: got request NetworkRequest [ REQUEST id=2275, [ Capabilities: INTERNET&NOT_RESTRICTED&TRUSTED&NOT_VCN_MANAGED Uid: 10146 RequestorUid: 10146 RequestorPkg: com.google.android.youtube UnderlyingNetworks: Null] ]
03-13 10:02:08.049  6159  6482 D OemPaidWifiNetworkFactory: got request NetworkRequest [ REQUEST id=2275, [ Capabilities: INTERNET&NOT_RESTRICTED&TRUSTED&NOT_VCN_MANAGED Uid: 10146 RequestorUid: 10146 RequestorPkg: com.google.android.youtube UnderlyingNetworks: Null] ]
03-13 10:02:08.054  6693  6693 D OPSystemUIWLBHelper: inside onNotificationAdded
03-13 10:02:08.056 25441 25496 D WM-GreedyScheduler: Cancelling work ID 24cb24a1-a7f3-46e3-81c6-b64c4fd75cb1
03-13 10:02:08.057  6693  6693 D OPSystemUIWLBHelper: sendNotificationAddedBroadcast com.dearmoon.shield
03-13 10:02:08.061 13444 13444 D com.oneplus.opwlb.receivers.WLBReceiver: received action:com.oneplus.intent.NOTIFICATION_ADDED
03-13 10:02:08.061 13444 13444 D WLBNotificationEntryManager: calculated days 20525 system 1773376328061 current 0
03-13 10:02:08.061 13444 13444 D WLBNotificationEntryManager: onNotificationAdded days 20525 pkgName com.dearmoon.shield
03-13 10:02:08.076 14616 14772 D HoneyfileCollector: Skipping honeyfile event during grace period: /storage/emulated/0/Documents/0cb93816.txt (1076ms since creation)
03-13 10:02:08.076 14876 14876 I OTAApplication: log switch=false
03-13 10:02:08.079 14882 14882 D ProcessState: Binder ioctl to enable oneway spam detection failed: Invalid argument
03-13 10:02:08.079 14882 14882 D AndroidRuntime: Calling main entry com.android.commands.content.Content
03-13 10:02:08.079 14616 14772 D HoneyfileCollector: Skipping honeyfile event during grace period: /storage/emulated/0/Documents/0cb93816.txt (1079ms since creation)
03-13 10:02:08.081 14882 14882 D OplusTrace: register_android_os_OplusTrace
03-13 10:02:08.087  6159 15814 W SettingsProvider: You shouldn't keep your settings in the secure settings. This will soon become an error!!!
03-13 10:02:08.089 14882 14882 D ExtLoader: DEFAULT_DEBUG_DUMMY=false, DEFAULT_DEBUG_CREATE=false
03-13 10:02:08.092  6159  6606 D OplusNotificationManagerServiceExtImpl: shouldInterceptToast:
03-13 10:02:08.092  6159  6604 D ConnectivityService: requestNetwork for uid/pid:10146/14908 activeRequest: null callbackRequest: 2276 [NetworkRequest [ REQUEST id=2277, [ Capabilities: INTERNET&NOT_RESTRICTED&TRUSTED&NOT_VCN_MANAGED Uid: 10146 RequestorUid: 10146 RequestorPkg: com.google.android.youtube UnderlyingNetworks: Null] ]] callback flags: 0 order: 2147483647
03-13 10:02:08.093  6159  6525 D ConnectivityService: NetReassign [2277 : null → 161]
03-13 10:02:08.094  6159  6482 D UntrustedWifiNetworkFactory: got request NetworkRequest [ REQUEST id=2277, [ Capabilities: INTERNET&NOT_RESTRICTED&TRUSTED&NOT_VCN_MANAGED Uid: 10146 RequestorUid: 10146 RequestorPkg: com.google.android.youtube UnderlyingNetworks: Null] ]
03-13 10:02:08.094  6159  6482 D OemPaidWifiNetworkFactory: got request NetworkRequest [ REQUEST id=2277, [ Capabilities: INTERNET&NOT_RESTRICTED&TRUSTED&NOT_VCN_MANAGED Uid: 10146 RequestorUid: 10146 RequestorPkg: com.google.android.youtube UnderlyingNetworks: Null] ]
03-13 10:02:08.097 14438 14451 W SQLiteLog: (28) double-quoted string literal: "sys_ota_alarmtime_list"
03-13 10:02:08.098  1253  1253 D OplusMovieIdle: updateLayerStacks,mOmiSupport is not supoort
03-13 10:02:08.100 14616 14807 I SHIELD_MODE_A: Connecting to daemon socket…
03-13 10:02:08.100 14616 14807 I SHIELD_MODE_A_JNI: Connected to daemon at /data/data/com.dearmoon.shield/shield_modea.sock (fd=100)
03-13 10:02:08.100 25441 25496 D WM-SystemJobScheduler: Scheduling work ID 24cb24a1-a7f3-46e3-81c6-b64c4fd75cb1Job ID 1941
03-13 10:02:08.101 14894 14894 I SHIELD_MODE_A: Client accepted: uid=10273 pid=14616
03-13 10:02:08.101 14894 14894 I SHIELD_MODE_A: Android service connected (fd=43)
03-13 10:02:08.103 18338 13608 W OplusExSystemServiceHelper: checkOplusExSystemService intent getComponent is null
03-13 10:02:08.106 14438 14451 W SQLiteLog: (28) double-quoted string literal: "sys_flash_threshold_config"
03-13 10:02:08.109  6159 13569 D ConnectivityService: requestNetwork for uid/pid:10146/14908 activeRequest: null callbackRequest: 2278 [NetworkRequest [ REQUEST id=2279, [ Capabilities: INTERNET&NOT_RESTRICTED&TRUSTED&NOT_VCN_MANAGED Uid: 10146 RequestorUid: 10146 RequestorPkg: com.google.android.youtube UnderlyingNetworks: Null] ]] callback flags: 0 order: 2147483647
03-13 10:02:08.109 14908 15056 W android.youtub: ClassLoaderContext classpath element mismatch. expected=/data/app/~~QsSpEY36mW559LkFlD0Y2A==/com.google.android.youtube-pYRanqlWcWRf3bIV3JV_4Q==/base.apk, found=/data/app/~~f_wE243qA76CHdlj9Nqzjg==/com.google.android.youtube-o9dlgWVwQyL5tq7hTO3Xdw==/base.apk (PCL[];PCL[/data/app/~~QsSpEY36mW559LkFlD0Y2A==/com.google.android.youtube-pYRanqlWcWRf3bIV3JV_4Q==/base.apk*3034578431:/data/app/~~QsSpEY36mW559LkFlD0Y2A==/com.google.android.youtube-pYRanqlWcWRf3bIV3JV_4Q==/base.apk!classes2.dex*3908518882:/data/app/~~QsSpEY36mW559LkFlD0Y2A==/com.google.android.youtube-pYRanqlWcWRf3bIV3JV_4Q==/base.apk!classes3.dex*3782301551:/data/app/~~QsSpEY36mW559LkFlD0Y2A==/com.google.android.youtube-pYRanqlWcWRf3bIV3JV_4Q==/base.apk!classes4.dex*2491557519:/data/app/~~QsSpEY36mW559LkFlD0Y2A==/com.google.android.youtube-pYRanqlWcWRf3bIV3JV_4Q==/base.apk!classes5.dex*1335582424:/data/app/~~QsSpEY36mW559LkFlD0Y2A==/com.google.android.youtube-pYRanqlWcWRf3bIV3JV_4Q==/base.apk!classes6.dex*501452700:/data/app/~~QsSpEY36mW559LkFlD0Y2A==/com.google.android.youtube-pYRanqlWcWRf3bIV3JV_4Q==/base.apk!classes7.dex*763963971]{PCL[/system/framework/org.apache.http.legacy.jar*3034548895]} | PCL[];PCL[/data/app/~~f_wE243qA76CHdlj9Nqzjg==/com.google.android.youtube-o9dlgWVwQyL5tq7hTO3Xdw==/base.apk*1969537935:/data/app/~~f_wE243qA76CHdlj9Nqzjg==/com.google.android.youtube-o9dlgWVwQyL5tq7hTO3Xdw==/base.apk!classes2.dex*1363455141:/data/app/~~f_wE243qA76CHdlj9Nqzjg==/com.google.android.youtube-o9dlgWVwQyL5tq7hTO3Xdw==/base.apk!classes3.dex*2096591814:/data/app/~~f_wE243qA76CHdlj9Nqzjg==/com.google.android.youtube-o9dlgWVwQyL5tq7hTO3Xdw==/base.apk!classes4.dex*3578005349:/data/app/~~f_wE243qA76CHdlj9Nqzjg==/com.google.android.youtube-o9dlgWVwQyL5tq7hTO3Xdw==/base.apk!classes5.dex*142107070:/data/app/~~f_wE243qA76CHdlj9Nqzjg==/com.google.android.youtube-o9dlgWVwQyL5tq7hTO3Xdw==/base.apk!classes6.dex*3692198114:/data/app/~~f_wE243qA76CHdlj9Nqzjg==/com.google.android.youtube-o9dlgWVwQyL5tq7hTO3Xdw==/base.apk!classes7.dex*1300664192]{PCL[/system/framework/org.apache.http.legacy.jar*3034548895]})
03-13 10:02:08.109  1253  1253 D OplusMovieIdle: updateLayerStacks,mOmiSupport is not supoort
03-13 10:02:08.110  6159  6525 D ConnectivityService: NetReassign [2279 : null → 161]
03-13 10:02:08.111  6159  6482 D UntrustedWifiNetworkFactory: got request NetworkRequest [ REQUEST id=2279, [ Capabilities: INTERNET&NOT_RESTRICTED&TRUSTED&NOT_VCN_MANAGED Uid: 10146 RequestorUid: 10146 RequestorPkg: com.google.android.youtube UnderlyingNetworks: Null] ]
03-13 10:02:08.111  6159  6482 D OemPaidWifiNetworkFactory: got request NetworkRequest [ REQUEST id=2279, [ Capabilities: INTERNET&NOT_RESTRICTED&TRUSTED&NOT_VCN_MANAGED Uid: 10146 RequestorUid: 10146 RequestorPkg: com.google.android.youtube UnderlyingNetworks: Null] ]
03-13 10:02:08.113 14438 14451 W SQLiteLog: (28) double-quoted string literal: "sys_ota_upgrade_testing_notify"
03-13 10:02:08.121 14616 14807 I SHIELD_MODE_A: Mode-A fully operational
03-13 10:02:08.122  6159  6525 D ConnectivityService: NetReassign [no changes]
03-13 10:02:08.122 14616 14807 I SHIELD_MODE_A: Event poll loop started (interval=20 ms)
03-13 10:02:08.122 14882 14882 D hw-ProcessState: Binder ioctl to enable oneway spam detection failed: Invalid argument
03-13 10:02:08.122 14882 14882 D AndroidRuntime: Shutting down VM
03-13 10:02:08.124 15852   743 I PhenotypeResourceReader: unable to find any Phenotype resource metadata for com.oneplus.account
03-13 10:02:08.138 14616 14772 E SnapshotDirObserver: BACKUP DIR TAMPER – event=DELETE  file=/data/user/0/com.dearmoon.shield/files/secure_backups/1773341066827_49d8b435.db.enc
03-13 10:02:08.146 25441 25496 D WM-GreedyScheduler: Ignoring {WorkSpec: 5f1ec55e-34b4-45d6-a90f-c1bb2054fc87}. Requires ContentUri triggers.
03-13 10:02:08.146 25441 25496 D WM-GreedyScheduler: Starting tracking for e2977f50-a00d-4fa9-80c9-f6f8ab95b3bb,76630ed5-b7f2-4a00-8fd4-cd421b59f3b0,6de365c7-b6fb-49ed-ab56-2463ebbc1718,5054b167-cb79-47dd-b100-d78069821fd7,35edcc4a-6234-49d2-b4ef-e1af1588424f,8ebdcebb-0509-4cdd-83c9-04d58329abe1,027e66a4-11f4-447a-b17b-af021710b23f,7ea9dd3c-a8e0-48db-95ee-b0df99386e85,4e74e3f3-0af5-4518-b860-8b7b493cbe02,0117c70c-a2f3-4e4b-83b9-d7820284fd2d,6400fba0-9ccf-47c0-9617-5e06328b8d52
03-13 10:02:08.147 14616 14773 I SnapshotManager: Retention: pruned 1 entries (file-count limit)
03-13 10:02:08.149 14616 14773 I SnapshotManager: Encrypted backup created: 1773376322681_0cb93816.txt.enc  chain=94194b0cf4d2â€¦
03-13 10:02:08.149 14616 14773 D SnapshotManager: Snapshot created and backed up: 0cb93816.txt
03-13 10:02:08.154  6159  7764 D OplusJobScheduleManager: scheduleOpTimeOut set oplus job timeout to 2 hour
03-13 10:02:08.154  6159  7764 D JobServiceContext: scheduleOpTimeOut set job timeout ajustedTimeoutMillis = 7200000
03-13 10:02:08.155 15852 15852 D BoundBrokerSvc: onRebind: Intent { act=com.google.android.gms.common.telemetry.service.START dat=chimera-action: cmp=com.google.android.gms/.chimera.PersistentApiService }
03-13 10:02:08.159 25441 25496 D WM-GreedyScheduler: Cancelling work ID 6400fba0-9ccf-47c0-9617-5e06328b8d52
03-13 10:02:08.169 18338 13608 W OplusExSystemServiceHelper: checkOplusExSystemService intent getComponent is null
03-13 10:02:08.152 14908 14908 W pool-3-thread-4: type=1400 audit(0.0:54876): avc: granted { execute } for path="/data/data/com.google.android.youtube/app_pccache2/5/973D507BAB02B28011CA2EDE121F1257A52FC7EF/pcam.jar" dev="dm-36" ino=4334697 scontext=u:r:untrusted_app:s0:c146,c256,c512,c768 tcontext=u:object_r:app_data_file:s0:c146,c256,c512,c768 tclass=file app=com.google.android.youtube
03-13 10:02:08.172  8008  8023 D OplusAtlasService: getAttributeByAppName module:oplus-getStreamMaxVolume packageName:com.google.android.youtube
03-13 10:02:08.183 25441 25496 D WM-SystemJobScheduler: Scheduling work ID 6400fba0-9ccf-47c0-9617-5e06328b8d52Job ID 1942
03-13 10:02:08.186 14908 15032 D ExtensionsLoader: createInstance(64bit) : createExtendedFactory
03-13 10:02:08.187 14908 15032 D ExtensionsLoader: Opened libSchedAssistExtImpl.so
03-13 10:02:08.187 14908 15032 E android.youtub: ofbOpen failed with error=No such file or directory
03-13 10:02:08.187 14908 15032 E android.youtub: sysOpen failed with error=No such file or directory
03-13 10:02:08.188 25441 25496 D WM-GreedyScheduler: Ignoring {WorkSpec: 5f1ec55e-34b4-45d6-a90f-c1bb2054fc87}. Requires ContentUri triggers.
03-13 10:02:08.189 25441 25496 D WM-GreedyScheduler: Starting tracking for e2977f50-a00d-4fa9-80c9-f6f8ab95b3bb,76630ed5-b7f2-4a00-8fd4-cd421b59f3b0,6de365c7-b6fb-49ed-ab56-2463ebbc1718,5054b167-cb79-47dd-b100-d78069821fd7,35edcc4a-6234-49d2-b4ef-e1af1588424f,8ebdcebb-0509-4cdd-83c9-04d58329abe1,027e66a4-11f4-447a-b17b-af021710b23f,7ea9dd3c-a8e0-48db-95ee-b0df99386e85,4e74e3f3-0af5-4518-b860-8b7b493cbe02,0117c70c-a2f3-4e4b-83b9-d7820284fd2d
03-13 10:02:08.198  6159 15814 D UsageStatsService: User[0] type=0 b=1773374528197 e=1773376328197 cb=1773302741931 ce=1773376328164 disk=0 all=61
03-13 10:02:08.198 11891 10189 D IHansComunication: HansComunication::configCheckedUid-- 10259, type = 0
03-13 10:02:08.198 11891 10189 D IHansComunication: HANS sendMessageToKernel: threadId = 507145727152, netLinkSetup = 1, type = FROZEN_TRANS, targetUid = 10259, pkgCmd = PKG_CMD_MAX
03-13 10:02:08.200 18338 13608 W SQLiteLog: (28) double-quoted string literal: "1773203528199"
03-13 10:02:08.200 18338 13608 W SQLiteLog: (28) double-quoted string literal: "1"
03-13 10:02:08.203 14876 14876 D CompatibilityChangeReporter: Compat change id reported: 160794467; UID 10189; state: ENABLED
03-13 10:02:08.205  6159  6955 D CompatibilityChangeReporter: Compat change id reported: 171306433; UID 10189; state: ENABLED
03-13 10:02:08.207 25441 25496 D WM-GreedyScheduler: Cancelling work ID 8ebdcebb-0509-4cdd-83c9-04d58329abe1
03-13 10:02:08.216 14908 15038 D CompatibilityChangeReporter: Compat change id reported: 160794467; UID 10146; state: ENABLED
03-13 10:02:08.217  5996  6142 D AudioFlinger: updateWakeLockUids_l AudioOut_4D uids:
03-13 10:02:08.217  5996  6116 D AudioFlinger: updateWakeLockUids_l AudioOut_D uids:
03-13 10:02:08.218  5996  6137 D AudioFlinger: updateWakeLockUids_l AudioOut_3D uids:
03-13 10:02:08.218  5996  6120 D AudioFlinger: updateWakeLockUids_l AudioOut_1D uids:
03-13 10:02:08.226 25441 25496 D WM-SystemJobScheduler: Scheduling work ID 8ebdcebb-0509-4cdd-83c9-04d58329abe1Job ID 1943
03-13 10:02:08.226 14616 14772 E SnapshotDirObserver: BACKUP DIR TAMPER – event=DELETE  file=/data/user/0/com.dearmoon.shield/files/secure_backups/1773341066827_8e7bb5b4.txt.enc
03-13 10:02:08.234 25441 25496 D WM-GreedyScheduler: Ignoring {WorkSpec: 5f1ec55e-34b4-45d6-a90f-c1bb2054fc87}. Requires ContentUri triggers.
03-13 10:02:08.235 25441 25496 D WM-GreedyScheduler: Starting tracking for e2977f50-a00d-4fa9-80c9-f6f8ab95b3bb,76630ed5-b7f2-4a00-8fd4-cd421b59f3b0,6de365c7-b6fb-49ed-ab56-2463ebbc1718,5054b167-cb79-47dd-b100-d78069821fd7,35edcc4a-6234-49d2-b4ef-e1af1588424f,027e66a4-11f4-447a-b17b-af021710b23f,7ea9dd3c-a8e0-48db-95ee-b0df99386e85,4e74e3f3-0af5-4518-b860-8b7b493cbe02,0117c70c-a2f3-4e4b-83b9-d7820284fd2d
03-13 10:02:08.238 14616 14773 I SnapshotManager: Retention: pruned 1 entries (file-count limit)
03-13 10:02:08.240 14616 14773 I SnapshotManager: Encrypted backup created: 1773376322681_file1.txt.enc  chain=bba3386d687aâ€¦
03-13 10:02:08.240 14616 14773 D SnapshotManager: Snapshot created and backed up: file1.txt
03-13 10:02:08.245 25441 25496 D WM-GreedyScheduler: Cancelling work ID 8ebdcebb-0509-4cdd-83c9-04d58329abe1
03-13 10:02:08.253 25441 25496 D WM-SystemJobScheduler: Scheduling work ID 8ebdcebb-0509-4cdd-83c9-04d58329abe1Job ID 1944
03-13 10:02:08.254  8008  8023 D OplusAtlasService: getAttributeByAppName module:oplus-getStreamMaxVolume packageName:com.google.android.youtube
03-13 10:02:08.255 14883 15060 I FA      : App measurement disabled by setAnalyticsCollectionEnabled(false)
03-13 10:02:08.256 14883 15060 E oneplus.accoun: No package ID 6a found for ID 0x6a0b0013.
03-13 10:02:08.257 14883 15060 I FA      : App measurement initialized, version: 157000
03-13 10:02:08.257 14883 15060 I FA      : To enable debug logging run: adb shell setprop log.tag.FA VERBOSE
03-13 10:02:08.258 14883 15060 I FA      : To enable faster debug mode event logging run:
03-13 10:02:08.258 14883 15060 I FA      :   adb shell setprop debug.firebase.analytics.app com.oneplus.account
03-13 10:02:08.259 25441 25496 D WM-GreedyScheduler: Ignoring {WorkSpec: 5f1ec55e-34b4-45d6-a90f-c1bb2054fc87}. Requires ContentUri triggers.
03-13 10:02:08.260 25441 25496 D WM-GreedyScheduler: Starting tracking for e2977f50-a00d-4fa9-80c9-f6f8ab95b3bb,76630ed5-b7f2-4a00-8fd4-cd421b59f3b0,6de365c7-b6fb-49ed-ab56-2463ebbc1718,5054b167-cb79-47dd-b100-d78069821fd7,35edcc4a-6234-49d2-b4ef-e1af1588424f,027e66a4-11f4-447a-b17b-af021710b23f,7ea9dd3c-a8e0-48db-95ee-b0df99386e85,4e74e3f3-0af5-4518-b860-8b7b493cbe02,0117c70c-a2f3-4e4b-83b9-d7820284fd2d
03-13 10:02:08.266 25441 25496 D WM-Processor: oex: processing WorkGenerationalId(workSpecId=76630ed5-b7f2-4a00-8fd4-cd421b59f3b0, generation=117)
03-13 10:02:08.269 25441 25496 D WM-WorkConstraintsTrack: NetworkRequestConstraintController send initial capabilities
03-13 10:02:08.271 25441 25496 D WM-GreedyScheduler: Constraints met: Scheduling work ID WorkGenerationalId(workSpecId=76630ed5-b7f2-4a00-8fd4-cd421b59f3b0, generation=117)
03-13 10:02:08.271 25441 25502 I elyx    : Successfully scheduled next periodic workers
03-13 10:02:08.273 25441 25441 D WM-WorkerWrapper: Starting work for androidx.work.multiprocess.RemoteListenableDelegatingWorker
03-13 10:02:08.274 25441 25441 D WM-ListenableWorkerImpl: Binding to com.google.android.googlequicksearchbox, com.google.android.libraries.search.integrations.tiktok.RemoteWorkerService_googleapp
03-13 10:02:08.280 25441 25483 D WM-Processor: Work WorkGenerationalId(workSpecId=76630ed5-b7f2-4a00-8fd4-cd421b59f3b0, generation=117) is already enqueued for processing
03-13 10:02:08.282 14826 14826 I WM-RemoteWorkerService: Binding to RemoteWorkerService
03-13 10:02:08.283 25441 25441 D WM-ListenableWorkerImpl: Service connected
03-13 10:02:08.286 14826 18040 D WM-ListenableWorkerImpl: Executing work request (76630ed5-b7f2-4a00-8fd4-cd421b59f3b0, com.google.apps.tiktok.contrib.work.TikTokListenableWorker)
03-13 10:02:08.286 25441 25496 I elxx    : #sync() complete
03-13 10:02:08.286 14826 14826 I elxx    : #sync(). Running Synclets and scheduling next sync.
03-13 10:02:08.287 18338 13608 W OplusExSystemServiceHelper: checkOplusExSystemService intent getComponent is null
03-13 10:02:08.288 18338 18338 D BoundBrokerSvc: onBind: Intent { act=com.google.android.gms.measurement.START pkg=com.google.android.gms }
03-13 10:02:08.288 18338 18338 D BoundBrokerSvc: Loading bound service for intent: Intent { act=com.google.android.gms.measurement.START pkg=com.google.android.gms }
03-13 10:02:08.291 14908 14908 E YT.mlplayer: setAudioDrc(enabled=1)
03-13 10:02:08.301 18338 15130 D AdvertisingIdClient: AdvertisingIdClient already created.
03-13 10:02:08.301 18338 15130 D AdvertisingIdClient: AdvertisingIdClient is not bounded. Starting to bind it...
03-13 10:02:08.304 18338 15130 D AdvertisingIdClient: AdvertisingIdClient is bounded
03-13 10:02:08.305 14826 14857 I elxx    : (REDACTED) Running synclets: %s
03-13 10:02:08.306 14826 15004 I elxx    : Scheduling next wakeup
03-13 10:02:08.306 14826 15004 I elyx    : Scheduling next periodic WorkManager workers
03-13 10:02:08.308 18338 15130 I AdvertisingIdClient: shouldSendLog 482653189
03-13 10:02:08.308 18338 15130 I AdvertisingIdClient: GetInfoInternal elapse 6ms
03-13 10:02:08.314 14826 14857 I WM-GreedyScheduler: Ignoring schedule request in non-main process
03-13 10:02:08.315 18338 18338 I AdvertisingIdClient: getting error as 17: API: ClientTelemetry.API is not available on this device. Connection failed with: ConnectionResult{statusCode=API_DISABLED_FOR_CONNECTION, resolution=null, message=null, clientMethodKey=null}
03-13 10:02:08.317 25441 25496 D RemoteListenableDelegatingWorker: Cleaning up
03-13 10:02:08.322  6159  7350 D UserManagerServiceExtImpl: getMultiSystemUserId  res = -10000
03-13 10:02:08.324  6693  6693 D InterruptionStateProvider: No bubble up: not allowed to bubble: 0|com.dearmoon.shield|9001|null|10273
03-13 10:02:08.324 25441 25496 I WM-WorkerWrapper: Worker result SUCCESS for Work [ id=2dd27c5f-2084-45be-b7fd-542f1ce0d2c0, tags={ com.google.apps.tiktok.contrib.work.TikTokListenableWorker,com.google.apps.tiktok.sync.impl.workmanager.SyncPeriodicWorker_proc<search>,sync_constraint:connected,TikTokWorker#com.google.apps.tiktok.sync.impl.workmanager.SyncPeriodicWorker } ]
03-13 10:02:08.325  6693  6693 D InterruptionStateProvider: No heads up: unimportant notification: 0|com.dearmoon.shield|9001|null|10273
03-13 10:02:08.325  6693  6693 D InterruptionStateProvider: No heads up: unimportant notification: 0|com.dearmoon.shield|9001|null|10273
03-13 10:02:08.329  6693  6851 D PeopleSpaceWidgetMgr: Sbn doesn't contain valid PeopleTileKey: null/0/com.dearmoon.shield
03-13 10:02:08.333 14826 14857 D WM-SystemJobScheduler: Scheduling work ID 95863674-6a68-4ba9-9ba3-9e61f8eca897Job ID 1945
03-13 10:02:08.338 14826 14857 D WM-SystemJobScheduler: Scheduling work ID 2dd27c5f-2084-45be-b7fd-542f1ce0d2c0Job ID 1946
03-13 10:02:08.341 14616 14772 E SnapshotDirObserver: BACKUP DIR TAMPER – event=DELETE  file=/data/user/0/com.dearmoon.shield/files/secure_backups/1773341066827_3adf07c2.dat.enc
03-13 10:02:08.342 25441 25457 W earchbox:searc: Reducing the number of considered missed Gc histogram windows from 103 to 100
03-13 10:02:08.343 14826 14857 I WM-GreedyScheduler: Ignoring schedule request in a secondary process
03-13 10:02:08.346 14826 14857 I WM-GreedyScheduler: Ignoring schedule request in non-main process
03-13 10:02:08.346 25441 25441 D WM-Processor: oex 2dd27c5f-2084-45be-b7fd-542f1ce0d2c0 executed; reschedule = false
03-13 10:02:08.346 25441 25441 D WM-GreedyScheduler: Stopping tracking for WorkGenerationalId(workSpecId=2dd27c5f-2084-45be-b7fd-542f1ce0d2c0, generation=0)
03-13 10:02:08.347 25441 25441 D WM-SystemJobService: 2dd27c5f-2084-45be-b7fd-542f1ce0d2c0 executed on JobScheduler
03-13 10:02:08.349 14616 14773 I SnapshotManager: Retention: pruned 1 entries (file-count limit)
03-13 10:02:08.349 14826 14857 D WM-SystemJobScheduler: Scheduling work ID 245c610b-2d90-4776-a3b3-ac88ee629daaJob ID 1947
03-13 10:02:08.350 14616 14773 I SnapshotManager: Encrypted backup created: 1773376322681_file23.txt.enc  chain=db8758f51e0fâ€¦
03-13 10:02:08.350 14616 14773 D SnapshotManager: Snapshot created and backed up: file23.txt
03-13 10:02:08.351 14826 14857 I WM-GreedyScheduler: Ignoring schedule request in a secondary process
03-13 10:02:08.354 25441 25501 D WM-GreedyScheduler: Cancelling work ID 2dd27c5f-2084-45be-b7fd-542f1ce0d2c0
03-13 10:02:08.355 25441 25441 D WM-SystemJobService: onStopJob for WorkGenerationalId(workSpecId=76630ed5-b7f2-4a00-8fd4-cd421b59f3b0, generation=117)
03-13 10:02:08.358 25441 25501 D WM-GreedyScheduler: Ignoring {WorkSpec: 5f1ec55e-34b4-45d6-a90f-c1bb2054fc87}. Requires ContentUri triggers.
03-13 10:02:08.359 25441 25501 D WM-GreedyScheduler: Starting tracking for e2977f50-a00d-4fa9-80c9-f6f8ab95b3bb,6de365c7-b6fb-49ed-ab56-2463ebbc1718,5054b167-cb79-47dd-b100-d78069821fd7,35edcc4a-6234-49d2-b4ef-e1af1588424f,027e66a4-11f4-447a-b17b-af021710b23f,7ea9dd3c-a8e0-48db-95ee-b0df99386e85,4e74e3f3-0af5-4518-b860-8b7b493cbe02,0117c70c-a2f3-4e4b-83b9-d7820284fd2d
03-13 10:02:08.361 14826 14857 I WM-GreedyScheduler: Ignoring schedule request in non-main process
03-13 10:02:08.362 14826 18040 D WM-ListenableWorkerImpl: Interrupting work with id (76630ed5-b7f2-4a00-8fd4-cd421b59f3b0)
03-13 10:02:08.361 25441 25483 D WM-Processor: WorkerWrapper interrupted for 76630ed5-b7f2-4a00-8fd4-cd421b59f3b0
03-13 10:02:08.362 25441 25483 D WM-StopWorkRunnable: StopWorkRunnable for 76630ed5-b7f2-4a00-8fd4-cd421b59f3b0; Processor.stopWork = true
03-13 10:02:08.364 14826 14857 I WM-GreedyScheduler: Ignoring schedule request in a secondary process
03-13 10:02:08.364 25441 25494 I WM-WorkerWrapper: Work [ id=76630ed5-b7f2-4a00-8fd4-cd421b59f3b0, tags={ com.google.apps.tiktok.contrib.work.TikTokListenableWorker,com.google.apps.tiktok.sync.impl.workmanager.SyncPeriodicWorker_proc<googleapp>,sync_constraint:connected,TikTokWorker#com.google.apps.tiktok.sync.impl.workmanager.SyncPeriodicWorker } ] was cancelled
03-13 10:02:08.364 25441 25494 I WM-WorkerWrapper: ogh
03-13 10:02:08.364 25441 25494 I WM-WorkerWrapper:      at oex.e(PG:5)
03-13 10:02:08.364 25441 25494 I WM-WorkerWrapper:      at olw.run(PG:92)
03-13 10:02:08.364 25441 25494 I WM-WorkerWrapper:      at olq.run(PG:3)
03-13 10:02:08.364 25441 25494 I WM-WorkerWrapper:      at cpzx.run(PG:5)
03-13 10:02:08.364 25441 25494 I WM-WorkerWrapper:      at eums.run(PG:46)
03-13 10:02:08.364 25441 25494 I WM-WorkerWrapper:      at cpzj.run(PG:81)
03-13 10:02:08.364 25441 25494 I WM-WorkerWrapper:      at java.lang.Thread.run(Thread.java:920)
03-13 10:02:08.364 25441 25494 I WM-WorkerWrapper:      at cqbb.run(PG:63)
03-13 10:02:08.367 25441 25494 D WM-WorkerWrapper: Status for 76630ed5-b7f2-4a00-8fd4-cd421b59f3b0 is RUNNING; not doing any work and rescheduling for later execution
03-13 10:02:08.369 25441 25441 D WM-Processor: oex 76630ed5-b7f2-4a00-8fd4-cd421b59f3b0 executed; reschedule = true
03-13 10:02:08.369 25441 25441 D WM-GreedyScheduler: Stopping tracking for WorkGenerationalId(workSpecId=76630ed5-b7f2-4a00-8fd4-cd421b59f3b0, generation=117)
03-13 10:02:08.372 14826 14857 I WM-GreedyScheduler: Ignoring schedule request in non-main process
03-13 10:02:08.376 14826 14857 D WM-SystemJobScheduler: Scheduling work ID 76630ed5-b7f2-4a00-8fd4-cd421b59f3b0Job ID 1948
03-13 10:02:08.376 25441 25494 D WM-GreedyScheduler: Cancelling work ID 76630ed5-b7f2-4a00-8fd4-cd421b59f3b0
03-13 10:02:08.377 14826 14857 D WM-SystemJobScheduler: Scheduling work ID 0117c70c-a2f3-4e4b-83b9-d7820284fd2dJob ID 1949
03-13 10:02:08.379 14826 14857 I WM-GreedyScheduler: Ignoring schedule request in a secondary process
03-13 10:02:08.382  6159  7350 D ConnectivityService: requestNetwork for uid/pid:10146/14908 activeRequest: null callbackRequest: 2281 [NetworkRequest [ REQUEST id=2282, [ Capabilities: INTERNET&NOT_RESTRICTED&TRUSTED&NOT_VCN_MANAGED Uid: 10146 RequestorUid: 10146 RequestorPkg: com.google.android.youtube UnderlyingNetworks: Null] ]] callback flags: 0 order: 2147483647
03-13 10:02:08.383  6159  6525 D ConnectivityService: NetReassign [2282 : null → 161]
03-13 10:02:08.384  6159  6482 D UntrustedWifiNetworkFactory: got request NetworkRequest [ REQUEST id=2282, [ Capabilities: INTERNET&NOT_RESTRICTED&TRUSTED&NOT_VCN_MANAGED Uid: 10146 RequestorUid: 10146 RequestorPkg: com.google.android.youtube UnderlyingNetworks: Null] ]
03-13 10:02:08.384  6159  6482 D OemPaidWifiNetworkFactory: got request NetworkRequest [ REQUEST id=2282, [ Capabilities: INTERNET&NOT_RESTRICTED&TRUSTED&NOT_VCN_MANAGED Uid: 10146 RequestorUid: 10146 RequestorPkg: com.google.android.youtube UnderlyingNetworks: Null] ]
03-13 10:02:08.386 25441 25494 D WM-GreedyScheduler: Ignoring {WorkSpec: 5f1ec55e-34b4-45d6-a90f-c1bb2054fc87}. Requires ContentUri triggers.
03-13 10:02:08.386 25441 25494 D WM-GreedyScheduler: Starting tracking for e2977f50-a00d-4fa9-80c9-f6f8ab95b3bb,6de365c7-b6fb-49ed-ab56-2463ebbc1718,5054b167-cb79-47dd-b100-d78069821fd7,35edcc4a-6234-49d2-b4ef-e1af1588424f,027e66a4-11f4-447a-b17b-af021710b23f,7ea9dd3c-a8e0-48db-95ee-b0df99386e85,4e74e3f3-0af5-4518-b860-8b7b493cbe02
03-13 10:02:08.388 14826 14857 I WM-GreedyScheduler: Ignoring schedule request in non-main process
03-13 10:02:08.391 14826 14857 D WM-SystemJobScheduler: Scheduling work ID 027e66a4-11f4-447a-b17b-af021710b23fJob ID 1950
03-13 10:02:08.398 14826 14857 I WM-GreedyScheduler: Ignoring schedule request in a secondary process
03-13 10:02:08.402 14826 14857 I WM-GreedyScheduler: Ignoring schedule request in non-main process
03-13 10:02:08.405 14826 14857 D WM-SystemJobScheduler: Scheduling work ID 027e66a4-11f4-447a-b17b-af021710b23fJob ID 1951
03-13 10:02:08.406 14826 14857 I WM-GreedyScheduler: Ignoring schedule request in a secondary process
03-13 10:02:08.409 14826 14857 I WM-GreedyScheduler: Ignoring schedule request in non-main process
03-13 10:02:08.419 14826 14857 D WM-SystemJobScheduler: Scheduling work ID 05222122-47dd-4650-8e6d-06b797570b66Job ID 1952
03-13 10:02:08.420 14826 14857 I WM-GreedyScheduler: Ignoring schedule request in a secondary process
03-13 10:02:08.422 14826 14862 I elyx    : Successfully scheduled next periodic workers
03-13 10:02:08.428 14826 14859 I elxx    : #sync() complete
03-13 10:02:08.430 14616 14772 E SnapshotDirObserver: BACKUP DIR TAMPER – event=DELETE  file=/data/user/0/com.dearmoon.shield/files/secure_backups/1773341066827_1acf8df0.key.enc
03-13 10:02:08.440 14616 14773 I SnapshotManager: Retention: pruned 1 entries (file-count limit)
03-13 10:02:08.442 14616 14773 I SnapshotManager: Encrypted backup created: 1773376322681_file3.txt.enc  chain=4eebf4e70000â€¦
03-13 10:02:08.442 14616 14773 D SnapshotManager: Snapshot created and backed up: file3.txt
03-13 10:02:08.443 14616 14772 D HoneyfileCollector: Skipping honeyfile event during grace period: /storage/emulated/0/Documents/446af06a.bak (1443ms since creation)
03-13 10:02:08.443 14616 14772 D HoneyfileCollector: Skipping honeyfile event during grace period: /storage/emulated/0/Documents/446af06a.bak (1443ms since creation)
03-13 10:02:08.472 14616 14772 D HoneyfileCollector: Skipping honeyfile event during grace period: /storage/emulated/0/Documents/446af06a.bak (1472ms since creation)
03-13 10:02:08.473 14616 14772 D HoneyfileCollector: Skipping honeyfile event during grace period: /storage/emulated/0/Documents/446af06a.bak (1473ms since creation)
03-13 10:02:08.507 14616 14772 E SnapshotDirObserver: BACKUP DIR TAMPER – event=DELETE  file=/data/user/0/com.dearmoon.shield/files/secure_backups/1773341066827_63b4c152.dat.enc
03-13 10:02:08.517 14616 14773 I SnapshotManager: Retention: pruned 1 entries (file-count limit)
03-13 10:02:08.518 14616 14773 I SnapshotManager: Encrypted backup created: 1773376322681_446af06a.bak.enc  chain=b6b92e587679â€¦
03-13 10:02:08.518 14616 14773 D SnapshotManager: Snapshot created and backed up: 446af06a.bak
03-13 10:02:08.526  6159  7764 D UserManagerServiceExtImpl: getMultiSystemUserId  res = -10000
03-13 10:02:08.537  6693  6693 D InterruptionStateProvider: No alerting: suppressed due to group alert behavior
03-13 10:02:08.538  6693  6693 D InterruptionStateProvider: No alerting: suppressed due to group alert behavior
03-13 10:02:08.538  6693  6693 D InterruptionStateProvider: No alerting: suppressed due to group alert behavior
03-13 10:02:08.545  6693  6851 D PeopleSpaceWidgetMgr: Sbn doesn't contain valid PeopleTileKey: null/0/com.dearmoon.shield
03-13 10:02:08.584 14616 14772 E SnapshotDirObserver: BACKUP DIR TAMPER – event=DELETE  file=/data/user/0/com.dearmoon.shield/files/secure_backups/1773341066827_952ae0d9.txt.enc
03-13 10:02:08.592 14616 14773 I SnapshotManager: Retention: pruned 1 entries (file-count limit)
03-13 10:02:08.594 14616 14773 I SnapshotManager: Encrypted backup created: 1773376322681_file12.txt.enc  chain=92262df18bc1â€¦
03-13 10:02:08.594 14616 14773 D SnapshotManager: Snapshot created and backed up: file12.txt
03-13 10:02:08.603 14894 14894 I SHIELD_MODE_A: BURST pid=14616 flags=0x2 writes=161 reads=0 fsyncs=0
03-13 10:02:08.612 14616 15107 I SHIELD_MODE_A: BURST pid=14616 uid=10273 file=/data/data/com.dearmoon.shield/databases/shield_snapshots.db bytes=161
03-13 10:02:08.613 14616 15107 D TelemetryStorage: EVENT GENERATED: FILE_SYSTEM
03-13 10:02:08.613 14616 15107 D PackageAttributor: UID 10273 → com.dearmoon.shield (SHIELD)
03-13 10:02:08.625 14616 15107 D EventDatabase: Inserted FileSystemEvent: 343
03-13 10:02:08.625 14616 15107 D TelemetryStorage: EVENT STORED: HYBRID_FILE_SYSTEM (ID: 343)
03-13 10:02:08.627 14616 14788 D UnifiedDetectionEngine: Analyzing file event: MODIFY on /data/data/com.dearmoon.shield/databases/shield_snapshots.db
03-13 10:02:08.627 14616 14788 D UnifiedDetectionEngine: Attribution(private-path): /data/data/com.dearmoon.shield/databases/shield_snapshots.db → com.dearmoon.shield uid=10273
03-13 10:02:08.630 14616 14788 D PackageAttributor: UID 10273 → com.dearmoon.shield (SHIELD)
03-13 10:02:08.630 14616 14788 D BehaviorCorrelation: Correlation: com.dearmoon.shield score=0 (file=1, net=0, honey=0, locker=0)
03-13 10:02:08.630 14616 14788 I UnifiedDetectionEngine: Skipping analysis for whitelisted app: com.dearmoon.shield
03-13 10:02:08.646 18338 18338 D BoundBrokerSvc: onBind: Intent { act=com.google.android.gms.potokens.service.START dat=chimera-action: cmp=com.google.android.gms/.chimera.GmsApiService }
03-13 10:02:08.646 18338 18338 D BoundBrokerSvc: Loading bound service for intent: Intent { act=com.google.android.gms.potokens.service.START dat=chimera-action: cmp=com.google.android.gms/.chimera.GmsApiService }
03-13 10:02:08.651  6159 10465 D ConnectivityService: requestNetwork for uid/pid:10146/14908 activeRequest: null callbackRequest: 2283 [NetworkRequest [ REQUEST id=2284, [ Capabilities: INTERNET&NOT_RESTRICTED&TRUSTED&NOT_VCN_MANAGED Uid: 10146 RequestorUid: 10146 RequestorPkg: com.google.android.youtube UnderlyingNetworks: Null] ]] callback flags: 0 order: 2147483647
03-13 10:02:08.651  6159  6525 D ConnectivityService: NetReassign [2284 : null → 161]
03-13 10:02:08.652  6159  6482 D UntrustedWifiNetworkFactory: got request NetworkRequest [ REQUEST id=2284, [ Capabilities: INTERNET&NOT_RESTRICTED&TRUSTED&NOT_VCN_MANAGED Uid: 10146 RequestorUid: 10146 RequestorPkg: com.google.android.youtube UnderlyingNetworks: Null] ]
03-13 10:02:08.652  6159  6482 D OemPaidWifiNetworkFactory: got request NetworkRequest [ REQUEST id=2284, [ Capabilities: INTERNET&NOT_RESTRICTED&TRUSTED&NOT_VCN_MANAGED Uid: 10146 RequestorUid: 10146 RequestorPkg: com.google.android.youtube UnderlyingNetworks: Null] ]
03-13 10:02:08.655 14908 15104 I oplus.android.OplusFrameworkFactoryImpl: Unknow feature:IOplusTextViewRTLUtilForUG
03-13 10:02:08.670 14616 14772 E SnapshotDirObserver: BACKUP DIR TAMPER – event=DELETE  file=/data/user/0/com.dearmoon.shield/files/secure_backups/1773341066827_boot.img.enc
03-13 10:02:08.716 14616 14773 I SnapshotManager: Retention: pruned 1 entries (file-count limit)
03-13 10:02:08.719 14616 14773 I SnapshotManager: Encrypted backup created: 1773376322681_dc72cb88.dat.enc  chain=b931be178b4câ€¦
03-13 10:02:08.719 14616 14773 D SnapshotManager: Snapshot created and backed up: dc72cb88.dat
03-13 10:02:08.793 14616 14772 E SnapshotDirObserver: BACKUP DIR TAMPER – event=DELETE  file=/data/user/0/com.dearmoon.shield/files/secure_backups/1773341066827_befc67bc.key.enc
03-13 10:02:08.799 14616 14773 I SnapshotManager: Retention: pruned 1 entries (file-count limit)
03-13 10:02:08.800 14616 14773 I SnapshotManager: Encrypted backup created: 1773376322681_7c3fd0cf.bak.enc  chain=fbfec7cd4857â€¦
03-13 10:02:08.800 14616 14773 D SnapshotManager: Snapshot created and backed up: 7c3fd0cf.bak
03-13 10:02:08.872 14616 14772 E SnapshotDirObserver: BACKUP DIR TAMPER – event=DELETE  file=/data/user/0/com.dearmoon.shield/files/secure_backups/1773341066827_c4d14fd7.txt.enc
03-13 10:02:08.878 14616 14773 I SnapshotManager: Retention: pruned 1 entries (file-count limit)
03-13 10:02:08.880 14616 14773 I SnapshotManager: Encrypted backup created: 1773376322681_file25.txt.enc  chain=1ddc42e85606â€¦
03-13 10:02:08.880 14616 14773 D SnapshotManager: Snapshot created and backed up: file25.txt
03-13 10:02:08.954 14616 14772 E SnapshotDirObserver: BACKUP DIR TAMPER – event=DELETE  file=/data/user/0/com.dearmoon.shield/files/secure_backups/1773341066827_b1ea3d89.bin.enc
03-13 10:02:08.963 14616 14773 I SnapshotManager: Retention: pruned 1 entries (file-count limit)
03-13 10:02:08.964 14616 14773 I SnapshotManager: Encrypted backup created: 1773376322681_4cb28365.key.enc  chain=194727c6a0bcâ€¦
03-13 10:02:08.964 14616 14773 D SnapshotManager: Snapshot created and backed up: 4cb28365.key
03-13 10:02:09.022 14616 14772 E SnapshotDirObserver: BACKUP DIR TAMPER – event=DELETE  file=/data/user/0/com.dearmoon.shield/files/secure_backups/1773341066827_fa7c8267.dat.enc
03-13 10:02:09.029 14616 14773 I SnapshotManager: Retention: pruned 1 entries (file-count limit)
03-13 10:02:09.030 14616 14773 I SnapshotManager: Encrypted backup created: 1773376322681_file6.txt.enc  chain=545c96eef3aeâ€¦
03-13 10:02:09.030 14616 14773 D SnapshotManager: Snapshot created and backed up: file6.txt
03-13 10:02:09.031 14616 14772 D HoneyfileCollector: Skipping honeyfile event during grace period: /storage/emulated/0/Documents/b89864ca.bin (2031ms since creation)
03-13 10:02:09.031 14616 14772 D HoneyfileCollector: Skipping honeyfile event during grace period: /storage/emulated/0/Documents/b89864ca.bin (2031ms since creation)
03-13 10:02:09.051 14616 14616 V AutofillManager: requestHideFillUi(null): anchor = null
03-13 10:02:09.052  6159  7350 E OplusZoomWindowManagerService: null stack in getZoomScaleRect
03-13 10:02:09.052  6159  6586 D OGG_Detector: D:done mCurrStatus: 0
