03-26 22:15:26.055 I/OplusAppSwitchManagerService( 1929):  handleAppVisible , r = ActivityRecord{7d668e8 u0 com.android.launcher/.Launcher t2}
03-26 22:15:26.056 I/VRR [OPlusRefreshRateManager]( 1929): hasADFRFeature return false
03-26 22:15:26.057 I/DisplayManagerService( 1929): Comparing display specs: baseModeId=1 allowGroupSwitching=false primaryRefreshRateRange=[0 60] appRequestRefreshRateRange=[0 60] vrrPolicy=POLICY_DEFAULT, existing: baseModeId=2 allowGroupSwitching=false primaryRefreshRateRange=[0 90] appRequestRefreshRateRange=[0 90] vrrPolicy=POLICY_DEFAULT
03-26 22:15:26.062 I/VRR [OPlusRefreshRateManager]( 1929): hasADFRFeature return false
03-26 22:15:26.064 I/VRR [OPlusRefreshRateManager]( 1929): hasADFRFeature return false
03-26 22:15:26.065 I/DisplayManagerService( 1929): Comparing display specs: baseModeId=1 allowGroupSwitching=false primaryRefreshRateRange=[0 60] appRequestRefreshRateRange=[0 60] vrrPolicy=POLICY_DEFAULT, existing: baseModeId=1 allowGroupSwitching=false primaryRefreshRateRange=[0 60] appRequestRefreshRateRange=[0 60] vrrPolicy=POLICY_DEFAULT
03-26 22:15:26.068 D/VRR [OPlusRefreshRateService]( 1929): onConfigChanged physicalDisplayId: 4630946883826275713 modeId: 1
03-26 22:15:26.121 D/VRR [OPlusRefreshRateService]( 1929): onConfigChanged physicalDisplayId: 4630946883826275713 modeId: 0
03-26 22:15:26.123 I/DisplayDeviceRepository( 1929): Display device changed: DisplayDeviceInfo{"Built-in Screen": uniqueId="local:4630946883826275713", 1080 x 2400, modeId 1, defaultModeId 1, supportedModes [{id=1, width=1080, height=2400, fps=60.000004, alternativeRefreshRates=[90.0]}, {id=2, width=1080, height=2400, fps=90.0, alternativeRefreshRates=[60.000004]}], colorMode 0, supportedColorModes [0, 7, 9], hdrCapabilities HdrCapabilities{mSupportedHdrTypes=[2, 3, 4], mMaxLuminance=680.0, mMaxAverageLuminance=340.1, mMinLuminance=0.2}, allmSupported false, gameContentTypeSupported false, density 450, 403.411 x 420.413 dpi, appVsyncOff 1000000, presDeadline 16666666, cutout DisplayCutout{insets=Rect(0, 68 - 0, 0) waterfall=Insets{left=0, top=0, right=0, bottom=0} boundingRect={Bounds=[Rect(0, 0 - 0, 0), Rect(483, 0 - 597, 68), Rect(0, 0 - 0, 0), Rect(0, 0 - 0, 0)]} cutoutPathParserInfo={CutoutPathParserInfo{displayWidth=1080 displayHeight=2400 density={2.8125} cutoutSpec={M -57,0 L -57,68 L 57,68 L 57,0 Z} rotation={0} scale={1.0}}}}, touch INTERNAL, rotation 0, type INTERNAL, address {port=129, model=0x40446da7b02ad5}, deviceProductInfo DeviceProductInfo{name=, manufacturerPnpId=QCM, productId=1, modelYear=null, manufactureDate=ManufactureDate{week=27, year=2006}, connectionToSinkType=0}, state ON, frameRateOverride , brightnessMinimum 0.0, brightnessMaximum 1.0, brightnessDefault 400.0, FLAG_DEFAULT_DISPLAY, FLAG_ROTATES_WITH_CONTENT, FLAG_SECURE, FLAG_SUPPORTS_PROTECTED_BUFFERS}
03-26 22:15:26.124 D/DisplayManagerService( 1929): Delivering display event: displayId=0, event=2
03-26 22:15:26.125 I/WallpaperManagerServiceExt( 1929): removeDisplayData. displayId = 0
03-26 22:15:26.221 D/VRR [OPlusRefreshRateService]( 1929): handleConfigIdChange physicalDisplayId: 4630946883826275713 configId: 0
03-26 22:15:26.469 E/OplusZoomWindowManagerService( 1929): null stack in getZoomScaleRect
03-26 22:15:26.472 I/iopgp   ( 3548): Iopgp: TRANSACTION_IOPGP_ON_KEY_DOWN sequence_id = 2 pkg_name = com.arjanvlek.oxygenupdater ret = 0
03-26 22:15:26.474 D/iopgp   ( 3548): cannot find a compiledtrace, need to start tracing on intentstart.
03-26 22:15:26.474 D/iopgp   ( 3548): Iopgp: Decide the action on keydown event done in 1ms.
03-26 22:15:27.211 E/OplusZoomWindowManagerService( 1929): null stack in getZoomScaleRect
03-26 22:15:27.217 I/iopgp   ( 3548): Iopgp: TRANSACTION_IOPGP_ON_KEY_DOWN sequence_id = 3 pkg_name = com.dearmoon.shield ret = 0
03-26 22:15:27.218 D/iopgp   ( 3548): cannot find a compiledtrace, need to start tracing on intentstart.
03-26 22:15:27.218 D/iopgp   ( 3548): Iopgp: Decide the action on keydown event done in 1ms.
03-26 22:15:27.342 I/ActivityTaskManager( 1929): START u0 {act=android.intent.action.MAIN cat=[android.intent.category.LAUNCHER] flg=0x10200000 cmp=com.dearmoon.shield/.WelcomeActivity bnds=[47,158][249,525] mCallingUid=10174} from uid 10174
03-26 22:15:27.342 D/MultiApp.CMAService( 1929): changeIntentIfNeed --- from launcher
03-26 22:15:27.346 I/iopgp   ( 3548): Iopgp: TRANSACTION_IOPGP_ON_INTENT_STARTED sequence_id = 3 pkg_name = com.dearmoon.shield class_name = com.dearmoon.shield.WelcomeActivity
03-26 22:15:27.346 I/iopgp   ( 3548): Iopgp::starttracing
03-26 22:15:27.346 D/iopgp   ( 3548): Create Perfetto handle 3
03-26 22:15:27.348 D/CompactWindowManagerService( 1929): handleTaskCreated task: Task{ce27402 #280 type=undefined ?? U=0 visible=false mode=undefined translucent=true sz=0}
03-26 22:15:27.348 W/ActivityTaskManager( 1929): Can't find TaskDisplayArea to determine support for multi window. Task id=280 attached=false
03-26 22:15:27.348 D/OplusZoomWindowManagerService( 1929): onConfigurationChanged rotation not changed - prevRotation: 0
03-26 22:15:27.349 D/CompactWindowManagerService( 1929): notifyCompactWindowState task: Task{c8acfff #1 type=undefined ?? U=0 visible=true mode=fullscreen translucent=false sz=1}; hasFocus: true
03-26 22:15:27.349 I/OplusScreenSecurityMask( 1929): onStackAdded task = Task{ce27402 #280 type=undefined ?? U=0 visible=false mode=fullscreen translucent=true sz=0} record = null displayId = 0
03-26 22:15:27.350 I/OplusScreenSecurityMask( 1929): onStackAdded task = Task{ce27402 #280 type=standard A=10282:com.dearmoon.shield U=0 visible=false mode=fullscreen translucent=true sz=0} record = null displayId = 0
03-26 22:15:27.350 D/CompatibilityChangeReporter( 1929): Compat change id reported: 174042980; UID 10282; state: DISABLED
03-26 22:15:27.350 D/CompatibilityChangeReporter( 1929): Compat change id reported: 184838306; UID 10282; state: DISABLED
03-26 22:15:27.351 D/CompatibilityChangeReporter( 1929): Compat change id reported: 185004937; UID 10282; state: DISABLED
03-26 22:15:27.351 D/CompatibilityChangeReporter( 1929): Compat change id reported: 181136395; UID 10282; state: DISABLED
03-26 22:15:27.351 D/CompatibilityChangeReporter( 1929): Compat change id reported: 174042936; UID 10282; state: DISABLED
03-26 22:15:27.352 D/CompactWindowManagerService( 1929): onOriginListAdded child: ActivityRecord{7503113 u0 com.dearmoon.shield/.WelcomeActivity t280}; parent: Task{ce27402 #280 type=standard A=10282:com.dearmoon.shield U=0 visible=true mode=fullscreen translucent=true sz=1}
03-26 22:15:27.352 D/TaskExtImpl( 1929): add ActivityRecord{7503113 u0 com.dearmoon.shield/.WelcomeActivity t280} to mActivityRecordSum = Counter{ com.dearmoon.shield/.WelcomeActivity(1) }
03-26 22:15:27.353 D/ActivityTaskManager( 1929): getStartingWindowType: newTask=true, taskSwitch=true, processRunning=false, allowTaskSnapshot=true, activityCreated=false, snapshot=null, record:ActivityRecord{7503113 u0 com.dearmoon.shield/.WelcomeActivity t280}
03-26 22:15:27.353 D/OplusStartingWindowManager( 1929): window attributes color: 0 icon null duration 0 brandImage null
03-26 22:15:27.354 V/OplusZoomWindowManagerService( 1929): windowMode: 0 ,stack: Task{ce27402 #280 type=standard A=10282:com.dearmoon.shield U=0 visible=true mode=fullscreen translucent=true sz=1}
03-26 22:15:27.362 D/OplusSecurePayManager( 1929): resume secure pay app : com.dearmoon.shield
03-26 22:15:27.362 D/OplusSecurePayManager( 1929): startSecurePayIntent,pkgName:com.dearmoon.shield UserHandle.CURRENT=UserHandle{-2}, mCurrentUserId=0
03-26 22:15:27.362 W/ActivityManager( 1929): Unable to start service Intent { act=oplus.intent.action.SECURE_PAY_SCAN_RISK pkg=com.coloros.securepay (has extras) } U=0: not found
03-26 22:15:27.369 D/CompatibilityChangeReporter( 1929): Compat change id reported: 135634846; UID 10282; state: DISABLED
03-26 22:15:27.369 D/CompatibilityChangeReporter( 1929): Compat change id reported: 177438394; UID 10282; state: DISABLED
03-26 22:15:27.369 D/CompatibilityChangeReporter( 1929): Compat change id reported: 135772972; UID 10282; state: DISABLED
03-26 22:15:27.369 D/CompatibilityChangeReporter( 1929): Compat change id reported: 135754954; UID 10282; state: ENABLED
03-26 22:15:27.370 D/CompatibilityChangeReporter( 1929): Compat change id reported: 143937733; UID 10282; state: ENABLED
03-26 22:15:27.370 I/iopgp   ( 3548): Iopgp: TRANSACTION_IOPGP_ON_ACTIVITY_LAUNCHED sequence_id = 3 title = 
03-26 22:15:27.382 V/WindowManager( 1929): Changing focus from Window{a899809 u0 com.android.launcher/com.android.launcher.Launcher} to null,diplayid=0
03-26 22:15:27.382 I/ActivityManager( 1929): Start proc 17520:com.dearmoon.shield/u0a282 for pre-top-activity {com.dearmoon.shield/com.dearmoon.shield.WelcomeActivity}
03-26 22:15:27.383 D/CompactWindowManagerService( 1929): notifyCompactWindowState task: Task{604020b #2 type=undefined I=com.android.launcher/.Launcher U=0 rootTaskId=1 visible=false mode=fullscreen translucent=true sz=1}; hasFocus: false
03-26 22:15:27.391 D/CompactWindowManagerService( 1929): updateBackgroundSurface openingApp: ActivityRecord{7503113 u0 com.dearmoon.shield/.WelcomeActivity t280}
03-26 22:15:27.391 D/OplusSplitScreenManagerService( 1929): isDragToSplitState mOplusSpiltScreenDnDUI is null, just return!
03-26 22:15:27.391 D/OplusSplitScreenManagerService( 1929): isDragToSplitState mOplusSpiltScreenDnDUI is null, just return!
03-26 22:15:27.391 D/OplusSplitScreenManagerService( 1929): isDragToSplitState mOplusSpiltScreenDnDUI is null, just return!
03-26 22:15:27.391 D/OplusSplitScreenManagerService( 1929): isDragToSplitState mOplusSpiltScreenDnDUI is null, just return!
03-26 22:15:27.399 I/WindowStateExtImpl( 1929): onSurfaceShowChange show = true mPackageName = com.dearmoon.shield parentPkgName = com.dearmoon.shield
03-26 22:15:27.431 D/DisplayManagerService( 1929): Delivering display event: displayId=0, event=2
03-26 22:15:27.433 D/OplusDexOptimizeManager( 1929): Do not in AppLaunchOptList!
03-26 22:15:27.436 I/OplusAppSwitchManagerService( 1929): appswitch hasProcess ActivityRecord{7503113 u0 com.dearmoon.shield/.WelcomeActivity t280}
03-26 22:15:27.436 I/OplusJoystickManager( 1929): handleApplicationSwitch deprecated!
03-26 22:15:27.436 I/OplusAppSwitchManagerService( 1929): appswitch hasProcess ActivityRecord{7503113 u0 com.dearmoon.shield/.WelcomeActivity t280}
03-26 22:15:27.436 D/OplusEapManager( 1929): mTargetExitName :com.android.launcher
03-26 22:15:27.437 D/VRR [OPlusFrontAppManager]( 1929): OnAppSwitchObserver: onAppExit , info.targetName = com.android.launcher
03-26 22:15:27.437 D/VRR [OPlusFrontAppManager]( 1929): packageName: null
03-26 22:15:27.437 D/VRR [OPlusRefreshRateService]( 1929): handleFrontAppChange pkgName: null
03-26 22:15:27.437 D/VRR [OPlusExternalRefreshRateManager]( 1929): setFrontPackageName pkgName: null CurPkgName: com.android.launcher
03-26 22:15:27.438 D/VRR [OPlusRefreshRateService]( 1929):  setFrameRateTargetControl [ 0.0 , com.android.launcher , false , com.oplus.battery ]
03-26 22:15:27.438 D/VRR [OPlusExternalRefreshRateManager]( 1929):  [FRTC] FrameRate : 0 com.android.launcher false com.oplus.battery
03-26 22:15:27.438 D/VRR [OPlusSurfaceFlingerController]( 1929):  add frtc FrameRate : 0 com.android.launcher false com.oplus.battery
03-26 22:15:27.440 D/OplusKeepAliveManager( 1929): TOP_APP is ProcessRecord{aa78175 17520:com.dearmoon.shield/u0a282} uid is 10282
03-26 22:15:27.442 E/OplusThermalStats( 1929): Error getting package info: com.dearmoon.shield
03-26 22:15:27.445 D/OplusEapManager( 1929): mTargetEnterName :com.dearmoon.shield
03-26 22:15:27.453 D/VRR [OPlusFrontAppManager]( 1929): OnAppSwitchObserver: onAppEnter , info.targetName = com.dearmoon.shield
03-26 22:15:27.453 D/VRR [OPlusFrontAppManager]( 1929): packageName: com.dearmoon.shield
03-26 22:15:27.454 D/VRR [OPlusRefreshRateService]( 1929): handleFrontAppChange pkgName: com.dearmoon.shield
03-26 22:15:27.454 D/VRR [OPlusExternalRefreshRateManager]( 1929): setFrontPackageName pkgName: com.dearmoon.shield CurPkgName: null
03-26 22:15:27.465 D/OplusGuardElfFeature( 1929): ICharger set value = 0
03-26 22:15:27.465 D/OplusGuardElfFeature( 1929): calling class name = ThermalControlUtils
03-26 22:15:27.465 D/OplusBatteryManager( 3813): set charge value = 0
03-26 22:15:27.467 D/OplusAppListInterceptManager( 1929): shouldFilterTask
03-26 22:15:27.467 D/OplusAppListInterceptManager( 1929): shouldFilterTask::packageName = com.dearmoon.shield
03-26 22:15:27.467 D/OplusAppListInterceptManager( 1929): shouldFilterTask
03-26 22:15:27.467 D/OplusAppListInterceptManager( 1929): shouldFilterTask::packageName = com.dearmoon.shield.ransim
03-26 22:15:27.467 D/OplusGameRotationService( 1929): lockRotationInGame: change state to 0
03-26 22:15:27.638 W/ActivityManager( 1929): setGlThreads detect 17520 17542
03-26 22:15:27.765 E/OplusCustomizeRestrictionManager(17520): sInstance is null, start a new sInstance
03-26 22:15:27.777 I/Quality (17520): ActivityThread: activityStart delay 145 com.dearmoon.shield 17520
03-26 22:15:27.780 V/OplusZoomWindowManagerService( 1929): onAnimationFinished:  r = ActivityRecord{7d668e8 u0 com.android.launcher/.Launcher t2}
03-26 22:15:27.782 V/OplusZoomWindowManagerService( 1929): onAnimationFinished:  r = ActivityRecord{7503113 u0 com.dearmoon.shield/.WelcomeActivity t280}
03-26 22:15:27.782 I/OplusAppSwitchManagerService( 1929):  handleAppVisible , r = ActivityRecord{7503113 u0 com.dearmoon.shield/.WelcomeActivity t280}
03-26 22:15:27.784 D/OplusInputMethodUtil(17520): init DEBUG to false, update DEBUG_IME to false
03-26 22:15:27.784 D/OplusInputMethodUtil(17520): init DEBUG to false, update DEBUG_IME to false
03-26 22:15:27.786 I/WindowStateExtImpl( 1929): onSurfaceShowChange show = false mPackageName = com.android.launcher parentPkgName = com.android.launcher
03-26 22:15:27.786 I/VRR [OPlusRefreshRateManager]( 1929): hasADFRFeature return false
03-26 22:15:27.787 I/DisplayManagerService( 1929): Comparing display specs: baseModeId=1 allowGroupSwitching=false primaryRefreshRateRange=[0 60] appRequestRefreshRateRange=[0 60] vrrPolicy=POLICY_DEFAULT, existing: baseModeId=1 allowGroupSwitching=false primaryRefreshRateRange=[0 60] appRequestRefreshRateRange=[0 60] vrrPolicy=POLICY_DEFAULT
03-26 22:15:27.787 I/VRR [OPlusRefreshRateManager]( 1929): hasADFRFeature return false
03-26 22:15:27.787 I/DisplayManagerService( 1929): Comparing display specs: baseModeId=1 allowGroupSwitching=false primaryRefreshRateRange=[0 60] appRequestRefreshRateRange=[0 60] vrrPolicy=POLICY_DEFAULT, existing: baseModeId=1 allowGroupSwitching=false primaryRefreshRateRange=[0 60] appRequestRefreshRateRange=[0 60] vrrPolicy=POLICY_DEFAULT
03-26 22:15:27.819 I/Quality (17520): Skipped: false 11 cost 194.4319 refreshRate 0 processName com.dearmoon.shield
03-26 22:15:27.835 V/WindowManager( 1929): Changing focus from null to Window{bed06c5 u0 com.dearmoon.shield/com.dearmoon.shield.WelcomeActivity},diplayid=0
03-26 22:15:27.835 D/CompactWindowManagerService( 1929): notifyCompactWindowState task: Task{ce27402 #280 type=standard A=10282:com.dearmoon.shield U=0 visible=true mode=fullscreen translucent=false sz=1}; hasFocus: true
03-26 22:15:27.835 D/ActivityTaskManager( 1929): onWindowFocusChanged Task{ce27402 #280 type=standard A=10282:com.dearmoon.shield U=0 visible=true mode=fullscreen translucent=false sz=1} would transfer to compact
03-26 22:15:27.837 D/CompatibilityChangeReporter( 1929): Compat change id reported: 158002302; UID 10282; state: ENABLED
03-26 22:15:27.840 V/OplusZoomWindowDecorViewHelper(17520): setLastReportedMergedConfiguration mZoomDisplayHeight: 2400 getDecorView.12052961
03-26 22:15:27.886 D/OplusStartingWindowManager( 1929): interceptRemoveStartingWindow activity.packageName=com.dearmoon.shield isSnapshot=false mStartingSurfaceRunnable=null
03-26 22:15:27.886 D/OplusSplitScreenManagerService( 1929): notifyRemoveStartingWindow mOplusSpiltScreenDnDUI is null, just return!
03-26 22:15:27.887 I/Quality (17520): Skipped: false 1 cost 25.236612 refreshRate 0 processName com.dearmoon.shield
03-26 22:15:27.888 I/Quality ( 1929): LaunchTime2.0: com.dearmoon.shield/.WelcomeActivity 1 530
03-26 22:15:27.890 V/OplusZoomWindowDecorViewHelper( 3197): removeZoomView
03-26 22:15:27.896 I/iopgp   ( 3548): Iopgp: TRANSACTION_IOPGP_ON_ACTIVITY_LAUNCH_FINISHED sequence_id = 3 title =  pid = 17520 timestamp_nanos = 820909951247
03-26 22:15:28.048 I/WindowStateExtImpl( 1929): onSurfaceShowChange show = false mPackageName = com.dearmoon.shield parentPkgName = com.dearmoon.shield
03-26 22:15:30.055 E/OplusZoomWindowManagerService( 1929): null stack in getZoomScaleRect
03-26 22:15:30.125 I/Quality (17520): Skipped: true 1 cost 32.554714 refreshRate 0 processName com.dearmoon.shield
03-26 22:15:30.158 I/ActivityTaskManager( 1929): START u0 {cmp=com.dearmoon.shield/.UserGuideActivity (has extras) mCallingUid=10282} from uid 10282
03-26 22:15:30.159 D/OplusZoomWindowRUSConfigManager( 1929): isSupportZoomModeWithPolicyLocked: target = com.dearmoon.shield/.UserGuideActivity
03-26 22:15:30.159 D/OplusZoomWindowRUSConfigManager( 1929): targetPkg = com.dearmoon.shield
03-26 22:15:30.159 V/OplusZoomWindowManagerService( 1929): unSupportZoom: false ,callingPid: 17520 ,sourceStack: Task{ce27402 #280 type=standard A=10282:com.dearmoon.shield U=0 visible=true mode=fullscreen translucent=false sz=1}
03-26 22:15:30.164 D/CompactWindowManagerService( 1929): onOriginListAdded child: ActivityRecord{d1c07a0 u0 com.dearmoon.shield/.UserGuideActivity t280}; parent: Task{ce27402 #280 type=standard A=10282:com.dearmoon.shield U=0 visible=true mode=fullscreen translucent=false sz=2}
03-26 22:15:30.164 D/TaskExtImpl( 1929): add ActivityRecord{d1c07a0 u0 com.dearmoon.shield/.UserGuideActivity t280} to mActivityRecordSum = Counter{ com.dearmoon.shield/.WelcomeActivity(1) com.dearmoon.shield/.UserGuideActivity(1) }
03-26 22:15:30.165 D/ActivityTaskManager( 1929): getStartingWindowType: newTask=false, taskSwitch=false, processRunning=true, allowTaskSnapshot=true, activityCreated=false, snapshot=null, record:ActivityRecord{d1c07a0 u0 com.dearmoon.shield/.UserGuideActivity t280}
03-26 22:15:30.165 D/OplusZoomWindowRUSConfigManager( 1929): isSupportZoomModeWithPolicyLocked: target = com.dearmoon.shield/.UserGuideActivity
03-26 22:15:30.165 D/OplusZoomWindowRUSConfigManager( 1929): targetPkg = com.dearmoon.shield
03-26 22:15:30.165 V/OplusZoomWindowManagerService( 1929): unSupportZoom: false ,callingPid: 17520 ,sourceStack: Task{ce27402 #280 type=standard A=10282:com.dearmoon.shield U=0 visible=true mode=fullscreen translucent=false sz=2}
03-26 22:15:30.175 I/ActivityTaskManager( 1929): The Process com.dearmoon.shield Already Exists in BG. So sending its PID: 17520
03-26 22:15:30.175 W/ActivityTaskManager( 1929): Tried to set launchTime (0) < mLastActivityLaunchTime (820456)
03-26 22:15:30.175 D/OplusDexOptimizeManager( 1929): Do not in AppLaunchOptList!
03-26 22:15:30.177 I/OplusAppSwitchManager( 1929): notifyAppSwitch the same packageName!
03-26 22:15:30.177 V/WindowManager( 1929): Changing focus from Window{bed06c5 u0 com.dearmoon.shield/com.dearmoon.shield.WelcomeActivity} to null,diplayid=0
03-26 22:15:30.177 D/CompactWindowManagerService( 1929): notifyCompactWindowState task: Task{ce27402 #280 type=standard A=10282:com.dearmoon.shield U=0 visible=true mode=fullscreen translucent=false sz=2}; hasFocus: false
03-26 22:15:30.244 I/Quality (17520): ActivityThread: activityStart delay 62 com.dearmoon.shield 17520
03-26 22:15:30.256 I/Quality (17520): Skipped: false 3 cost 62.61352 refreshRate 0 processName com.dearmoon.shield
03-26 22:15:30.268 V/WindowManager( 1929): Changing focus from null to Window{679e72a u0 com.dearmoon.shield/com.dearmoon.shield.UserGuideActivity},diplayid=0
03-26 22:15:30.268 D/CompactWindowManagerService( 1929): notifyCompactWindowState task: Task{ce27402 #280 type=standard A=10282:com.dearmoon.shield U=0 visible=true mode=fullscreen translucent=false sz=2}; hasFocus: true
03-26 22:15:30.268 D/ActivityTaskManager( 1929): onWindowFocusChanged Task{ce27402 #280 type=standard A=10282:com.dearmoon.shield U=0 visible=true mode=fullscreen translucent=false sz=2} would transfer to compact
03-26 22:15:30.273 V/OplusZoomWindowDecorViewHelper(17520): setLastReportedMergedConfiguration mZoomDisplayHeight: 2400 getDecorView.9618069
03-26 22:15:30.515 D/NetworkDiagnostics( 1929): unbind service
03-26 22:15:30.534 I/GameManagerServiceExt( 1929): re: 2, Bundle[mParcelledData.dataSize=3428] .
03-26 22:15:30.534 W/GameManagerServiceExt( 1929): unknown: 2
03-26 22:15:30.589 D/CompactWindowManagerService( 1929): updateBackgroundSurface openingApp: ActivityRecord{d1c07a0 u0 com.dearmoon.shield/.UserGuideActivity t280}
03-26 22:15:30.590 D/CompactWindowManagerService( 1929): addSiblingToAnimationTargets:sibling = ActivityRecord{7503113 u0 com.dearmoon.shield/.WelcomeActivity t280 f}}; replacedMoveAnimation = -1
03-26 22:15:30.590 D/CompactWindowManagerService( 1929): addSiblingToAnimationTargets:sibling = ActivityRecord{7503113 u0 com.dearmoon.shield/.WelcomeActivity t280 f}}; replacedMoveAnimation = -1
03-26 22:15:30.590 D/OplusSplitScreenManagerService( 1929): isDragToSplitState mOplusSpiltScreenDnDUI is null, just return!
03-26 22:15:30.590 D/CompactWindowManagerService( 1929): addSiblingToAnimationTargets:sibling = ActivityRecord{7503113 u0 com.dearmoon.shield/.WelcomeActivity t280 f}}; replacedMoveAnimation = -1
03-26 22:15:30.590 D/OplusWindowAnimationManager( 1929): checkAndLoadCustomAnimation use override anim for  =:com.dearmoon.shield
03-26 22:15:30.590 I/Quality (17520): Skipped: false 19 cost 328.86044 refreshRate 0 processName com.dearmoon.shield
03-26 22:15:30.591 D/OplusZoomWindowManagerService( 1929): adjustWindowCropForLeash start: appToken = ActivityRecord{d1c07a0 u0 com.dearmoon.shield/.UserGuideActivity t280}
03-26 22:15:30.592 D/OplusWindowAnimationManager( 1929): checkAndLoadCustomAnimation use override anim for  =:com.dearmoon.shield
03-26 22:15:30.593 D/OplusZoomWindowManagerService( 1929): adjustWindowCropForLeash start: appToken = ActivityRecord{7503113 u0 com.dearmoon.shield/.WelcomeActivity t280 f}}
03-26 22:15:30.594 I/Quality ( 1929): LaunchTime2.0: com.dearmoon.shield/.UserGuideActivity 2 425
03-26 22:15:30.753 V/OplusZoomWindowManagerService( 1929): onAnimationFinished:  r = ActivityRecord{d1c07a0 u0 com.dearmoon.shield/.UserGuideActivity t280}
03-26 22:15:30.753 I/OplusAppSwitchManagerService( 1929):  handleAppVisible , r = ActivityRecord{d1c07a0 u0 com.dearmoon.shield/.UserGuideActivity t280}
03-26 22:15:30.754 V/OplusZoomWindowManagerService( 1929): onAnimationFinished:  r = ActivityRecord{7503113 u0 com.dearmoon.shield/.WelcomeActivity t280 f}}
03-26 22:15:30.782 V/OplusZoomWindowDecorViewHelper(17520): removeZoomView
03-26 22:15:30.790 D/TaskExtImpl( 1929): remove ActivityRecord{7503113 u0 com.dearmoon.shield/.WelcomeActivity t-1 f}} to mActivityRecordSum = Counter{ com.dearmoon.shield/.UserGuideActivity(1) }
03-26 22:15:32.358 I/iopgp   ( 3548): kTraceEnded and trace_end_kind = kOutproto history_id = 70
03-26 22:15:32.361 E/iopgp   ( 3548): Perfetto TraceBuffer saved to file: data/misc/iopgp/com.dearmoon.shield/1/perfetto_trace/com.dearmoon.shield.WelcomeActivity/1774543532360983821perfetto_trace.pb
03-26 22:15:32.421 E/OplusZoomWindowManagerService( 1929): null stack in getZoomScaleRect
03-26 22:15:32.538 I/GameManagerServiceExt( 1929): re: 4, Bundle[mParcelledData.dataSize=196] .
03-26 22:15:32.538 W/GameManagerServiceExt( 1929): unknown: 4
03-26 22:15:32.639 I/Quality (17520): Skipped: false 4 cost 78.87737 refreshRate 0 processName com.dearmoon.shield
03-26 22:15:32.921 I/ActivityManager( 1929): Killing 11678:com.google.android.apps.photos/u0a251 (adj 995): empty #31
03-26 22:15:32.927 D/OplusProxyWakeLock( 1929): remove uid: 10251 wiht all pids from wakelockUidInfo list
03-26 22:15:35.770 E/ActivityThread( 6092): Failed to find provider info for com.oplus.statistics.provider
03-26 22:15:35.770 E/OplusStatistics--( 6092): IllegalArgumentException:java.lang.IllegalArgumentException: Unknown URL content://com.oplus.statistics.provider/track_event
03-26 22:15:39.042 E/OplusZoomWindowManagerService( 1929): null stack in getZoomScaleRect
03-26 22:15:39.381 I/Quality (17520): Skipped: true 1 cost 27.754429 refreshRate 0 processName com.dearmoon.shield
03-26 22:15:43.935 I/Quality ( 1249): SFJankCountInfo: 1666; 0; 0; 0; 1; 1; 2; 0; 1; 0; 10
03-26 22:15:48.031 E/OplusZoomWindowManagerService( 1929): null stack in getZoomScaleRect
03-26 22:15:48.252 I/Quality (17520): Skipped: false 3 cost 62.873333 refreshRate 0 processName com.dearmoon.shield
03-26 22:15:54.761 E/OplusZoomWindowManagerService( 1929): null stack in getZoomScaleRect
03-26 22:15:55.104 I/Quality (17520): Skipped: true 3 cost 55.46012 refreshRate 0 processName com.dearmoon.shield
03-26 22:15:57.641 D/CompatibilityChangeReporter( 1929): Compat change id reported: 168419799; UID 10282; state: DISABLED
03-26 22:15:57.689 D/CompatibilityChangeReporter( 1929): Compat change id reported: 135634846; UID 10282; state: DISABLED
03-26 22:15:57.689 D/CompatibilityChangeReporter( 1929): Compat change id reported: 177438394; UID 10282; state: DISABLED
03-26 22:15:57.689 D/CompatibilityChangeReporter( 1929): Compat change id reported: 135772972; UID 10282; state: DISABLED
03-26 22:15:57.689 D/CompatibilityChangeReporter( 1929): Compat change id reported: 135754954; UID 10282; state: ENABLED
03-26 22:15:57.690 D/CompatibilityChangeReporter( 1929): Compat change id reported: 143937733; UID 10282; state: ENABLED
03-26 22:15:57.719 I/ActivityManager( 1929): Start proc 17580:com.dearmoon.shield:watchdog/u0a282 for service {com.dearmoon.shield/com.dearmoon.shield.services.ShieldWatchdogService}
03-26 22:15:57.782 D/CompatibilityChangeReporter( 1929): Compat change id reported: 181136395; UID 10282; state: DISABLED
03-26 22:15:57.782 D/CompatibilityChangeReporter( 1929): Compat change id reported: 174042936; UID 10282; state: DISABLED
03-26 22:15:57.813 D/CompatibilityChangeReporter( 1929): Compat change id reported: 149924527; UID 10282; state: ENABLED
03-26 22:15:57.813 D/CompatibilityChangeReporter( 1929): Compat change id reported: 132649864; UID 10282; state: DISABLED
03-26 22:15:58.205 I/OplusNotificationManagerServiceExtImpl( 1929): reportForegroundServiceUpdate notification=Notification(channel=shield_protection_channel shortcut=null contentView=null vibrate=null sound=null defaults=0x0 flags=0x42 color=0x00000000 vis=PRIVATE) id=1001 pkg=com.dearmoon.shield userId=0
03-26 22:15:58.205 D/OplusCustomizeVpnManagerService( 1929): propGetEnable persist.sys.vpn_disable: 0
03-26 22:15:58.209 I/ActivityTaskManager( 1929): START u0 {act=com.dearmoon.shield.REQUEST_VPN_PERMISSION flg=0x10000000 cmp=com.dearmoon.shield/.MainActivity mCallingUid=10282} from uid 10282
03-26 22:15:58.215 D/OplusZoomWindowRUSConfigManager( 1929): isSupportZoomModeWithPolicyLocked: target = com.dearmoon.shield/.MainActivity
03-26 22:15:58.215 D/OplusZoomWindowRUSConfigManager( 1929): targetPkg = com.dearmoon.shield
03-26 22:15:58.215 V/OplusZoomWindowManagerService( 1929): unSupportZoom: false ,callingPid: 17520 ,sourceStack: null
03-26 22:15:58.216 D/CompatibilityChangeReporter( 1929): Compat change id reported: 174042980; UID 10282; state: DISABLED
03-26 22:15:58.217 D/CompatibilityChangeReporter( 1929): Compat change id reported: 184838306; UID 10282; state: DISABLED
03-26 22:15:58.217 D/CompatibilityChangeReporter( 1929): Compat change id reported: 185004937; UID 10282; state: DISABLED
03-26 22:15:58.219 D/CompactWindowManagerService( 1929): onOriginListAdded child: ActivityRecord{36e2ca8 u0 com.dearmoon.shield/.MainActivity t280}; parent: Task{ce27402 #280 type=standard A=10282:com.dearmoon.shield U=0 visible=true mode=fullscreen translucent=false sz=2}
03-26 22:15:58.220 D/TaskExtImpl( 1929): add ActivityRecord{36e2ca8 u0 com.dearmoon.shield/.MainActivity t280} to mActivityRecordSum = Counter{ com.dearmoon.shield/.MainActivity(1) com.dearmoon.shield/.UserGuideActivity(1) }
03-26 22:15:58.221 D/ActivityTaskManager( 1929): getStartingWindowType: newTask=false, taskSwitch=false, processRunning=true, allowTaskSnapshot=true, activityCreated=false, snapshot=null, record:ActivityRecord{36e2ca8 u0 com.dearmoon.shield/.MainActivity t280}
03-26 22:15:58.221 D/OplusZoomWindowRUSConfigManager( 1929): isSupportZoomModeWithPolicyLocked: target = com.dearmoon.shield/.MainActivity
03-26 22:15:58.221 D/OplusZoomWindowRUSConfigManager( 1929): targetPkg = com.dearmoon.shield
03-26 22:15:58.221 V/OplusZoomWindowManagerService( 1929): unSupportZoom: false ,callingPid: 17520 ,sourceStack: null
03-26 22:15:58.225 D/CompatibilityChangeReporter( 1929): Compat change id reported: 158002302; UID 10282; state: ENABLED
03-26 22:15:58.235 I/Quality (17520): Skipped: true 35 cost 585.4507 refreshRate 0 processName com.dearmoon.shield
03-26 22:15:58.238 I/ActivityTaskManager( 1929): The Process com.dearmoon.shield Already Exists in BG. So sending its PID: 17520
03-26 22:15:58.238 W/ActivityTaskManager( 1929): Tried to set launchTime (0) < mLastActivityLaunchTime (823198)
03-26 22:15:58.239 D/OplusDexOptimizeManager( 1929): Do not in AppLaunchOptList!
03-26 22:15:58.242 I/OplusAppSwitchManager( 1929): notifyAppSwitch the same packageName!
03-26 22:15:58.243 V/WindowManager( 1929): Changing focus from Window{679e72a u0 com.dearmoon.shield/com.dearmoon.shield.UserGuideActivity} to null,diplayid=0
03-26 22:15:58.243 D/CompactWindowManagerService( 1929): notifyCompactWindowState task: Task{ce27402 #280 type=standard A=10282:com.dearmoon.shield U=0 visible=true mode=fullscreen translucent=false sz=2}; hasFocus: false
03-26 22:15:58.354 I/Quality (17520): ActivityThread: activityStart delay 109 com.dearmoon.shield 17520
03-26 22:15:58.383 V/WindowManager( 1929): Changing focus from null to Window{4e50ed7 u0 com.dearmoon.shield/com.dearmoon.shield.MainActivity},diplayid=0
03-26 22:15:58.383 D/CompactWindowManagerService( 1929): notifyCompactWindowState task: Task{ce27402 #280 type=standard A=10282:com.dearmoon.shield U=0 visible=true mode=fullscreen translucent=false sz=2}; hasFocus: true
03-26 22:15:58.383 D/ActivityTaskManager( 1929): onWindowFocusChanged Task{ce27402 #280 type=standard A=10282:com.dearmoon.shield U=0 visible=true mode=fullscreen translucent=false sz=2} would transfer to compact
03-26 22:15:58.387 V/OplusZoomWindowDecorViewHelper(17520): setLastReportedMergedConfiguration mZoomDisplayHeight: 2400 getDecorView.74957284
03-26 22:15:58.428 V/OplusZoomWindowDecorViewHelper(17520): setLastReportedMergedConfiguration mZoomDisplayHeight: 2400 getDecorView.4680060
03-26 22:15:58.469 I/Quality (17520): Skipped: false 5 cost 92.93463 refreshRate 0 processName com.dearmoon.shield
03-26 22:15:58.469 D/CompactWindowManagerService( 1929): updateBackgroundSurface openingApp: ActivityRecord{36e2ca8 u0 com.dearmoon.shield/.MainActivity t280}
03-26 22:15:58.469 D/CompactWindowManagerService( 1929): addSiblingToAnimationTargets:sibling = ActivityRecord{d1c07a0 u0 com.dearmoon.shield/.UserGuideActivity t280}; replacedMoveAnimation = -1
03-26 22:15:58.470 D/CompactWindowManagerService( 1929): addSiblingToAnimationTargets:sibling = ActivityRecord{d1c07a0 u0 com.dearmoon.shield/.UserGuideActivity t280}; replacedMoveAnimation = -1
03-26 22:15:58.470 D/OplusSplitScreenManagerService( 1929): isDragToSplitState mOplusSpiltScreenDnDUI is null, just return!
03-26 22:15:58.470 D/CompactWindowManagerService( 1929): addSiblingToAnimationTargets:sibling = ActivityRecord{d1c07a0 u0 com.dearmoon.shield/.UserGuideActivity t280}; replacedMoveAnimation = -1
03-26 22:15:58.472 D/OplusZoomWindowManagerService( 1929): adjustWindowCropForLeash start: appToken = ActivityRecord{36e2ca8 u0 com.dearmoon.shield/.MainActivity t280}
03-26 22:15:58.474 D/OplusZoomWindowManagerService( 1929): adjustWindowCropForLeash start: appToken = ActivityRecord{d1c07a0 u0 com.dearmoon.shield/.UserGuideActivity t280}
03-26 22:15:58.477 I/Quality ( 1929): LaunchTime2.0: com.dearmoon.shield/.MainActivity 2 251
03-26 22:15:58.671 E/OplusZoomWindowManagerService( 1929): null stack in getZoomScaleRect
03-26 22:15:58.866 V/OplusZoomWindowManagerService( 1929): onAnimationFinished:  r = ActivityRecord{d1c07a0 u0 com.dearmoon.shield/.UserGuideActivity t280}
03-26 22:15:58.867 V/OplusZoomWindowManagerService( 1929): onAnimationFinished:  r = ActivityRecord{36e2ca8 u0 com.dearmoon.shield/.MainActivity t280}
03-26 22:15:58.867 I/OplusAppSwitchManagerService( 1929):  handleAppVisible , r = ActivityRecord{36e2ca8 u0 com.dearmoon.shield/.MainActivity t280}
03-26 22:15:59.499 E/OplusZoomWindowManagerService( 1929): null stack in getZoomScaleRect
03-26 22:15:59.632 I/ActivityTaskManager( 1929): START u0 {act=android.settings.MANAGE_APP_ALL_FILES_ACCESS_PERMISSION dat=package:com.dearmoon.shield cmp=com.android.settings/.Settings$AppManageExternalStorageActivity mCallingUid=10282} from uid 10282
03-26 22:15:59.638 D/OplusZoomWindowRUSConfigManager( 1929): isSupportZoomModeWithPolicyLocked: target = com.android.settings/.Settings$AppManageExternalStorageActivity
03-26 22:15:59.638 D/OplusZoomWindowRUSConfigManager( 1929): targetPkg = com.android.settings
03-26 22:15:59.638 I/OplusZoomWindowRUSConfigManager( 1929): target pkg is unsupport zoom window mode
03-26 22:15:59.638 V/OplusZoomWindowManagerService( 1929): unSupportZoom: true ,callingPid: 17520 ,sourceStack: Task{ce27402 #280 type=standard A=10282:com.dearmoon.shield U=0 visible=true mode=fullscreen translucent=false sz=2}
03-26 22:15:59.640 D/CompatibilityChangeReporter( 1929): Compat change id reported: 174042980; UID 1000; state: DISABLED
03-26 22:15:59.641 D/CompactWindowManagerService( 1929): onOriginListAdded child: ActivityRecord{31def2 u0 com.android.settings/.Settings$AppManageExternalStorageActivity t280}; parent: Task{ce27402 #280 type=standard A=10282:com.dearmoon.shield U=0 visible=true mode=fullscreen translucent=false sz=3}
03-26 22:15:59.641 D/TaskExtImpl( 1929): add ActivityRecord{31def2 u0 com.android.settings/.Settings$AppManageExternalStorageActivity t280} to mActivityRecordSum = Counter{ com.android.settings/.Settings$AppManageExternalStorageActivity(1) com.dearmoon.shield/.MainActivity(1) com.dearmoon.shield/.UserGuideActivity(1) }
03-26 22:15:59.642 D/CompatibilityChangeReporter( 1929): Compat change id reported: 168419799; UID 1000; state: DISABLED
03-26 22:15:59.643 D/OplusStartingWindowManager( 1929): window attributes color: 0 icon null duration 0 brandImage null
03-26 22:15:59.643 D/OplusZoomWindowRUSConfigManager( 1929): isSupportZoomModeWithPolicyLocked: target = com.android.settings/.Settings$AppManageExternalStorageActivity
03-26 22:15:59.643 D/OplusZoomWindowRUSConfigManager( 1929): targetPkg = com.android.settings
03-26 22:15:59.643 I/OplusZoomWindowRUSConfigManager( 1929): target pkg is unsupport zoom window mode
03-26 22:15:59.643 V/OplusZoomWindowManagerService( 1929): unSupportZoom: true ,callingPid: 17520 ,sourceStack: Task{ce27402 #280 type=standard A=10282:com.dearmoon.shield U=0 visible=true mode=fullscreen translucent=false sz=3}
03-26 22:15:59.650 V/OplusZoomWindowDecorViewHelper(17520): removeZoomView
03-26 22:15:59.654 V/WindowManager( 1929): Changing focus from Window{4e50ed7 u0 com.dearmoon.shield/com.dearmoon.shield.MainActivity EXITING} to Window{2d889e2 u0 com.dearmoon.shield/com.dearmoon.shield.MainActivity},diplayid=0
03-26 22:15:59.660 I/Quality (17520): Skipped: true 1 cost 17.019274 refreshRate 0 processName com.dearmoon.shield
03-26 22:15:59.665 I/ActivityTaskManager( 1929): The Process com.android.settings Already Exists in BG. So sending its PID: 12735
03-26 22:15:59.665 W/ActivityTaskManager( 1929): Tried to set launchTime (0) < mLastActivityLaunchTime (684983)
03-26 22:15:59.667 D/OplusDexOptimizeManager( 1929): Do not in AppLaunchOptList!
03-26 22:15:59.669 I/OplusJoystickManager( 1929): handleApplicationSwitch deprecated!
03-26 22:15:59.669 D/OplusEapManager( 1929): mTargetExitName :com.dearmoon.shield
03-26 22:15:59.669 D/VRR [OPlusFrontAppManager]( 1929): OnAppSwitchObserver: onAppExit , info.targetName = com.dearmoon.shield
03-26 22:15:59.669 D/VRR [OPlusFrontAppManager]( 1929): packageName: null
03-26 22:15:59.670 D/OplusEapManager( 1929): mTargetEnterName :com.android.settings
03-26 22:15:59.670 D/VRR [OPlusFrontAppManager]( 1929): OnAppSwitchObserver: onAppEnter , info.targetName = com.android.settings
03-26 22:15:59.670 D/VRR [OPlusFrontAppManager]( 1929): packageName: com.android.settings
03-26 22:15:59.670 D/VRR [OPlusRefreshRateService]( 1929): handleFrontAppChange pkgName: null
03-26 22:15:59.670 D/VRR [OPlusRefreshRateService]( 1929):  setFrameRateTargetControl [ 0.0 , com.dearmoon.shield , false , com.oplus.battery ]
03-26 22:15:59.670 D/VRR [OPlusExternalRefreshRateManager]( 1929): setFrontPackageName pkgName: null CurPkgName: com.dearmoon.shield
03-26 22:15:59.670 D/VRR [OPlusRefreshRateService]( 1929): handleFrontAppChange pkgName: com.android.settings
03-26 22:15:59.670 D/VRR [OPlusExternalRefreshRateManager]( 1929): setFrontPackageName pkgName: com.android.settings CurPkgName: null
03-26 22:15:59.670 V/WindowManager( 1929): Changing focus from Window{2d889e2 u0 com.dearmoon.shield/com.dearmoon.shield.MainActivity} to null,diplayid=0
03-26 22:15:59.670 D/CompactWindowManagerService( 1929): notifyCompactWindowState task: Task{ce27402 #280 type=standard A=10282:com.dearmoon.shield U=0 visible=true mode=fullscreen translucent=false sz=3}; hasFocus: false
03-26 22:15:59.672 D/CompatibilityChangeReporter( 1929): Compat change id reported: 181136395; UID 1000; state: DISABLED
03-26 22:15:59.672 D/CompatibilityChangeReporter( 1929): Compat change id reported: 174042936; UID 1000; state: DISABLED
03-26 22:15:59.672 D/VRR [OPlusExternalRefreshRateManager]( 1929):  [OTI] handleTouchIdleState: backlist
03-26 22:15:59.672 D/VRR [OPlusSurfaceFlingerController]( 1929):  setTouchIdleShouldPause : true
03-26 22:15:59.672 E/OplusThermalStats( 1929): Error getting package info: com.android.settings
03-26 22:15:59.673 D/OplusKeepAliveManager( 1929): TOP_APP is ProcessRecord{de3668e 12735:com.android.settings/1000} uid is 1000
03-26 22:15:59.673 D/VRR [OPlusExternalRefreshRateManager]( 1929):  [FRTC] FrameRate : 0 com.dearmoon.shield false com.oplus.battery
03-26 22:15:59.673 D/VRR [OPlusSurfaceFlingerController]( 1929):  add frtc FrameRate : 0 com.dearmoon.shield false com.oplus.battery
03-26 22:15:59.683 D/OplusGameRotationService( 1929): lockRotationInGame: change state to 0
03-26 22:15:59.704 D/OplusGuardElfFeature( 1929): ICharger set value = 0
03-26 22:15:59.704 D/OplusGuardElfFeature( 1929): calling class name = ThermalControlUtils
03-26 22:15:59.704 D/OplusBatteryManager( 3813): set charge value = 0
03-26 22:15:59.768 V/WindowManager( 1929): Changing focus from null to Window{ac6c111 u0 com.android.settings/com.android.settings.Settings$AppManageExternalStorageActivity},diplayid=0
03-26 22:15:59.768 D/CompactWindowManagerService( 1929): notifyCompactWindowState task: Task{ce27402 #280 type=standard A=10282:com.dearmoon.shield U=0 visible=true mode=fullscreen translucent=false sz=3}; hasFocus: true
03-26 22:15:59.768 D/ActivityTaskManager( 1929): onWindowFocusChanged Task{ce27402 #280 type=standard A=10282:com.dearmoon.shield U=0 visible=true mode=fullscreen translucent=false sz=3} would transfer to compact
03-26 22:15:59.771 D/CompatibilityChangeReporter( 1929): Compat change id reported: 158002302; UID 1000; state: ENABLED
03-26 22:15:59.771 V/OplusZoomWindowDecorViewHelper(12735): setLastReportedMergedConfiguration mZoomDisplayHeight: 2400 getDecorView.28046491
03-26 22:15:59.790 D/CompactWindowManagerService( 1929): updateBackgroundSurface openingApp: ActivityRecord{31def2 u0 com.android.settings/.Settings$AppManageExternalStorageActivity t280}
03-26 22:15:59.790 D/CompactWindowManagerService( 1929): addSiblingToAnimationTargets:sibling = ActivityRecord{36e2ca8 u0 com.dearmoon.shield/.MainActivity t280}; replacedMoveAnimation = -1
03-26 22:15:59.790 D/CompactWindowManagerService( 1929): addSiblingToAnimationTargets:sibling = ActivityRecord{36e2ca8 u0 com.dearmoon.shield/.MainActivity t280}; replacedMoveAnimation = -1
03-26 22:15:59.790 D/OplusSplitScreenManagerService( 1929): isDragToSplitState mOplusSpiltScreenDnDUI is null, just return!
03-26 22:15:59.790 D/CompactWindowManagerService( 1929): addSiblingToAnimationTargets:sibling = ActivityRecord{36e2ca8 u0 com.dearmoon.shield/.MainActivity t280}; replacedMoveAnimation = -1
03-26 22:15:59.792 D/OplusZoomWindowManagerService( 1929): adjustWindowCropForLeash start: appToken = ActivityRecord{31def2 u0 com.android.settings/.Settings$AppManageExternalStorageActivity t280}
03-26 22:15:59.794 D/OplusZoomWindowManagerService( 1929): adjustWindowCropForLeash start: appToken = ActivityRecord{36e2ca8 u0 com.dearmoon.shield/.MainActivity t280}
03-26 22:15:59.795 I/Quality ( 1929): LaunchTime2.0: com.android.settings/.Settings$AppManageExternalStorageActivity 2 147
03-26 22:16:00.041 E/OplusCustomizeRestrictionManagerService( 1929): isBiometricDisabled start
03-26 22:16:00.042 E/OplusCustomizeRestrictionManagerService( 1929): isBiometricDisabled start
03-26 22:16:00.043 E/OplusCustomizeRestrictionManagerService( 1929): isBiometricDisabled start
03-26 22:16:00.044 E/OplusCustomizeRestrictionManagerService( 1929): isBiometricDisabled start
03-26 22:16:00.134 V/OplusZoomWindowManagerService( 1929): onAnimationFinished:  r = ActivityRecord{36e2ca8 u0 com.dearmoon.shield/.MainActivity t280}
03-26 22:16:00.135 V/OplusZoomWindowManagerService( 1929): onAnimationFinished:  r = ActivityRecord{31def2 u0 com.android.settings/.Settings$AppManageExternalStorageActivity t280}
03-26 22:16:00.135 I/OplusAppSwitchManagerService( 1929):  handleAppVisible , r = ActivityRecord{31def2 u0 com.android.settings/.Settings$AppManageExternalStorageActivity t280}
03-26 22:16:01.043 E/OplusZoomWindowManagerService( 1929): null stack in getZoomScaleRect
03-26 22:16:02.152 E/OplusZoomWindowManagerService( 1929): null stack in getZoomScaleRect
03-26 22:16:02.302 D/OplusSecurePayManager( 1929): resume secure pay app : com.dearmoon.shield
03-26 22:16:02.307 I/OplusJoystickManager( 1929): handleApplicationSwitch deprecated!
03-26 22:16:02.308 D/OplusSecurePayManager( 1929): startSecurePayIntent,pkgName:com.dearmoon.shield UserHandle.CURRENT=UserHandle{-2}, mCurrentUserId=0
03-26 22:16:02.309 V/WindowManager( 1929): Changing focus from Window{ac6c111 u0 com.android.settings/com.android.settings.Settings$AppManageExternalStorageActivity} to null,diplayid=0
03-26 22:16:02.309 D/CompactWindowManagerService( 1929): notifyCompactWindowState task: Task{ce27402 #280 type=standard A=10282:com.dearmoon.shield U=0 visible=true mode=fullscreen translucent=true sz=3}; hasFocus: false
03-26 22:16:02.309 D/OplusEapManager( 1929): mTargetExitName :com.android.settings
03-26 22:16:02.310 D/VRR [OPlusFrontAppManager]( 1929): OnAppSwitchObserver: onAppExit , info.targetName = com.android.settings
03-26 22:16:02.310 D/VRR [OPlusFrontAppManager]( 1929): packageName: null
03-26 22:16:02.310 W/ActivityManager( 1929): Unable to start service Intent { act=oplus.intent.action.SECURE_PAY_SCAN_RISK pkg=com.coloros.securepay (has extras) } U=0: not found
03-26 22:16:02.311 D/VRR [OPlusRefreshRateService]( 1929): handleFrontAppChange pkgName: null
03-26 22:16:02.311 D/VRR [OPlusExternalRefreshRateManager]( 1929): setFrontPackageName pkgName: null CurPkgName: com.android.settings
03-26 22:16:02.311 D/VRR [OPlusSurfaceFlingerController]( 1929):  setTouchIdleShouldPause : false
03-26 22:16:02.311 D/OplusKeepAliveManager( 1929): TOP_APP is ProcessRecord{aa78175 17520:com.dearmoon.shield/u0a282} uid is 10282
03-26 22:16:02.312 D/OplusEapManager( 1929): mTargetEnterName :com.dearmoon.shield
03-26 22:16:02.312 D/VRR [OPlusFrontAppManager]( 1929): OnAppSwitchObserver: onAppEnter , info.targetName = com.dearmoon.shield
03-26 22:16:02.312 D/VRR [OPlusFrontAppManager]( 1929): packageName: com.dearmoon.shield
03-26 22:16:02.312 D/TaskExtImpl( 1929): addColorModeOnResume resume=true pkg = com.dearmoon.shield
03-26 22:16:02.312 D/ColorDisplayServiceExtImpl( 1929): ColorDisplayServiceExtImpl getInstance=com.android.server.display.color.ColorDisplayServiceExtImpl@b144f78
03-26 22:16:02.313 D/VRR [OPlusRefreshRateService]( 1929): handleFrontAppChange pkgName: com.dearmoon.shield
03-26 22:16:02.313 D/VRR [OPlusExternalRefreshRateManager]( 1929): setFrontPackageName pkgName: com.dearmoon.shield CurPkgName: null
03-26 22:16:02.318 E/OplusThermalStats( 1929): Error getting package info: com.dearmoon.shield
03-26 22:16:02.322 D/VRR [OPlusRefreshRateService]( 1929):  setFrameRateTargetControl [ 0.0 , com.android.settings , false , com.oplus.battery ]
03-26 22:16:02.322 D/VRR [OPlusExternalRefreshRateManager]( 1929):  [FRTC] FrameRate : 0 com.android.settings false com.oplus.battery
03-26 22:16:02.322 D/VRR [OPlusSurfaceFlingerController]( 1929):  add frtc FrameRate : 0 com.android.settings false com.oplus.battery
03-26 22:16:02.322 D/OplusGameRotationService( 1929): lockRotationInGame: change state to 0
03-26 22:16:02.336 D/OplusGuardElfFeature( 1929): ICharger set value = 0
03-26 22:16:02.336 D/OplusGuardElfFeature( 1929): calling class name = ThermalControlUtils
03-26 22:16:02.336 D/OplusBatteryManager( 3813): set charge value = 0
03-26 22:16:02.397 I/Quality (17520): ActivityThread: activityResume delay 59 com.dearmoon.shield 17520
03-26 22:16:02.397 I/Quality (17520): Skipped: false 4 cost 68.550766 refreshRate 0 processName com.dearmoon.shield
03-26 22:16:02.409 V/WindowManager( 1929): Changing focus from null to Window{2d889e2 u0 com.dearmoon.shield/com.dearmoon.shield.MainActivity},diplayid=0
03-26 22:16:02.410 D/CompactWindowManagerService( 1929): notifyCompactWindowState task: Task{ce27402 #280 type=standard A=10282:com.dearmoon.shield U=0 visible=true mode=fullscreen translucent=false sz=3}; hasFocus: true
03-26 22:16:02.410 D/ActivityTaskManager( 1929): onWindowFocusChanged Task{ce27402 #280 type=standard A=10282:com.dearmoon.shield U=0 visible=true mode=fullscreen translucent=false sz=3} would transfer to compact
03-26 22:16:02.451 V/WindowManager( 1929): Changing focus from Window{2d889e2 u0 com.dearmoon.shield/com.dearmoon.shield.MainActivity} to Window{3f7b347 u0 com.dearmoon.shield/com.dearmoon.shield.MainActivity},diplayid=0
03-26 22:16:02.461 V/OplusZoomWindowDecorViewHelper(17520): setLastReportedMergedConfiguration mZoomDisplayHeight: 2400 getDecorView.97338296
03-26 22:16:02.496 I/Quality (17520): Skipped: false 4 cost 83.013084 refreshRate 0 processName com.dearmoon.shield
03-26 22:16:02.499 D/CompactWindowManagerService( 1929): updateBackgroundSurface openingApp: ActivityRecord{36e2ca8 u0 com.dearmoon.shield/.MainActivity t280}
03-26 22:16:02.499 D/CompactWindowManagerService( 1929): addSiblingToAnimationTargets:sibling = ActivityRecord{31def2 u0 com.android.settings/.Settings$AppManageExternalStorageActivity t280 f}}; replacedMoveAnimation = -1
03-26 22:16:02.499 D/CompactWindowManagerService( 1929): addSiblingToAnimationTargets:sibling = ActivityRecord{31def2 u0 com.android.settings/.Settings$AppManageExternalStorageActivity t280 f}}; replacedMoveAnimation = -1
03-26 22:16:02.499 D/OplusSplitScreenManagerService( 1929): isDragToSplitState mOplusSpiltScreenDnDUI is null, just return!
03-26 22:16:02.499 D/CompactWindowManagerService( 1929): addSiblingToAnimationTargets:sibling = ActivityRecord{31def2 u0 com.android.settings/.Settings$AppManageExternalStorageActivity t280 f}}; replacedMoveAnimation = -1
03-26 22:16:02.505 D/OplusZoomWindowManagerService( 1929): adjustWindowCropForLeash start: appToken = ActivityRecord{36e2ca8 u0 com.dearmoon.shield/.MainActivity t280}
03-26 22:16:02.510 D/OplusZoomWindowManagerService( 1929): adjustWindowCropForLeash start: appToken = ActivityRecord{31def2 u0 com.android.settings/.Settings$AppManageExternalStorageActivity t280 f}}
03-26 22:16:02.855 V/OplusZoomWindowManagerService( 1929): onAnimationFinished:  r = ActivityRecord{36e2ca8 u0 com.dearmoon.shield/.MainActivity t280}
03-26 22:16:02.855 I/OplusAppSwitchManagerService( 1929):  handleAppVisible , r = ActivityRecord{36e2ca8 u0 com.dearmoon.shield/.MainActivity t280}
03-26 22:16:02.861 V/OplusZoomWindowManagerService( 1929): onAnimationFinished:  r = ActivityRecord{31def2 u0 com.android.settings/.Settings$AppManageExternalStorageActivity t280 f}}
03-26 22:16:02.896 V/OplusZoomWindowDecorViewHelper(12735): removeZoomView
03-26 22:16:02.914 D/TaskExtImpl( 1929): remove ActivityRecord{31def2 u0 com.android.settings/.Settings$AppManageExternalStorageActivity t-1 f}} to mActivityRecordSum = Counter{ com.dearmoon.shield/.MainActivity(1) com.dearmoon.shield/.UserGuideActivity(1) }
03-26 22:16:03.508 E/OplusZoomWindowManagerService( 1929): null stack in getZoomScaleRect
03-26 22:16:03.650 I/ActivityTaskManager( 1929): START u0 {act=android.settings.action.MANAGE_OVERLAY_PERMISSION dat=package:com.dearmoon.shield cmp=com.android.settings/.Settings$OverlaySettingsActivity mCallingUid=10282} from uid 10282
03-26 22:16:03.656 D/OplusZoomWindowRUSConfigManager( 1929): isSupportZoomModeWithPolicyLocked: target = com.android.settings/.Settings$OverlaySettingsActivity
03-26 22:16:03.656 D/OplusZoomWindowRUSConfigManager( 1929): targetPkg = com.android.settings
03-26 22:16:03.656 I/OplusZoomWindowRUSConfigManager( 1929): target pkg is unsupport zoom window mode
03-26 22:16:03.657 V/OplusZoomWindowManagerService( 1929): unSupportZoom: true ,callingPid: 17520 ,sourceStack: Task{ce27402 #280 type=standard A=10282:com.dearmoon.shield U=0 visible=true mode=fullscreen translucent=false sz=2}
