03-26 22:14:14.473 D/VRR [OPlusRefreshRateService]( 1929): notifyBrightnessChange brightness: 4.0
03-26 22:14:14.473 D/VRR [OPlusRefreshRateService]( 1929): notifyNitsChange nits: 2.2569 discrete nits: 319.3951
03-26 22:14:14.474 D/VRR [OPlusRefreshRateService]( 1929): handleBrightnessChange nits: 2.2569
03-26 22:14:14.490 D/LightsServiceExtImpl( 1929): baseSetLightLocked end.
03-26 22:14:14.501 D/LightsServiceExtImpl( 1929): baseSetLightLocked end.
03-26 22:14:14.517 D/LightsServiceExtImpl( 1929): baseSetLightLocked end.
03-26 22:14:14.536 D/LightsServiceExtImpl( 1929): baseSetLightLocked end.
03-26 22:14:14.554 D/LightsServiceExtImpl( 1929): baseSetLightLocked end.
03-26 22:14:14.572 D/LightsServiceExtImpl( 1929): baseSetLightLocked end.
03-26 22:14:14.588 D/LightsServiceExtImpl( 1929): baseSetLightLocked end.
03-26 22:14:14.604 D/LightsServiceExtImpl( 1929): baseSetLightLocked end.
03-26 22:14:14.622 D/LightsServiceExtImpl( 1929): baseSetLightLocked end.
03-26 22:14:14.637 D/LightsServiceExtImpl( 1929): baseSetLightLocked end.
03-26 22:14:14.654 D/LightsServiceExtImpl( 1929): baseSetLightLocked end.
03-26 22:14:14.671 D/LightsServiceExtImpl( 1929): baseSetLightLocked end.
03-26 22:14:14.690 D/LightsServiceExtImpl( 1929): baseSetLightLocked end.
03-26 22:14:14.706 D/LightsServiceExtImpl( 1929): baseSetLightLocked end.
03-26 22:14:14.722 D/LightsServiceExtImpl( 1929): baseSetLightLocked end.
03-26 22:14:14.741 D/LightsServiceExtImpl( 1929): baseSetLightLocked end.
03-26 22:14:14.756 D/LightsServiceExtImpl( 1929): baseSetLightLocked end.
03-26 22:14:14.774 D/LightsServiceExtImpl( 1929): baseSetLightLocked end.
03-26 22:14:14.790 D/LightsServiceExtImpl( 1929): baseSetLightLocked end.
03-26 22:14:14.794 D/CompatibilityChangeReporter( 1929): Compat change id reported: 151105954; UID 1000; state: ENABLED
03-26 22:14:14.795 D/CompatibilityChangeReporter( 1929): Compat change id reported: 151105954; UID 1000; state: DISABLED
03-26 22:14:14.796 E/AppOps  ( 1929): package wifi not found, can't check for attributionTag null
03-26 22:14:14.801 E/AppOps  ( 1929): package wifi not found, can't check for attributionTag null
03-26 22:14:14.806 D/LightsServiceExtImpl( 1929): baseSetLightLocked end.
03-26 22:14:14.823 D/LightsServiceExtImpl( 1929): baseSetLightLocked end.
03-26 22:14:14.840 D/LightsServiceExtImpl( 1929): baseSetLightLocked end.
03-26 22:14:14.858 D/LightsServiceExtImpl( 1929): baseSetLightLocked end.
03-26 22:14:14.877 D/LightsServiceExtImpl( 1929): baseSetLightLocked end.
03-26 22:14:14.887 D/OplusProxyWakeLock( 1929): remove uid: 10251 wiht all pids from wakelockUidInfo list
03-26 22:14:14.887 D/OplusProxyWakeLock( 1929): remove uid: 10259 wiht all pids from wakelockUidInfo list
03-26 22:14:14.888 D/LightsServiceExtImpl( 1929): baseSetLightLocked end.
03-26 22:14:14.900 D/LightsServiceExtImpl( 1929): baseSetLightLocked end.
03-26 22:14:14.916 D/LightsServiceExtImpl( 1929): baseSetLightLocked end.
03-26 22:14:14.933 D/LightsServiceExtImpl( 1929): baseSetLightLocked end.
03-26 22:14:14.954 D/LightsServiceExtImpl( 1929): baseSetLightLocked end.
03-26 22:14:14.970 D/LightsServiceExtImpl( 1929): baseSetLightLocked end.
03-26 22:14:14.974 D/VRR [OPlusSurfaceFlingerController]( 1929):  setTouchIdle : TouchIdleBean{mEnable=true, mHwEnable=false, mSwEnable=true, mAdfrEnable=false, mTimeOut=4000, mContentThreshold=-1, mContentGapMs=500, mBrightnessLimit=200, mNitLimit=-1, mLowestRate=60, mBlackList=[], mReadingWhiteList=[], mSpecialTimeOutMap={}, mSwWhiteList=[], mSwNegligibleOverlay=[], mHwDisablePanel=[], mAdfrToHwList=[]}
03-26 22:14:14.986 D/LightsServiceExtImpl( 1929): baseSetLightLocked end.
03-26 22:14:15.006 D/LightsServiceExtImpl( 1929): baseSetLightLocked end.
03-26 22:14:15.023 D/LightsServiceExtImpl( 1929): baseSetLightLocked end.
03-26 22:14:15.024 D/OplusFeatureDCBacklight( 1929): notifySfRepaintEverything begin mCurrentDCMode:-1
03-26 22:14:15.041 D/LightsServiceExtImpl( 1929): baseSetLightLocked end.
03-26 22:14:15.042 D/OplusFeatureDCBacklight( 1929): notifySfRepaintEverything begin mCurrentDCMode:-1
03-26 22:14:15.058 D/LightsServiceExtImpl( 1929): baseSetLightLocked end.
03-26 22:14:15.059 D/OplusFeatureDCBacklight( 1929): notifySfRepaintEverything begin mCurrentDCMode:-1
03-26 22:14:15.075 D/LightsServiceExtImpl( 1929): baseSetLightLocked end.
03-26 22:14:15.075 D/OplusFeatureDCBacklight( 1929): notifySfRepaintEverything begin mCurrentDCMode:-1
03-26 22:14:15.091 D/LightsServiceExtImpl( 1929): baseSetLightLocked end.
03-26 22:14:15.092 D/LightsServiceExtImpl( 1929): notifyFlingerLight color=195code=21005
03-26 22:14:15.092 D/OplusFeatureDCBacklight( 1929): notifySfRepaintEverything begin mCurrentDCMode:-1
03-26 22:14:15.108 D/LightsServiceExtImpl( 1929): baseSetLightLocked end.
03-26 22:14:15.109 D/OplusFeatureDCBacklight( 1929): notifySfRepaintEverything begin mCurrentDCMode:-1
03-26 22:14:15.125 D/LightsServiceExtImpl( 1929): baseSetLightLocked end.
03-26 22:14:15.127 D/OplusFeatureDCBacklight( 1929): notifySfRepaintEverything begin mCurrentDCMode:-1
03-26 22:14:15.142 D/LightsServiceExtImpl( 1929): baseSetLightLocked end.
03-26 22:14:15.143 D/OplusFeatureDCBacklight( 1929): notifySfRepaintEverything begin mCurrentDCMode:-1
03-26 22:14:15.159 D/LightsServiceExtImpl( 1929): baseSetLightLocked end.
03-26 22:14:15.160 D/OplusFeatureDCBacklight( 1929): notifySfRepaintEverything begin mCurrentDCMode:-1
03-26 22:14:15.176 D/LightsServiceExtImpl( 1929): baseSetLightLocked end.
03-26 22:14:15.177 D/OplusFeatureDCBacklight( 1929): notifySfRepaintEverything begin mCurrentDCMode:-1
03-26 22:14:15.193 D/LightsServiceExtImpl( 1929): baseSetLightLocked end.
03-26 22:14:15.194 D/OplusFeatureDCBacklight( 1929): notifySfRepaintEverything begin mCurrentDCMode:-1
03-26 22:14:15.210 D/LightsServiceExtImpl( 1929): baseSetLightLocked end.
03-26 22:14:15.211 D/OplusFeatureDCBacklight( 1929): notifySfRepaintEverything begin mCurrentDCMode:-1
03-26 22:14:15.227 D/LightsServiceExtImpl( 1929): baseSetLightLocked end.
03-26 22:14:15.228 D/OplusFeatureDCBacklight( 1929): notifySfRepaintEverything begin mCurrentDCMode:-1
03-26 22:14:15.244 D/LightsServiceExtImpl( 1929): baseSetLightLocked end.
03-26 22:14:15.245 D/OplusFeatureDCBacklight( 1929): notifySfRepaintEverything begin mCurrentDCMode:-1
03-26 22:14:15.261 D/LightsServiceExtImpl( 1929): baseSetLightLocked end.
03-26 22:14:15.262 D/OplusFeatureDCBacklight( 1929): notifySfRepaintEverything begin mCurrentDCMode:-1
03-26 22:14:15.278 D/LightsServiceExtImpl( 1929): baseSetLightLocked end.
03-26 22:14:15.279 D/OplusFeatureDCBacklight( 1929): notifySfRepaintEverything begin mCurrentDCMode:-1
03-26 22:14:15.295 D/LightsServiceExtImpl( 1929): baseSetLightLocked end.
03-26 22:14:15.295 D/OplusFeatureDCBacklight( 1929): notifySfRepaintEverything begin mCurrentDCMode:-1
03-26 22:14:15.311 D/LightsServiceExtImpl( 1929): baseSetLightLocked end.
03-26 22:14:15.312 D/OplusFeatureDCBacklight( 1929): notifySfRepaintEverything begin mCurrentDCMode:-1
03-26 22:14:15.328 D/LightsServiceExtImpl( 1929): baseSetLightLocked end.
03-26 22:14:15.329 D/OplusFeatureDCBacklight( 1929): notifySfRepaintEverything begin mCurrentDCMode:-1
03-26 22:14:15.341 D/OplusDisplayPowerControllerExtImpl( 1929): original brightness to dataBase:4 final brightness:4.0 scale:1.0 reason:1 darkLevel:0
03-26 22:14:15.341 D/DisplayPowerController[0]( 1929): Animating brightness: target=4.0, rate=800.0, source= 11
03-26 22:14:15.341 D/VRR [OPlusRefreshRateService]( 1929): notifyBrightnessChange brightness: 4.0
03-26 22:14:15.345 D/LightsServiceExtImpl( 1929): baseSetLightLocked end.
03-26 22:14:15.346 D/OplusFeatureDCBacklight( 1929): notifySfRepaintEverything begin mCurrentDCMode:-1
03-26 22:14:15.845 E/OplusZoomWindowManagerService( 1929): null stack in getZoomScaleRect
03-26 22:14:15.849 D/OplusDisplayPowerControllerExtImpl( 1929): original brightness to dataBase:688 final brightness:688.0 scale:1.0 reason:1 darkLevel:0
03-26 22:14:15.849 D/DisplayPowerController[0]( 1929): Animating brightness: target=688.0, rate=800.0, source= 10
03-26 22:14:15.851 V/DisplayPowerController[0]( 1929): Brightness [688.0] reason changing to: 'manual', previous reason: 'manual [ dim ]'.
03-26 22:14:15.851 D/OplusDisplayPowerControllerFeature( 1929): RECORD:onUpdatePowerState policy:3 state:2 brightness:688
03-26 22:14:15.851 D/VRR [OPlusRefreshRateService]( 1929): notifyBrightnessChange brightness: 688.0
03-26 22:14:15.851 D/VRR [OPlusRefreshRateService]( 1929): notifyNitsChange nits: 319.3951 discrete nits: 2.2569
03-26 22:14:15.851 D/VRR [OPlusRefreshRateService]( 1929): handleBrightnessChange nits: 319.3951
03-26 22:14:15.864 D/LightsServiceExtImpl( 1929): baseSetLightLocked end.
03-26 22:14:15.864 D/OplusFeatureDCBacklight( 1929): notifySfRepaintEverything begin mCurrentDCMode:-1
03-26 22:14:15.882 D/LightsServiceExtImpl( 1929): baseSetLightLocked end.
03-26 22:14:15.883 D/OplusFeatureDCBacklight( 1929): notifySfRepaintEverything begin mCurrentDCMode:-1
03-26 22:14:15.903 D/LightsServiceExtImpl( 1929): baseSetLightLocked end.
03-26 22:14:15.903 D/OplusFeatureDCBacklight( 1929): notifySfRepaintEverything begin mCurrentDCMode:-1
03-26 22:14:15.920 D/LightsServiceExtImpl( 1929): baseSetLightLocked end.
03-26 22:14:15.920 D/OplusFeatureDCBacklight( 1929): notifySfRepaintEverything begin mCurrentDCMode:-1
03-26 22:14:15.937 D/LightsServiceExtImpl( 1929): baseSetLightLocked end.
03-26 22:14:15.938 D/OplusFeatureDCBacklight( 1929): notifySfRepaintEverything begin mCurrentDCMode:-1
03-26 22:14:15.953 D/LightsServiceExtImpl( 1929): baseSetLightLocked end.
03-26 22:14:15.954 D/OplusFeatureDCBacklight( 1929): notifySfRepaintEverything begin mCurrentDCMode:-1
03-26 22:14:15.970 D/LightsServiceExtImpl( 1929): baseSetLightLocked end.
03-26 22:14:15.971 D/OplusFeatureDCBacklight( 1929): notifySfRepaintEverything begin mCurrentDCMode:-1
03-26 22:14:15.987 D/LightsServiceExtImpl( 1929): baseSetLightLocked end.
03-26 22:14:15.988 D/OplusFeatureDCBacklight( 1929): notifySfRepaintEverything begin mCurrentDCMode:-1
03-26 22:14:16.006 D/LightsServiceExtImpl( 1929): baseSetLightLocked end.
03-26 22:14:16.008 D/OplusFeatureDCBacklight( 1929): notifySfRepaintEverything begin mCurrentDCMode:-1
03-26 22:14:16.022 D/LightsServiceExtImpl( 1929): baseSetLightLocked end.
03-26 22:14:16.022 D/OplusFeatureDCBacklight( 1929): notifySfRepaintEverything begin mCurrentDCMode:-1
03-26 22:14:16.024 D/LightsServiceExtImpl( 1929): baseSetLightLocked end.
03-26 22:14:16.024 D/OplusFeatureDCBacklight( 1929): notifySfRepaintEverything begin mCurrentDCMode:-1
03-26 22:14:16.038 D/LightsServiceExtImpl( 1929): baseSetLightLocked end.
03-26 22:14:16.039 D/OplusFeatureDCBacklight( 1929): notifySfRepaintEverything begin mCurrentDCMode:-1
03-26 22:14:16.055 D/LightsServiceExtImpl( 1929): baseSetLightLocked end.
03-26 22:14:16.056 D/OplusFeatureDCBacklight( 1929): notifySfRepaintEverything begin mCurrentDCMode:-1
03-26 22:14:16.073 D/LightsServiceExtImpl( 1929): baseSetLightLocked end.
03-26 22:14:16.074 D/OplusFeatureDCBacklight( 1929): notifySfRepaintEverything begin mCurrentDCMode:-1
03-26 22:14:16.089 D/LightsServiceExtImpl( 1929): baseSetLightLocked end.
03-26 22:14:16.090 D/OplusFeatureDCBacklight( 1929): notifySfRepaintEverything begin mCurrentDCMode:-1
03-26 22:14:16.106 D/LightsServiceExtImpl( 1929): baseSetLightLocked end.
03-26 22:14:16.107 D/LightsServiceExtImpl( 1929): notifyFlingerLight color=206code=21005
03-26 22:14:16.107 D/OplusFeatureDCBacklight( 1929): notifySfRepaintEverything begin mCurrentDCMode:-1
03-26 22:14:16.123 D/LightsServiceExtImpl( 1929): baseSetLightLocked end.
03-26 22:14:16.124 D/OplusFeatureDCBacklight( 1929): notifySfRepaintEverything begin mCurrentDCMode:-1
03-26 22:14:16.140 D/LightsServiceExtImpl( 1929): baseSetLightLocked end.
03-26 22:14:16.141 D/OplusFeatureDCBacklight( 1929): notifySfRepaintEverything begin mCurrentDCMode:-1
03-26 22:14:16.157 D/LightsServiceExtImpl( 1929): baseSetLightLocked end.
03-26 22:14:16.158 D/OplusFeatureDCBacklight( 1929): notifySfRepaintEverything begin mCurrentDCMode:-1
03-26 22:14:16.174 D/LightsServiceExtImpl( 1929): baseSetLightLocked end.
03-26 22:14:16.190 D/LightsServiceExtImpl( 1929): baseSetLightLocked end.
03-26 22:14:16.203 D/LightsServiceExtImpl( 1929): baseSetLightLocked end.
03-26 22:14:16.220 D/LightsServiceExtImpl( 1929): baseSetLightLocked end.
03-26 22:14:16.238 D/LightsServiceExtImpl( 1929): baseSetLightLocked end.
03-26 22:14:16.257 D/LightsServiceExtImpl( 1929): baseSetLightLocked end.
03-26 22:14:16.275 D/LightsServiceExtImpl( 1929): baseSetLightLocked end.
03-26 22:14:16.294 D/LightsServiceExtImpl( 1929): baseSetLightLocked end.
03-26 22:14:16.310 D/LightsServiceExtImpl( 1929): baseSetLightLocked end.
03-26 22:14:16.325 D/LightsServiceExtImpl( 1929): baseSetLightLocked end.
03-26 22:14:16.342 D/LightsServiceExtImpl( 1929): baseSetLightLocked end.
03-26 22:14:16.351 D/VRR [OPlusSurfaceFlingerController]( 1929):  setTouchIdle : TouchIdleBean{mEnable=true, mHwEnable=true, mSwEnable=true, mAdfrEnable=false, mTimeOut=4000, mContentThreshold=-1, mContentGapMs=500, mBrightnessLimit=200, mNitLimit=-1, mLowestRate=60, mBlackList=[], mReadingWhiteList=[], mSpecialTimeOutMap={}, mSwWhiteList=[], mSwNegligibleOverlay=[], mHwDisablePanel=[], mAdfrToHwList=[]}
03-26 22:14:16.360 D/LightsServiceExtImpl( 1929): baseSetLightLocked end.
03-26 22:14:16.377 D/LightsServiceExtImpl( 1929): baseSetLightLocked end.
03-26 22:14:16.394 D/LightsServiceExtImpl( 1929): baseSetLightLocked end.
03-26 22:14:16.410 D/LightsServiceExtImpl( 1929): baseSetLightLocked end.
03-26 22:14:16.425 D/LightsServiceExtImpl( 1929): baseSetLightLocked end.
03-26 22:14:16.443 D/LightsServiceExtImpl( 1929): baseSetLightLocked end.
03-26 22:14:16.462 D/LightsServiceExtImpl( 1929): baseSetLightLocked end.
03-26 22:14:16.478 D/LightsServiceExtImpl( 1929): baseSetLightLocked end.
03-26 22:14:16.494 D/LightsServiceExtImpl( 1929): baseSetLightLocked end.
03-26 22:14:16.511 D/LightsServiceExtImpl( 1929): baseSetLightLocked end.
03-26 22:14:16.527 D/LightsServiceExtImpl( 1929): baseSetLightLocked end.
03-26 22:14:16.545 D/LightsServiceExtImpl( 1929): baseSetLightLocked end.
03-26 22:14:16.563 D/LightsServiceExtImpl( 1929): baseSetLightLocked end.
03-26 22:14:16.579 D/LightsServiceExtImpl( 1929): baseSetLightLocked end.
03-26 22:14:16.594 D/LightsServiceExtImpl( 1929): baseSetLightLocked end.
03-26 22:14:16.613 D/LightsServiceExtImpl( 1929): baseSetLightLocked end.
03-26 22:14:16.631 D/LightsServiceExtImpl( 1929): baseSetLightLocked end.
03-26 22:14:16.647 D/LightsServiceExtImpl( 1929): baseSetLightLocked end.
03-26 22:14:16.664 D/LightsServiceExtImpl( 1929): baseSetLightLocked end.
03-26 22:14:16.681 D/LightsServiceExtImpl( 1929): baseSetLightLocked end.
03-26 22:14:16.693 D/OplusDisplayPowerControllerExtImpl( 1929): original brightness to dataBase:688 final brightness:688.0 scale:1.0 reason:1 darkLevel:0
03-26 22:14:16.693 D/DisplayPowerController[0]( 1929): Animating brightness: target=688.0, rate=800.0, source= 10
03-26 22:14:16.693 D/VRR [OPlusRefreshRateService]( 1929): notifyBrightnessChange brightness: 688.0
03-26 22:14:16.698 D/LightsServiceExtImpl( 1929): baseSetLightLocked end.
03-26 22:14:18.039 D/BatteryServiceExtImpl( 1929): send broadcast : BATTERY_PLUGGED_CHANGED : plugType = 0
03-26 22:14:18.039 W/ContextImpl( 1929): Calling a method in the system process without a qualified user: android.app.ContextImpl.sendBroadcast:1190 com.android.server.BatteryServiceExtImpl$1.run:215 android.os.Handler.handleCallback:938 android.os.Handler.dispatchMessage:99 android.os.Looper.loopOnce:233 
03-26 22:14:18.057 D/OplusPowerMonitor( 1929): Receive broadcast android.intent.action.ACTION_POWER_DISCONNECTED
03-26 22:14:18.058 D/OplusRpmStatsTracker( 1929): triggerUpdate waitUntilUpdated=true reason=un_charge UseRpmhHidlV20=true
03-26 22:14:18.061 D/a       ( 1929): invoke method name:onValues
03-26 22:14:18.061 D/a       ( 1929): Object:java.lang.Integer
03-26 22:14:18.061 D/a       ( 1929): Object:java.util.ArrayList
03-26 22:14:18.062 D/OplusRpmStatsTracker( 1929): { APSS:1 MPSS:1 MODEM:1 ADSP:1 CDSP:1 TZ:0 SLPI:1 SLPI_ISLAND:1 VMIN:0 AOSD:0 VLOW:0 CXSD:0 26M:0 AP:1 MD:1  }
03-26 22:14:18.062 D/OplusRpmStatsTracker( 1929): time:2026-03-26 22:14:18 APSS:{585:4800} MPSS:{2744:146757} ADSP:{137:721118} CDSP:{58:741830} TZ:{0:0} SLPI:{2033:723388} SLPLAND:{1419:722958} VMIN:{0:0} VLOW:{0:0} 
03-26 22:14:18.066 E/OplusDisplayPowerControllerFeature( 1929): execute mBlockReasonList.clear
03-26 22:14:18.066 D/OplusFeatureAOD( 1929): notifySfUnBlockScreenOn
03-26 22:14:18.066 D/OplusPowerManagerHelper( 1929): scheduleNotifyStopDream
03-26 22:14:18.066 D/OplusDisplayPowerControllerExtImpl( 1929): original brightness to dataBase:688 final brightness:688.0 scale:1.0 reason:1 darkLevel:0
03-26 22:14:18.066 D/DisplayPowerController[0]( 1929): Animating brightness: target=688.0, rate=800.0, source= 10
03-26 22:14:18.067 D/VRR [OPlusRefreshRateService]( 1929): notifyBrightnessChange brightness: 688.0
03-26 22:14:18.067 D/OplusPowerManagerHelper( 1929): handleMessage:102
03-26 22:14:18.067 D/OplusPowerManagerHelper( 1929): MSG_STOP_DEAM
03-26 22:14:18.069 W/BroadcastQueue( 1929): Background execution not allowed: receiving Intent { act=android.intent.action.ACTION_POWER_DISCONNECTED flg=0x4100010 (has extras) } to com.android.systemui/com.oplusos.systemui.notification.usb.UsbstartReceiver
03-26 22:14:18.069 W/BroadcastQueue( 1929): Background execution not allowed: receiving Intent { act=android.intent.action.ACTION_POWER_DISCONNECTED flg=0x4100010 (has extras) } to com.google.android.gms/.chimera.GmsIntentOperationService$PersistentTrustedReceiver
03-26 22:14:18.086 W/BroadcastQueue( 1929): Background execution not allowed: receiving Intent { act=android.intent.action.ACTION_POWER_DISCONNECTED flg=0x4100010 (has extras) } to com.google.android.projection.gearhead/com.google.android.apps.auto.components.connectivity.impl.ConnectivityEventHandlerImpl$ConnectivityEventBroadcastReceiver
03-26 22:14:18.087 W/BroadcastQueue( 1929): Background execution not allowed: receiving Intent { act=android.intent.action.ACTION_POWER_DISCONNECTED flg=0x4100010 (has extras) } to com.heytap.mcs/com.nearme.instant.upgrade.PowerConnectionReceiver
03-26 22:14:18.109 W/ContextImpl( 3813): Calling a method in the system process without a qualified user: android.app.ContextImpl.startService:1819 android.content.ContextWrapper.startService:786 com.oplus.powermonitor.oidt.OidtBroadcastReceiver.onReceive:158 android.app.LoadedApk$ReceiverDispatcher$Args.lambda$getRunnable$0$LoadedApk$ReceiverDispatcher$Args:1751 android.app.LoadedApk$ReceiverDispatcher$Args$$ExternalSyntheticLambda0.run:2 
03-26 22:14:18.127 D/KernelCpuUidUserSysTimeReader( 1929): Removing uids 99004-99004
03-26 22:14:18.128 D/BatteryStatsServiceExtImpl( 1929): setThermalStateInternal, now setThermalState process sync external state.
03-26 22:14:18.175 I/ActivityManager( 1929): Process com.oplus.deepthinker:worker (pid 15713) has died: fg  CEM 
03-26 22:14:18.175 W/ContextImpl( 1929): Calling a method in the system process without a qualified user: android.app.ContextImpl.sendBroadcast:1175 com.android.server.am.OplusExtraActivityManagerService.setKeyLockModeNormal:51 com.android.server.am.ActivityManagerServiceExtImpl.setKeyLockModeNormal:851 com.android.server.am.ActivityManagerService.appDiedLocked:3389 com.android.server.am.ActivityManagerService$AppDeathRecipient.binderDied:1531 
03-26 22:14:18.201 D/BatteryStatsServiceExtImpl( 1929): setThermalStateInternal, now setThermalState process sync external state.
03-26 22:14:18.202 D/BatteryStatsServiceExtImpl( 1929): setThermalStateInternal, now setThermalState process sync external state.
03-26 22:14:22.151 D/BatteryServiceExtImpl( 1929): send broadcast : BATTERY_PLUGGED_CHANGED : plugType = 2
03-26 22:14:22.151 W/ContextImpl( 1929): Calling a method in the system process without a qualified user: android.app.ContextImpl.sendBroadcast:1190 com.android.server.BatteryServiceExtImpl$1.run:215 android.os.Handler.handleCallback:938 android.os.Handler.dispatchMessage:99 android.os.Looper.loopOnce:233 
03-26 22:14:22.153 D/OplusBroadcastManager( 1929): adjustQueueIfNecessary, do jump queue. size:3, broadcast:BroadcastRecord{c1b79b1 u-1 android.intent.action.ACTION_POWER_CONNECTED}
03-26 22:14:22.157 I/EntropyMixer( 1929): Writing entropy...
03-26 22:14:22.158 W/ContextImpl( 3813): Calling a method in the system process without a qualified user: android.app.ContextImpl.startService:1819 android.content.ContextWrapper.startService:786 com.oplus.powermonitor.oidt.OidtBroadcastReceiver.onReceive:158 android.app.LoadedApk$ReceiverDispatcher$Args.lambda$getRunnable$0$LoadedApk$ReceiverDispatcher$Args:1751 android.app.LoadedApk$ReceiverDispatcher$Args$$ExternalSyntheticLambda0.run:2 
03-26 22:14:22.161 D/OplusGuardElfFeature( 1929): ICharger set value = 0
03-26 22:14:22.161 D/OplusGuardElfFeature( 1929): calling class name = ThermalControlUtils
03-26 22:14:22.161 D/OplusBatteryManager( 3813): set charge value = 0
03-26 22:14:22.174 D/OplusPowerMonitor( 1929): Receive broadcast android.intent.action.ACTION_POWER_CONNECTED
03-26 22:14:22.198 E/OplusDisplayPowerControllerFeature( 1929): execute mBlockReasonList.clear
03-26 22:14:22.198 D/OplusFeatureAOD( 1929): notifySfUnBlockScreenOn
03-26 22:14:22.198 D/OplusPowerManagerHelper( 1929): scheduleNotifyStopDream
03-26 22:14:22.202 D/OplusDisplayPowerControllerExtImpl( 1929): original brightness to dataBase:688 final brightness:688.0 scale:1.0 reason:1 darkLevel:0
03-26 22:14:22.202 D/DisplayPowerController[0]( 1929): Animating brightness: target=688.0, rate=800.0, source= 10
03-26 22:14:22.202 D/VRR [OPlusRefreshRateService]( 1929): notifyBrightnessChange brightness: 688.0
03-26 22:14:22.202 D/OplusPowerManagerHelper( 1929): handleMessage:102
03-26 22:14:22.202 D/OplusPowerManagerHelper( 1929): MSG_STOP_DEAM
03-26 22:14:22.248 D/BatteryStatsServiceExtImpl( 1929): setThermalStateInternal, now setThermalState process sync external state.
03-26 22:14:22.248 D/OplusThermalStats( 1929): REPORT_UPDATE_CPU  ->  phoneTemp:400  preHeatThreshold:400
03-26 22:14:22.301 D/LinearmotorVibrator( 3197): vibrate: effect=WaveformEffect { 9d2d35c, effectType=2, effectStrength=1, effectLoop=false, ringtoneVibrateType=-1, isRingtoneCustomized=false, ringtoneFilePath=, strengthSettingEnabled=true, asynchronous=false, usageHint=0 }
03-26 22:14:22.301 D/WaveformEffect( 3197): getWaveFormDurationArray mEffectType=2 duration=110 indexOfKey=2
03-26 22:14:22.301 D/WaveformEffect( 1929): getWaveFormDurationArray mEffectType=2 duration=110 indexOfKey=2
03-26 22:14:22.302 D/BatteryStatsServiceExtImpl( 1929): setThermalStateInternal, now setThermalState process sync external state.
03-26 22:14:22.302 D/BatteryStatsServiceExtImpl( 1929): setThermalStateInternal, now setThermalState process sync external state.
03-26 22:14:22.302 W/VibratorManagerServiceExtImpl( 1929): impl ignoreVibrateForOneShotEffect: illegel effect params, curVibEffect=null ,newEffect=OplusNativeOneShotVibrationEffect{mWaveformId=3, mTiming=110, mEffectStrength=1600}
03-26 22:14:22.302 D/VibratorManagerServiceExtImpl( 1929): startCustomizeVibratorLocked id= 0,size=1
03-26 22:14:22.302 D/VibratorManagerServiceExtImpl( 1929): startCustomizeVibratorLocked withCallback=true
03-26 22:14:22.308 D/VibratorManagerServiceExtImpl( 1929): onNoteVibratorOnLocked uid=10185, timing=110
03-26 22:14:22.308 D/LinearMotorVibratorControler( 1929): OplusMirrorLinearMotorVibratorManager.turnOnLinearmotorVibrator
03-26 22:14:22.308 D/LinearMotorVibratorControler( 1929): convertEffectStrength amplitude:1600
03-26 22:14:22.320 D/WaveformEffect( 1929): getWaveFormDurationArray mEffectType=2 duration=110 indexOfKey=2
03-26 22:14:22.320 D/LinearmotorVibratorService( 1929): linearMotorVibrate WAVEFORM_NODE_RAM, uid=10185 opPkg=com.android.systemui we.getWaveFormIndexArray()=[3] we.getWaveFormDurationArray()=[110] we.getStrengthSettingEnabled()=true
03-26 22:14:22.321 D/WaveformEffect( 3197): getWaveFormDurationArray mEffectType=2 duration=110 indexOfKey=2
03-26 22:14:22.507 V/UsbDeviceManager( 1929): USB UEVENT: {SUBSYSTEM=android_usb, SEQNUM=9332, ACTION=change, USB_STATE=CONNECTED, DEVPATH=/devices/virtual/android_usb/android0}
03-26 22:14:22.507 D/OplusUsbDeviceFeature( 1929): setUsbPlugFlag
03-26 22:14:22.527 D/UsbDeviceManager( 1929): broadcasting Intent { act=android.hardware.usb.action.USB_STATE flg=0x31100000 (has extras) } extras: Bundle[{host_connected=false, connected=true, unlocked=false, adb=true, configured=false}]
03-26 22:14:22.670 V/UsbDeviceManager( 1929): USB UEVENT: {SUBSYSTEM=android_usb, SEQNUM=9333, ACTION=change, USB_STATE=CONFIGURED, DEVPATH=/devices/virtual/android_usb/android0}
03-26 22:14:22.671 D/OplusUsbDeviceFeature( 1929): setUsbPlugFlag
03-26 22:14:22.695 D/UsbDeviceManager( 1929): broadcasting Intent { act=android.hardware.usb.action.USB_STATE flg=0x31100000 (has extras) } extras: Bundle[{host_connected=false, connected=true, unlocked=false, adb=true, configured=true}]
03-26 22:14:23.294 E/OplusCustomizeRestrictionManagerService( 1929): isUSBFileTransferDisabled start
03-26 22:14:23.294 I/OplusCustomizeService( 1929): pkg:com.android.systemui isPlatformSigned, return true drectly 
03-26 22:14:23.303 W/ActivityManager( 1929): setGlThreads detect 3197 17163
03-26 22:14:23.313 I/OplusZoomWindowManagerService( 1929): addTapExcluedWindow win = Window{aee9a8c u0 com.android.systemui}
03-26 22:14:23.341 E/OplusCustomizeRestrictionManagerService( 1929): isUSBFileTransferDisabled start
03-26 22:14:23.342 I/OplusCustomizeService( 1929): pkg:com.android.systemui isPlatformSigned, return true drectly 
03-26 22:14:23.345 E/OplusCustomizeRestrictionManagerService( 1929): isUSBFileTransferDisabled start
03-26 22:14:23.345 I/OplusCustomizeService( 1929): pkg:com.android.systemui isPlatformSigned, return true drectly 
03-26 22:14:23.346 E/OplusCustomizeRestrictionManagerService( 1929): isUSBFileTransferDisabled start
03-26 22:14:23.347 I/OplusCustomizeService( 1929): pkg:com.android.systemui isPlatformSigned, return true drectly 
03-26 22:14:23.348 E/OplusCustomizeRestrictionManagerService( 1929): isUSBFileTransferDisabled start
03-26 22:14:23.348 I/OplusCustomizeService( 1929): pkg:com.android.systemui isPlatformSigned, return true drectly 
03-26 22:14:23.349 E/OplusCustomizeRestrictionManagerService( 1929): isUSBFileTransferDisabled start
03-26 22:14:23.349 I/OplusCustomizeService( 1929): pkg:com.android.systemui isPlatformSigned, return true drectly 
03-26 22:14:23.350 E/OplusCustomizeRestrictionManagerService( 1929): isUSBFileTransferDisabled start
03-26 22:14:23.350 I/OplusCustomizeService( 1929): pkg:com.android.systemui isPlatformSigned, return true drectly 
03-26 22:14:23.359 V/WindowManager( 1929): Changing focus from Window{a899809 u0 com.android.launcher/com.android.launcher.Launcher} to Window{aee9a8c u0 com.android.systemui},diplayid=0
03-26 22:14:23.359 D/CompactWindowManagerService( 1929): notifyCompactWindowState task: Task{604020b #2 type=undefined I=com.android.launcher/.Launcher U=0 rootTaskId=1 visible=true mode=fullscreen translucent=false sz=1}; hasFocus: false
03-26 22:14:23.366 V/OplusZoomWindowDecorViewHelper( 3197): setLastReportedMergedConfiguration mZoomDisplayHeight: 2400 getDecorView.221613205
03-26 22:14:23.373 E/OplusCustomizeRestrictionManagerService( 1929): isUSBFileTransferDisabled start
03-26 22:14:23.374 I/OplusCustomizeService( 1929): pkg:com.android.systemui isPlatformSigned, return true drectly 
03-26 22:14:23.375 E/OplusCustomizeRestrictionManagerService( 1929): isUSBFileTransferDisabled start
03-26 22:14:23.375 I/OplusCustomizeService( 1929): pkg:com.android.systemui isPlatformSigned, return true drectly 
03-26 22:14:23.377 E/OplusCustomizeRestrictionManagerService( 1929): isUSBFileTransferDisabled start
03-26 22:14:23.377 I/OplusCustomizeService( 1929): pkg:com.android.systemui isPlatformSigned, return true drectly 
03-26 22:14:23.378 E/OplusCustomizeRestrictionManagerService( 1929): isUSBFileTransferDisabled start
03-26 22:14:23.379 I/OplusCustomizeService( 1929): pkg:com.android.systemui isPlatformSigned, return true drectly 
03-26 22:14:23.379 E/OplusCustomizeRestrictionManagerService( 1929): isUSBFileTransferDisabled start
03-26 22:14:23.379 I/OplusCustomizeService( 1929): pkg:com.android.systemui isPlatformSigned, return true drectly 
03-26 22:14:23.380 E/OplusCustomizeRestrictionManagerService( 1929): isUSBFileTransferDisabled start
03-26 22:14:23.380 I/OplusCustomizeService( 1929): pkg:com.android.systemui isPlatformSigned, return true drectly 
03-26 22:14:23.384 E/OplusCustomizeRestrictionManagerService( 1929): isUSBFileTransferDisabled start
03-26 22:14:23.384 I/OplusCustomizeService( 1929): pkg:com.android.systemui isPlatformSigned, return true drectly 
03-26 22:14:23.387 E/OplusCustomizeRestrictionManagerService( 1929): isUSBFileTransferDisabled start
03-26 22:14:23.387 I/OplusCustomizeService( 1929): pkg:com.android.systemui isPlatformSigned, return true drectly 
03-26 22:14:23.389 E/OplusCustomizeRestrictionManagerService( 1929): isUSBFileTransferDisabled start
03-26 22:14:23.389 I/OplusCustomizeService( 1929): pkg:com.android.systemui isPlatformSigned, return true drectly 
03-26 22:14:23.474 W/NotificationHistory( 1929): Attempted to add notif for locked/gone/disabled user 0
03-26 22:14:23.480 D/UserManagerServiceExtImpl( 1929): getMultiSystemUserId  res = -10000
03-26 22:14:23.534 W/NotificationHistory( 1929): Attempted to add notif for locked/gone/disabled user 0
03-26 22:14:23.539 D/UserManagerServiceExtImpl( 1929): getMultiSystemUserId  res = -10000
03-26 22:14:24.268 E/OplusZoomWindowManagerService( 1929): null stack in getZoomScaleRect
03-26 22:14:24.416 D/CompatibilityChangeReporter( 1929): Compat change id reported: 135634846; UID 10107; state: DISABLED
03-26 22:14:24.416 D/CompatibilityChangeReporter( 1929): Compat change id reported: 177438394; UID 10107; state: DISABLED
03-26 22:14:24.416 D/CompatibilityChangeReporter( 1929): Compat change id reported: 135772972; UID 10107; state: DISABLED
03-26 22:14:24.416 D/CompatibilityChangeReporter( 1929): Compat change id reported: 135754954; UID 10107; state: ENABLED
03-26 22:14:24.416 D/CompatibilityChangeReporter( 1929): Compat change id reported: 143937733; UID 10107; state: ENABLED
03-26 22:14:24.423 D/UsbDeviceManager( 1929): setCurrentFunctions(mtp)
03-26 22:14:24.425 I/OplusUsbDeviceFeature( 1929): getUsbAccessoryStart:false
03-26 22:14:24.425 D/UsbDeviceManager( 1929): setEnabledFunctions functions=4, forceRestart=false,usbDataUnlocked=true,mUsbDataUnlocked=false
03-26 22:14:24.425 D/OplusUsbDeviceFeature( 1929): usbTetheringSwitchOffFunctions
03-26 22:14:24.425 D/OplusUsbDeviceFeature( 1929): isTelecomRequirement
03-26 22:14:24.425 D/OplusUsbDeviceFeature( 1929): IgnoreCTARequirement
03-26 22:14:24.425 I/OplusUsbDeviceFeature( 1929): ingore disable adb
03-26 22:14:24.425 D/OplusUsbDeviceFeature( 1929): isNormalBoot
03-26 22:14:24.426 D/OplusUsbDeviceFeature( 1929): printBootModeForDebug, bootMode:normal
03-26 22:14:24.426 D/OplusUsbDeviceFeature( 1929): printFunctionsForDebug
03-26 22:14:24.426 D/OplusUsbDeviceFeature( 1929): functionInfo:UsbFunc[fun:mtp,adb, oemFun:mtp,adb, curFun:adb, curFunApplied:true, forceRestart:true, curOemFun:adb
03-26 22:14:24.426 I/UsbDeviceManager( 1929): Setting USB config to mtp,adb
03-26 22:14:24.426 D/UsbDeviceManager( 1929): setUsbConfig(none)
03-26 22:14:24.428 E/OplusCustomizeRestrictionManagerService( 1929): isUSBFileTransferDisabled start
03-26 22:14:24.428 I/OplusCustomizeService( 1929): pkg:com.android.systemui isPlatformSigned, return true drectly 
03-26 22:14:24.430 E/OplusCustomizeRestrictionManagerService( 1929): isUSBFileTransferDisabled start
03-26 22:14:24.430 I/OplusCustomizeService( 1929): pkg:com.android.systemui isPlatformSigned, return true drectly 
03-26 22:14:24.432 E/OplusCustomizeRestrictionManagerService( 1929): isUSBFileTransferDisabled start
03-26 22:14:24.432 I/OplusCustomizeService( 1929): pkg:com.android.systemui isPlatformSigned, return true drectly 
03-26 22:14:24.433 E/OplusCustomizeRestrictionManagerService( 1929): isUSBFileTransferDisabled start
03-26 22:14:24.433 I/OplusCustomizeService( 1929): pkg:com.android.systemui isPlatformSigned, return true drectly 
03-26 22:14:24.434 I/ActivityManager( 1929): Start proc 17172:com.oplus.linker:app/u0a107 for broadcast {com.oplus.linker/com.oplus.linker.synergy.common.receiver.UsbDeviceReceiver}
03-26 22:14:24.435 E/OplusCustomizeRestrictionManagerService( 1929): isUSBFileTransferDisabled start
03-26 22:14:24.435 I/OplusCustomizeService( 1929): pkg:com.android.systemui isPlatformSigned, return true drectly 
03-26 22:14:24.436 E/OplusCustomizeRestrictionManagerService( 1929): isUSBFileTransferDisabled start
03-26 22:14:24.436 I/OplusCustomizeService( 1929): pkg:com.android.systemui isPlatformSigned, return true drectly 
03-26 22:14:24.438 E/OplusCustomizeRestrictionManagerService( 1929): isUSBFileTransferDisabled start
03-26 22:14:24.438 I/OplusCustomizeService( 1929): pkg:com.android.systemui isPlatformSigned, return true drectly 
03-26 22:14:24.439 E/OplusCustomizeRestrictionManagerService( 1929): isUSBFileTransferDisabled start
03-26 22:14:24.439 I/OplusCustomizeService( 1929): pkg:com.android.systemui isPlatformSigned, return true drectly 
03-26 22:14:24.440 E/OplusCustomizeRestrictionManagerService( 1929): isUSBFileTransferDisabled start
03-26 22:14:24.440 I/OplusCustomizeService( 1929): pkg:com.android.systemui isPlatformSigned, return true drectly 
03-26 22:14:24.474 D/CompatibilityChangeReporter( 1929): Compat change id reported: 168419799; UID 10107; state: DISABLED
03-26 22:14:24.511 W/AdbDebuggingManager( 1929): Read failed with count -1
03-26 22:14:24.512 E/AdbDebuggingManager( 1929): Caught an exception opening the socket: java.io.IOException: Connection refused
03-26 22:14:24.548 D/UsbDeviceManager( 1929): setUsbConfig(mtp,adb)
03-26 22:14:24.549 D/UsbDeviceManager( 1929): broadcasting Intent { act=android.hardware.usb.action.USB_STATE flg=0x31100000 (has extras) } extras: Bundle[{host_connected=false, connected=true, unlocked=true, adb=true, mtp=true, configured=true}]
03-26 22:14:24.550 D/OplusUsbDeviceFeature( 1929): usbConfigRecord
03-26 22:14:24.614 V/UsbDeviceManager( 1929): USB UEVENT: {SUBSYSTEM=android_usb, SEQNUM=9336, ACTION=change, USB_STATE=DISCONNECTED, DEVPATH=/devices/virtual/android_usb/android0}
03-26 22:14:24.667 W/NotificationHistory( 1929): Attempted to add notif for locked/gone/disabled user 0
03-26 22:14:24.671 W/Looper  ( 1929): Slow dispatch took 246ms android.fg h=com.android.server.usb.UsbDeviceManager$UsbHandlerLegacy c=null m=2
03-26 22:14:24.675 D/UserManagerServiceExtImpl( 1929): getMultiSystemUserId  res = -10000
03-26 22:14:24.872 V/OplusZoomWindowDecorViewHelper( 3197): removeZoomView
03-26 22:14:24.895 I/OplusZoomWindowManagerService( 1929): removeTapExcluedWindow win = Window{aee9a8c u0 com.android.systemui}
03-26 22:14:24.903 V/UsbDeviceManager( 1929): USB UEVENT: {SUBSYSTEM=android_usb, SEQNUM=9337, ACTION=change, USB_STATE=CONNECTED, DEVPATH=/devices/virtual/android_usb/android0}
03-26 22:14:24.904 D/OplusUsbDeviceFeature( 1929): setUsbPlugFlag
03-26 22:14:24.916 V/WindowManager( 1929): Changing focus from Window{aee9a8c u0 com.android.systemui} to Window{a899809 u0 com.android.launcher/com.android.launcher.Launcher},diplayid=0
03-26 22:14:24.918 D/CompactWindowManagerService( 1929): notifyCompactWindowState task: Task{604020b #2 type=undefined I=com.android.launcher/.Launcher U=0 rootTaskId=1 visible=true mode=fullscreen translucent=false sz=1}; hasFocus: true
03-26 22:14:24.918 D/ActivityTaskManager( 1929): onWindowFocusChanged Task{604020b #2 type=undefined I=com.android.launcher/.Launcher U=0 rootTaskId=1 visible=true mode=fullscreen translucent=false sz=1} would transfer to compact
03-26 22:14:24.942 D/UsbDeviceManager( 1929): broadcasting Intent { act=android.hardware.usb.action.USB_STATE flg=0x31100000 (has extras) } extras: Bundle[{host_connected=false, connected=true, unlocked=true, adb=true, mtp=true, configured=false}]
03-26 22:14:24.952 V/UsbDeviceManager( 1929): USB UEVENT: {SUBSYSTEM=android_usb, SEQNUM=9338, ACTION=change, USB_STATE=CONFIGURED, DEVPATH=/devices/virtual/android_usb/android0}
03-26 22:14:24.952 D/OplusUsbDeviceFeature( 1929): setUsbPlugFlag
03-26 22:14:24.967 D/UsbDeviceManager( 1929): broadcasting Intent { act=android.hardware.usb.action.USB_STATE flg=0x31100000 (has extras) } extras: Bundle[{host_connected=false, connected=true, unlocked=true, adb=true, mtp=true, configured=true}]
03-26 22:14:26.516 D/AdbDebuggingManager( 1929): Received connected key message: QAAAAP/woeQB8YK6afSyscgow8zed0h0r4tk+RDgdg8VNCHXR/gYR7lyIE3Ghwdc8jLmLUtnQmkXNzMLnthSDoVM8DjX25IxArp9PzPe1Z0BYu31rovBI7cWMsG8aFsfqmQOx7ayRf45IpLKxww4noJVfwecpOIT0zZCNqPyBZnKrHerxY8yV4W8tDzMDUi3d5FT3lZEXA40SneR3dBqcoy8pMm7xOr+WFWIpfld/0X78djatgPvQ3H5N6L0zv4IqOsrvK2mHYQGKixQmnpb3CyEpwAE7ASP1sUnZDT/eRnPxJ91M+ytE6KCCUh6eF4bO9q7MmtpC9MCislBCDpLKmQ8opw6KCDVQnSYivZ5kmj264nKKGA+gd15GiNjObhooY2MZ3Sg+pHSk/c+ibxcyaPE1s3J2qb8fwYXiff3/1VdmAk3TZSnIk0e54LStq+jaf4x5cGjB05lRYVXoB++BY3XLikPjuxE0ttv4d08T7LsSKxnv+dbDJTvnsj1l5WT0X0bSNXmnKKhg3ReBqxjhBs76UNSYYjJes3P+hPPFGivgfezDFcgvMm7se1C9dWrMjKMYSzpujB7JJp6juc2QN4Jk+mM0QrcQaLIpptuiPxO0b1uwEi5a1zKHeoTUyGnTjwBi70b2JZ8tbcKBxI+9yWvt/Fj3eqOOH5HkgAN9j6nA6JBwrIcZgEAAQA= gokul D@LAPTOP-SGP7HKO1
03-26 22:14:26.518 D/AdbDebuggingManager( 1929): Logging key QAAAAP/woeQB8YK6afSyscgow8zed0h0r4tk+RDgdg8VNCHXR/gYR7lyIE3Ghwdc8jLmLUtnQmkXNzMLnthSDoVM8DjX25IxArp9PzPe1Z0BYu31rovBI7cWMsG8aFsfqmQOx7ayRf45IpLKxww4noJVfwecpOIT0zZCNqPyBZnKrHerxY8yV4W8tDzMDUi3d5FT3lZEXA40SneR3dBqcoy8pMm7xOr+WFWIpfld/0X78djatgPvQ3H5N6L0zv4IqOsrvK2mHYQGKixQmnpb3CyEpwAE7ASP1sUnZDT/eRnPxJ91M+ytE6KCCUh6eF4bO9q7MmtpC9MCislBCDpLKmQ8opw6KCDVQnSYivZ5kmj264nKKGA+gd15GiNjObhooY2MZ3Sg+pHSk/c+ibxcyaPE1s3J2qb8fwYXiff3/1VdmAk3TZSnIk0e54LStq+jaf4x5cGjB05lRYVXoB++BY3XLikPjuxE0ttv4d08T7LsSKxnv+dbDJTvnsj1l5WT0X0bSNXmnKKhg3ReBqxjhBs76UNSYYjJes3P+hPPFGivgfezDFcgvMm7se1C9dWrMjKMYSzpujB7JJp6juc2QN4Jk+mM0QrcQaLIpptuiPxO0b1uwEi5a1zKHeoTUyGnTjwBi70b2JZ8tbcKBxI+9yWvt/Fj3eqOOH5HkgAN9j6nA6JBwrIcZgEAAQA= gokul D@LAPTOP-SGP7HKO1, state = 4, alwaysAllow = true, lastConnectionTime = 1774543466517, authWindow = 0
03-26 22:14:30.101 E/OplusZoomWindowManagerService( 1929): null stack in getZoomScaleRect
03-26 22:14:34.808 E/AppOps  ( 1929): package wifi not found, can't check for attributionTag null
03-26 22:14:34.827 E/AppOps  ( 1929): package wifi not found, can't check for attributionTag null
03-26 22:14:39.584 I/ActivityManager( 1929): Waited long enough for: ServiceRecord{5e3aec6 u0 com.android.mtp/.MtpService}
03-26 22:14:42.210 D/OplusDisplayPowerControllerExtImpl( 1929): original brightness to dataBase:4 final brightness:4.0 scale:1.0 reason:1 darkLevel:0
03-26 22:14:42.211 D/DisplayPowerController[0]( 1929): Animating brightness: target=4.0, rate=800.0, source= 11
03-26 22:14:42.215 V/DisplayPowerController[0]( 1929): Brightness [4.0] reason changing to: 'manual [ dim ]', previous reason: 'manual'.
03-26 22:14:42.215 D/OplusDisplayPowerControllerFeature( 1929): RECORD:onUpdatePowerState policy:2 state:2 brightness:4
03-26 22:14:42.216 D/VRR [OPlusRefreshRateService]( 1929): notifyBrightnessChange brightness: 4.0
03-26 22:14:42.216 D/VRR [OPlusRefreshRateService]( 1929): notifyNitsChange nits: 2.2569 discrete nits: 319.3951
03-26 22:14:42.217 D/VRR [OPlusRefreshRateService]( 1929): handleBrightnessChange nits: 2.2569
03-26 22:14:42.234 D/LightsServiceExtImpl( 1929): baseSetLightLocked end.
03-26 22:14:42.247 D/LightsServiceExtImpl( 1929): baseSetLightLocked end.
03-26 22:14:42.249 D/LightsServiceExtImpl( 1929): baseSetLightLocked end.
03-26 22:14:42.270 D/LightsServiceExtImpl( 1929): baseSetLightLocked end.
03-26 22:14:42.281 D/LightsServiceExtImpl( 1929): baseSetLightLocked end.
03-26 22:14:42.299 D/LightsServiceExtImpl( 1929): baseSetLightLocked end.
03-26 22:14:42.315 D/LightsServiceExtImpl( 1929): baseSetLightLocked end.
03-26 22:14:42.335 D/LightsServiceExtImpl( 1929): baseSetLightLocked end.
03-26 22:14:42.355 D/LightsServiceExtImpl( 1929): baseSetLightLocked end.
03-26 22:14:42.372 D/LightsServiceExtImpl( 1929): baseSetLightLocked end.
03-26 22:14:42.388 D/LightsServiceExtImpl( 1929): baseSetLightLocked end.
03-26 22:14:42.404 D/LightsServiceExtImpl( 1929): baseSetLightLocked end.
03-26 22:14:42.420 D/LightsServiceExtImpl( 1929): baseSetLightLocked end.
03-26 22:14:42.438 D/LightsServiceExtImpl( 1929): baseSetLightLocked end.
03-26 22:14:42.455 D/LightsServiceExtImpl( 1929): baseSetLightLocked end.
03-26 22:14:42.473 D/LightsServiceExtImpl( 1929): baseSetLightLocked end.
03-26 22:14:42.490 D/LightsServiceExtImpl( 1929): baseSetLightLocked end.
03-26 22:14:42.505 D/LightsServiceExtImpl( 1929): baseSetLightLocked end.
03-26 22:14:42.523 D/LightsServiceExtImpl( 1929): baseSetLightLocked end.
03-26 22:14:42.539 D/LightsServiceExtImpl( 1929): baseSetLightLocked end.
03-26 22:14:42.556 D/LightsServiceExtImpl( 1929): baseSetLightLocked end.
03-26 22:14:42.573 D/LightsServiceExtImpl( 1929): baseSetLightLocked end.
03-26 22:14:42.591 D/LightsServiceExtImpl( 1929): baseSetLightLocked end.
03-26 22:14:42.606 D/LightsServiceExtImpl( 1929): baseSetLightLocked end.
03-26 22:14:42.623 D/LightsServiceExtImpl( 1929): baseSetLightLocked end.
03-26 22:14:42.641 D/LightsServiceExtImpl( 1929): baseSetLightLocked end.
03-26 22:14:42.657 D/LightsServiceExtImpl( 1929): baseSetLightLocked end.
03-26 22:14:42.674 D/LightsServiceExtImpl( 1929): baseSetLightLocked end.
03-26 22:14:42.691 D/LightsServiceExtImpl( 1929): baseSetLightLocked end.
03-26 22:14:42.710 D/LightsServiceExtImpl( 1929): baseSetLightLocked end.
03-26 22:14:42.718 D/VRR [OPlusSurfaceFlingerController]( 1929):  setTouchIdle : TouchIdleBean{mEnable=true, mHwEnable=false, mSwEnable=true, mAdfrEnable=false, mTimeOut=4000, mContentThreshold=-1, mContentGapMs=500, mBrightnessLimit=200, mNitLimit=-1, mLowestRate=60, mBlackList=[], mReadingWhiteList=[], mSpecialTimeOutMap={}, mSwWhiteList=[], mSwNegligibleOverlay=[], mHwDisablePanel=[], mAdfrToHwList=[]}
03-26 22:14:42.725 D/LightsServiceExtImpl( 1929): baseSetLightLocked end.
03-26 22:14:42.744 D/LightsServiceExtImpl( 1929): baseSetLightLocked end.
03-26 22:14:42.759 D/LightsServiceExtImpl( 1929): baseSetLightLocked end.
03-26 22:14:42.760 D/OplusFeatureDCBacklight( 1929): notifySfRepaintEverything begin mCurrentDCMode:-1
03-26 22:14:42.776 D/LightsServiceExtImpl( 1929): baseSetLightLocked end.
03-26 22:14:42.778 D/OplusFeatureDCBacklight( 1929): notifySfRepaintEverything begin mCurrentDCMode:-1
03-26 22:14:42.794 D/LightsServiceExtImpl( 1929): baseSetLightLocked end.
03-26 22:14:42.795 D/OplusFeatureDCBacklight( 1929): notifySfRepaintEverything begin mCurrentDCMode:-1
03-26 22:14:42.811 D/LightsServiceExtImpl( 1929): baseSetLightLocked end.
03-26 22:14:42.812 D/OplusFeatureDCBacklight( 1929): notifySfRepaintEverything begin mCurrentDCMode:-1
03-26 22:14:42.828 D/LightsServiceExtImpl( 1929): baseSetLightLocked end.
03-26 22:14:42.829 D/OplusFeatureDCBacklight( 1929): notifySfRepaintEverything begin mCurrentDCMode:-1
03-26 22:14:42.844 D/LightsServiceExtImpl( 1929): baseSetLightLocked end.
03-26 22:14:42.845 D/LightsServiceExtImpl( 1929): notifyFlingerLight color=187code=21005
03-26 22:14:42.846 D/OplusFeatureDCBacklight( 1929): notifySfRepaintEverything begin mCurrentDCMode:-1
03-26 22:14:42.862 D/LightsServiceExtImpl( 1929): baseSetLightLocked end.
03-26 22:14:42.863 D/OplusFeatureDCBacklight( 1929): notifySfRepaintEverything begin mCurrentDCMode:-1
03-26 22:14:42.879 D/LightsServiceExtImpl( 1929): baseSetLightLocked end.
03-26 22:14:42.880 D/OplusFeatureDCBacklight( 1929): notifySfRepaintEverything begin mCurrentDCMode:-1
03-26 22:14:42.895 D/LightsServiceExtImpl( 1929): baseSetLightLocked end.
03-26 22:14:42.897 D/OplusFeatureDCBacklight( 1929): notifySfRepaintEverything begin mCurrentDCMode:-1
03-26 22:14:42.912 D/LightsServiceExtImpl( 1929): baseSetLightLocked end.
03-26 22:14:42.913 D/OplusFeatureDCBacklight( 1929): notifySfRepaintEverything begin mCurrentDCMode:-1
03-26 22:14:42.929 D/LightsServiceExtImpl( 1929): baseSetLightLocked end.
03-26 22:14:42.930 D/OplusFeatureDCBacklight( 1929): notifySfRepaintEverything begin mCurrentDCMode:-1
03-26 22:14:42.946 D/LightsServiceExtImpl( 1929): baseSetLightLocked end.
03-26 22:14:42.947 D/OplusFeatureDCBacklight( 1929): notifySfRepaintEverything begin mCurrentDCMode:-1
03-26 22:14:42.963 D/LightsServiceExtImpl( 1929): baseSetLightLocked end.
03-26 22:14:42.964 D/OplusFeatureDCBacklight( 1929): notifySfRepaintEverything begin mCurrentDCMode:-1
03-26 22:14:42.980 D/LightsServiceExtImpl( 1929): baseSetLightLocked end.
03-26 22:14:42.982 D/OplusFeatureDCBacklight( 1929): notifySfRepaintEverything begin mCurrentDCMode:-1
03-26 22:14:42.997 D/LightsServiceExtImpl( 1929): baseSetLightLocked end.
03-26 22:14:42.998 D/OplusFeatureDCBacklight( 1929): notifySfRepaintEverything begin mCurrentDCMode:-1
03-26 22:14:43.014 D/LightsServiceExtImpl( 1929): baseSetLightLocked end.
03-26 22:14:43.015 D/OplusFeatureDCBacklight( 1929): notifySfRepaintEverything begin mCurrentDCMode:-1
03-26 22:14:43.031 D/LightsServiceExtImpl( 1929): baseSetLightLocked end.
03-26 22:14:43.032 D/OplusFeatureDCBacklight( 1929): notifySfRepaintEverything begin mCurrentDCMode:-1
03-26 22:14:43.048 D/LightsServiceExtImpl( 1929): baseSetLightLocked end.
03-26 22:14:43.049 D/OplusFeatureDCBacklight( 1929): notifySfRepaintEverything begin mCurrentDCMode:-1
03-26 22:14:43.065 D/LightsServiceExtImpl( 1929): baseSetLightLocked end.
03-26 22:14:43.066 D/OplusFeatureDCBacklight( 1929): notifySfRepaintEverything begin mCurrentDCMode:-1
03-26 22:14:43.076 D/OplusDisplayPowerControllerExtImpl( 1929): original brightness to dataBase:4 final brightness:4.0 scale:1.0 reason:1 darkLevel:0
03-26 22:14:43.076 D/DisplayPowerController[0]( 1929): Animating brightness: target=4.0, rate=800.0, source= 11
03-26 22:14:43.076 D/VRR [OPlusRefreshRateService]( 1929): notifyBrightnessChange brightness: 4.0
03-26 22:14:43.081 D/LightsServiceExtImpl( 1929): baseSetLightLocked end.
03-26 22:14:43.082 D/OplusFeatureDCBacklight( 1929): notifySfRepaintEverything begin mCurrentDCMode:-1
03-26 22:14:43.834 E/OplusZoomWindowManagerService( 1929): null stack in getZoomScaleRect
03-26 22:14:43.836 D/OplusDisplayPowerControllerExtImpl( 1929): original brightness to dataBase:688 final brightness:688.0 scale:1.0 reason:1 darkLevel:0
03-26 22:14:43.836 D/DisplayPowerController[0]( 1929): Animating brightness: target=688.0, rate=800.0, source= 10
03-26 22:14:43.839 V/DisplayPowerController[0]( 1929): Brightness [688.0] reason changing to: 'manual', previous reason: 'manual [ dim ]'.
03-26 22:14:43.839 D/OplusDisplayPowerControllerFeature( 1929): RECORD:onUpdatePowerState policy:3 state:2 brightness:688
03-26 22:14:43.840 D/VRR [OPlusRefreshRateService]( 1929): notifyBrightnessChange brightness: 688.0
03-26 22:14:43.840 D/VRR [OPlusRefreshRateService]( 1929): notifyNitsChange nits: 319.3951 discrete nits: 2.2569
03-26 22:14:43.840 D/VRR [OPlusRefreshRateService]( 1929): handleBrightnessChange nits: 319.3951
03-26 22:14:43.847 D/LightsServiceExtImpl( 1929): baseSetLightLocked end.
03-26 22:14:43.848 D/OplusFeatureDCBacklight( 1929): notifySfRepaintEverything begin mCurrentDCMode:-1
03-26 22:14:43.860 D/LightsServiceExtImpl( 1929): baseSetLightLocked end.
03-26 22:14:43.861 D/OplusFeatureDCBacklight( 1929): notifySfRepaintEverything begin mCurrentDCMode:-1
03-26 22:14:43.875 D/LightsServiceExtImpl( 1929): baseSetLightLocked end.
03-26 22:14:43.876 D/OplusFeatureDCBacklight( 1929): notifySfRepaintEverything begin mCurrentDCMode:-1
03-26 22:14:43.892 D/LightsServiceExtImpl( 1929): baseSetLightLocked end.
03-26 22:14:43.893 D/OplusFeatureDCBacklight( 1929): notifySfRepaintEverything begin mCurrentDCMode:-1
03-26 22:14:43.903 I/Quality ( 1249): SFJankCountInfo: 1708; 0; 0; 0; 2; 1; 3; 0; 2; 0; 6
03-26 22:14:43.910 D/LightsServiceExtImpl( 1929): baseSetLightLocked end.
03-26 22:14:43.910 D/OplusFeatureDCBacklight( 1929): notifySfRepaintEverything begin mCurrentDCMode:-1
03-26 22:14:43.926 D/LightsServiceExtImpl( 1929): baseSetLightLocked end.
03-26 22:14:43.927 D/OplusFeatureDCBacklight( 1929): notifySfRepaintEverything begin mCurrentDCMode:-1
03-26 22:14:43.943 D/LightsServiceExtImpl( 1929): baseSetLightLocked end.
03-26 22:14:43.944 D/OplusFeatureDCBacklight( 1929): notifySfRepaintEverything begin mCurrentDCMode:-1
03-26 22:14:43.960 D/LightsServiceExtImpl( 1929): baseSetLightLocked end.
03-26 22:14:43.961 D/OplusFeatureDCBacklight( 1929): notifySfRepaintEverything begin mCurrentDCMode:-1
03-26 22:14:43.963 D/LightsServiceExtImpl( 1929): baseSetLightLocked end.
03-26 22:14:43.963 D/OplusFeatureDCBacklight( 1929): notifySfRepaintEverything begin mCurrentDCMode:-1
03-26 22:14:43.977 D/LightsServiceExtImpl( 1929): baseSetLightLocked end.
03-26 22:14:43.977 D/OplusFeatureDCBacklight( 1929): notifySfRepaintEverything begin mCurrentDCMode:-1
03-26 22:14:43.995 D/LightsServiceExtImpl( 1929): baseSetLightLocked end.
03-26 22:14:43.995 D/OplusFeatureDCBacklight( 1929): notifySfRepaintEverything begin mCurrentDCMode:-1
03-26 22:14:44.011 D/LightsServiceExtImpl( 1929): baseSetLightLocked end.
03-26 22:14:44.012 D/OplusFeatureDCBacklight( 1929): notifySfRepaintEverything begin mCurrentDCMode:-1
03-26 22:14:44.028 D/LightsServiceExtImpl( 1929): baseSetLightLocked end.
03-26 22:14:44.029 D/OplusFeatureDCBacklight( 1929): notifySfRepaintEverything begin mCurrentDCMode:-1
03-26 22:14:44.045 D/LightsServiceExtImpl( 1929): baseSetLightLocked end.
03-26 22:14:44.046 D/OplusFeatureDCBacklight( 1929): notifySfRepaintEverything begin mCurrentDCMode:-1
