03-13 10:02:07.361  6159  6606 I Vpn     : isUidSystem(Binder.getCallingUid()): false
03-13 10:02:07.362 14790 14790 V GraphicsEnvironment: ANGLE Developer option for 'com.dearmoon.shield' set to: 'default'
03-13 10:02:07.363 14790 14790 V GraphicsEnvironment: Updatable production driver is not supported on the device.
03-13 10:02:07.363  6159  6606 D Vpn     : setting state=CONNECTED, reason=agentConnect
03-13 10:02:07.363  6159  6606 I Vpn     : Established by com.dearmoon.shield on tun0
03-13 10:02:07.364 14616 14814 D NetworkGuardService: VPN interface established successfully
03-13 10:02:07.365 14616 14814 D TelemetryStorage: EVENT GENERATED: NETWORK
03-13 10:02:07.366 14790 14790 D NetworkSecurityConfig: No Network Security Config specified, using platform default
03-13 10:02:07.366 14616 14814 D PackageAttributor: UID 10273 → com.dearmoon.shield (SHIELD)
03-13 10:02:07.366  6693  6693 D PeopleSpaceWidgetMgr: isUserKeyUnlocked UserId:0
03-13 10:02:07.366  6693  6693 D PeopleSpaceWidgetMgr: isUserKeyUnlocked UserId:0
03-13 10:02:07.366 14790 14790 D NetworkSecurityConfig: No Network Security Config specified, using platform default
03-13 10:02:07.368 14790 14790 I ShieldApplication: ShieldApplication initialised
03-13 10:02:07.373 14790 14790 I ShieldWatchdog: ShieldWatchdogService started
03-13 10:02:07.374  1253  1253 D OplusMovieIdle: updateLayerStacks,mOmiSupport is not supoort
03-13 10:02:07.376  6159  6525 D ConnectivityService: [161 VPN] EVENT_NETWORK_INFO_CHANGED, going from CONNECTING to CONNECTING
03-13 10:02:07.377 14616 14772 E SnapshotDirObserver: BACKUP DIR TAMPER – event=DELETE  file=/data/user/0/com.dearmoon.shield/files/secure_backups/1773341066827_magisk_patched-30700_GkRIB.img.enc
03-13 10:02:07.381  6863 14817 D NetworkMonitor/161: checkAndRenewResourceConfig: update captive portal https urls to [https://conn-service-in-05.allawnos.com/generate204, https://www.google.in/generate_204]
03-13 10:02:07.381  6863 14817 D NetworkMonitor/161: checkAndRenewResourceConfig: update captive portal http urls to [http://conn-service-in-04.allawnos.com/generate204, http://www.google.in/generate_204]
03-13 10:02:07.383  6159  6189 V OplusZoomWindowManagerService: onAnimationFinished:  r = ActivityRecord{e2113db u0 com.dearmoon.shield/.ModeConfirmActivity t146 f} isExiting}
03-13 10:02:07.383  6863 14817 D NetworkMonitor/161: checkAndRenewResourceConfig: update captive portal fallback urls to[http://play.googleapis.com/generate_204, http://conn-service-us-03.allawnos.com/generate204, http://conn-service-us-05.allawnos.com/generate204]
03-13 10:02:07.383  6863 14817 D NetworkMonitor: Starting on network 161 with capport HTTPS URL [https://conn-service-in-05.allawnos.com/generate204, https://www.google.in/generate_204] and HTTP URL [http://conn-service-in-04.allawnos.com/generate204, http://www.google.in/generate_204]
03-13 10:02:07.383  1253  1253 D OplusMovieIdle: updateLayerStacks,mOmiSupport is not supoort
03-13 10:02:07.387  6159  6189 I OplusAppSwitchManagerService:  handleAppVisible , r = ActivityRecord{84617cd u0 com.dearmoon.shield/.MainActivity t146}
03-13 10:02:07.387  6001  6033 E netd    : getIfIndex: cannot find interface tun0
03-13 10:02:07.389  6159  6525 E PermissionMonitor: Exception when updating permissions:
03-13 10:02:07.389  6159  6525 E PermissionMonitor: android.os.ServiceSpecificException: [Invalid argument] : Interface rule must specify interface (code 22)
03-13 10:02:07.389  6159  6525 E PermissionMonitor:     at android.os.Parcel.createExceptionOrNull(Parcel.java:2456)
03-13 10:02:07.389  6159  6525 E PermissionMonitor:     at android.os.Parcel.createException(Parcel.java:2426)
03-13 10:02:07.389  6159  6525 E PermissionMonitor:     at android.os.Parcel.readException(Parcel.java:2409)
03-13 10:02:07.389  6159  6525 E PermissionMonitor:     at android.os.Parcel.readException(Parcel.java:2351)
03-13 10:02:07.389  6159  6525 E PermissionMonitor:     at com.android.connectivity.android.net.INetd$Stub$Proxy.firewallAddUidInterfaceRules(INetd.java:4135)
03-13 10:02:07.389  6159  6525 E PermissionMonitor:     at com.android.server.BpfNetMaps.addUidInterfaceRules(BpfNetMaps.java:191)
03-13 10:02:07.389  6159  6525 E PermissionMonitor:     at com.android.server.connectivity.PermissionMonitor.updateVpnUidsInterfaceRules(PermissionMonitor.java:956)
03-13 10:02:07.389  6159  6525 E PermissionMonitor:     at com.android.server.connectivity.PermissionMonitor.onVpnUidRangesAdded(PermissionMonitor.java:868)
03-13 10:02:07.389  6159  6525 E PermissionMonitor:     at com.android.server.ConnectivityService.updateVpnUids(ConnectivityService.java:8183)
03-13 10:02:07.389  6159  6525 E PermissionMonitor:     at com.android.server.ConnectivityService.handleRegisterNetworkAgent(ConnectivityService.java:7324)
03-13 10:02:07.389  6159  6525 E PermissionMonitor:     at com.android.server.ConnectivityService.access$7400(ConnectivityService.java:312)
03-13 10:02:07.389  6159  6525 E PermissionMonitor:     at com.android.server.ConnectivityService$InternalHandler.handleMessage(ConnectivityService.java:5344)
03-13 10:02:07.389  6159  6525 E PermissionMonitor:     at android.os.Handler.dispatchMessage(Handler.java:106)
03-13 10:02:07.389  6159  6525 E PermissionMonitor:     at android.os.Looper.loopOnce(Looper.java:233)
03-13 10:02:07.389  6159  6525 E PermissionMonitor:     at android.os.Looper.loop(Looper.java:344)
03-13 10:02:07.389  6159  6525 E PermissionMonitor:     at android.os.HandlerThread.run(HandlerThread.java:67)
03-13 10:02:07.389  6159  6525 D ConnectivityService: [161 VPN] EVENT_NETWORK_INFO_CHANGED, going from CONNECTING to CONNECTED
03-13 10:02:07.390  6159  6525 W DnsManager: updatePrivateDns(161, PrivateDnsConfig{true:/[]})
03-13 10:02:07.390  6159  6525 D ConnectivityService: Setting DNS servers for network 161 to [/9.9.9.9, /149.112.112.112]
03-13 10:02:07.391  6159  6525 D DnsManager: sendDnsConfigurationForNetwork(161, [9.9.9.9, 149.112.112.112], [], 1800, 25, 8, 64, 0, 0, , [9.9.9.9, 149.112.112.112])
03-13 10:02:07.391 14616 14814 D EventDatabase: Inserted NetworkEvent: 1
03-13 10:02:07.391 14616 14814 D TelemetryStorage: EVENT STORED: NETWORK (ID: 1)
03-13 10:02:07.393 14616 14814 D TelemetryStorage: EVENT GENERATED: NETWORK
03-13 10:02:07.394  1253  1253 D OplusLayer: ~Layer() sequence=12955, name=f3ed98d com.dearmoon.shield/com.dearmoon.shield.ModeConfirmActivity#0 0xb400007e9d4f9f40
03-13 10:02:07.394  1253  1253 D OplusLayer: ~Layer() sequence=12965, name=Surface(name=ActivityRecord{e2113db u0 com.dearmoon.shield/.ModeConfirmActivity)/@0xafcfc9a - animation-bounds#0 0xb400007e9d45d040
03-13 10:02:07.394  1253  1253 D OplusLayer: ~Layer() sequence=12964, name=Surface(name=ActivityRecord{e2113db u0 com.dearmoon.shield/.ModeConfirmActivity)/@0xafcfc9a - animation-leash of app_transition#0 0xb400007e9d421680
03-13 10:02:07.394  6001 14823 W resolv  : Validating DnsTlsServer 9.9.9.9 with mark 0xf00a1
03-13 10:02:07.395  6001 14823 W resolv  : Socket failed to connect: Network is unreachable
03-13 10:02:07.395  6001 14823 W resolv  : TCP Handshake failed: 101
03-13 10:02:07.395  6001 14823 W resolv  : query failed
03-13 10:02:07.395  6001 14823 W resolv  : validateDnsTlsServer returned 0 for 9.9.9.9
03-13 10:02:07.396  6001 14823 W resolv  : Validation failed
03-13 10:02:07.396  1253  1253 D OplusLayer: ~Layer() sequence=12956, name=com.dearmoon.shield/com.dearmoon.shield.ModeConfirmActivity#0 0xb400007ea0bd9e40
03-13 10:02:07.396  6159  6189 D TaskExtImpl: remove ActivityRecord{e2113db u0 com.dearmoon.shield/.ModeConfirmActivity t-1 f}} to mActivityRecordSum = Counter{ com.dearmoon.shield/.MainActivity(1) }
03-13 10:02:07.396  1253  1253 D OplusMovieIdle: updateLayerStacks,mOmiSupport is not supoort
03-13 10:02:07.396  6001 14824 W resolv  : Validating DnsTlsServer 149.112.112.112 with mark 0xf00a1
03-13 10:02:07.399 14813 14813 E app_process: createInstance(64bit) : createExtendedFactory
03-13 10:02:07.400  6001 14824 W resolv  : Socket failed to connect: Network is unreachable
03-13 10:02:07.400  6001 14824 W resolv  : TCP Handshake failed: 101
03-13 10:02:07.400  6001 14824 W resolv  : query failed
03-13 10:02:07.400  6001 14824 W resolv  : validateDnsTlsServer returned 0 for 149.112.112.112
03-13 10:02:07.400 14813 14813 E app_process: createInstance(64bit) : createExtendedFactory
03-13 10:02:07.400 11891 11894 E IHansComunication: HANS printMessageBody: RCVed message body: type = 0, port = 86870, caller_pid = 6159, caller_uid = 1000, target_pid = 14044, target_uid = 10259, pkg_cmd = -1
03-13 10:02:07.400 14813 14813 E app_process: Opened libinputextensionsimpl.so
03-13 10:02:07.400 14813 14813 E app_process: Opened libinputextensionsimpl.so
03-13 10:02:07.401  6001 14824 W resolv  : Validation failed
03-13 10:02:07.401 14616 14814 D EventDatabase: Inserted NetworkEvent: 2
03-13 10:02:07.401 14616 14814 D TelemetryStorage: EVENT STORED: NETWORK (ID: 2)
03-13 10:02:07.402 14813 14813 D ExtensionsLoader: createInstance(64bit) : createExtendedFactory
03-13 10:02:07.402 14813 14813 D ExtensionsLoader: createInstance(64bit) : createExtendedFactory
03-13 10:02:07.402 14813 14813 D ExtensionsLoader: Opened libguiextimpl.so
03-13 10:02:07.402 14813 14813 D ExtensionsLoader: Opened libguiextimpl.so
03-13 10:02:07.403  6159  6992 I OplusHansManager : unfreeze uid: 10259 com.topjohnwu.magisk pids: [14044, 14064] reason: AsyncBinder scene: LcdOn
03-13 10:02:07.405  6159  6525 D ConnectivityService: Adding iface tun0 to network 161
03-13 10:02:07.405  1253  1253 D OplusLayer: ~Layer() sequence=12954, name=ActivityRecord{e2113db u0 com.dearmoon.shield/.ModeConfirmActivity#0 0xb400007e9d48b540
03-13 10:02:07.405  6159  6988 I OplusHansManager : uid=10259, pkg=com.topjohnwu.magisk, transition from Frozen to Middle, reason=AsyncBinder
03-13 10:02:07.405  6159  6988 I OplusHansManager : uid=10259, pkg=com.topjohnwu.magisk F exit(), reason=AsyncBinder
03-13 10:02:07.405  6159  7195 D OplusProxyWakeLock: remove uid: 10259 wiht all pids from wakelockUidInfo list
03-13 10:02:07.406  1253  1253 D OplusMovieIdle: updateLayerStacks,mOmiSupport is not supoort
03-13 10:02:07.411 14813 14813 D OplusUtils: OplusUtils [83]:
03-13 10:02:07.414 14813 14813 E app_process: createInstance(64bit) : createExtendedFactory
03-13 10:02:07.414 14813 14813 E app_process: createInstance(64bit) : createExtendedFactory
03-13 10:02:07.414 14813 14813 E app_process: Opened libsensorextimpl.so
03-13 10:02:07.414 14813 14813 E app_process: Opened libsensorextimpl.so
03-13 10:02:07.415 14813 14813 D AndroidRuntime: >>>>>> START com.android.internal.os.RuntimeInit uid 0 <<<<<<
03-13 10:02:07.418 14813 14813 I AndroidRuntime: Using default boot image
03-13 10:02:07.418 14813 14813 I AndroidRuntime: Leaving lock profiling enabled
03-13 10:02:07.420  6159  6525 D ConnectivityService: Setting DNS servers for network 161 to [/9.9.9.9, /149.112.112.112]
03-13 10:02:07.421  6159  6525 D DnsManager: sendDnsConfigurationForNetwork(161, [9.9.9.9, 149.112.112.112], [], 1800, 25, 8, 64, 0, 0, , [9.9.9.9, 149.112.112.112])
03-13 10:02:07.425  6001 14828 W resolv  : Validating DnsTlsServer 9.9.9.9 with mark 0xf00a1
03-13 10:02:07.426 14616 14814 D TelemetryStorage: EVENT GENERATED: NETWORK
03-13 10:02:07.428  6001 14829 W resolv  : Validating DnsTlsServer 149.112.112.112 with mark 0xf00a1
03-13 10:02:07.445  6159  6525 D ConnectivityService: NetReassign [115 : null → 161, 37 : null → 161, 23 : null → 161, 52 : null → 161, 160 : null → 161, 72 : null → 161, 1796 : null → 161, 2226 : null → 161, 74 : null → 161, 1995 : null → 161, 31 : null → 161, 2236 : null → 161, 56 : null → 161, 123 : null → 161, 195 : null → 161, 33 : null → 161, 2269 : null → 161, 170 : null → 161, 149 : null → 161, 25 : null → 161, 604 : null → 161, 125 : null → 161, 1800 : null → 161, 21 : null → 161, 86 : null → 161, 82 : null → 161, 2065 : null → 161, 100 : null → 161, 2009 : null → 161, 35 : null → 161, 78 : null → 161, 1990 : null → 161, 1987 : null → 161, 2211 : null → 161, 2012 : null → 161, 88 : null → 161, 43 : null → 161, 39 : null → 161, 1819 : null → 161, 2216 : null → 161, 2209 : null → 161, 62 : null → 161, 121 : null → 161, 514 : null → 161, 119 : null → 161, 2214 : null → 161, 66 : null → 161, 1999 : null → 161, 400 : null → 161, 182 : null → 161, 188 : null → 161, 19 : null → 161, 9 : null → 161, 29 : null → 161, 2132 : null → 161, 1897 : null → 161, 41 : null → 161, 11 : null → 161, 27 : null → 161, 58 : null → 161, 2200 : null → 161]
03-13 10:02:07.448  6991  9934 D QCNEJ/DefaultNetworkInfoRelay: Default network available: 161
03-13 10:02:07.449  6991  9934 D QCNEJ/NativeHalConnector: -> SND notifyDefaultNetworkChanged(17)
03-13 10:02:07.451 25441 25508 I amyt    : #onAvailable()
03-13 10:02:07.452  6991  9934 E QCNEJ/NativeHalConnector: Failed to parse input for notifyDefaultNetworkChanged: java.lang.IllegalArgumentException: Unknown RatType:17
03-13 10:02:07.453 14616 14773 I SnapshotManager: Retention: pruned 1 entries (file-count limit)
03-13 10:02:07.454  6863 14817 D NetworkMonitor/161: Network would not satisfy default request, resolving private DNS
03-13 10:02:07.456 14616 14773 I SnapshotManager: Encrypted backup created: 1773376322681_file29.txt.enc  chain=0f5d710ebd7câ€¦
03-13 10:02:07.456 14616 14773 D SnapshotManager: Snapshot created and backed up: file29.txt
03-13 10:02:07.457 14616 14814 D EventDatabase: Inserted NetworkEvent: 3
03-13 10:02:07.457 14616 14814 D TelemetryStorage: EVENT STORED: NETWORK (ID: 3)
03-13 10:02:07.457 15852 15965 I NearbyMediums: WifiNetwork defaultNetworkCallback onAvailable netId:161
03-13 10:02:07.458  8596  8739 I Finsky:background: [138] DS: Network is available [NetworkState{connected=false, wifi=false, metered=false, roaming=false}].
03-13 10:02:07.458  8596  8739 I Finsky:background: [138] DS: Updating downloads for network change
03-13 10:02:07.459 15852 29216 I NearbyMediums: [WifiNetworkV2] defaultNetworkCallback onCapabilitiesChanged network:161 [ VPN ] isNonBypassable:true
03-13 10:02:07.459 14616 14814 D TelemetryStorage: EVENT GENERATED: NETWORK
03-13 10:02:07.475 14825 14825 E app_process: createInstance(64bit) : createExtendedFactory
03-13 10:02:07.476 14825 14825 E app_process: createInstance(64bit) : createExtendedFactory
03-13 10:02:07.476 14825 14825 E app_process: Opened libinputextensionsimpl.so
03-13 10:02:07.476 14825 14825 E app_process: Opened libinputextensionsimpl.so
03-13 10:02:07.477 14825 14825 D ExtensionsLoader: createInstance(64bit) : createExtendedFactory
03-13 10:02:07.477 14825 14825 D ExtensionsLoader: createInstance(64bit) : createExtendedFactory
03-13 10:02:07.477 14825 14825 D ExtensionsLoader: Opened libguiextimpl.so
03-13 10:02:07.477 14825 14825 D ExtensionsLoader: Opened libguiextimpl.so
03-13 10:02:07.484  8596  8739 I Finsky:background: [138] IQ: Internet connection lost.
03-13 10:02:07.484  6159  6862 D NetworkTimeUpdateService: New default network 161; checking time.
03-13 10:02:07.485  6159  6862 D OplusNewNetworkTimeUpdateServiceFeature: isNeedSkipPollNetworkTime
03-13 10:02:07.487 25441 25508 D WM-WorkConstraintsTrack: NetworkRequestConstraintController onCapabilitiesChanged callback
03-13 10:02:07.487 25441 25508 D WM-WorkConstraintsTrack: NetworkRequestConstraintController onBlockedStatusChanged callback false
03-13 10:02:07.488 14616 14814 D EventDatabase: Inserted NetworkEvent: 4
03-13 10:02:07.488 14616 14814 D TelemetryStorage: EVENT STORED: NETWORK (ID: 4)
03-13 10:02:07.489 14825 14825 D OplusUtils: OplusUtils [83]:
03-13 10:02:07.494 14825 14825 E app_process: createInstance(64bit) : createExtendedFactory
03-13 10:02:07.495 14825 14825 E app_process: createInstance(64bit) : createExtendedFactory
03-13 10:02:07.495  8596 14841 I Finsky:background: [200] DS: downloadState filtering results: {}
03-13 10:02:07.496 14825 14825 E app_process: Opened libsensorextimpl.so
03-13 10:02:07.496  8828  8999 E DeepThinker: VpnScene: getVpnConfigPackage : Insufficient permissions to specify legacy type
03-13 10:02:07.497 14825 14825 E app_process: Opened libsensorextimpl.so
03-13 10:02:07.498  7191  7406 D cellularState[0]: handleMessage: E msg.what=11
03-13 10:02:07.499  7191  7406 D cellularState[0]: processMsg: SimLoadState
03-13 10:02:07.499  7191  7406 D cellularState[0]: processMsg: DefaultState
03-13 10:02:07.499  7191  7406 E cellularState[0]:  - unhandledMessage: msg.what=11
03-13 10:02:07.499  7191  7406 D cellularState[0]: handleMessage: X
03-13 10:02:07.499  7191  7406 D cellularState[1]: handleMessage: E msg.what=11
03-13 10:02:07.499  7191  7406 D cellularState[1]: processMsg: SimLoadState
03-13 10:02:07.499  7191  7406 D cellularState[1]: processMsg: DefaultState
03-13 10:02:07.499  7191  7406 E cellularState[1]:  - unhandledMessage: msg.what=11
03-13 10:02:07.499  7191  7406 D cellularState[1]: handleMessage: X
03-13 10:02:07.500 14825 14825 D AndroidRuntime: >>>>>> START com.android.internal.os.RuntimeInit uid 0 <<<<<<
03-13 10:02:07.502  6159  6525 D ConnectivityService: Sending CONNECTED broadcast for type 17 [161 VPN] isDefaultNetwork=false
03-13 10:02:07.503  6159  6525 W ContextImpl: Calling a method in the system process without a qualified user: android.app.ContextImpl.sendStickyBroadcast:1562 com.android.server.ConnectivityService.sendStickyBroadcast:3058 com.android.server.ConnectivityService.sendGeneralBroadcast:3031 com.android.server.ConnectivityService.sendConnectedBroadcast:3004 com.android.server.ConnectivityService.sendLegacyNetworkBroadcast:9355
03-13 10:02:07.506  8828  8828 V DeepThinker: BroadcastReceiverWrapper: onReceive, start dispatch android.net.conn.CONNECTIVITY_CHANGE
03-13 10:02:07.507  6159  6479 E NetworkPolicy: java.lang.Throwable
03-13 10:02:07.507  6159  6479 E NetworkPolicy:         at com.android.server.net.NetworkPolicyManagerService.normalizePoliciesNL(NetworkPolicyManagerService.java:3432)
03-13 10:02:07.507  6159  6479 E NetworkPolicy:         at com.android.server.net.NetworkPolicyManagerService.normalizePoliciesNL(NetworkPolicyManagerService.java:3427)
03-13 10:02:07.507  6159  6479 E NetworkPolicy:         at com.android.server.net.NetworkPolicyManagerService.updateNetworksInternal(NetworkPolicyManagerService.java:1919)
03-13 10:02:07.507  6159  6479 E NetworkPolicy:         at com.android.server.net.NetworkPolicyManagerService.access$500(NetworkPolicyManagerService.java:355)
03-13 10:02:07.507  6159  6479 E NetworkPolicy:         at com.android.server.net.NetworkPolicyManagerService$16.onReceive(NetworkPolicyManagerService.java:1907)
03-13 10:02:07.507  6159  6479 E NetworkPolicy:         at android.app.LoadedApk$ReceiverDispatcher$Args.lambda$getRunnable$0$LoadedApk$ReceiverDispatcher$Args(LoadedApk.java:1751)
03-13 10:02:07.507  6159  6479 E NetworkPolicy:         at android.app.LoadedApk$ReceiverDispatcher$Args$$ExternalSyntheticLambda0.run(Unknown Source:2)
03-13 10:02:07.507  6159  6479 E NetworkPolicy:         at android.os.Handler.handleCallback(Handler.java:938)
03-13 10:02:07.507  6159  6479 E NetworkPolicy:         at android.os.Handler.dispatchMessage(Handler.java:99)
03-13 10:02:07.507  6159  6479 E NetworkPolicy:         at android.os.Looper.loopOnce(Looper.java:233)
03-13 10:02:07.507  6159  6479 E NetworkPolicy:         at android.os.Looper.loop(Looper.java:344)
03-13 10:02:07.507  6159  6479 E NetworkPolicy:         at android.os.HandlerThread.run(HandlerThread.java:67)
03-13 10:02:07.508  7317  8438 E Battery : NetworkStatusReceiver: There is currently no network connection, please make sure you have turned on the network
03-13 10:02:07.511  6159  6212 W BroadcastQueue: Target SDK mismatch: receiver ActivityInfo{75b8edc com.google.android.gms.gcm.ServiceAutoStarter} targets 36 but delivery restricted to [0, 23] broadcasting Intent { act=android.net.conn.CONNECTIVITY_CHANGE flg=0x4200010 (has extras) } from android (pid=6159, uid=1000) to com.google.android.gms/.gcm.ServiceAutoStarter
03-13 10:02:07.511  6159  6212 W BroadcastQueue: Target SDK mismatch: receiver ActivityInfo{1ab0be5 com.oplus.statistics.rom.receiver.Receiver} targets 31 but delivery restricted to [0, 23] broadcasting Intent { act=android.net.conn.CONNECTIVITY_CHANGE flg=0x4200010 (has extras) } from android (pid=6159, uid=1000) to com.oplus.statistics.rom/.receiver.Receiver
03-13 10:02:07.511  6159  6212 W BroadcastQueue: Target SDK mismatch: receiver ActivityInfo{b9206ba com.google.android.apps.photos.actionqueue.impl.SystemReceiver} targets 33 but delivery restricted to [0, 23] broadcasting Intent { act=android.net.conn.CONNECTIVITY_CHANGE flg=0x4200010 (has extras) } from android (pid=6159, uid=1000) to com.google.android.apps.photos/.actionqueue.impl.SystemReceiver
03-13 10:02:07.511  6159  6212 W BroadcastQueue: Target SDK mismatch: receiver ActivityInfo{915b96b com.google.android.apps.photos.jobqueue.JobServiceBroadcastReceiver} targets 33 but delivery restricted to [0, 23] broadcasting Intent { act=android.net.conn.CONNECTIVITY_CHANGE flg=0x4200010 (has extras) } from android (pid=6159, uid=1000) to com.google.android.apps.photos/.jobqueue.JobServiceBroadcastReceiver
03-13 10:02:07.515  7317  7317 D CustomLogManagerService: onReceive android.net.conn.CONNECTIVITY_CHANGE
03-13 10:02:07.516  9696  9696 D Cloud.DeviceStatusDispatcher: onReceive action=android.net.conn.CONNECTIVITY_CHANGE
03-13 10:02:07.522 14616 14814 D TelemetryStorage: EVENT GENERATED: NETWORK
03-13 10:02:07.524  6159  6159 W NotificationHistory: Attempted to add notif for locked/gone/disabled user 0
03-13 10:02:07.524  6693  7506 D NetworkController: updateConnectivity: mConnectedTransports={}
03-13 10:02:07.524  6693  7506 D NetworkController: updateConnectivity: mValidatedTransports={}
03-13 10:02:07.525  6693  7506 D NetworkController: updateConnectivity: mConnectedTransports={}
03-13 10:02:07.525  6693  7506 D NetworkController: updateConnectivity: mValidatedTransports={}
03-13 10:02:07.526 14813 14813 D app_process: Time zone APEX ICU file found: /apex/com.android.tzdata/etc/icu/icu_tzdata.dat
03-13 10:02:07.526 14813 14813 D app_process: I18n APEX ICU file found: /apex/com.android.i18n/etc/icu/icudt68l.dat
03-13 10:02:07.528  6159  6159 D AcmeAlarmPolicy: updateConnectivityState: not working.
03-13 10:02:07.531  6159  6159 D OplusTrafficMonitor: onReceive android.net.conn.CONNECTIVITY_CHANGE
03-13 10:02:07.531 14616 14814 D EventDatabase: Inserted NetworkEvent: 5
03-13 10:02:07.531 14616 14814 D TelemetryStorage: EVENT STORED: NETWORK (ID: 5)
03-13 10:02:07.531  6159  6159 D OplusTrafficMonitor: isWifiConnected=false
03-13 10:02:07.531  6159  6159 D OplusTrafficMonitor: isMobileConnected=false
03-13 10:02:07.533  6159  6548 D WN_S    : onAvailable for 161
03-13 10:02:07.533  6159  6548 D WN_S    : onCapabilitiesChanged for 161
03-13 10:02:07.533  6159  6548 D WN_S    : onLinkPropertiesChanged for 161
03-13 10:02:07.533  6159  6159 D OplusTrafficMonitor: getTotalTrafficRxTxBytes [487587690,40288647]
03-13 10:02:07.533  6159  6159 D OplusTrafficMonitor: getTotalMobileTrafficRxTxBytes [0,0]
03-13 10:02:07.533  6159  6159 D OplusTrafficMonitor: mCurrentNetwork=-1
03-13 10:02:07.534  6159  6159 D OplusPowerMonitor: Receive broadcast android.net.conn.CONNECTIVITY_CHANGE
03-13 10:02:07.536  6159  6159 D OplusMultiNlpHelper: resource of name:config_osNetworkLocationProviderPackageName id is:201589067
03-13 10:02:07.536  6159  6159 D OplusMultiNlpHelper: resource of name:config_enableNetworkLocationProviderOverlay id is:202113042
03-13 10:02:07.537  6159  6159 D OplusMultiNlpHelper: resource of name:config_networkLocationProviderPackageNames id is:201785404
03-13 10:02:07.538  6159  6159 D OplusMultiNlpHelper: resource of name:config_nlp_packageName_amap id is:201589131
03-13 10:02:07.538  6159  6159 D OplusMultiNlpHelper: resource of name:config_nlp_packageName_bd id is:201589133
03-13 10:02:07.538  6159  6159 D OplusMultiNlpHelper: resource of name:config_nlp_packageName_tc id is:201589132
03-13 10:02:07.539  6159  6159 D OplusMultiNlpHelper: resource of name:config_nlp_packageName_oplus id is:201589169
03-13 10:02:07.540  6159  6159 E OplusMultiNlpHelper: nlpPackageNameList:[Ljava.lang.String;@a548147
03-13 10:02:07.541  6159  6159 E system_server: No package ID ff found for ID 0xffffffff.
03-13 10:02:07.543  6159  7077 I OplusAthenaTrafficMonitor: Is the current network connected? false
03-13 10:02:07.545  6159  6525 D ConnectivityService: [161 VPN] validation passed
03-13 10:02:07.547  6159  6548 D WN_S    : onCapabilitiesChanged for 161
03-13 10:02:07.548  6159 13569 D UserManagerServiceExtImpl: getMultiSystemUserId  res = -10000
03-13 10:02:07.551 15852 21268 I NearbyMediums: [WifiNetworkV2] defaultNetworkCallback onCapabilitiesChanged network:161 [ VPN ] isNonBypassable:true
03-13 10:02:07.552  9696 14846 D Cloud.OifaceBindUtils: =======bind oiface fail
03-13 10:02:07.553  6159  6159 W NotificationHistory: Attempted to add notif for locked/gone/disabled user 0
03-13 10:02:07.554  8509 14845 I DeviceStatusMonitor: DeviceStatusMonitor.handleBroadcast():138 onReceive() : Action = android.net.conn.CONNECTIVITY_CHANGE
03-13 10:02:07.555 25441 25508 D WM-WorkConstraintsTrack: NetworkRequestConstraintController onCapabilitiesChanged callback
03-13 10:02:07.556  6159  6525 D ConnectivityService: Setting DNS servers for network 161 to [/9.9.9.9, /149.112.112.112]
03-13 10:02:07.556  6159  6525 D DnsManager: sendDnsConfigurationForNetwork(161, [9.9.9.9, 149.112.112.112], [], 1800, 25, 8, 64, 0, 0, , [9.9.9.9, 149.112.112.112])
03-13 10:02:07.558  6159  6185 I GnssNetworkConnectivityHandler: updateNetworkState, state=CLOSED, connected=true, network=161, capabilities=[ Transports: VPN Capabilities: INTERNET&NOT_RESTRICTED&TRUSTED&VALIDATED&NOT_ROAMING&FOREGROUND&NOT_CONGESTED&NOT_SUSPENDED&NOT_VCN_MANAGED TransportInfo: <VpnTransportInfo{type=1, sessionId=NetworkGuard}> Uids: <{0-99999}> AdminUids: [10273] UnderlyingNetworks: Null], apn: , availableNetworkCount: 1
03-13 10:02:07.558 25441 25501 D WM-GreedyScheduler: Constraints met: Scheduling work ID WorkGenerationalId(workSpecId=76630ed5-b7f2-4a00-8fd4-cd421b59f3b0, generation=116)
03-13 10:02:07.558 25441 25501 D WM-GreedyScheduler: Constraints met: Scheduling work ID WorkGenerationalId(workSpecId=76630ed5-b7f2-4a00-8fd4-cd421b59f3b0, generation=117)
03-13 10:02:07.559  8509 14845 I DeviceStatusMonitor: DeviceStatusMonitor.notifyIfNetworkChanged():200 notifyIfNetworkChanged: newState = METERED, airplaneModeOn = false, notifyAnyway = false
03-13 10:02:07.560 25441 25501 D WM-GreedyScheduler: Constraints met: Scheduling work ID WorkGenerationalId(workSpecId=2dd27c5f-2084-45be-b7fd-542f1ce0d2c0, generation=0)
03-13 10:02:07.561  8509  8509 I NetworkInfoNotification: NetworkInfoNotification$Listener.onReceive():107 onNetworkAvailable: networkState = METERED, isAirplaneModeOn = false
03-13 10:02:07.562   781   781 I auditd  : type=1403 audit(0.0:54875): policy loaded auid=4294967295 ses=4294967295
03-13 10:02:07.563 14825 14825 I AndroidRuntime: Using default boot image
03-13 10:02:07.563 14825 14825 I AndroidRuntime: Leaving lock profiling enabled
03-13 10:02:07.565  6693  6693 D InterruptionStateProvider: No bubble up: not allowed to bubble: 0|com.dearmoon.shield|9001|null|10273
03-13 10:02:07.566  6693  6693 D InterruptionStateProvider: No heads up: unimportant notification: 0|com.dearmoon.shield|9001|null|10273
03-13 10:02:07.566  6693  6693 D InterruptionStateProvider: No heads up: unimportant notification: 0|com.dearmoon.shield|9001|null|10273
03-13 10:02:07.568  6693  7506 D NetworkController: updateConnectivity: mConnectedTransports={}
03-13 10:02:07.568  6693  7506 D NetworkController: updateConnectivity: mValidatedTransports={}
03-13 10:02:07.575  8509 14867 I NetworkInfoNotification: NetworkInfoNotification$Listener.onReceive():107 onNetworkAvailable: networkState = METERED, isAirplaneModeOn = false
03-13 10:02:07.579  6693  6851 D PeopleSpaceWidgetMgr: Sbn doesn't contain valid PeopleTileKey: null/0/com.dearmoon.shield
03-13 10:02:07.590  6159  6159 D CompatibilityChangeReporter: Compat change id reported: 168419799; UID 10147; state: DISABLED
03-13 10:02:07.593 14616 14807 I SHIELD_MODE_A: SELinux policy patched for socket access
03-13 10:02:07.594 25441 25441 D WM-GreedyScheduler: Stopping tracking for WorkGenerationalId(workSpecId=76630ed5-b7f2-4a00-8fd4-cd421b59f3b0, generation=116)
03-13 10:02:07.595 25441 25501 D WM-Processor: oex: processing WorkGenerationalId(workSpecId=76630ed5-b7f2-4a00-8fd4-cd421b59f3b0, generation=117)
03-13 10:02:07.597 25441 25501 D WM-Processor: oex: processing WorkGenerationalId(workSpecId=2dd27c5f-2084-45be-b7fd-542f1ce0d2c0, generation=0)
03-13 10:02:07.599 14616 14807 I SHIELD_MODE_A: Root daemon launched: /data/local/tmp/shield_modea_daemon /data/data/com.dearmoon.shield/shield_modea.sock /data/local/tmp/shield_bpf.o 10273 2>/data/local/tmp/shield_modea_daemon.log
03-13 10:02:07.604  6159  6159 D CompatibilityChangeReporter: Compat change id reported: 135634846; UID 10189; state: DISABLED
03-13 10:02:07.605  6159  6159 D CompatibilityChangeReporter: Compat change id reported: 177438394; UID 10189; state: DISABLED
03-13 10:02:07.605  6159  6159 D CompatibilityChangeReporter: Compat change id reported: 135772972; UID 10189; state: DISABLED
03-13 10:02:07.605  6159  6159 D CompatibilityChangeReporter: Compat change id reported: 135754954; UID 10189; state: ENABLED
03-13 10:02:07.605   772   772 W SELinux : Multiple same specifications for OplusLocationManager.
03-13 10:02:07.605  7928  7979 I [0]DCS-StrategyManager: isNeedUpload: cache, type: 2006, appID: 20082, logTag: 20082, eventID: notification_post
03-13 10:02:07.606   772   772 I SELinux : SELinux: Loaded service_contexts from:
03-13 10:02:07.606   772   772 I SELinux :     /system/etc/selinux/plat_service_contexts
03-13 10:02:07.606   772   772 I SELinux :     /system_ext/etc/selinux/system_ext_service_contexts
03-13 10:02:07.606   772   772 I SELinux :     /product/etc/selinux/product_service_contexts
03-13 10:02:07.606   772   772 I SELinux :     /vendor/etc/selinux/vendor_service_contexts
03-13 10:02:07.606   772   772 I SELinux : avc:  received policyload notice (seqno=66)
03-13 10:02:07.607  6159  6159 D CompatibilityChangeReporter: Compat change id reported: 168419799; UID 1000; state: DISABLED
03-13 10:02:07.608   835  4939 I SELinux : avc:  received policyload notice (seqno=66)
03-13 10:02:07.611  6159  6206 D CompatibilityChangeReporter: Compat change id reported: 143937733; UID 10189; state: ENABLED
03-13 10:02:07.619  6159  6159 D CompatibilityChangeReporter: Compat change id reported: 135634846; UID 10144; state: DISABLED
03-13 10:02:07.619  6159  6159 D CompatibilityChangeReporter: Compat change id reported: 177438394; UID 10144; state: DISABLED
03-13 10:02:07.619  6159  6159 D CompatibilityChangeReporter: Compat change id reported: 135772972; UID 10144; state: DISABLED
03-13 10:02:07.619  6159  6159 D CompatibilityChangeReporter: Compat change id reported: 135754954; UID 10144; state: ENABLED
03-13 10:02:07.620  6159  6159 D CompatibilityChangeReporter: Compat change id reported: 135634846; UID 10146; state: DISABLED
03-13 10:02:07.621  6159  6159 D CompatibilityChangeReporter: Compat change id reported: 177438394; UID 10146; state: DISABLED
03-13 10:02:07.621  6159  6159 D CompatibilityChangeReporter: Compat change id reported: 135772972; UID 10146; state: DISABLED
03-13 10:02:07.621  6159  6159 D CompatibilityChangeReporter: Compat change id reported: 135754954; UID 10146; state: ENABLED
03-13 10:02:07.627 14813 14813 D ProcessState: Binder ioctl to enable oneway spam detection failed: Invalid argument
03-13 10:02:07.627 14813 14813 D AndroidRuntime: Calling main entry com.android.commands.content.Content
03-13 10:02:07.636 14813 14813 D OplusTrace: register_android_os_OplusTrace
03-13 10:02:07.644  6159  6159 W NotificationHistory: Attempted to add notif for locked/gone/disabled user 0
03-13 10:02:07.647  5995  5995 D Zygote  : Forked child process 14876
03-13 10:02:07.648  6159  6206 I ActivityManager: Start proc 14876:com.oplus.ota/u0a189 for service {com.oplus.ota/com.oplus.ota.enterprise.EnterpriseJobService}
03-13 10:02:07.648  6159  6206 D CompatibilityChangeReporter: Compat change id reported: 143937733; UID 10144; state: ENABLED
03-13 10:02:07.665 14813 14813 D ExtLoader: DEFAULT_DEBUG_DUMMY=false, DEFAULT_DEBUG_CREATE=false
03-13 10:02:07.666  5995  5995 D Zygote  : Forked child process 14883
03-13 10:02:07.667 14876 14876 E com.oplus.ota: Unknown bits set in runtime_flags: 0x40000000
03-13 10:02:07.667  6159  6206 I ActivityManager: Start proc 14883:com.oneplus.account/u0a144 for service {com.oneplus.account/com.oneplus.account.push.FCMJobSchedulerService}
03-13 10:02:07.668  6159  6206 D CompatibilityChangeReporter: Compat change id reported: 143937733; UID 10146; state: ENABLED
03-13 10:02:07.669 14876 14876 E com.oplus.ota: Not starting debugger since process cannot load the jdwp agent.
03-13 10:02:07.673 14876 14876 D ProcessState: Binder ioctl to enable oneway spam detection failed: Invalid argument
03-13 10:02:07.674  7532  7549 V OplusProvider: query() for user: 10147
03-13 10:02:07.674  7532  7549 V OplusProvider: getSystemSetting(key_com_oplus_cosa, 10147)
03-13 10:02:07.675 14876 14876 I OneTrace: Mark active for pid=14876? true
03-13 10:02:07.675 14876 14876 D cutils-dev: otrace_set_tracing_enabled? true
03-13 10:02:07.676 14876 14896 D cutils-dev: properties changed in otrace_seq_number_changed!
03-13 10:02:07.678  6693  6693 D OPSystemUIWLBHelper: inside onNotificationAdded
03-13 10:02:07.681  6159 10465 D OplusNotificationManagerServiceExtImpl: shouldInterceptToast:
03-13 10:02:07.682 14616 14772 E SnapshotDirObserver: BACKUP DIR TAMPER – event=DELETE  file=/data/user/0/com.dearmoon.shield/files/secure_backups/1773341066827_9b538322.db.enc
03-13 10:02:07.686 14894 14894 I SHIELD_MODE_A: SHIELD Mode-A daemon starting (pid=14894 uid=0)
03-13 10:02:07.686 14894 14894 I SHIELD_MODE_A: Kernel pre-checks passed (full check done in Android layer)
03-13 10:02:07.692  6693  6693 D OPSystemUIWLBHelper: sendNotificationAddedBroadcast com.dearmoon.shield
03-13 10:02:07.694 14813 14813 D hw-ProcessState: Binder ioctl to enable oneway spam detection failed: Invalid argument
03-13 10:02:07.694 14813 14813 D AndroidRuntime: Shutting down VM
03-13 10:02:07.695 25441 25501 D WM-GreedyScheduler: Cancelling work ID 76630ed5-b7f2-4a00-8fd4-cd421b59f3b0
03-13 10:02:07.696  1253  1253 D OplusMovieIdle: updateLayerStacks,mOmiSupport is not supoort
03-13 10:02:07.695 14883 14883 E oneplus.accoun: Unknown bits set in runtime_flags: 0x40000000
03-13 10:02:07.699 14894 14894 I SHIELD_MODE_A: Unix socket listening at /data/data/com.dearmoon.shield/shield_modea.sock
03-13 10:02:07.699 14894 14894 I SHIELD_MODE_A: Loading BPF object: /data/local/tmp/shield_bpf.o
03-13 10:02:07.700 14894 14894 I SHIELD_BPF_LOADER: Tracefs symlinked: /sys/kernel/debug/tracing -> /sys/kernel/tracing
03-13 10:02:07.700 14894 14894 I SHIELD_BPF_LOADER: Tracefs at /sys/kernel/tracing (android_fs present)
03-13 10:02:07.700 14616 14773 I SnapshotManager: Retention: pruned 1 entries (file-count limit)
03-13 10:02:07.700 14883 14883 E oneplus.accoun: Not starting debugger since process cannot load the jdwp agent.
03-13 10:02:07.702 14894 14894 I SHIELD_BPF_LOADER: Created BPF map[0] type=1 fd=5
03-13 10:02:07.702 14894 14894 I SHIELD_BPF_LOADER: Created BPF map[1] type=1 fd=6
03-13 10:02:07.702 14894 14894 I SHIELD_BPF_LOADER: Map[0] name='shield_pid_activity'
03-13 10:02:07.702 14894 14894 I SHIELD_BPF_LOADER: Map[1] name='shield_suspect_pids'
03-13 10:02:07.702 14616 14773 I SnapshotManager: Encrypted backup created: 1773376322681_file26.txt.enc  chain=50ad014be8a8â€¦
03-13 10:02:07.702 14616 14773 D SnapshotManager: Snapshot created and backed up: file26.txt
03-13 10:02:07.704 14894 14894 I SHIELD_BPF_LOADER: Loaded BPF prog: tracepoint/android_fs/android_fs_datawrite_start fd=7
03-13 10:02:07.706 14894 14894 I SHIELD_BPF_LOADER: Loaded BPF prog: tracepoint/android_fs/android_fs_dataread_start fd=8
03-13 10:02:07.706  5995  5995 D Zygote  : Forked child process 14908
03-13 10:02:07.707  6159  6206 W ActivityManager: Slow operation: 87ms so far, now at startProcess: returned from zygote!
03-13 10:02:07.710 14894 14894 I SHIELD_BPF_LOADER: Loaded BPF prog: tracepoint/android_fs/android_fs_fsync_start fd=9
03-13 10:02:07.710 14883 14883 D ProcessState: Binder ioctl to enable oneway spam detection failed: Invalid argument
03-13 10:02:07.711  1253  1253 D OplusMovieIdle: updateLayerStacks,mOmiSupport is not supoort
03-13 10:02:07.713 14894 14894 I SHIELD_BPF_LOADER: Loaded BPF prog: tracepoint/sched/sched_process_exec fd=10
03-13 10:02:07.713 14894 14894 I SHIELD_BPF_LOADER: Pinned map 'shield_pid_activity' at /sys/fs/bpf/shield_pid_activity
03-13 10:02:07.713 14894 14894 I SHIELD_BPF_LOADER: Pinned map 'shield_suspect_pids' at /sys/fs/bpf/shield_suspect_pids
03-13 10:02:07.714 14894 14894 I SHIELD_BPF_LOADER: Attached android_fs/android_fs_datawrite_start on 8/8 CPUs (id=338)
03-13 10:02:07.714 14894 14894 I SHIELD_BPF_LOADER: Attached android_fs/android_fs_dataread_start on 8/8 CPUs (id=336)
03-13 10:02:07.714 14894 14894 I SHIELD_BPF_LOADER: Attached android_fs/android_fs_fsync_start on 8/8 CPUs (id=340)
03-13 10:02:07.715 14894 14894 I SHIELD_BPF_LOADER: Attached sched/sched_process_exec on 8/8 CPUs (id=69)
03-13 10:02:07.715 14894 14894 I SHIELD_BPF_LOADER: Mode-A BPF loaded: 32 tracepoint attachments across 4 programs
03-13 10:02:07.715 14894 14894 I SHIELD_MODE_A: Mode-A daemon running — waiting for Android service connection
03-13 10:02:07.715 14894 14894 I SHIELD_MODE_A: Waiting for Android service to connect …
03-13 10:02:07.715 14883 14883 I OneTrace: Mark active for pid=14883? true
03-13 10:02:07.715 14883 14883 D cutils-dev: otrace_set_tracing_enabled? true
03-13 10:02:07.716 14883 14914 D cutils-dev: properties changed in otrace_seq_number_changed!
03-13 10:02:07.718 14825 14825 D app_process: Time zone APEX ICU file found: /apex/com.android.tzdata/etc/icu/icu_tzdata.dat
03-13 10:02:07.718 14825 14825 D app_process: I18n APEX ICU file found: /apex/com.android.i18n/etc/icu/icudt68l.dat
03-13 10:02:07.724  6159  6267 W OplusSelfProtectManager: pkg[com.oplus.crashbox] not in policy list
03-13 10:02:07.731 14876 14876 D CompatibilityChangeReporter: Compat change id reported: 171979766; UID 10189; state: ENABLED
03-13 10:02:07.731 14876 14876 I oplus.android.OplusFrameworkFactoryImpl: get feature:IOplusAutoResolutionFeature
03-13 10:02:07.731 14876 14876 I oplus.android.OplusFrameworkFactoryImpl: getOplusAutoResolutionFeature
03-13 10:02:07.732 13444 13444 D com.oneplus.opwlb.receivers.WLBReceiver: received action:com.oneplus.intent.NOTIFICATION_ADDED
03-13 10:02:07.732 14876 14876 D CompactWindowAppManager: initCompactApplicationInfo
03-13 10:02:07.733 25441 25441 D WM-SystemJobService: onStartJob for WorkGenerationalId(workSpecId=2dd27c5f-2084-45be-b7fd-542f1ce0d2c0, generation=0)
03-13 10:02:07.736 13444 13444 D WLBNotificationEntryManager: calculated days 20525 system 1773376327736 current 0
03-13 10:02:07.736 13444 13444 D WLBNotificationEntryManager: onNotificationAdded days 20525 pkgName com.dearmoon.shield
03-13 10:02:07.741 14908 14908 E android.youtub: Unknown bits set in runtime_flags: 0x40000000
03-13 10:02:07.741  6159  6180 D UserManagerServiceExtImpl: getMultiSystemUserId  res = -10000
03-13 10:02:07.742  9838 10035 I WM-WorkerWrapper: Worker result SUCCESS for Work [ id=50a3280d-8ab8-4178-b204-f2b773ec1216, tags={ com.oplus.crashbox.manager.fileupload.FileUploadWorker } ]
03-13 10:02:07.745  6159 10465 D UserManagerServiceExtImpl: getMultiSystemUserId  res = -10000
03-13 10:02:07.747 25441 25501 D WM-GreedyScheduler: Ignoring {WorkSpec: 5f1ec55e-34b4-45d6-a90f-c1bb2054fc87}. Requires ContentUri triggers.
03-13 10:02:07.747 25441 25501 D WM-GreedyScheduler: Starting tracking for e2977f50-a00d-4fa9-80c9-f6f8ab95b3bb,76630ed5-b7f2-4a00-8fd4-cd421b59f3b0,6de365c7-b6fb-49ed-ab56-2463ebbc1718,5054b167-cb79-47dd-b100-d78069821fd7,35edcc4a-6234-49d2-b4ef-e1af1588424f,8ebdcebb-0509-4cdd-83c9-04d58329abe1,027e66a4-11f4-447a-b17b-af021710b23f,7ea9dd3c-a8e0-48db-95ee-b0df99386e85,4e74e3f3-0af5-4518-b860-8b7b493cbe02,0117c70c-a2f3-4e4b-83b9-d7820284fd2d,6400fba0-9ccf-47c0-9617-5e06328b8d52
03-13 10:02:07.748  6159 10465 W OplusSelfProtectManager: pkg[com.oplus.crashbox] not in policy list
03-13 10:02:07.750 14883 14883 D CompatibilityChangeReporter: Compat change id reported: 171979766; UID 10144; state: ENABLED
03-13 10:02:07.750 14883 14883 I oplus.android.OplusFrameworkFactoryImpl: get feature:IOplusAutoResolutionFeature
03-13 10:02:07.750 14883 14883 I oplus.android.OplusFrameworkFactoryImpl: getOplusAutoResolutionFeature
03-13 10:02:07.751 14883 14883 D CompactWindowAppManager: initCompactApplicationInfo
03-13 10:02:07.752 25441 25501 D WM-Processor: WorkerWrapper interrupted for 76630ed5-b7f2-4a00-8fd4-cd421b59f3b0
03-13 10:02:07.752 25441 25501 D WM-StopWorkRunnable: StopWorkRunnable for 76630ed5-b7f2-4a00-8fd4-cd421b59f3b0; Processor.stopWork = true
03-13 10:02:07.754 25441 25501 D WM-Processor: Work WorkGenerationalId(workSpecId=2dd27c5f-2084-45be-b7fd-542f1ce0d2c0, generation=0) is already enqueued for processing
03-13 10:02:07.754  6159  6206 W ActivityManager: Slow operation: 134ms so far, now at startProcess: done updating battery stats
03-13 10:02:07.754  6159  6206 W ActivityManager: Slow operation: 134ms so far, now at startProcess: building log message
03-13 10:02:07.754  6159  6206 I ActivityManager: Start proc 14908:com.google.android.youtube/u0a146 for service {com.google.android.youtube/androidx.work.impl.background.systemjob.SystemJobService}
03-13 10:02:07.754  6159  6206 W ActivityManager: Slow operation: 134ms so far, now at startProcess: starting to update pids map
03-13 10:02:07.755  6159  6206 W ActivityManager: Slow operation: 134ms so far, now at startProcess: done updating pids map
03-13 10:02:07.762 14908 14908 E android.youtub: Not starting debugger since process cannot load the jdwp agent.
03-13 10:02:07.763 14883 14883 I OplusFeatureCache: Milliseconds spent on init(): 3
03-13 10:02:07.763 14908 14908 D ProcessState: Binder ioctl to enable oneway spam detection failed: Invalid argument
03-13 10:02:07.765 14908 14908 I OneTrace: Mark active for pid=14908? true
03-13 10:02:07.766 14908 14908 D cutils-dev: otrace_set_tracing_enabled? true
03-13 10:02:07.766 13444 13444 D PeriodicJobService: onStartJob updating location
03-13 10:02:07.767 14883 14883 D LoadedApk: mApplicationInfo overrideDisplayId:null
03-13 10:02:07.767 14876 14876 I OplusFeatureCache: Milliseconds spent on init(): 14
03-13 10:02:07.768 14908 14934 D cutils-dev: properties changed in otrace_seq_number_changed!
03-13 10:02:07.768 14876 14876 D LoadedApk: mApplicationInfo overrideDisplayId:null
03-13 10:02:07.768  6693  6693 D InterruptionStateProvider: No bubble up: not allowed to bubble: 0|com.dearmoon.shield|2|null|10273
03-13 10:02:07.769  6693  6693 D InterruptionStateProvider: No heads up: unimportant notification: 0|com.dearmoon.shield|2|null|10273
03-13 10:02:07.772  6693  6693 D InterruptionStateProvider: No heads up: unimportant notification: 0|com.dearmoon.shield|2|null|10273
03-13 10:02:07.773  6693  6851 D PeopleSpaceWidgetMgr: Sbn doesn't contain valid PeopleTileKey: null/0/com.dearmoon.shield
03-13 10:02:07.776  7928  7979 I [0]DCS-StrategyManager: isNeedUpload: cache, type: 2006, appID: 20082, logTag: 20082, eventID: notification_post
03-13 10:02:07.778 14882 14882 E app_process: createInstance(64bit) : createExtendedFactory
03-13 10:02:07.780 14882 14882 E app_process: createInstance(64bit) : createExtendedFactory
03-13 10:02:07.780 14882 14882 E app_process: Opened libinputextensionsimpl.so
03-13 10:02:07.780 14882 14882 E app_process: Opened libinputextensionsimpl.so
03-13 10:02:07.781 14882 14882 D ExtensionsLoader: createInstance(64bit) : createExtendedFactory
03-13 10:02:07.781 14882 14882 D ExtensionsLoader: createInstance(64bit) : createExtendedFactory
03-13 10:02:07.781 14882 14882 D ExtensionsLoader: Opened libguiextimpl.so
03-13 10:02:07.781 14882 14882 D ExtensionsLoader: Opened libguiextimpl.so
03-13 10:02:07.782  6159  6604 D CompatibilityChangeReporter: Compat change id reported: 168419799; UID 10146; state: DISABLED
03-13 10:02:07.788  9838 10041 W DcsSwitchHelper: UserExperienceToggleOn, version 11.3 and later projects
03-13 10:02:07.789 25441 25441 D WM-WorkerWrapper: Starting work for androidx.work.multiprocess.RemoteListenableDelegatingWorker
03-13 10:02:07.789 25441 25441 D WM-ListenableWorkerImpl: Binding to com.google.android.googlequicksearchbox, com.google.android.libraries.search.integrations.tiktok.RemoteWorkerService_search
03-13 10:02:07.790 25441 25483 D WM-WorkerWrapper: Status for 76630ed5-b7f2-4a00-8fd4-cd421b59f3b0 is ENQUEUED; not doing any work and rescheduling for later execution
03-13 10:02:07.791 14876 14876 W com.oplus.ota: ClassLoaderContext shared library size mismatch. Expected=0, found=2 (PCL[] | PCL[]{PCL[/system_ext/framework/qti-telephony-utils.jar*896794286]#PCL[/system_ext/framework/qti-telephony-hidl-wrapper.jar*2334420719]})
03-13 10:02:07.793  6693  6693 D InterruptionStateProvider: No bubble up: not allowed to bubble: 0|android|43690|null|1000
03-13 10:02:07.793  6693  6693 D InterruptionStateProvider: No heads up: unimportant notification: 0|android|43690|null|1000
03-13 10:02:07.794  6693  6693 D InterruptionStateProvider: No heads up: unimportant notification: 0|android|43690|null|1000
03-13 10:02:07.797 14883 14883 D nativeloader: classloader namespace configured for unbundled product apk. library_path=/product/app/Account/lib/arm64:/product/app/Account/Account.apk!/lib/arm64-v8a:/product/lib64:/system/product/lib64
03-13 10:02:07.799  6693  6851 D PeopleSpaceWidgetMgr: Sbn doesn't contain valid PeopleTileKey: null/0/android
03-13 10:02:07.802 14908 14908 D CompatibilityChangeReporter: Compat change id reported: 171979766; UID 10146; state: ENABLED
03-13 10:02:07.802 14908 14908 I oplus.android.OplusFrameworkFactoryImpl: get feature:IOplusAutoResolutionFeature
03-13 10:02:07.802 14908 14908 I oplus.android.OplusFrameworkFactoryImpl: getOplusAutoResolutionFeature
03-13 10:02:07.803 14908 14908 D CompactWindowAppManager: initCompactApplicationInfo
03-13 10:02:07.806 14882 14882 D OplusUtils: OplusUtils [83]:
03-13 10:02:07.807  6693  6693 D InterruptionStateProvider: No bubble up: not allowed to bubble: 0|com.google.android.setupwizard|9|null|10213
03-13 10:02:07.807  6693  6693 D InterruptionStateProvider: No bubble up: not allowed to bubble: 0|com.heytap.accessory|101|permission_granted|10095
03-13 10:02:07.807  6693  6693 D InterruptionStateProvider: No bubble up: not allowed to bubble: 0|android|43690|null|1000
03-13 10:02:07.807  6693  6693 D InterruptionStateProvider: No bubble up: not allowed to bubble: 0|com.dearmoon.shield|2|null|10273
03-13 10:02:07.807  6693  6693 D InterruptionStateProvider: No bubble up: not allowed to bubble: 0|com.dearmoon.shield|9001|null|10273
03-13 10:02:07.807  6693  6693 D InterruptionStateProvider: No bubble up: not allowed to bubble: 0|com.android.systemui|10005|null|10185
03-13 10:02:07.807  6693  6693 D InterruptionStateProvider: No bubble up: not allowed to bubble: 0|com.android.systemui|10004|null|10185
03-13 10:02:07.808  9838 14949 I OCloudSdk.UploadWorker: start
03-13 10:02:07.809 14882 14882 E app_process: createInstance(64bit) : createExtendedFactory
03-13 10:02:07.809 14882 14882 E app_process: createInstance(64bit) : createExtendedFactory
03-13 10:02:07.810 14882 14882 E app_process: Opened libsensorextimpl.so
03-13 10:02:07.810 14882 14882 E app_process: Opened libsensorextimpl.so
03-13 10:02:07.811 14908 14908 I OplusFeatureCache: Milliseconds spent on init(): 4
03-13 10:02:07.812  7928  7979 I [0]DCS-StrategyManager: isNeedUpload: cache, type: 2006, appID: 20082, logTag: 20082, eventID: notification_post
03-13 10:02:07.812 25441 25441 D WM-Processor: oex 76630ed5-b7f2-4a00-8fd4-cd421b59f3b0 executed; reschedule = true
03-13 10:02:07.813 25441 25441 D WM-GreedyScheduler: Stopping tracking for WorkGenerationalId(workSpecId=76630ed5-b7f2-4a00-8fd4-cd421b59f3b0, generation=117)
03-13 10:02:07.813 25441 25441 D WM-SystemJobService: 76630ed5-b7f2-4a00-8fd4-cd421b59f3b0 executed on JobScheduler
03-13 10:02:07.814 25441 25441 I WM-RemoteWorkerService: Binding to RemoteWorkerService
03-13 10:02:07.815 13444 13444 D PeriodicJobService: onDestroy
03-13 10:02:07.816 25441 25441 D WM-ListenableWorkerImpl: Service connected
03-13 10:02:07.816 25441 25496 D WM-ListenableWorkerImpl: Executing work request (2dd27c5f-2084-45be-b7fd-542f1ce0d2c0, com.google.apps.tiktok.contrib.work.TikTokListenableWorker)
03-13 10:02:07.818 25441 25441 I elxx    : #sync(). Running Synclets and scheduling next sync.
03-13 10:02:07.818 14908 14908 D LoadedApk: mApplicationInfo overrideDisplayId:null
03-13 10:02:07.823 14876 14876 V GraphicsEnvironment: ANGLE Developer option for 'com.oplus.ota' set to: 'default'
03-13 10:02:07.825 14876 14876 D NetworkSecurityConfig: No Network Security Config specified, using platform default
03-13 10:02:07.825 14876 14876 D NetworkSecurityConfig: No Network Security Config specified, using platform default
03-13 10:02:07.825 14882 14882 D AndroidRuntime: >>>>>> START com.android.internal.os.RuntimeInit uid 0 <<<<<<
03-13 10:02:07.826 14883 14883 V GraphicsEnvironment: ANGLE Developer option for 'com.oneplus.account' set to: 'default'
03-13 10:02:07.827 14883 14883 D NetworkSecurityConfig: Using Network Security Config from resource network_security_config debugBuild: false
