03-26 22:13:16.518 W/ContextImpl( 1929): Calling a method in the system process without a qualified user: android.app.ContextImpl.sendStickyBroadcast:1562 com.android.server.ConnectivityService.sendStickyBroadcast:3058 com.android.server.ConnectivityService.sendLegacyNetworkBroadcast:9383 com.android.server.ConnectivityService$LegacyTypeTracker.remove:1073 com.android.server.ConnectivityService$LegacyTypeTracker.remove:1090 
03-26 22:13:16.519 I/Quality ( 1929): LaunchTime2.0: com.google.android.packageinstaller/com.android.packageinstaller.UninstallUninstalling 2 178
03-26 22:13:16.522 D/OplusNewNetworkTimeUpdateServiceFeature( 1929): isNeedSkipPollNetworkTime
03-26 22:13:16.524 W/BroadcastQueue( 1929): Target SDK mismatch: receiver ActivityInfo{34a67ac com.google.android.gms.gcm.ServiceAutoStarter} targets 36 but delivery restricted to [0, 23] broadcasting Intent { act=android.net.conn.CONNECTIVITY_CHANGE flg=0x4200010 (has extras) } from android (pid=1929, uid=1000) to com.google.android.gms/.gcm.ServiceAutoStarter
03-26 22:13:16.526 W/BroadcastQueue( 1929): Target SDK mismatch: receiver ActivityInfo{d4cbc75 com.oplus.statistics.rom.receiver.Receiver} targets 31 but delivery restricted to [0, 23] broadcasting Intent { act=android.net.conn.CONNECTIVITY_CHANGE flg=0x4200010 (has extras) } from android (pid=1929, uid=1000) to com.oplus.statistics.rom/.receiver.Receiver
03-26 22:13:16.526 W/BroadcastQueue( 1929): Target SDK mismatch: receiver ActivityInfo{296140a com.google.android.apps.photos.actionqueue.impl.SystemReceiver} targets 33 but delivery restricted to [0, 23] broadcasting Intent { act=android.net.conn.CONNECTIVITY_CHANGE flg=0x4200010 (has extras) } from android (pid=1929, uid=1000) to com.google.android.apps.photos/.actionqueue.impl.SystemReceiver
03-26 22:13:16.526 W/BroadcastQueue( 1929): Target SDK mismatch: receiver ActivityInfo{dbdc47b com.google.android.apps.photos.jobqueue.JobServiceBroadcastReceiver} targets 33 but delivery restricted to [0, 23] broadcasting Intent { act=android.net.conn.CONNECTIVITY_CHANGE flg=0x4200010 (has extras) } from android (pid=1929, uid=1000) to com.google.android.apps.photos/.jobqueue.JobServiceBroadcastReceiver
03-26 22:13:16.528 I/Quality (12526): Skipped: false 1 cost 24.33068 refreshRate 0 processName com.google.android.packageinstaller
03-26 22:13:16.533 I/OplusOperatorManagerService( 1929): getActiveOperatorPackages: []
03-26 22:13:16.539 D/OplusMirageWindowManagerService( 1929): onTaskRemoved displayid:0 taskId:278 callers:com.android.server.wm.TaskDisplayArea.removeChildTask:430 com.android.server.wm.TaskDisplayArea.removeChild:419 com.android.server.wm.WindowContainer.removeImmediately:687 com.android.server.wm.Task.removeImmediately:3478 com.android.server.wm.Task.removeIfPossible:1064 
03-26 22:13:16.539 I/OplusScreenSecurityMask( 1929): onStackRemoved task = Task{315cdfb #278 type=standard A=10281:com.dearmoon.shield U=0 visible=false mode=fullscreen translucent=true sz=0} record = null displayId = 0
03-26 22:13:16.541 D/AcmeAlarmPolicy( 1929): updateConnectivityState: not working.
03-26 22:13:16.542 D/OplusTrafficMonitor( 1929): onReceive android.net.conn.CONNECTIVITY_CHANGE
03-26 22:13:16.542 D/OplusTrafficMonitor( 1929): isWifiConnected=true
03-26 22:13:16.542 D/OplusTrafficMonitor( 1929): isMobileConnected=false
03-26 22:13:16.542 D/OplusTrafficMonitor( 1929): getTotalTrafficRxTxBytes [56004632,3190589]
03-26 22:13:16.542 D/OplusTrafficMonitor( 1929): getTotalMobileTrafficRxTxBytes [0,0]
03-26 22:13:16.544 D/OplusTrafficMonitor( 1929): mCurrentNetwork=1
03-26 22:13:16.544 D/OplusPowerMonitor( 1929): Receive broadcast android.net.conn.CONNECTIVITY_CHANGE
03-26 22:13:16.545 D/CompactWindowManagerService( 1929): notifyCompactWindowState task: Task{9709260 #279 type=standard A=1000:.applications.InstalledAppDetailsTop U=0 visible=true mode=fullscreen translucent=false sz=3}; hasFocus: true
03-26 22:13:16.545 D/TaskExtImpl( 1929): remove ActivityRecord{5b5d468 u0 com.dearmoon.shield/.MainActivity t-1 f}} to mActivityRecordSum = Counter{ }
03-26 22:13:16.546 I/OplusAthenaTrafficMonitor( 1929): Is the current network connected? true
03-26 22:13:16.546 W/ActivityTaskManager( 1929): Can't find TaskDisplayArea to determine support for multi window. Task id=278 attached=false
03-26 22:13:16.546 W/ActivityTaskManager( 1929): Can't find TaskDisplayArea to determine support for multi window. Task id=278 attached=false
03-26 22:13:16.556 D/UserManagerServiceExtImpl( 1929): getMultiSystemUserId  res = -10000
03-26 22:13:16.557 D/UserManagerServiceExtImpl( 1929): getMultiSystemUserId  res = -10000
03-26 22:13:16.560 V/OplusZoomWindowDecorViewHelper(12526): removeZoomView
03-26 22:13:16.573 D/OplusAppListInterceptManager( 1929): shouldFilterTask
03-26 22:13:16.573 D/OplusAppListInterceptManager( 1929): shouldFilterTask::packageName = com.android.settings
03-26 22:13:16.573 D/OplusAppListInterceptManager( 1929): shouldFilterTask
03-26 22:13:16.573 D/OplusAppListInterceptManager( 1929): shouldFilterTask::packageName = com.dearmoon.shield
03-26 22:13:16.573 D/OplusAppListInterceptManager( 1929): shouldFilterTask
03-26 22:13:16.573 D/OplusAppListInterceptManager( 1929): shouldFilterTask::packageName = com.dearmoon.shield.ransim
03-26 22:13:16.574 D/OplusAppListInterceptManager( 1929): shouldFilterTask
03-26 22:13:16.574 D/OplusAppListInterceptManager( 1929): shouldFilterTask::packageName = com.android.chrome
03-26 22:13:16.576 D/OplusAppListInterceptManager( 1929): shouldFilterTask
03-26 22:13:16.576 D/OplusAppListInterceptManager( 1929): shouldFilterTask::packageName = com.android.settings
03-26 22:13:16.576 D/OplusAppListInterceptManager( 1929): shouldFilterTask
03-26 22:13:16.576 D/OplusAppListInterceptManager( 1929): shouldFilterTask::packageName = com.dearmoon.shield
03-26 22:13:16.576 D/OplusAppListInterceptManager( 1929): shouldFilterTask
03-26 22:13:16.576 D/OplusAppListInterceptManager( 1929): shouldFilterTask::packageName = com.dearmoon.shield.ransim
03-26 22:13:16.576 D/OplusAppListInterceptManager( 1929): shouldFilterTask
03-26 22:13:16.576 D/OplusAppListInterceptManager( 1929): shouldFilterTask::packageName = com.android.chrome
03-26 22:13:16.598 D/OplusProxyWakeLock( 1929): remove uid: 10259 wiht all pids from wakelockUidInfo list
03-26 22:13:16.628 D/CompatibilityChangeReporter( 1929): Compat change id reported: 168419799; UID 10230; state: DISABLED
03-26 22:13:16.691 D/TaskExtImpl( 1929): remove ActivityRecord{7b85a40 u0 com.google.android.packageinstaller/com.android.packageinstaller.UninstallerActivity t-1 f}} to mActivityRecordSum = Counter{ com.google.android.packageinstaller/com.android.packageinstaller.UninstallUninstalling(1) com.android.settings/.applications.InstalledAppDetails(1) }
03-26 22:13:16.755 W/Looper  ( 1929): Slow delivery took 288ms android.fg h=android.os.Handler c=<recycled PooledLambda@dce6635> m=0
03-26 22:13:16.849 D/InstallerExtImpl( 1929): Avoid to hold lock when rmPackageDir
03-26 22:13:16.850 D/InstallerExtImpl( 1929): Avoid to hold lock when rmPackageDir
03-26 22:13:16.852 W/Looper  ( 1929): Drained
03-26 22:13:16.853 D/OplusRemovableAppManager( 1929): isSystemApp = false
03-26 22:13:16.853 W/OplusRemovableAppManager( 1929): tPs is null
03-26 22:13:16.853 D/OplusRemovableAppManager( 1929): uninstalled by all users = true
03-26 22:13:16.855 D/OplusDexOptimizeManager( 1929): Try to protect stablebility.. 
03-26 22:13:16.856 D/iopgp   ( 3548): OnPackageChangeEvent:Received PackageChangeEvent{packageName=com.dearmoon.shield,version=-1,lastUpdateTimeMillis=0}
03-26 22:13:16.856 D/iopgp   ( 3548): OnPackageChangeEvent:package remove.
03-26 22:13:16.857 D/iopgp   ( 3548): Clean up files for package com.dearmoon.shield with version 1
03-26 22:13:16.857 D/iopgp   ( 3548): Clean up files for activity com.dearmoon.shield.SplashActivity
03-26 22:13:16.857 D/iopgp   ( 3548): Clean up files for activity com.dearmoon.shield.WelcomeActivity
03-26 22:13:16.864 D/OplusDexOptimizeManager( 1929): Try to protect stablebility.. 
03-26 22:13:16.867 I/PackageManager( 1929): set persist.sys.package.SHA1 as b677ab4ed91644748fdb343e3327d56495a66dfe
03-26 22:13:16.869 I/OplusJoystickManager( 1929): handleApplicationSwitch deprecated!
03-26 22:13:16.870 V/WindowManager( 1929): Changing focus from Window{75c5bc4 u0 com.google.android.packageinstaller/com.android.packageinstaller.UninstallUninstalling} to Window{602b0d9 u0 com.android.settings/com.android.settings.applications.InstalledAppDetails},diplayid=0
03-26 22:13:16.871 D/OplusEapManager( 1929): mTargetExitName :com.google.android.packageinstaller
03-26 22:13:16.871 D/VRR [OPlusFrontAppManager]( 1929): OnAppSwitchObserver: onAppExit , info.targetName = com.google.android.packageinstaller
03-26 22:13:16.871 D/VRR [OPlusFrontAppManager]( 1929): packageName: null
03-26 22:13:16.871 D/OplusKeepAliveManager( 1929): TOP_APP is ProcessRecord{de3668e 12735:com.android.settings/1000} uid is 1000
03-26 22:13:16.871 D/TaskExtImpl( 1929): addColorModeOnResume resume=true pkg = com.android.settings
03-26 22:13:16.871 D/ColorDisplayServiceExtImpl( 1929): ColorDisplayServiceExtImpl getInstance=com.android.server.display.color.ColorDisplayServiceExtImpl@b144f78
03-26 22:13:16.872 E/OplusThermalStats( 1929): Error getting package info: com.android.settings
03-26 22:13:16.872 D/VRR [OPlusRefreshRateService]( 1929): handleFrontAppChange pkgName: null
03-26 22:13:16.872 D/VRR [OPlusExternalRefreshRateManager]( 1929): setFrontPackageName pkgName: null CurPkgName: com.google.android.packageinstaller
03-26 22:13:16.877 D/CompactWindowManagerService( 1929): updateBackgroundSurface openingApp: ActivityRecord{7c7c319 u0 com.android.settings/.applications.InstalledAppDetails t279}
03-26 22:13:16.878 D/VRR [OPlusRefreshRateService]( 1929):  setFrameRateTargetControl [ 0.0 , com.google.android.packageinstaller , false , com.oplus.battery ]
03-26 22:13:16.878 D/OplusSplitScreenManagerService( 1929): isDragToSplitState mOplusSpiltScreenDnDUI is null, just return!
03-26 22:13:16.878 D/VRR [OPlusExternalRefreshRateManager]( 1929):  [FRTC] FrameRate : 0 com.google.android.packageinstaller false com.oplus.battery
03-26 22:13:16.878 D/CompactWindowManagerService( 1929): addSiblingToAnimationTargets:sibling = ActivityRecord{7c7c319 u0 com.android.settings/.applications.InstalledAppDetails t279}; replacedMoveAnimation = -1
03-26 22:13:16.878 D/VRR [OPlusSurfaceFlingerController]( 1929):  add frtc FrameRate : 0 com.google.android.packageinstaller false com.oplus.battery
03-26 22:13:16.879 D/OplusZoomWindowManagerService( 1929): adjustWindowCropForLeash start: appToken = ActivityRecord{860b2fc u0 com.google.android.packageinstaller/com.android.packageinstaller.UninstallUninstalling t279 f}}
03-26 22:13:16.883 D/OplusEapManager( 1929): mTargetEnterName :com.android.settings
03-26 22:13:16.883 D/VRR [OPlusFrontAppManager]( 1929): OnAppSwitchObserver: onAppEnter , info.targetName = com.android.settings
03-26 22:13:16.883 D/VRR [OPlusFrontAppManager]( 1929): packageName: com.android.settings
03-26 22:13:16.884 D/VRR [OPlusRefreshRateService]( 1929): handleFrontAppChange pkgName: com.android.settings
03-26 22:13:16.884 D/VRR [OPlusExternalRefreshRateManager]( 1929): setFrontPackageName pkgName: com.android.settings CurPkgName: null
03-26 22:13:16.884 D/VRR [OPlusExternalRefreshRateManager]( 1929):  [OTI] handleTouchIdleState: backlist
03-26 22:13:16.884 D/VRR [OPlusSurfaceFlingerController]( 1929):  setTouchIdleShouldPause : true
03-26 22:13:16.891 D/PackageManager( 1929): notifyPackageXmlVerify done. result=true
03-26 22:13:16.894 D/OplusGuardElfFeature( 1929): ICharger set value = 0
03-26 22:13:16.894 D/OplusGuardElfFeature( 1929): calling class name = ThermalControlUtils
03-26 22:13:16.894 D/OplusBatteryManager( 3813): set charge value = 0
03-26 22:13:16.895 D/OplusGameRotationService( 1929): lockRotationInGame: change state to 0
03-26 22:13:16.898 I/ActivityManager( 1929): Force stopping com.dearmoon.shield appid=10281 user=0: pkg removed
03-26 22:13:16.898 W/ContextImpl( 1929): Calling a method in the system process without a qualified user: android.app.ContextImpl.sendBroadcast:1175 com.android.server.am.OplusExtraActivityManagerService.setKeyLockModeNormal:51 com.android.server.am.ActivityManagerServiceExtImpl.setKeyLockModeNormal:851 com.android.server.am.ActivityManagerService.forceStopPackageLocked:4514 com.android.server.am.ActivityManagerService.broadcastIntentLocked:13776 
03-26 22:13:16.899 D/OplusDexOptimizeManager( 1929): can not detect dex2oat...
03-26 22:13:16.903 D/OplusDexOptimizeManager( 1929): can not detect dex2oat...
03-26 22:13:16.920 V/OplusZoomWindowDecorViewHelper(12526): removeZoomView
03-26 22:13:16.942 D/CompanionDeviceManagerService( 1929): onPackageRemoved(packageName = com.dearmoon.shield, uid = 10281)
03-26 22:13:16.942 I/CompanionDeviceManagerService( 1929): Updating associations: []  -->  []
03-26 22:13:16.949 V/OplusZoomWindowDecorViewHelper(12526): removeZoomView
03-26 22:13:16.944 V/StorageManagerService( 1929): Package com.dearmoon.shield does not have legacy storage
03-26 22:13:16.950 D/OplusCustomizeService( 1929): UninstallBroadcastReceiver, pkgName=com.dearmoon.shield, isReInstall=false
03-26 22:13:16.958 D/OplusCustomizeService( 1929): getOperator, result=-1
03-26 22:13:16.965 W/ContextImpl( 5919): Calling a method in the system process without a qualified user: android.app.ContextImpl.startService:1819 android.content.ContextWrapper.startService:786 com.oplus.athena.action.dexopt.c.b:113 com.oplus.athena.action.dexopt.c.a:48 com.oplus.athena.d.a.a:76 
03-26 22:13:16.984 W/BroadcastQueue( 1929): Background execution not allowed: receiving Intent { act=android.intent.action.PACKAGE_REMOVED dat=package:com.dearmoon.shield flg=0x4000010 (has extras) } to com.android.vending/com.google.android.finsky.packagemonitor.impl.PackageMonitorReceiverImpl$RegisteredReceiver
03-26 22:13:16.985 W/BroadcastQueue( 1929): Background execution not allowed: receiving Intent { act=android.intent.action.PACKAGE_REMOVED dat=package:com.dearmoon.shield flg=0x4000010 (has extras) } to com.android.vending/com.google.android.finsky.packagemonitor.backgroundimpl.BackgroundPackageMonitorReceiverImpl$RegisteredReceiver
03-26 22:13:16.985 W/BroadcastQueue( 1929): Background execution not allowed: receiving Intent { act=android.intent.action.PACKAGE_REMOVED dat=package:com.dearmoon.shield flg=0x4000010 (has extras) } to com.google.android.gms/.chimera.GmsIntentOperationService$PersistentTrustedReceiver
03-26 22:13:17.041 W/Looper  ( 1929): Slow dispatch took 100ms android.fg h=android.os.Handler c=android.app.LoadedApk$ReceiverDispatcher$Args$$ExternalSyntheticLambda0@298114b m=0
03-26 22:13:17.049 W/ContextImpl( 3813): Calling a method in the system process without a qualified user: android.app.ContextImpl.sendBroadcast:1190 android.content.ContextWrapper.sendBroadcast:494 com.oplus.notificationmanager.AppModificationReceiver.notifyAppModified:9 com.oplus.notificationmanager.NotificationBackend.processBroadcast:122 com.oplus.notificationmanager.NotificationBackend.access$500:0 
03-26 22:13:17.070 W/BroadcastQueue( 1929): Background execution not allowed: receiving Intent { act=android.intent.action.PACKAGE_REMOVED dat=package:com.dearmoon.shield flg=0x4000010 (has extras) } to com.heytap.cloud/com.cloud.base.commonsdk.receiver.ColorCloudReceiver
03-26 22:13:17.070 W/BroadcastQueue( 1929): Background execution not allowed: receiving Intent { act=android.intent.action.PACKAGE_REMOVED dat=package:com.dearmoon.shield flg=0x4000010 (has extras) } to net.oneplus.widget/.appwidget.WeatherExistReceiver
03-26 22:13:17.078 D/CompatibilityChangeReporter( 1929): Compat change id reported: 135634846; UID 1000; state: DISABLED
03-26 22:13:17.078 D/CompatibilityChangeReporter( 1929): Compat change id reported: 177438394; UID 1000; state: DISABLED
03-26 22:13:17.078 D/CompatibilityChangeReporter( 1929): Compat change id reported: 135772972; UID 1000; state: DISABLED
03-26 22:13:17.078 D/CompatibilityChangeReporter( 1929): Compat change id reported: 135754954; UID 1000; state: ENABLED
03-26 22:13:17.092 I/OplusAppSwitchManagerService( 1929): appswitch unregisterAppSwitchObserver pkgName = com.oplus.notificationmanager config = OplusAppSwitchConfig = {  mConfigs = {} observerFingerPrint = 181955533}
03-26 22:13:17.092 I/OplusAppSwitchStateDispatcher( 1929): unregisterAppSwitchObserver ok, pkgName = com.oplus.notificationmanager info = OplusAppSwitchRuleInfo = {  observer = null observerFingerPrint = 181955533}
03-26 22:13:17.098 W/Looper  ( 1929): Slow dispatch took 141ms main h=android.app.ActivityThread$H c=android.app.LoadedApk$ReceiverDispatcher$Args$$ExternalSyntheticLambda0@55a6717 m=0
03-26 22:13:17.100 I/OplusAppSwitchManagerService( 1929): appswitch registerAppSwitchObserver pName = com@@oplus@@notificationmanager observer = com.oplus.app.IOplusAppSwitchObserver$Stub$Proxy@5b11704 config = OplusAppSwitchConfig = {  mConfigs = {2=[TOM@@android@@chrome, TOM@@android@@contacts, TOM@@android@@mms, TOM@@android@@settings, TOM@@android@@vending, TOM@@google@@android@@apps@@maps, TOM@@google@@android@@calendar, TOM@@google@@android@@gm, TOM@@google@@android@@youtube, TOM@@oneplus@@camera, TOM@@oneplus@@deskclock, TOM@@oneplus@@gallery, TOM@@google@@android@@apps@@docs, TOM@@google@@android@@apps@@photos, TOM@@google@@android@@apps@@tachyon, TOM@@google@@android@@apps@@youtube@@music, TOM@@google@@android@@videos, TOM@@oneplus@@mall, TOM@@google@@android@@apps@@nbu@@paisa@@user, TOM@@google@@android@@googlequicksearchbox, TOM@@heytap@@cloud, TOM@@heytap@@themestore, TOM@@oneplus@@calculator, TOM@@oneplus@@filemanager, TOM@@NM@@games, TOM@@arjanvlek@@oxygenupdater, TOM@@dearmoon@@shield@@ransim, TOM@@oneplus@@backuprestore, TOM@@oneplus@@brickmode, TOM@@oneplus@@note, TOM@@oneplus@@soundrecorder, TOM@@topjohnwu@@magisk, net@@oneplus@@forums, net@@oneplus@@weather, TOM@@android@@providers@@downloads, TOM@@NM@@battery, TOM@@android@@server@@teleTOM]} observerFingerPrint = 181955533}
03-26 22:13:17.100 I/OplusAppSwitchStateDispatcher( 1929): registerAppSwitchObserver addDynamicListener OK, info = OplusAppSwitchRuleInfo = {  observer = com.oplus.app.IOplusAppSwitchObserver$Stub$Proxy@5b11704 observerFingerPrint = 181955533} rule size =0
03-26 22:13:17.110 W/ContextImpl( 3747): Calling a method in the system process without a qualified user: android.app.ContextImpl.startService:1819 android.content.ContextWrapper.startService:786 android.content.ContextWrapper.startService:786 com.oplusos.securitypermission.permission.OplusPermissionReceiver.a:577 com.oplusos.securitypermission.permission.OplusPermissionReceiver.onReceive:222 
03-26 22:13:17.111 W/ContextImpl(10569): Calling a method in the system process without a qualified user: android.app.ContextImpl.startService:1819 android.content.ContextWrapper.startService:786 android.content.ContextWrapper.startService:786 com.oplusos.sau.strategy.AppReceiver.onReceive:16 android.app.ActivityThread.handleReceiver:4469 
03-26 22:13:17.123 V/OplusAccessControlManagerService( 1929): notifyHideStateChanged: 
03-26 22:13:17.123 V/OplusAccessControlManagerService( 1929): notifyHideStateChanged: 
03-26 22:13:17.123 V/OplusAccessControlManagerService( 1929): notifyHideStateChanged: 
03-26 22:13:17.123 D/DeviceIdleHelper( 1929): pacakge removed: name=com.dearmoon.shield not in PowerSaveWhitelist
03-26 22:13:17.123 V/OplusAccessControlManagerService( 1929): notifyEncryptStateChanged: 
03-26 22:13:17.124 V/OplusAccessControlManagerService( 1929): notifyEncryptStateChanged: 
03-26 22:13:17.124 V/OplusAccessControlManagerService( 1929): notifyEncryptStateChanged: 
03-26 22:13:17.124 D/OplusBrightUtils( 1929): CtsTest = false
03-26 22:13:17.124 I/GameManagerService( 1929): Disabling downscale for com.dearmoon.shield
03-26 22:13:17.127 D/LightsServiceExtImpl( 1929): isCtsHardwareTestCases = false
03-26 22:13:17.136 I/ActivityManager( 1929): Force stopping com.dearmoon.shield appid=10281 user=0: pkg removed
03-26 22:13:17.136 W/ContextImpl( 1929): Calling a method in the system process without a qualified user: android.app.ContextImpl.sendBroadcast:1175 com.android.server.am.OplusExtraActivityManagerService.setKeyLockModeNormal:51 com.android.server.am.ActivityManagerServiceExtImpl.setKeyLockModeNormal:851 com.android.server.am.ActivityManagerService.forceStopPackageLocked:4514 com.android.server.am.ActivityManagerService.broadcastIntentLocked:13776 
03-26 22:13:17.143 I/ConditionProviders( 1929): Disallowing condition provider com.dearmoon.shield (userSet: true)
03-26 22:13:17.151 W/ContextImpl( 3747): Calling a method in the system process without a qualified user: android.app.ContextImpl.sendBroadcast:1190 android.content.ContextWrapper.sendBroadcast:494 android.content.ContextWrapper.sendBroadcast:494 com.oplusos.floatwindow.sysfloatwindow.d.a:506 com.oplusos.floatwindow.sysfloatwindow.FloatWindowUpdateReceiver.onReceive:146 
03-26 22:13:17.151 W/OplusSelfProtectManager( 1929): pkg[com.android.keychain] not in policy list
03-26 22:13:17.162 I/SecurityPermissionService( 1929): updateCachedPermission pkgName:com.dearmoon.shield, userId:0, delete:true
03-26 22:13:17.173 W/ActivityManager( 1929): Slow operation: 102ms so far, now at startProcess: returned from zygote!
03-26 22:13:17.189 W/ActivityManager( 1929): Slow operation: 117ms so far, now at startProcess: done updating battery stats
03-26 22:13:17.189 W/ActivityManager( 1929): Slow operation: 117ms so far, now at startProcess: building log message
03-26 22:13:17.189 I/ActivityManager( 1929): Start proc 16261:com.heytap.mcs.appservice/1000 for content provider {com.heytap.mcs/com.heytap.mcs.biz.appservice.provider.AppServiceContentProvider}
03-26 22:13:17.189 W/ActivityManager( 1929): Slow operation: 117ms so far, now at startProcess: starting to update pids map
03-26 22:13:17.189 W/ActivityManager( 1929): Slow operation: 117ms so far, now at startProcess: done updating pids map
03-26 22:13:17.198 I/OMG_Service( 6126): onStartCommand...0|12
03-26 22:13:17.198 I/OMG_Service( 6126): updateGlobalGestureObserver, gesture = 0x2, sPhoneMode=1, threeScreenshotEnable = true, threeAreaScreenshotEnable = true, threeSplitScreenEnable = true, supportTwoFingerSplit = false
03-26 22:13:17.230 D/CompatibilityChangeReporter( 1929): Compat change id reported: 151105954; UID 1000; state: ENABLED
03-26 22:13:17.230 D/CompatibilityChangeReporter( 1929): Compat change id reported: 151105954; UID 1000; state: DISABLED
03-26 22:13:17.231 E/AppOps  ( 1929): package com.dearmoon.shield not found, can't check for attributionTag null
03-26 22:13:17.231 E/AppOps  ( 1929): checkOperation
03-26 22:13:17.231 E/AppOps  ( 1929): java.lang.SecurityException: Specified package com.dearmoon.shield under uid 10281 but it is not
03-26 22:13:17.231 E/AppOps  ( 1929): 	at com.android.server.appop.AppOpsService.verifyAndGetBypass(AppOpsService.java:4696)
03-26 22:13:17.231 E/AppOps  ( 1929): 	at com.android.server.appop.AppOpsService.verifyAndGetBypass(AppOpsService.java:4588)
03-26 22:13:17.231 E/AppOps  ( 1929): 	at com.android.server.appop.AppOpsService.checkOperationUnchecked(AppOpsService.java:3300)
03-26 22:13:17.231 E/AppOps  ( 1929): 	at com.android.server.appop.AppOpsService.checkOperationImpl(AppOpsService.java:3283)
03-26 22:13:17.231 E/AppOps  ( 1929): 	at com.android.server.appop.AppOpsService.access$3700(AppOpsService.java:220)
03-26 22:13:17.231 E/AppOps  ( 1929): 	at com.android.server.appop.AppOpsService$CheckOpsDelegateDispatcher.lambda$checkOperation$0(AppOpsService.java:7593)
03-26 22:13:17.231 E/AppOps  ( 1929): 	at com.android.server.appop.AppOpsService$CheckOpsDelegateDispatcher$$ExternalSyntheticLambda17.apply(Unknown Source:25)
03-26 22:13:17.231 E/AppOps  ( 1929): 	at com.android.server.policy.AppOpsPolicy.checkOperation(AppOpsPolicy.java:207)
03-26 22:13:17.231 E/AppOps  ( 1929): 	at com.android.server.appop.AppOpsService$CheckOpsDelegateDispatcher.checkOperation(AppOpsService.java:7592)
03-26 22:13:17.231 E/AppOps  ( 1929): 	at com.android.server.appop.AppOpsService.checkOperation(AppOpsService.java:3270)
03-26 22:13:17.231 E/AppOps  ( 1929): 	at com.android.internal.app.IAppOpsService$Stub.onTransact(IAppOpsService.java:454)
03-26 22:13:17.231 E/AppOps  ( 1929): 	at com.android.server.appop.OplusAppOpsService.onTransact(OplusAppOpsService.java:38)
03-26 22:13:17.231 E/AppOps  ( 1929): 	at android.os.Binder.execTransactInternal(Binder.java:1221)
03-26 22:13:17.231 E/AppOps  ( 1929): 	at android.os.Binder.execTransact(Binder.java:1163)
03-26 22:13:17.232 V/OplusZoomWindowManagerService( 1929): onAnimationFinished:  r = ActivityRecord{860b2fc u0 com.google.android.packageinstaller/com.android.packageinstaller.UninstallUninstalling t279 f} isExiting}
03-26 22:13:17.235 E/NotificationPrefHelper( 1929): createDefaultChannelIfNeededLocked - Exception: android.content.pm.PackageManager$NameNotFoundException: com.dearmoon.shield
03-26 22:13:17.236 I/RollbackManager( 1929): broadcast=ACTION_PACKAGE_FULLY_REMOVED pkg=com.dearmoon.shield
03-26 22:13:17.236 W/BroadcastQueue( 1929): Background execution not allowed: receiving Intent { act=android.intent.action.DROPBOX_ENTRY_ADDED flg=0x10 (has extras) } to com.google.android.gms/.stats.service.DropBoxEntryAddedReceiver
03-26 22:13:17.249 D/OplusCustomizeService( 1929): UninstallBroadcastReceiver, pkgName=com.dearmoon.shield, isReInstall=false
03-26 22:13:17.251 D/TaskExtImpl( 1929): remove ActivityRecord{860b2fc u0 com.google.android.packageinstaller/com.android.packageinstaller.UninstallUninstalling t-1 f}} to mActivityRecordSum = Counter{ com.android.settings/.applications.InstalledAppDetails(1) }
03-26 22:13:17.252 D/OplusCustomizeService( 1929): getOperator, result=-1
03-26 22:13:17.253 I/OplusAppSwitchManagerService( 1929):  handleAppVisible , r = ActivityRecord{7c7c319 u0 com.android.settings/.applications.InstalledAppDetails t279}
03-26 22:13:17.257 V/WindowManager( 1929): Changing focus from Window{602b0d9 u0 com.android.settings/com.android.settings.applications.InstalledAppDetails} to null,diplayid=0
03-26 22:13:17.257 D/CompactWindowManagerService( 1929): notifyCompactWindowState task: Task{9709260 #279 type=standard A=1000:.applications.InstalledAppDetailsTop U=0 visible=false mode=fullscreen translucent=true sz=1}; hasFocus: false
03-26 22:13:17.258 V/OplusZoomWindowManagerService( 1929): prepareZoomTransition: curStack=Task{9709260 #279 type=standard A=1000:.applications.InstalledAppDetailsTop U=0 visible=false mode=fullscreen translucent=true sz=1}   nextStackTask{c8acfff #1 type=undefined ?? U=0 visible=true mode=fullscreen translucent=true sz=1}
03-26 22:13:17.263 I/Quality (12735): ActivityThread: activityResume delay 380 com.android.settings 12735
03-26 22:13:17.265 I/Quality (12735): Skipped: false 23 cost 389.28195 refreshRate 0 processName com.android.settings
03-26 22:13:17.282 W/ActivityTaskManager( 1929): Finishing task with all activities already finished
03-26 22:13:17.282 W/ActivityTaskManager( 1929): Duplicate finish request for r=ActivityRecord{7c7c319 u0 com.android.settings/.applications.InstalledAppDetails t279 f}}
03-26 22:13:17.285 D/CompatibilityChangeReporter( 1929): Compat change id reported: 135634846; UID 10143; state: DISABLED
03-26 22:13:17.285 D/CompatibilityChangeReporter( 1929): Compat change id reported: 143937733; UID 10143; state: ENABLED
03-26 22:13:17.285 D/OplusKeepAliveManager( 1929): TOP_APP is ProcessRecord{3eb8ff5 3712:com.android.launcher/u0a174} uid is 10174
03-26 22:13:17.286 E/OplusThermalStats( 1929): Error getting package info: com.android.launcher
03-26 22:13:17.299 I/OplusAppSwitchManagerService( 1929): appswitch registerAppSwitchObserver pName = com@@oplus@@cosa observer = com.oplus.app.IOplusAppSwitchObserver$Stub$Proxy@2f150cc config = OplusAppSwitchConfig = {  mConfigs = {2=[android@@frameworkres@@overlay, TOM@@google@@android@@networkstack@@tethering, TOM@@oneplus@@calculator, net@@oneplus@@weather, TOM@@NM@@healthservice, TOM@@android@@systemui@@overlay@@fingerprint@@anim@@fireworks, TOM@@android@@cts@@priv@@ctsshim, TOM@@google@@android@@youtube, TOM@@qualTOMm@@qti@@qcolor, TOM@@android@@internal@@display@@cutout@@emulation@@corner, TOM@@NM@@smartengine, TOM@@google@@android@@ext@@services, TOM@@qualTOMm@@qti@@improvetouch@@service, TOM@@android@@internal@@display@@cutout@@emulation@@double, TOM@@android@@providers@@telephony, TOM@@NM@@securitykeyboard, TOM@@android@@dynsystem, TOM@@NM@@crashbox, TOM@@google@@android@@googlequicksearchbox, TOM@@google@@android@@cellbroadcastservice, TOM@@android@@systemui@@overlay@@charging@@anim@@wave_supervooc2, TOM@@android@@systemui@@overlay@@fingerprint@@anim@@magic, TOM@@android@@providers@@calendar, TOM@@oneplus@@mall, TOM@@oneplus@@note, TOM@@android@@providers@@media, TOM@@oneplus@@opscout, TOM@@oneplus@@opshelf, TOM@@qti@@service@@colorservice, TOM@@google@@android@@onetimeinitializer, TOM@@google@@android@@ext@@shared, TOM@@heytap@@cloud, TOM@@android@@internal@@systemui@@navbar@@gestural_wide_back, TOM@@qualTOMm@@qti@@simcontacts, TOM@@qualTOMm@@qti@@modemtestmode, TOM@@oneplus@@account, TOM@@android@@wifi@@resources@@overlay@@NM, TOM@@NM@@location, TOM@@oneplus@@soundrecorder, TOM@@android@@launcher, TOM@@NM@@screenrecorder, TOM@@oneplus@@chargingpilar, TOM@@oneplus@@wallpaper, TOM@@android@@externalstorage, TOM@@qualTOMm@@uimremoteclient, TOM@@android@@htmlviewer, net@@oneplus@@wallpaperresources, TOM@@qualTOMm@@qti@@uceShimService, TOM@@android@@TOMpaniondevicemanager, TOM@@android@@mms@@service, TOM@@android@@providers@@downloads, TOM@@NM@@powermonitor, TOM@@android@@systemui@@overlay@@fingerprint@@anim@@none, NM@@frameworkres@@overlay@@display@@product, TOM@@android@@internal@@systemui@@onehanded@@gestural, vendor@@qti@@hardware@@cacert@@server, TOM@@oneplus@@brickmode, TOM@@oneplus@@deskclock, TOM@@NM@@interconnectcollectkit, TOM@@NM@@deepthinker, TOM@@NM@@qualityprotect, TOM@@qualTOMm@@qti@@gpudrivers@@msmnile@@api30, TOM@@mediatek@@omacp, TOM@@oneplus@@setupwizard, TOM@@qualTOMm@@qti@@telephonyservice, TOM@@android@@bluetooth@@NM@@overlay, TOM@@qualTOMm@@qti@@performancemode, android@@frameworkres@@overlay@@display@@product, TOM@@qualTOMm@@qti@@ridemodeaudio, TOM@@NM@@aod, TOM@@NM@@nhs, TOM@@NM@@ocs, TOM@@NM@@ota, TOM@@NM@@pay, TOM@@NM@@sau, TOM@@NM@@sos, vendor@@qti@@iwlan, TOM@@google@@android@@configupdater, TOM@@oneplus@@backuprestore, TOM@@NM@@exserviceui, TOM@@google@@android@@providers@@media@@module, TOM@@google@@android@@overlay@@modules@@permissioncontroller, TOM@@NM@@romupdate, TOM@@qualTOMm@@uimremoteserver, TOM@@qti@@confuridialer, TOM@@android@@systemui@@plugin@@globalactions@@wallet, TOM@@google@@ar@@core, TOM@@google@@ar@@lens, TOM@@android@@providers@@downloads@@ui, TOM@@android@@vending, TOM@@android@@pacprocessor, TOM@@android@@simappdialog, android@@overlay@@TOMmon, android@@frameworkres@@overlay@@captions@@product, TOM@@android@@internal@@display@@cutout@@emulation@@hole, TOM@@android@@internal@@display@@cutout@@emulation@@tall, TOM@@android@@certinstaller, TOM@@NM@@framework_bluetooth@@overlay, TOM@@android@@carrierconfig, TOM@@google@@android@@marvin@@talkback, TOM@@wapi@@wapicertmanage, TOM@@android@@internal@@systemui@@navbar@@threebutton, NM@@frameworkres@@overlay@@camera@@product, TOM@@qti@@qualTOMm@@datastatusnotification, android, TOM@@android@@hotwordenrollment@@xgoogle, TOM@@android@@contacts, TOM@@qualTOMm@@qti@@callfeaturessetting, TOM@@qualTOMm@@wfd@@service, TOM@@oneplus@@gallery, TOM@@NM@@notificationmanager, TOM@@qti@@qualTOMm@@deviceinfo, TOM@@ted@@number, TOM@@NM@@upgradeguide, TOM@@NM@@wifitest, TOM@@android@@egg, TOM@@android@@mms, TOM@@android@@mtp, TOM@@androi
03-26 22:13:17.299 I/OplusAppSwitchStateDispatcher( 1929): registerAppSwitchObserver addDynamicListener OK, info = OplusAppSwitchRuleInfo = {  observer = com.oplus.app.IOplusAppSwitchObserver$Stub$Proxy@2f150cc observerFingerPrint = 48079196} rule size =1
03-26 22:13:17.303 I/OplusAppSwitchManagerService( 1929): appswitch unregisterAppSwitchObserver pkgName = com.oplus.cosa config = OplusAppSwitchConfig = {  mConfigs = {} observerFingerPrint = 212528891}
03-26 22:13:17.303 I/OplusAppSwitchStateDispatcher( 1929): unregisterAppSwitchObserver ok, pkgName = com.oplus.cosa info = OplusAppSwitchRuleInfo = {  observer = null observerFingerPrint = 212528891}
03-26 22:13:17.331 I/ActivityManager( 1929): Start proc 16299:com.android.chrome/u0a143 for broadcast {com.android.chrome/org.chromium.chrome.browser.browserservices.InstalledWebappBroadcastReceiver}
03-26 22:13:17.338 W/LoadedApk( 1929): System took : 198ms in onReceive of class com.android.server.search.SearchManagerService$MyPackageMonitor for action : android.intent.action.PACKAGE_REMOVED
03-26 22:13:17.340 I/CompanionDeviceManagerService( 1929): Writing associations to disk: []
03-26 22:13:17.348 W/ActivityManager( 1929): Slow operation: 64ms so far, now at startProcess: done updating pids map
03-26 22:13:17.409 I/OplusJoystickManager( 1929): handleApplicationSwitch deprecated!
03-26 22:13:17.410 D/OplusEapManager( 1929): mTargetExitName :com.android.settings
03-26 22:13:17.411 D/TaskExtImpl( 1929): addColorModeOnResume resume=true pkg = com.android.launcher
03-26 22:13:17.411 D/VRR [OPlusFrontAppManager]( 1929): OnAppSwitchObserver: onAppExit , info.targetName = com.android.settings
03-26 22:13:17.411 D/VRR [OPlusFrontAppManager]( 1929): packageName: null
03-26 22:13:17.411 D/VRR [OPlusRefreshRateService]( 1929): handleFrontAppChange pkgName: null
03-26 22:13:17.411 D/VRR [OPlusExternalRefreshRateManager]( 1929): setFrontPackageName pkgName: null CurPkgName: com.android.settings
03-26 22:13:17.411 D/VRR [OPlusSurfaceFlingerController]( 1929):  setTouchIdleShouldPause : false
03-26 22:13:17.412 D/OplusEapManager( 1929): mTargetEnterName :com.android.launcher
03-26 22:13:17.412 D/VRR [OPlusFrontAppManager]( 1929): OnAppSwitchObserver: onAppEnter , info.targetName = com.android.launcher
03-26 22:13:17.412 D/VRR [OPlusFrontAppManager]( 1929): packageName: com.android.launcher
03-26 22:13:17.413 D/VRR [OPlusRefreshRateService]( 1929): handleFrontAppChange pkgName: com.android.launcher
03-26 22:13:17.413 D/VRR [OPlusExternalRefreshRateManager]( 1929): setFrontPackageName pkgName: com.android.launcher CurPkgName: null
03-26 22:13:17.415 D/VRR [OPlusRefreshRateService]( 1929):  setFrameRateTargetControl [ 0.0 , com.android.settings , false , com.oplus.battery ]
03-26 22:13:17.415 D/VRR [OPlusExternalRefreshRateManager]( 1929):  [FRTC] FrameRate : 0 com.android.settings false com.oplus.battery
03-26 22:13:17.415 D/VRR [OPlusSurfaceFlingerController]( 1929):  add frtc FrameRate : 0 com.android.settings false com.oplus.battery
03-26 22:13:17.419 D/CompatibilityChangeReporter( 1929): Compat change id reported: 168419799; UID 1000; state: DISABLED
03-26 22:13:17.424 V/WindowManager( 1929): Changing focus from null to Window{a899809 u0 com.android.launcher/com.android.launcher.Launcher},diplayid=0
03-26 22:13:17.424 D/CompactWindowManagerService( 1929): notifyCompactWindowState task: Task{604020b #2 type=undefined I=com.android.launcher/.Launcher U=0 rootTaskId=1 visible=true mode=fullscreen translucent=false sz=1}; hasFocus: true
03-26 22:13:17.424 D/ActivityTaskManager( 1929): onWindowFocusChanged Task{604020b #2 type=undefined I=com.android.launcher/.Launcher U=0 rootTaskId=1 visible=true mode=fullscreen translucent=false sz=1} would transfer to compact
03-26 22:13:17.433 D/OplusGameRotationService( 1929): lockRotationInGame: change state to 0
03-26 22:13:17.441 D/OplusGuardElfFeature( 1929): ICharger set value = 0
03-26 22:13:17.441 D/OplusGuardElfFeature( 1929): calling class name = ThermalControlUtils
03-26 22:13:17.441 D/OplusBatteryManager( 3813): set charge value = 0
03-26 22:13:17.456 D/CompatibilityChangeReporter( 1929): Compat change id reported: 135634846; UID 10098; state: DISABLED
03-26 22:13:17.456 D/CompatibilityChangeReporter( 1929): Compat change id reported: 177438394; UID 10098; state: DISABLED
03-26 22:13:17.456 D/CompatibilityChangeReporter( 1929): Compat change id reported: 135772972; UID 10098; state: DISABLED
03-26 22:13:17.457 D/CompatibilityChangeReporter( 1929): Compat change id reported: 135754954; UID 10098; state: ENABLED
03-26 22:13:17.457 D/CompatibilityChangeReporter( 1929): Compat change id reported: 143937733; UID 10098; state: ENABLED
03-26 22:13:17.484 D/CompactWindowManagerService( 1929): updateBackgroundSurface openingApp: ActivityRecord{7d668e8 u0 com.android.launcher/.Launcher t2}
03-26 22:13:17.485 D/OplusSplitScreenManagerService( 1929): isDragToSplitState mOplusSpiltScreenDnDUI is null, just return!
03-26 22:13:17.485 D/OplusSplitScreenManagerService( 1929): isDragToSplitState mOplusSpiltScreenDnDUI is null, just return!
03-26 22:13:17.485 D/OplusSplitScreenManagerService( 1929): isDragToSplitState mOplusSpiltScreenDnDUI is null, just return!
03-26 22:13:17.496 I/WindowStateExtImpl( 1929): onSurfaceShowChange show = true mPackageName = com.android.launcher parentPkgName = com.android.launcher
03-26 22:13:17.509 W/ActivityManager( 1929): Slow operation: 53ms so far, now at startProcess: returned from zygote!
03-26 22:13:17.515 W/ContextImpl( 6000): Calling a method in the system process without a qualified user: android.app.ContextImpl.startService:1819 android.content.ContextWrapper.startService:786 com.heytap.mcs.receiver.McsReceiver.a:13 com.heytap.mcs.receiver.McsReceiver.a:1 com.heytap.mcs.receiver.McsReceiver$a.run:40 
03-26 22:13:17.531 I/Quality ( 3712): Skipped: false 1 cost 29.526522 refreshRate 0 processName com.android.launcher
03-26 22:13:17.532 W/ActivityManager( 1929): Slow operation: 76ms so far, now at startProcess: done updating battery stats
03-26 22:13:17.532 W/ActivityManager( 1929): Slow operation: 76ms so far, now at startProcess: building log message
03-26 22:13:17.532 I/ActivityManager( 1929): Start proc 16337:com.google.android.apps.wellbeing/u0a98 for broadcast {com.google.android.apps.wellbeing/com.google.android.apps.wellbeing.common.receiver.coalescedreceivers.PackageFullyRemovedCoalescedBroadcast_Receiver}
03-26 22:13:17.532 W/ActivityManager( 1929): Slow operation: 76ms so far, now at startProcess: starting to update pids map
03-26 22:13:17.533 W/ActivityManager( 1929): Slow operation: 77ms so far, now at startProcess: done updating pids map
03-26 22:13:17.536 D/TaskChangeNotificationControllerExtImpl( 1929): Skip pass Snapshot to listener:android.app.ITaskStackListener$Stub$Proxy@53d698c
03-26 22:13:17.538 D/CompatibilityChangeReporter( 1929): Compat change id reported: 168419799; UID 10098; state: DISABLED
03-26 22:13:17.558 D/CompatibilityChangeReporter( 1929): Compat change id reported: 135634846; UID 10068; state: DISABLED
03-26 22:13:17.558 D/CompatibilityChangeReporter( 1929): Compat change id reported: 177438394; UID 10068; state: DISABLED
03-26 22:13:17.558 D/CompatibilityChangeReporter( 1929): Compat change id reported: 135772972; UID 10068; state: DISABLED
03-26 22:13:17.558 D/CompatibilityChangeReporter( 1929): Compat change id reported: 135754954; UID 10068; state: ENABLED
03-26 22:13:17.558 D/CompatibilityChangeReporter( 1929): Compat change id reported: 143937733; UID 10068; state: ENABLED
03-26 22:13:17.580 I/ActivityManager( 1929): Start proc 16362:com.google.android.documentsui/u0a68 for broadcast {com.google.android.documentsui/com.android.documentsui.PackageReceiver}
03-26 22:13:17.606 D/UsageStatsService( 1929): User[0] type=0 b=1774543338232 e=1774543397576 cb=1774542782973 ce=1774543397414 disk=0 all=25
03-26 22:13:17.610 D/CompatibilityChangeReporter( 1929): Compat change id reported: 168419799; UID 10068; state: DISABLED
03-26 22:13:17.628 D/CompatibilityChangeReporter( 1929): Compat change id reported: 135634846; UID 1000; state: DISABLED
03-26 22:13:17.628 D/CompatibilityChangeReporter( 1929): Compat change id reported: 177438394; UID 1000; state: DISABLED
03-26 22:13:17.628 D/CompatibilityChangeReporter( 1929): Compat change id reported: 135772972; UID 1000; state: DISABLED
03-26 22:13:17.628 D/CompatibilityChangeReporter( 1929): Compat change id reported: 135754954; UID 1000; state: ENABLED
03-26 22:13:17.674 I/ActivityManager( 1929): Start proc 16383:com.heytap.mcs:instant/1000 for broadcast {com.heytap.mcs/org.hapjs.features.service.exchange.receiver.PackageRemoveReceiver}
03-26 22:13:17.715 D/OplusProxyWakeLock( 1929): remove uid: 10259 wiht all pids from wakelockUidInfo list
03-26 22:13:17.715 D/CompatibilityChangeReporter( 1929): Compat change id reported: 168419799; UID 10259; state: DISABLED
03-26 22:13:17.716 D/CompatibilityChangeReporter( 1929): Compat change id reported: 135634846; UID 10064; state: DISABLED
03-26 22:13:17.716 D/CompatibilityChangeReporter( 1929): Compat change id reported: 177438394; UID 10064; state: DISABLED
03-26 22:13:17.716 D/CompatibilityChangeReporter( 1929): Compat change id reported: 135772972; UID 10064; state: DISABLED
03-26 22:13:17.716 D/CompatibilityChangeReporter( 1929): Compat change id reported: 135754954; UID 10064; state: ENABLED
03-26 22:13:17.717 D/CompatibilityChangeReporter( 1929): Compat change id reported: 143937733; UID 10064; state: ENABLED
03-26 22:13:17.735 I/ActivityManager( 1929): Start proc 16402:com.android.providers.downloads/u0a64 for broadcast {com.android.providers.downloads/com.android.providers.downloads.DownloadReceiver}
03-26 22:13:17.745 D/UsageStatsService( 1929): User[0] type=0 b=1774543397576 e=1774543397731 cb=1774542782973 ce=1774543397645 disk=0 all=0
03-26 22:13:17.823 W/LoadedApk( 1929): System took : 469ms in onReceive of class android.content.pm.RegisteredServicesCache$1 for action : android.intent.action.PACKAGE_REMOVED
03-26 22:13:17.894 V/OplusZoomWindowManagerService( 1929): onAnimationFinished:  r = ActivityRecord{7c7c319 u0 com.android.settings/.applications.InstalledAppDetails t279 f}}
03-26 22:13:17.896 V/OplusZoomWindowManagerService( 1929): onAnimationFinished:  r = ActivityRecord{7d668e8 u0 com.android.launcher/.Launcher t2}
03-26 22:13:17.896 I/OplusAppSwitchManagerService( 1929):  handleAppVisible , r = ActivityRecord{7d668e8 u0 com.android.launcher/.Launcher t2}
03-26 22:13:17.911 D/CompatibilityChangeReporter( 1929): Compat change id reported: 168419799; UID 1000; state: DISABLED
03-26 22:13:17.912 W/OplusSelfProtectManager( 1929): pkg[com.android.keychain] not in policy list
03-26 22:13:17.932 I/VRR [OPlusRefreshRateManager]( 1929): hasADFRFeature return false
03-26 22:13:17.932 I/DisplayManagerService( 1929): Comparing display specs: baseModeId=1 allowGroupSwitching=false primaryRefreshRateRange=[0 60] appRequestRefreshRateRange=[0 60] vrrPolicy=POLICY_DEFAULT, existing: baseModeId=1 allowGroupSwitching=false primaryRefreshRateRange=[0 60] appRequestRefreshRateRange=[0 60] vrrPolicy=POLICY_DEFAULT
03-26 22:13:18.065 D/CompatibilityChangeReporter( 1929): Compat change id reported: 177438394; UID 10244; state: DISABLED
03-26 22:13:18.066 D/CompatibilityChangeReporter( 1929): Compat change id reported: 135772972; UID 10244; state: DISABLED
03-26 22:13:18.066 D/CompatibilityChangeReporter( 1929): Compat change id reported: 135754954; UID 10244; state: ENABLED
03-26 22:13:18.066 D/CompatibilityChangeReporter( 1929): Compat change id reported: 143937733; UID 10244; state: ENABLED
03-26 22:13:18.080 I/ActivityManager( 1929): Start proc 16502:com.google.android.apps.docs/u0a244 for content provider {com.google.android.apps.docs/com.google.android.apps.docs.storagebackend.StorageBackendContentProvider}
03-26 22:13:18.080 E/OplusCustomizeRestrictionManager(16362): sInstance is null, start a new sInstance
03-26 22:13:18.137 V/OplusZoomWindowDecorViewHelper(12735): removeZoomView
03-26 22:13:18.185 D/OplusMirageWindowManagerService( 1929): onTaskRemoved displayid:0 taskId:279 callers:com.android.server.wm.TaskDisplayArea.removeChildTask:430 com.android.server.wm.TaskDisplayArea.removeChild:419 com.android.server.wm.WindowContainer.removeImmediately:687 com.android.server.wm.Task.removeImmediately:3478 com.android.server.wm.Task.removeIfPossible:1064 
03-26 22:13:18.185 I/OplusScreenSecurityMask( 1929): onStackRemoved task = Task{9709260 #279 type=standard A=1000:.applications.InstalledAppDetailsTop U=0 visible=false mode=fullscreen translucent=true sz=0} record = null displayId = 0
03-26 22:13:18.186 D/CompactWindowManagerService( 1929): notifyCompactWindowState task: Task{c8acfff #1 type=undefined ?? U=0 visible=true mode=fullscreen translucent=false sz=1}; hasFocus: true
03-26 22:13:18.186 D/TaskExtImpl( 1929): remove ActivityRecord{7c7c319 u0 com.android.settings/.applications.InstalledAppDetails t-1 f}} to mActivityRecordSum = Counter{ }
03-26 22:13:18.189 W/ActivityTaskManager( 1929): Can't find TaskDisplayArea to determine support for multi window. Task id=279 attached=false
03-26 22:13:18.189 W/ActivityTaskManager( 1929): Can't find TaskDisplayArea to determine support for multi window. Task id=279 attached=false
03-26 22:13:18.189 D/OplusAppListInterceptManager( 1929): shouldFilterTask
03-26 22:13:18.189 D/OplusAppListInterceptManager( 1929): shouldFilterTask::packageName = com.dearmoon.shield.ransim
03-26 22:13:18.189 D/OplusAppListInterceptManager( 1929): shouldFilterTask
03-26 22:13:18.189 D/OplusAppListInterceptManager( 1929): shouldFilterTask::packageName = com.android.chrome
03-26 22:13:18.189 D/OplusAppListInterceptManager( 1929): shouldFilterTask
03-26 22:13:18.189 D/OplusAppListInterceptManager( 1929): shouldFilterTask::packageName = com.google.android.apps.youtube.music
03-26 22:13:18.190 D/OplusAppListInterceptManager( 1929): shouldFilterTask
03-26 22:13:18.190 D/OplusAppListInterceptManager( 1929): shouldFilterTask::packageName = com.google.android.youtube
03-26 22:13:18.191 D/OplusAppListInterceptManager( 1929): shouldFilterTask
03-26 22:13:18.191 D/OplusAppListInterceptManager( 1929): shouldFilterTask::packageName = com.dearmoon.shield.ransim
03-26 22:13:18.191 D/OplusAppListInterceptManager( 1929): shouldFilterTask
03-26 22:13:18.191 D/OplusAppListInterceptManager( 1929): shouldFilterTask::packageName = com.android.chrome
03-26 22:13:18.191 D/OplusAppListInterceptManager( 1929): shouldFilterTask
03-26 22:13:18.191 D/OplusAppListInterceptManager( 1929): shouldFilterTask::packageName = com.google.android.apps.youtube.music
03-26 22:13:18.191 D/OplusAppListInterceptManager( 1929): shouldFilterTask
03-26 22:13:18.191 D/OplusAppListInterceptManager( 1929): shouldFilterTask::packageName = com.google.android.youtube
03-26 22:13:18.425 D/CompatibilityChangeReporter( 1929): Compat change id reported: 135634846; UID 1000; state: DISABLED
03-26 22:13:18.425 D/CompatibilityChangeReporter( 1929): Compat change id reported: 177438394; UID 1000; state: DISABLED
03-26 22:13:18.425 D/CompatibilityChangeReporter( 1929): Compat change id reported: 135772972; UID 1000; state: DISABLED
03-26 22:13:18.425 D/CompatibilityChangeReporter( 1929): Compat change id reported: 135754954; UID 1000; state: ENABLED
03-26 22:13:18.445 I/ActivityManager( 1929): Start proc 16639:com.heytap.mcs:instant_provider/1000 for content provider {com.heytap.mcs/org.hapjs.bridge.provider.adapter.SettingsProvider}
03-26 22:13:18.564 W/ContextImpl(16383): Calling a method in the system process without a qualified user: android.app.ContextImpl.sendBroadcast:1175 android.content.ContextWrapper.sendBroadcast:489 com.heytap.msp.v2.base.MspBaseApplication.lambda$sendSubProcessStartBroadCast$0:4 com.heytap.msp.v2.base.MspBaseApplication.a:0 com.heytap.msp.v2.base.a.run:4 
03-26 22:13:18.717 W/PackageManager( 1929): package unknown uid 10244 pid 16502 call SetEnabledSetting(com.google.android.apps.docs component = com.google.android.apps.docs.drive.filepicker.GetMetadataActivity, 1, 0x1, 0)
03-26 22:13:18.844 W/PackageManager( 1929): package unknown uid 10244 pid 16502 call SetEnabledSetting(com.google.android.apps.docs component = com.google.android.apps.docs.drive.clipboard.SendTextToClipboardActivity, 2, 0x1, 0)
03-26 22:13:19.079 W/ContextImpl(16639): Calling a method in the system process without a qualified user: android.app.ContextImpl.sendBroadcast:1175 android.content.ContextWrapper.sendBroadcast:489 com.heytap.msp.v2.base.MspBaseApplication.lambda$sendSubProcessStartBroadCast$0:4 com.heytap.msp.v2.base.MspBaseApplication.a:0 com.heytap.msp.v2.base.a.run:4 
03-26 22:13:19.101 W/PackageManager( 1929): package unknown uid 10244 pid 16502 call SetEnabledSetting(com.google.android.apps.docs component = com.google.android.apps.docs.sync.syncadapter.DocsSyncAdapterService, 0, 0x1, 0)
03-26 22:13:19.102 W/PackageManager( 1929): package unknown uid 10244 pid 16502 call SetEnabledSetting(com.google.android.apps.docs component = com.google.android.apps.docs.storagebackend.LegacyStorageBackendContentProvider, 0, 0x1, 0)
03-26 22:13:19.115 W/PackageManager( 1929): package unknown uid 10244 pid 16502 call SetEnabledSetting(com.google.android.apps.docs component = com.google.android.apps.docs.storagebackend.StorageBackendContentProvider, 0, 0x1, 0)
03-26 22:13:19.115 W/PackageManager( 1929): package unknown uid 10244 pid 16502 call SetEnabledSetting(com.google.android.apps.docs component = com.google.android.apps.docs.drive.directsharing.ChooserTargetService, 0, 0x1, 0)
03-26 22:13:19.116 W/PackageManager( 1929): package unknown uid 10244 pid 16502 call SetEnabledSetting(com.google.android.apps.docs component = com.google.android.apps.docs.common.shareitem.UploadMenuActivity, 0, 0x1, 0)
03-26 22:13:19.116 W/PackageManager( 1929): package unknown uid 10244 pid 16502 call SetEnabledSetting(com.google.android.apps.docs component = com.google.android.apps.viewer.PdfViewerActivity, 0, 0x1, 0)
