--------- beginning of crash
01-24 16:04:03.414 F/libc    (  777): Fatal signal 6 (SIGABRT), code -1 (SI_QUEUE) in tid 777 (init), pid 777 (init)
01-24 16:04:03.426 F/libc    (  777): crash_dump helper failed to exec, or was killed
01-24 16:04:03.428 F/libc    (  781): Fatal signal 6 (SIGABRT), code -1 (SI_QUEUE) in tid 781 (init), pid 781 (init)
01-24 16:04:03.434 F/libc    (  781): crash_dump helper failed to exec, or was killed
03-26 22:03:14.623 F/libc    ( 4641): Fatal signal 6 (SIGABRT), code -1 (SI_QUEUE) in tid 4641 (init), pid 4641 (init)
03-26 22:03:14.710 F/libc    ( 4641): crash_dump helper failed to exec, or was killed
--------- beginning of system
03-26 22:13:02.728 D/OplusAppListInterceptManager( 1929): shouldFilterTask
03-26 22:13:02.728 D/OplusAppListInterceptManager( 1929): shouldFilterTask::packageName = com.google.android.apps.youtube.music
03-26 22:13:02.728 D/OplusAppListInterceptManager( 1929): shouldFilterTask
03-26 22:13:02.728 D/OplusAppListInterceptManager( 1929): shouldFilterTask::packageName = com.google.android.youtube
03-26 22:13:02.786 I/WindowStateExtImpl( 1929): onSurfaceShowChange show = true mPackageName = com.android.launcher parentPkgName = com.android.launcher
03-26 22:13:02.794 D/AutofillManagerService( 1929): Close system dialogs
03-26 22:13:02.795 D/OplusZoomWindowManagerService( 1929): hideZoomWindow, caller: 3712
03-26 22:13:02.795 E/OplusZoomWindowManagerService( 1929): hideZoomWindow fail, zoomStack null
03-26 22:13:02.796 V/AutofillUI( 1929): hideSaveUiUiThread(): mSaveUi=null, callback=null, mCallback=null
03-26 22:13:03.298 E/OplusZoomWindowManagerService( 1929): null stack in getZoomScaleRect
03-26 22:13:03.373 V/WindowManager( 1929): Changing focus from Window{a05ecac u0 com.dearmoon.shield/com.dearmoon.shield.MainActivity} to Window{1829fa6 u0 NotificationShade},diplayid=0
03-26 22:13:03.373 D/CompactWindowManagerService( 1929): notifyCompactWindowState task: Task{315cdfb #278 type=standard A=10281:com.dearmoon.shield U=0 visible=true mode=fullscreen translucent=false sz=1}; hasFocus: false
03-26 22:13:03.398 D/TaskChangeNotificationControllerExtImpl( 1929): Skip pass Snapshot to listener:android.app.ITaskStackListener$Stub$Proxy@53d698c
03-26 22:13:03.417 D/TaskExtImpl( 1929): addColorModeOnResume resume=true pkg = com.android.launcher
03-26 22:13:03.420 D/CompactWindowManagerService( 1929): notifyCompactWindowState task: Task{c8acfff #1 type=undefined ?? U=0 visible=true mode=fullscreen translucent=false sz=1}; hasFocus: true
03-26 22:13:03.430 D/CompactWindowManagerService( 1929): updateBackgroundSurface openingApp: ActivityRecord{7d668e8 u0 com.android.launcher/.Launcher t2}
03-26 22:13:03.430 D/OplusSplitScreenManagerService( 1929): isDragToSplitState mOplusSpiltScreenDnDUI is null, just return!
03-26 22:13:03.430 D/OplusKeepAliveManager( 1929): TOP_APP is ProcessRecord{3eb8ff5 3712:com.android.launcher/u0a174} uid is 10174
03-26 22:13:03.430 V/OplusZoomWindowManagerService( 1929): onAnimationFinished:  r = ActivityRecord{5b5d468 u0 com.dearmoon.shield/.MainActivity t278}
03-26 22:13:03.430 E/OplusThermalStats( 1929): Error getting package info: com.android.launcher
03-26 22:13:03.431 I/OplusAppSwitchManagerService( 1929):  handleAppVisible , r = ActivityRecord{7d668e8 u0 com.android.launcher/.Launcher t2}
03-26 22:13:03.439 I/OplusJoystickManager( 1929): handleApplicationSwitch deprecated!
03-26 22:13:03.440 D/OplusEapManager( 1929): mTargetExitName :com.dearmoon.shield
03-26 22:13:03.440 D/VRR [OPlusFrontAppManager]( 1929): OnAppSwitchObserver: onAppExit , info.targetName = com.dearmoon.shield
03-26 22:13:03.441 D/VRR [OPlusFrontAppManager]( 1929): packageName: null
03-26 22:13:03.441 D/VRR [OPlusRefreshRateService]( 1929): handleFrontAppChange pkgName: null
03-26 22:13:03.441 D/VRR [OPlusExternalRefreshRateManager]( 1929): setFrontPackageName pkgName: null CurPkgName: com.dearmoon.shield
03-26 22:13:03.442 D/OplusEapManager( 1929): mTargetEnterName :com.android.launcher
03-26 22:13:03.443 D/VRR [OPlusFrontAppManager]( 1929): OnAppSwitchObserver: onAppEnter , info.targetName = com.android.launcher
03-26 22:13:03.443 D/VRR [OPlusFrontAppManager]( 1929): packageName: com.android.launcher
03-26 22:13:03.443 D/VRR [OPlusRefreshRateService]( 1929): handleFrontAppChange pkgName: com.android.launcher
03-26 22:13:03.443 D/VRR [OPlusExternalRefreshRateManager]( 1929): setFrontPackageName pkgName: com.android.launcher CurPkgName: null
03-26 22:13:03.455 D/VRR [OPlusRefreshRateService]( 1929):  setFrameRateTargetControl [ 0.0 , com.dearmoon.shield , false , com.oplus.battery ]
03-26 22:13:03.455 D/VRR [OPlusExternalRefreshRateManager]( 1929):  [FRTC] FrameRate : 0 com.dearmoon.shield false com.oplus.battery
03-26 22:13:03.455 D/OplusAppListInterceptManager( 1929): shouldFilterTask
03-26 22:13:03.455 D/OplusAppListInterceptManager( 1929): shouldFilterTask::packageName = com.dearmoon.shield
03-26 22:13:03.455 D/OplusAppListInterceptManager( 1929): shouldFilterTask
03-26 22:13:03.455 D/OplusAppListInterceptManager( 1929): shouldFilterTask::packageName = com.dearmoon.shield.ransim
03-26 22:13:03.455 D/OplusAppListInterceptManager( 1929): shouldFilterTask
03-26 22:13:03.455 D/OplusAppListInterceptManager( 1929): shouldFilterTask::packageName = com.android.chrome
03-26 22:13:03.455 D/OplusAppListInterceptManager( 1929): shouldFilterTask
03-26 22:13:03.455 D/OplusAppListInterceptManager( 1929): shouldFilterTask::packageName = com.google.android.apps.youtube.music
03-26 22:13:03.456 D/VRR [OPlusSurfaceFlingerController]( 1929):  add frtc FrameRate : 0 com.dearmoon.shield false com.oplus.battery
03-26 22:13:03.457 D/OplusGameRotationService( 1929): lockRotationInGame: change state to 0
03-26 22:13:03.458 D/OplusGuardElfFeature( 1929): ICharger set value = 0
03-26 22:13:03.458 D/OplusGuardElfFeature( 1929): calling class name = ThermalControlUtils
03-26 22:13:03.459 D/OplusBatteryManager( 3813): set charge value = 0
03-26 22:13:03.463 I/VRR [OPlusRefreshRateManager]( 1929): hasADFRFeature return false
03-26 22:13:03.463 I/DisplayManagerService( 1929): Comparing display specs: baseModeId=1 allowGroupSwitching=false primaryRefreshRateRange=[0 60] appRequestRefreshRateRange=[0 60] vrrPolicy=POLICY_DEFAULT, existing: baseModeId=1 allowGroupSwitching=false primaryRefreshRateRange=[0 60] appRequestRefreshRateRange=[0 60] vrrPolicy=POLICY_DEFAULT
03-26 22:13:03.467 W/ProcessStats( 1929): Tracking association SourceState{ea9c17c system/1000 BTopFgs #10623} whose proc state 2 is better than process ProcessState{4944c5 com.dearmoon.shield/10281 pkg=com.dearmoon.shield} proc state 3 (53 skipped)
03-26 22:13:03.474 D/OplusProxyWakeLock( 1929): remove uid: 10277 wiht all pids from wakelockUidInfo list
03-26 22:13:03.555 D/OplusAppListInterceptManager( 1929): shouldFilterTask
03-26 22:13:03.555 D/OplusAppListInterceptManager( 1929): shouldFilterTask::packageName = com.dearmoon.shield
03-26 22:13:03.555 D/OplusAppListInterceptManager( 1929): shouldFilterTask
03-26 22:13:03.555 D/OplusAppListInterceptManager( 1929): shouldFilterTask::packageName = com.dearmoon.shield.ransim
03-26 22:13:03.936 E/OplusCustomizeRestrictionManagerService( 1929): isBiometricDisabled start
03-26 22:13:03.936 E/OplusCustomizeRestrictionManagerService( 1929): isBiometricDisabled start
03-26 22:13:04.412 D/UsageStatsService( 1929): User[0] type=0 b=1774543207659 e=1774543384412 cb=1774542782973 ce=1774543383907 disk=0 all=33
03-26 22:13:04.439 W/ActivityManager( 1929): Receiver with filter android.content.IntentFilter@223e114 already registered for pid 3197, callerPackage is com.android.systemui
03-26 22:13:05.432 E/OplusZoomWindowManagerService( 1929): null stack in getZoomScaleRect
03-26 22:13:06.836 E/OplusZoomWindowManagerService( 1929): null stack in getZoomScaleRect
03-26 22:13:08.190 E/OplusZoomWindowManagerService( 1929): null stack in getZoomScaleRect
03-26 22:13:08.746 E/OplusZoomWindowManagerService( 1929): null stack in getZoomScaleRect
03-26 22:13:08.859 E/OplusCustomizeRestrictionManagerService( 1929): isBiometricDisabled start
03-26 22:13:08.859 E/OplusCustomizeRestrictionManagerService( 1929): isBiometricDisabled start
03-26 22:13:09.361 V/WindowManager( 1929): Changing focus from Window{1829fa6 u0 NotificationShade} to Window{a899809 u0 com.android.launcher/com.android.launcher.Launcher},diplayid=0
03-26 22:13:09.362 D/CompactWindowManagerService( 1929): notifyCompactWindowState task: Task{604020b #2 type=undefined I=com.android.launcher/.Launcher U=0 rootTaskId=1 visible=true mode=fullscreen translucent=false sz=1}; hasFocus: true
03-26 22:13:09.362 D/ActivityTaskManager( 1929): onWindowFocusChanged Task{604020b #2 type=undefined I=com.android.launcher/.Launcher U=0 rootTaskId=1 visible=true mode=fullscreen translucent=false sz=1} would transfer to compact
03-26 22:13:09.693 E/OplusZoomWindowManagerService( 1929): null stack in getZoomScaleRect
03-26 22:13:10.126 I/Quality ( 3712): Skipped: false 1 cost 17.707047 refreshRate 0 processName com.android.launcher
03-26 22:13:11.845 E/OplusZoomWindowManagerService( 1929): null stack in getZoomScaleRect
03-26 22:13:11.944 I/ActivityTaskManager( 1929): START u0 {act=android.settings.APPLICATION_DETAILS_SETTINGS dat=package:com.dearmoon.shield flg=0x10008000 cmp=com.android.settings/.applications.InstalledAppDetails bnds=[57,450][636,563] (has extras) mCallingUid=10174} from uid 10174
03-26 22:13:11.950 D/CompactWindowManagerService( 1929): handleTaskCreated task: Task{9709260 #279 type=undefined ?? U=0 visible=false mode=undefined translucent=true sz=0}
03-26 22:13:11.950 W/ActivityTaskManager( 1929): Can't find TaskDisplayArea to determine support for multi window. Task id=279 attached=false
03-26 22:13:11.950 D/OplusZoomWindowManagerService( 1929): onConfigurationChanged rotation not changed - prevRotation: 0
03-26 22:13:11.951 D/CompactWindowManagerService( 1929): notifyCompactWindowState task: Task{c8acfff #1 type=undefined ?? U=0 visible=true mode=fullscreen translucent=false sz=1}; hasFocus: true
03-26 22:13:11.951 I/OplusScreenSecurityMask( 1929): onStackAdded task = Task{9709260 #279 type=undefined ?? U=0 visible=false mode=fullscreen translucent=true sz=0} record = null displayId = 0
03-26 22:13:11.951 I/OplusScreenSecurityMask( 1929): onStackAdded task = Task{9709260 #279 type=standard A=1000:.applications.InstalledAppDetailsTop U=0 visible=false mode=fullscreen translucent=true sz=0} record = null displayId = 0
03-26 22:13:11.952 D/CompactWindowManagerService( 1929): onOriginListAdded child: ActivityRecord{7c7c319 u0 com.android.settings/.applications.InstalledAppDetails t279}; parent: Task{9709260 #279 type=standard A=1000:.applications.InstalledAppDetailsTop U=0 visible=true mode=fullscreen translucent=true sz=1}
03-26 22:13:11.952 I/OplusCompactWindowManagerService( 1929): supportMultiResume :true in package :com.android.settings
03-26 22:13:11.952 D/TaskExtImpl( 1929): add ActivityRecord{7c7c319 u0 com.android.settings/.applications.InstalledAppDetails t279} to mActivityRecordSum = Counter{ com.android.settings/.applications.InstalledAppDetails(1) }
03-26 22:13:11.953 D/ActivityTaskManager( 1929): getStartingWindowType: newTask=true, taskSwitch=true, processRunning=true, allowTaskSnapshot=true, activityCreated=false, snapshot=null, record:ActivityRecord{7c7c319 u0 com.android.settings/.applications.InstalledAppDetails t279}
03-26 22:13:11.953 D/OplusStartingWindowManager( 1929): window attributes color: 0 icon null duration 0 brandImage null
03-26 22:13:11.953 V/OplusZoomWindowManagerService( 1929): windowMode: 0 ,stack: Task{9709260 #279 type=standard A=1000:.applications.InstalledAppDetailsTop U=0 visible=true mode=fullscreen translucent=true sz=1}
03-26 22:13:11.953 D/OplusZoomWindowRUSConfigManager( 1929): isSupportZoomModeWithPolicyLocked: target = com.android.settings/.applications.InstalledAppDetailsTop
03-26 22:13:11.953 D/OplusZoomWindowRUSConfigManager( 1929): targetPkg = com.android.settings
03-26 22:13:11.953 I/OplusZoomWindowRUSConfigManager( 1929): target pkg is unsupport zoom window mode
03-26 22:13:11.959 I/ActivityTaskManager( 1929): The Process com.android.settings Already Exists in BG. So sending its PID: 12735
03-26 22:13:11.960 W/ActivityTaskManager( 1929): Tried to set launchTime (0) < mLastActivityLaunchTime (198402)
03-26 22:13:11.960 D/OplusDexOptimizeManager( 1929): Do not in AppLaunchOptList!
03-26 22:13:11.962 I/OplusJoystickManager( 1929): handleApplicationSwitch deprecated!
03-26 22:13:11.962 D/OplusEapManager( 1929): mTargetExitName :com.android.launcher
03-26 22:13:11.962 D/VRR [OPlusFrontAppManager]( 1929): OnAppSwitchObserver: onAppExit , info.targetName = com.android.launcher
03-26 22:13:11.962 D/VRR [OPlusFrontAppManager]( 1929): packageName: null
03-26 22:13:11.962 D/VRR [OPlusRefreshRateService]( 1929): handleFrontAppChange pkgName: null
03-26 22:13:11.962 V/WindowManager( 1929): Changing focus from Window{a899809 u0 com.android.launcher/com.android.launcher.Launcher} to null,diplayid=0
03-26 22:13:11.962 D/CompactWindowManagerService( 1929): notifyCompactWindowState task: Task{604020b #2 type=undefined I=com.android.launcher/.Launcher U=0 rootTaskId=1 visible=false mode=fullscreen translucent=true sz=1}; hasFocus: false
03-26 22:13:11.963 D/OplusEapManager( 1929): mTargetEnterName :com.android.settings
03-26 22:13:11.963 D/VRR [OPlusFrontAppManager]( 1929): OnAppSwitchObserver: onAppEnter , info.targetName = com.android.settings
03-26 22:13:11.963 D/VRR [OPlusFrontAppManager]( 1929): packageName: com.android.settings
03-26 22:13:11.964 D/VRR [OPlusExternalRefreshRateManager]( 1929): setFrontPackageName pkgName: null CurPkgName: com.android.launcher
03-26 22:13:11.964 D/VRR [OPlusRefreshRateService]( 1929): handleFrontAppChange pkgName: com.android.settings
03-26 22:13:11.964 D/VRR [OPlusExternalRefreshRateManager]( 1929): setFrontPackageName pkgName: com.android.settings CurPkgName: null
03-26 22:13:11.964 D/VRR [OPlusExternalRefreshRateManager]( 1929):  [OTI] handleTouchIdleState: backlist
03-26 22:13:11.964 D/VRR [OPlusSurfaceFlingerController]( 1929):  setTouchIdleShouldPause : true
03-26 22:13:11.966 D/VRR [OPlusRefreshRateService]( 1929):  setFrameRateTargetControl [ 0.0 , com.android.launcher , false , com.oplus.battery ]
03-26 22:13:11.966 D/VRR [OPlusExternalRefreshRateManager]( 1929):  [FRTC] FrameRate : 0 com.android.launcher false com.oplus.battery
03-26 22:13:11.967 D/VRR [OPlusSurfaceFlingerController]( 1929):  add frtc FrameRate : 0 com.android.launcher false com.oplus.battery
03-26 22:13:11.971 D/OplusGameRotationService( 1929): lockRotationInGame: change state to 0
03-26 22:13:11.975 D/OplusKeepAliveManager( 1929): TOP_APP is ProcessRecord{de3668e 12735:com.android.settings/1000} uid is 1000
03-26 22:13:11.975 E/OplusThermalStats( 1929): Error getting package info: com.android.settings
03-26 22:13:11.976 D/OplusGuardElfFeature( 1929): ICharger set value = 0
03-26 22:13:11.976 D/OplusGuardElfFeature( 1929): calling class name = ThermalControlUtils
03-26 22:13:11.977 D/OplusBatteryManager( 3813): set charge value = 0
03-26 22:13:12.066 I/Quality (12735): ActivityThread: activityStart delay 103 com.android.settings 12735
03-26 22:13:12.067 D/OplusAppListInterceptManager( 1929): shouldFilterTask
03-26 22:13:12.067 D/OplusAppListInterceptManager( 1929): shouldFilterTask::packageName = com.android.settings
03-26 22:13:12.067 D/OplusAppListInterceptManager( 1929): shouldFilterTask
03-26 22:13:12.067 D/OplusAppListInterceptManager( 1929): shouldFilterTask::packageName = com.dearmoon.shield
03-26 22:13:12.201 I/Quality (12735): ActivityThread: activityResume delay 102 com.android.settings 12735
03-26 22:13:12.215 V/WindowManager( 1929): Changing focus from null to Window{602b0d9 u0 com.android.settings/com.android.settings.applications.InstalledAppDetails},diplayid=0
03-26 22:13:12.215 D/CompactWindowManagerService( 1929): notifyCompactWindowState task: Task{9709260 #279 type=standard A=1000:.applications.InstalledAppDetailsTop U=0 visible=true mode=fullscreen translucent=false sz=1}; hasFocus: true
03-26 22:13:12.215 D/ActivityTaskManager( 1929): onWindowFocusChanged Task{9709260 #279 type=standard A=1000:.applications.InstalledAppDetailsTop U=0 visible=true mode=fullscreen translucent=false sz=1} would transfer to compact
03-26 22:13:12.217 V/OplusZoomWindowDecorViewHelper(12735): setLastReportedMergedConfiguration mZoomDisplayHeight: 2400 getDecorView.31021896
03-26 22:13:12.254 I/Quality (12735): Skipped: false 1 cost 31.022236 refreshRate 0 processName com.android.settings
03-26 22:13:12.259 D/CompactWindowManagerService( 1929): updateBackgroundSurface openingApp: ActivityRecord{7c7c319 u0 com.android.settings/.applications.InstalledAppDetails t279}
03-26 22:13:12.259 D/OplusSplitScreenManagerService( 1929): isDragToSplitState mOplusSpiltScreenDnDUI is null, just return!
03-26 22:13:12.265 I/Quality ( 1929): LaunchTime2.0: com.android.settings/.applications.InstalledAppDetails 2 309
03-26 22:13:12.272 I/iopgp   ( 3548): Iopgp: TRANSACTION_IOPGP_ON_REPORT_FULLY_DRAWN sequence_id = 1 title =  timestamp_nanos = 685288596351
03-26 22:13:12.528 V/OplusZoomWindowManagerService( 1929): onAnimationFinished:  r = ActivityRecord{7d668e8 u0 com.android.launcher/.Launcher t2}
03-26 22:13:12.531 V/OplusZoomWindowManagerService( 1929): onAnimationFinished:  r = ActivityRecord{7c7c319 u0 com.android.settings/.applications.InstalledAppDetails t279}
03-26 22:13:12.531 I/OplusAppSwitchManagerService( 1929):  handleAppVisible , r = ActivityRecord{7c7c319 u0 com.android.settings/.applications.InstalledAppDetails t279}
03-26 22:13:12.533 I/WindowStateExtImpl( 1929): onSurfaceShowChange show = false mPackageName = com.android.launcher parentPkgName = com.android.launcher
03-26 22:13:12.534 I/VRR [OPlusRefreshRateManager]( 1929): hasADFRFeature return false
03-26 22:13:12.534 I/DisplayManagerService( 1929): Comparing display specs: baseModeId=1 allowGroupSwitching=false primaryRefreshRateRange=[0 60] appRequestRefreshRateRange=[0 60] vrrPolicy=POLICY_DEFAULT, existing: baseModeId=1 allowGroupSwitching=false primaryRefreshRateRange=[0 60] appRequestRefreshRateRange=[0 60] vrrPolicy=POLICY_DEFAULT
03-26 22:13:12.940 E/OplusZoomWindowManagerService( 1929): null stack in getZoomScaleRect
03-26 22:13:13.084 V/WindowManager( 1929): Changing focus from Window{602b0d9 u0 com.android.settings/com.android.settings.applications.InstalledAppDetails} to Window{f9cd929 u0 com.android.settings/com.android.settings.applications.InstalledAppDetails},diplayid=0
03-26 22:13:13.088 V/OplusZoomWindowDecorViewHelper(12735): setLastReportedMergedConfiguration mZoomDisplayHeight: 2400 getDecorView.185592341
03-26 22:13:13.880 V/WindowOrientationListener( 1929): onSensorChanged mDesiredRotation = 4
03-26 22:13:14.388 E/OplusZoomWindowManagerService( 1929): null stack in getZoomScaleRect
03-26 22:13:14.481 V/OplusZoomWindowDecorViewHelper(12735): removeZoomView
03-26 22:13:14.486 V/WindowManager( 1929): Changing focus from Window{f9cd929 u0 com.android.settings/com.android.settings.applications.InstalledAppDetails EXITING} to Window{602b0d9 u0 com.android.settings/com.android.settings.applications.InstalledAppDetails},diplayid=0
03-26 22:13:15.040 E/OplusZoomWindowManagerService( 1929): null stack in getZoomScaleRect
03-26 22:13:15.157 E/UserRestrictionsUtils( 1929): Unknown restriction queried by uid 1000 (com.oplus.qualityprotect et al): com.dearmoon.shield
03-26 22:13:15.159 I/DropBoxManagerService( 1929): add tag=system_server_wtf isTagEnabled=true flags=0x2
03-26 22:13:15.161 D/DropBoxManagerService( 1929): file :: /data/system/dropbox/system_server_wtf@1774543395160.txt
03-26 22:13:15.167 I/ActivityTaskManager( 1929): START u0 {act=android.intent.action.UNINSTALL_PACKAGE dat=package:com.dearmoon.shield cmp=com.google.android.packageinstaller/com.android.packageinstaller.UninstallerActivity (has extras) mCallingUid=1000} from uid 1000
03-26 22:13:15.175 D/OplusZoomWindowRUSConfigManager( 1929): isSupportZoomModeWithPolicyLocked: target = com.google.android.packageinstaller/com.android.packageinstaller.UninstallerActivity
03-26 22:13:15.175 D/OplusZoomWindowRUSConfigManager( 1929): targetPkg = com.google.android.packageinstaller
03-26 22:13:15.175 V/OplusZoomWindowManagerService( 1929): unSupportZoom: false ,callingPid: 12735 ,sourceStack: Task{9709260 #279 type=standard A=1000:.applications.InstalledAppDetailsTop U=0 visible=true mode=fullscreen translucent=false sz=1}
03-26 22:13:15.177 D/CompatibilityChangeReporter( 1929): Compat change id reported: 174042980; UID 10212; state: DISABLED
03-26 22:13:15.177 D/CompatibilityChangeReporter( 1929): Compat change id reported: 184838306; UID 10212; state: DISABLED
03-26 22:13:15.177 D/CompatibilityChangeReporter( 1929): Compat change id reported: 185004937; UID 10212; state: DISABLED
03-26 22:13:15.177 D/CompatibilityChangeReporter( 1929): Compat change id reported: 181136395; UID 10212; state: DISABLED
03-26 22:13:15.177 D/CompatibilityChangeReporter( 1929): Compat change id reported: 174042936; UID 10212; state: DISABLED
03-26 22:13:15.178 D/CompactWindowManagerService( 1929): onOriginListAdded child: ActivityRecord{7b85a40 u0 com.google.android.packageinstaller/com.android.packageinstaller.UninstallerActivity t279}; parent: Task{9709260 #279 type=standard A=1000:.applications.InstalledAppDetailsTop U=0 visible=true mode=fullscreen translucent=false sz=2}
03-26 22:13:15.178 D/TaskExtImpl( 1929): add ActivityRecord{7b85a40 u0 com.google.android.packageinstaller/com.android.packageinstaller.UninstallerActivity t279} to mActivityRecordSum = Counter{ com.google.android.packageinstaller/com.android.packageinstaller.UninstallerActivity(1) com.android.settings/.applications.InstalledAppDetails(1) }
03-26 22:13:15.179 D/CompatibilityChangeReporter( 1929): Compat change id reported: 168419799; UID 10212; state: DISABLED
03-26 22:13:15.179 D/ActivityTaskManager( 1929): getStartingWindowType: newTask=false, taskSwitch=false, processRunning=true, allowTaskSnapshot=true, activityCreated=false, snapshot=null, record:ActivityRecord{7b85a40 u0 com.google.android.packageinstaller/com.android.packageinstaller.UninstallerActivity t279}
03-26 22:13:15.179 D/OplusZoomWindowRUSConfigManager( 1929): isSupportZoomModeWithPolicyLocked: target = com.google.android.packageinstaller/com.android.packageinstaller.UninstallerActivity
03-26 22:13:15.179 D/OplusZoomWindowRUSConfigManager( 1929): targetPkg = com.google.android.packageinstaller
03-26 22:13:15.179 V/OplusZoomWindowManagerService( 1929): unSupportZoom: false ,callingPid: 12735 ,sourceStack: Task{9709260 #279 type=standard A=1000:.applications.InstalledAppDetailsTop U=0 visible=true mode=fullscreen translucent=false sz=2}
03-26 22:13:15.187 I/ActivityTaskManager( 1929): The Process com.google.android.packageinstaller Already Exists in BG. So sending its PID: 12526
03-26 22:13:15.189 D/OplusDexOptimizeManager( 1929): Do not in AppLaunchOptList!
03-26 22:13:15.190 I/OplusJoystickManager( 1929): handleApplicationSwitch deprecated!
03-26 22:13:15.191 D/OplusEapManager( 1929): mTargetExitName :com.android.settings
03-26 22:13:15.191 D/VRR [OPlusFrontAppManager]( 1929): OnAppSwitchObserver: onAppExit , info.targetName = com.android.settings
03-26 22:13:15.191 D/VRR [OPlusFrontAppManager]( 1929): packageName: null
03-26 22:13:15.191 D/VRR [OPlusRefreshRateService]( 1929): handleFrontAppChange pkgName: null
03-26 22:13:15.191 D/VRR [OPlusExternalRefreshRateManager]( 1929): setFrontPackageName pkgName: null CurPkgName: com.android.settings
03-26 22:13:15.191 D/VRR [OPlusSurfaceFlingerController]( 1929):  setTouchIdleShouldPause : false
03-26 22:13:15.191 V/WindowManager( 1929): Changing focus from Window{602b0d9 u0 com.android.settings/com.android.settings.applications.InstalledAppDetails} to null,diplayid=0
03-26 22:13:15.191 D/OplusEapManager( 1929): mTargetEnterName :com.google.android.packageinstaller
03-26 22:13:15.192 D/CompactWindowManagerService( 1929): notifyCompactWindowState task: Task{9709260 #279 type=standard A=1000:.applications.InstalledAppDetailsTop U=0 visible=true mode=fullscreen translucent=false sz=2}; hasFocus: false
03-26 22:13:15.192 D/VRR [OPlusFrontAppManager]( 1929): OnAppSwitchObserver: onAppEnter , info.targetName = com.google.android.packageinstaller
03-26 22:13:15.192 D/VRR [OPlusFrontAppManager]( 1929): packageName: com.google.android.packageinstaller
03-26 22:13:15.192 D/VRR [OPlusRefreshRateService]( 1929):  setFrameRateTargetControl [ 0.0 , com.android.settings , false , com.oplus.battery ]
03-26 22:13:15.192 D/VRR [OPlusExternalRefreshRateManager]( 1929):  [FRTC] FrameRate : 0 com.android.settings false com.oplus.battery
03-26 22:13:15.192 D/VRR [OPlusRefreshRateService]( 1929): handleFrontAppChange pkgName: com.google.android.packageinstaller
03-26 22:13:15.192 D/VRR [OPlusExternalRefreshRateManager]( 1929): setFrontPackageName pkgName: com.google.android.packageinstaller CurPkgName: null
03-26 22:13:15.192 D/VRR [OPlusSurfaceFlingerController]( 1929):  add frtc FrameRate : 0 com.android.settings false com.oplus.battery
03-26 22:13:15.196 D/OplusGuardElfFeature( 1929): ICharger set value = 0
03-26 22:13:15.196 D/OplusGuardElfFeature( 1929): calling class name = ThermalControlUtils
03-26 22:13:15.196 D/OplusBatteryManager( 3813): set charge value = 0
03-26 22:13:15.197 E/OplusThermalStats( 1929): Error getting package info: com.google.android.packageinstaller
03-26 22:13:15.198 D/OplusKeepAliveManager( 1929): TOP_APP is ProcessRecord{135f3f6 12526:com.google.android.packageinstaller/u0a212} uid is 10212
03-26 22:13:15.199 D/OplusGameRotationService( 1929): lockRotationInGame: change state to 0
03-26 22:13:15.206 W/ProcessStats( 1929): Tracking association SourceState{ea9c17c system/1000 BTopFgs #10651} whose proc state 2 is better than process ProcessState{4944c5 com.dearmoon.shield/10281 pkg=com.dearmoon.shield} proc state 3 (31 skipped)
03-26 22:13:15.209 W/ActivityManager( 1929): setGlThreads detect 12526 16138
03-26 22:13:15.237 E/OplusCustomizeRestrictionManager(12526): sInstance is null, start a new sInstance
03-26 22:13:15.245 D/OplusInputMethodUtil(12526): init DEBUG to false, update DEBUG_IME to false
03-26 22:13:15.245 D/OplusInputMethodUtil(12526): init DEBUG to false, update DEBUG_IME to false
03-26 22:13:15.281 V/WindowManager( 1929): Changing focus from null to Window{3e456e9 u0 com.google.android.packageinstaller/com.android.packageinstaller.UninstallerActivity},diplayid=0
03-26 22:13:15.281 D/CompactWindowManagerService( 1929): notifyCompactWindowState task: Task{9709260 #279 type=standard A=1000:.applications.InstalledAppDetailsTop U=0 visible=true mode=fullscreen translucent=false sz=2}; hasFocus: true
03-26 22:13:15.281 D/ActivityTaskManager( 1929): onWindowFocusChanged Task{9709260 #279 type=standard A=1000:.applications.InstalledAppDetailsTop U=0 visible=true mode=fullscreen translucent=false sz=2} would transfer to compact
03-26 22:13:15.283 D/CompatibilityChangeReporter( 1929): Compat change id reported: 158002302; UID 10212; state: ENABLED
03-26 22:13:15.285 V/OplusZoomWindowDecorViewHelper(12526): setLastReportedMergedConfiguration mZoomDisplayHeight: 2400 getDecorView.151844809
03-26 22:13:15.312 V/OplusZoomWindowDecorViewHelper(12526): setLastReportedMergedConfiguration mZoomDisplayHeight: 2400 getDecorView.64694746
03-26 22:13:15.315 I/Quality (12526): Skipped: false 1 cost 31.663551 refreshRate 0 processName com.google.android.packageinstaller
03-26 22:13:15.319 D/CompactWindowManagerService( 1929): updateBackgroundSurface openingApp: ActivityRecord{7b85a40 u0 com.google.android.packageinstaller/com.android.packageinstaller.UninstallerActivity t279}
03-26 22:13:15.319 D/CompactWindowManagerService( 1929): addSiblingToAnimationTargets:sibling = ActivityRecord{7c7c319 u0 com.android.settings/.applications.InstalledAppDetails t279}; replacedMoveAnimation = -1
03-26 22:13:15.319 D/OplusSplitScreenManagerService( 1929): isDragToSplitState mOplusSpiltScreenDnDUI is null, just return!
03-26 22:13:15.319 D/CompactWindowManagerService( 1929): addSiblingToAnimationTargets:sibling = ActivityRecord{7c7c319 u0 com.android.settings/.applications.InstalledAppDetails t279}; replacedMoveAnimation = -1
03-26 22:13:15.319 V/OplusZoomWindowManagerService( 1929): onAnimationFinished:  r = ActivityRecord{7b85a40 u0 com.google.android.packageinstaller/com.android.packageinstaller.UninstallerActivity t279}
03-26 22:13:15.321 I/OplusAppSwitchManagerService( 1929):  handleAppVisible , r = ActivityRecord{7b85a40 u0 com.google.android.packageinstaller/com.android.packageinstaller.UninstallerActivity t279}
03-26 22:13:15.322 I/OplusAppSwitchManagerService( 1929):  handleAppVisible , r = ActivityRecord{7b85a40 u0 com.google.android.packageinstaller/com.android.packageinstaller.UninstallerActivity t279}
03-26 22:13:15.325 I/Quality ( 1929): LaunchTime2.0: com.google.android.packageinstaller/com.android.packageinstaller.UninstallerActivity 2 144
03-26 22:13:16.192 E/OplusZoomWindowManagerService( 1929): null stack in getZoomScaleRect
03-26 22:13:16.325 I/ActivityTaskManager( 1929): START u0 {flg=0x2000000 cmp=com.google.android.packageinstaller/com.android.packageinstaller.UninstallUninstalling (has extras) mCallingUid=10212} from uid 10212
03-26 22:13:16.327 D/OplusZoomWindowRUSConfigManager( 1929): isSupportZoomModeWithPolicyLocked: target = com.google.android.packageinstaller/com.android.packageinstaller.UninstallUninstalling
03-26 22:13:16.327 D/OplusZoomWindowRUSConfigManager( 1929): targetPkg = com.google.android.packageinstaller
03-26 22:13:16.327 V/OplusZoomWindowManagerService( 1929): unSupportZoom: false ,callingPid: 12526 ,sourceStack: Task{9709260 #279 type=standard A=1000:.applications.InstalledAppDetailsTop U=0 visible=true mode=fullscreen translucent=false sz=2}
03-26 22:13:16.331 D/CompactWindowManagerService( 1929): onOriginListAdded child: ActivityRecord{860b2fc u0 com.google.android.packageinstaller/com.android.packageinstaller.UninstallUninstalling t279}; parent: Task{9709260 #279 type=standard A=1000:.applications.InstalledAppDetailsTop U=0 visible=true mode=fullscreen translucent=false sz=3}
03-26 22:13:16.332 D/TaskExtImpl( 1929): add ActivityRecord{860b2fc u0 com.google.android.packageinstaller/com.android.packageinstaller.UninstallUninstalling t279} to mActivityRecordSum = Counter{ com.google.android.packageinstaller/com.android.packageinstaller.UninstallUninstalling(1) com.google.android.packageinstaller/com.android.packageinstaller.UninstallerActivity(1) com.android.settings/.applications.InstalledAppDetails(1) }
03-26 22:13:16.333 D/ActivityTaskManager( 1929): getStartingWindowType: newTask=false, taskSwitch=false, processRunning=true, allowTaskSnapshot=true, activityCreated=false, snapshot=null, record:ActivityRecord{860b2fc u0 com.google.android.packageinstaller/com.android.packageinstaller.UninstallUninstalling t279}
03-26 22:13:16.333 D/OplusZoomWindowRUSConfigManager( 1929): isSupportZoomModeWithPolicyLocked: target = com.google.android.packageinstaller/com.android.packageinstaller.UninstallUninstalling
03-26 22:13:16.333 D/OplusZoomWindowRUSConfigManager( 1929): targetPkg = com.google.android.packageinstaller
03-26 22:13:16.333 V/OplusZoomWindowManagerService( 1929): unSupportZoom: false ,callingPid: 12526 ,sourceStack: Task{9709260 #279 type=standard A=1000:.applications.InstalledAppDetailsTop U=0 visible=true mode=fullscreen translucent=false sz=3}
03-26 22:13:16.339 V/OplusZoomWindowDecorViewHelper(12526): removeZoomView
03-26 22:13:16.343 V/WindowManager( 1929): Changing focus from Window{3e456e9 u0 com.google.android.packageinstaller/com.android.packageinstaller.UninstallerActivity EXITING} to Window{70db69c u0 com.google.android.packageinstaller/com.android.packageinstaller.UninstallerActivity},diplayid=0
03-26 22:13:16.348 I/ActivityTaskManager( 1929): The Process com.google.android.packageinstaller Already Exists in BG. So sending its PID: 12526
03-26 22:13:16.348 W/ActivityTaskManager( 1929): Tried to set launchTime (0) < mLastActivityLaunchTime (688211)
03-26 22:13:16.349 D/OplusDexOptimizeManager( 1929): Do not in AppLaunchOptList!
03-26 22:13:16.350 I/OplusAppSwitchManager( 1929): notifyAppSwitch the same packageName!
03-26 22:13:16.350 V/WindowManager( 1929): Changing focus from Window{70db69c u0 com.google.android.packageinstaller/com.android.packageinstaller.UninstallerActivity} to null,diplayid=0
03-26 22:13:16.350 D/CompactWindowManagerService( 1929): notifyCompactWindowState task: Task{9709260 #279 type=standard A=1000:.applications.InstalledAppDetailsTop U=0 visible=true mode=fullscreen translucent=false sz=3}; hasFocus: false
03-26 22:13:16.362 D/PackageManager( 1929): reset oplus-freeze state for com.dearmoon.shield after uninstalled for user 0
03-26 22:13:16.362 D/PackageManager( 1929): reset pendingDataMig state for com.dearmoon.shield after uninstalled for user 0
03-26 22:13:16.363 D/OplusDexOptimizeManager( 1929): Try to protect stablebility.. 
03-26 22:13:16.363 I/ActivityManager( 1929): Force stopping com.dearmoon.shield appid=10281 user=0: deletePackageX
03-26 22:13:16.363 W/ContextImpl( 1929): Calling a method in the system process without a qualified user: android.app.ContextImpl.sendBroadcast:1175 com.android.server.am.OplusExtraActivityManagerService.setKeyLockModeNormal:51 com.android.server.am.ActivityManagerServiceExtImpl.setKeyLockModeNormal:851 com.android.server.am.ActivityManagerService.forceStopPackageLocked:4514 com.android.server.am.ActivityManagerService$MainHandler.handleMessage:1821 
03-26 22:13:16.363 D/OplusAppDataMigrateManager( 1929): user not pending migrate: 0
03-26 22:13:16.367 I/ActivityManager( 1929): Killing 15601:com.dearmoon.shield:watchdog/u0a281 (adj 500): stop com.dearmoon.shield due to deletePackageX
03-26 22:13:16.371 I/ActivityManager( 1929): Killing 15422:com.dearmoon.shield/u0a281 (adj 50): stop com.dearmoon.shield due to deletePackageX
03-26 22:13:16.376 W/WindowManager( 1929): removeWindowToken: Attempted to remove non-existing token: android.os.Binder@449dc9
03-26 22:13:16.377 I/AccessibilityManagerService( 1929): updateAccessibilityEnabledSettingLocked:false
03-26 22:13:16.378 I/PackageManager( 1929): Removing permission com.dearmoon.shield.RESTART_PERMISSION that used to be declared by com.dearmoon.shield
03-26 22:13:16.378 W/ActivityTaskManager( 1929): Force removing ActivityRecord{5b5d468 u0 com.dearmoon.shield/.MainActivity t278 f}}: app died, no saved state
03-26 22:13:16.380 I/PackageManager( 1929): Removing permission com.dearmoon.shield.DYNAMIC_RECEIVER_NOT_EXPORTED_PERMISSION that used to be declared by com.dearmoon.shield
03-26 22:13:16.381 I/PackageManager( 1929): Permission ownership changed. Updating all permissions.
03-26 22:13:16.382 D/OplusSensitivePermGrantPolicyManager( 1929): allow refined permission oplus.permission.OPLUS_COMPONENT_SAFE for com.oneplus.calculator
03-26 22:13:16.382 D/OplusSensitivePermGrantPolicyManager( 1929): allow refined permission oppo.permission.OPPO_COMPONENT_SAFE for com.oneplus.calculator
03-26 22:13:16.382 D/OplusSensitivePermGrantPolicyManager( 1929): no OplusPermissionKey in net.oneplus.weather
03-26 22:13:16.382 D/OplusSensitivePermGrantPolicyManager( 1929): no OplusPermissionKey in net.oneplus.weather
03-26 22:13:16.383 D/OplusSensitivePermGrantPolicyManager( 1929): allow refined permission oplus.permission.OPLUS_COMPONENT_SAFE for com.oplus.smartengine
03-26 22:13:16.383 D/OplusSensitivePermGrantPolicyManager( 1929): allow refined permission oppo.permission.OPPO_COMPONENT_SAFE for com.oplus.smartengine
03-26 22:13:16.385 D/OplusSensitivePermGrantPolicyManager( 1929): allow refined permission com.oplus.permission.safe.SECURITY for com.oneplus.mall
03-26 22:13:16.385 D/OplusSensitivePermGrantPolicyManager( 1929): allow refined permission com.oppo.permission.safe.SECURITY for com.oneplus.mall
03-26 22:13:16.385 D/OplusSensitivePermGrantPolicyManager( 1929): allow refined permission oplus.permission.OPLUS_COMPONENT_SAFE for com.oneplus.note
03-26 22:13:16.386 D/OplusSensitivePermGrantPolicyManager( 1929): allow refined permission com.oplus.permission.safe.SAU for com.oneplus.note
03-26 22:13:16.386 D/OplusSensitivePermGrantPolicyManager( 1929): allow refined permission com.oplus.permission.safe.APP_MANAGER for com.oneplus.note
03-26 22:13:16.386 D/OplusSensitivePermGrantPolicyManager( 1929): allow refined permission com.oppo.permission.safe.APP_MANAGER for com.oneplus.note
03-26 22:13:16.386 D/OplusSensitivePermGrantPolicyManager( 1929): allow refined permission oppo.permission.OPPO_COMPONENT_SAFE for com.oneplus.note
03-26 22:13:16.386 D/OplusSensitivePermGrantPolicyManager( 1929): allow refined permission com.oppo.permission.safe.SAU for com.oneplus.note
03-26 22:13:16.386 D/OplusSensitivePermGrantPolicyManager( 1929): allow refined permission oplus.permission.OPLUS_COMPONENT_SAFE for com.oneplus.opscout
03-26 22:13:16.386 D/OplusSensitivePermGrantPolicyManager( 1929): allow refined permission com.oplus.permission.safe.SETTINGS_SEARCH for com.oneplus.opscout
03-26 22:13:16.386 D/OplusSensitivePermGrantPolicyManager( 1929): allow refined permission com.oplus.permission.safe.SETTINGS for com.oneplus.opscout
03-26 22:13:16.386 D/OplusSensitivePermGrantPolicyManager( 1929): allow refined permission com.oplus.permission.safe.SECURITY for com.oneplus.opscout
03-26 22:13:16.386 D/OplusSensitivePermGrantPolicyManager( 1929): allow refined permission com.oppo.permission.safe.SECURITY for com.oneplus.opscout
03-26 22:13:16.386 D/OplusSensitivePermGrantPolicyManager( 1929): allow refined permission oppo.permission.OPPO_COMPONENT_SAFE for com.oneplus.opscout
03-26 22:13:16.386 D/OplusSensitivePermGrantPolicyManager( 1929): allow refined permission com.oppo.permission.safe.SETTINGS_SEARCH for com.oneplus.opscout
03-26 22:13:16.386 D/OplusSensitivePermGrantPolicyManager( 1929): allow refined permission com.oppo.permission.safe.SETTINGS for com.oneplus.opscout
03-26 22:13:16.387 D/OplusSensitivePermGrantPolicyManager( 1929): allow refined permission com.oplus.permission.safe.IOT for com.oneplus.opshelf
03-26 22:13:16.387 D/OplusSensitivePermGrantPolicyManager( 1929): allow refined permission oplus.permission.OPLUS_COMPONENT_SAFE for com.oneplus.opshelf
03-26 22:13:16.387 D/OplusSensitivePermGrantPolicyManager( 1929): allow refined permission com.oplus.permission.safe.SECURITY for com.oneplus.opshelf
03-26 22:13:16.387 D/OplusSensitivePermGrantPolicyManager( 1929): allow refined permission com.oplus.permission.safe.LOG for com.oneplus.opshelf
03-26 22:13:16.387 D/OplusSensitivePermGrantPolicyManager( 1929): allow refined permission com.oppo.permission.safe.IOT for com.oneplus.opshelf
03-26 22:13:16.387 D/OplusSensitivePermGrantPolicyManager( 1929): allow refined permission com.oppo.permission.safe.SECURITY for com.oneplus.opshelf
03-26 22:13:16.387 D/OplusSensitivePermGrantPolicyManager( 1929): allow refined permission com.oppo.permission.safe.LOG for com.oneplus.opshelf
03-26 22:13:16.387 D/OplusSensitivePermGrantPolicyManager( 1929): allow refined permission oppo.permission.OPPO_COMPONENT_SAFE for com.oneplus.opshelf
03-26 22:13:16.387 D/OplusSensitivePermGrantPolicyManager( 1929): allow refined permission oplus.permission.OPLUS_COMPONENT_SAFE for com.heytap.cloud
03-26 22:13:16.387 D/OplusSensitivePermGrantPolicyManager( 1929): allow refined permission com.oppo.permission.safe.BACKUP for com.heytap.cloud
03-26 22:13:16.388 D/OplusSensitivePermGrantPolicyManager( 1929): allow refined permission com.oplus.permission.safe.CLOUD for com.heytap.cloud
03-26 22:13:16.388 D/OplusSensitivePermGrantPolicyManager( 1929): allow refined permission com.oplus.permission.safe.PRIVATE for com.heytap.cloud
03-26 22:13:16.388 D/OplusSensitivePermGrantPolicyManager( 1929): allow refined permission com.oplus.permission.safe.SECURITY for com.heytap.cloud
03-26 22:13:16.388 D/OplusProxyWakeLock( 1929): remove uid: 10277 wiht all pids from wakelockUidInfo list
03-26 22:13:16.388 D/OplusSensitivePermGrantPolicyManager( 1929): allow refined permission com.oplus.permission.safe.BACKUP for com.heytap.cloud
03-26 22:13:16.388 D/OplusProxyWakeLock( 1929): remove uid: 10251 wiht all pids from wakelockUidInfo list
03-26 22:13:16.388 D/OplusSensitivePermGrantPolicyManager( 1929): allow refined permission com.oppo.permission.safe.CLOUD for com.heytap.cloud
03-26 22:13:16.388 D/OplusSensitivePermGrantPolicyManager( 1929): allow refined permission com.oppo.permission.safe.SECURITY for com.heytap.cloud
03-26 22:13:16.388 D/OplusSensitivePermGrantPolicyManager( 1929): allow refined permission com.oppo.permission.safe.PRIVATE for com.heytap.cloud
03-26 22:13:16.388 D/OplusSensitivePermGrantPolicyManager( 1929): allow refined permission oppo.permission.OPPO_COMPONENT_SAFE for com.heytap.cloud
03-26 22:13:16.389 D/OplusSensitivePermGrantPolicyManager( 1929): allow refined permission com.oplus.permission.safe.SECURITY for com.oneplus.account
03-26 22:13:16.389 D/OplusSensitivePermGrantPolicyManager( 1929): allow refined permission oplus.permission.OPLUS_COMPONENT_SAFE for com.oneplus.account
03-26 22:13:16.389 D/OplusSensitivePermGrantPolicyManager( 1929): allow refined permission com.oppo.permission.safe.SECURITY for com.oneplus.account
03-26 22:13:16.389 D/OplusSensitivePermGrantPolicyManager( 1929): allow refined permission oppo.permission.OPPO_COMPONENT_SAFE for com.oneplus.account
03-26 22:13:16.389 D/OplusSensitivePermGrantPolicyManager( 1929): allow refined permission oplus.permission.OPLUS_COMPONENT_SAFE for com.oplus.screenrecorder
03-26 22:13:16.389 D/OplusSensitivePermGrantPolicyManager( 1929): allow refined permission com.oplus.permission.safe.SAU for com.oplus.screenrecorder
03-26 22:13:16.389 D/OplusSensitivePermGrantPolicyManager( 1929): allow refined permission com.oplus.permission.safe.SECURITY for com.oplus.screenrecorder
03-26 22:13:16.389 D/OplusSensitivePermGrantPolicyManager( 1929): allow refined permission com.oplus.permission.safe.PICTURE for com.oplus.screenrecorder
03-26 22:13:16.389 D/OplusSensitivePermGrantPolicyManager( 1929): allow refined permission com.oppo.permission.safe.PRIVATE for com.oplus.screenrecorder
03-26 22:13:16.390 D/OplusSensitivePermGrantPolicyManager( 1929): allow refined permission com.oppo.permission.safe.SECURITY for com.oplus.screenrecorder
03-26 22:13:16.390 D/OplusSensitivePermGrantPolicyManager( 1929): allow refined permission com.oppo.permission.safe.PICTURE for com.oplus.screenrecorder
03-26 22:13:16.390 D/OplusSensitivePermGrantPolicyManager( 1929): allow refined permission com.oplus.permission.safe.PRIVATE for com.oplus.screenrecorder
03-26 22:13:16.390 D/OplusSensitivePermGrantPolicyManager( 1929): allow refined permission oppo.permission.OPPO_COMPONENT_SAFE for com.oplus.screenrecorder
03-26 22:13:16.390 D/OplusSensitivePermGrantPolicyManager( 1929): allow refined permission com.oppo.permission.safe.SAU for com.oplus.screenrecorder
03-26 22:13:16.390 D/OplusSensitivePermGrantPolicyManager( 1929): allow refined permission com.oplus.permission.safe.SECURITY for com.oneplus.chargingpilar
03-26 22:13:16.390 D/OplusSensitivePermGrantPolicyManager( 1929): allow refined permission oplus.permission.OPLUS_COMPONENT_SAFE for com.oneplus.chargingpilar
03-26 22:13:16.390 D/OplusSensitivePermGrantPolicyManager( 1929): allow refined permission com.oppo.permission.safe.SECURITY for com.oneplus.chargingpilar
03-26 22:13:16.390 D/OplusSensitivePermGrantPolicyManager( 1929): allow refined permission oppo.permission.OPPO_COMPONENT_SAFE for com.oneplus.chargingpilar
03-26 22:13:16.391 D/OplusSensitivePermGrantPolicyManager( 1929): allow refined permission oplus.permission.OPLUS_COMPONENT_SAFE for com.android.providers.downloads
03-26 22:13:16.391 D/OplusSensitivePermGrantPolicyManager( 1929): allow refined permission oppo.permission.OPPO_COMPONENT_SAFE for com.android.providers.downloads
03-26 22:13:16.391 D/OplusSensitivePermGrantPolicyManager( 1929): allow refined permission com.oplus.permission.safe.SECURITY for com.oneplus.brickmode
03-26 22:13:16.391 D/OplusSensitivePermGrantPolicyManager( 1929): allow refined permission oplus.permission.OPLUS_COMPONENT_SAFE for com.oneplus.brickmode
03-26 22:13:16.391 D/OplusSensitivePermGrantPolicyManager( 1929): allow refined permission com.oppo.permission.safe.SECURITY for com.oneplus.brickmode
03-26 22:13:16.391 D/OplusSensitivePermGrantPolicyManager( 1929): allow refined permission oppo.permission.OPPO_COMPONENT_SAFE for com.oneplus.brickmode
03-26 22:13:16.391 D/OplusSensitivePermGrantPolicyManager( 1929): allow refined permission oplus.permission.OPLUS_COMPONENT_SAFE for com.oneplus.deskclock
03-26 22:13:16.391 D/OplusSensitivePermGrantPolicyManager( 1929): allow refined permission oppo.permission.OPPO_COMPONENT_SAFE for com.oneplus.deskclock
03-26 22:13:16.392 D/OplusSensitivePermGrantPolicyManager( 1929): allow refined permission oplus.permission.OPLUS_COMPONENT_SAFE for com.oplus.interconnectcollectkit
03-26 22:13:16.392 D/OplusSensitivePermGrantPolicyManager( 1929): allow refined permission com.oplus.permission.safe.LOG for com.oplus.interconnectcollectkit
03-26 22:13:16.392 D/OplusSensitivePermGrantPolicyManager( 1929): allow refined permission com.oppo.permission.safe.LOG for com.oplus.interconnectcollectkit
03-26 22:13:16.392 D/OplusSensitivePermGrantPolicyManager( 1929): allow refined permission oppo.permission.OPPO_COMPONENT_SAFE for com.oplus.interconnectcollectkit
03-26 22:13:16.392 D/OplusSensitivePermGrantPolicyManager( 1929): allow refined permission com.oplus.permission.safe.SECURITY for com.mediatek.omacp
03-26 22:13:16.392 D/OplusSensitivePermGrantPolicyManager( 1929): allow refined permission oplus.permission.OPLUS_COMPONENT_SAFE for com.mediatek.omacp
03-26 22:13:16.392 D/OplusSensitivePermGrantPolicyManager( 1929): allow refined permission com.oppo.permission.safe.SECURITY for com.mediatek.omacp
03-26 22:13:16.392 D/OplusSensitivePermGrantPolicyManager( 1929): allow refined permission oppo.permission.OPPO_COMPONENT_SAFE for com.mediatek.omacp
03-26 22:13:16.392 D/OplusSensitivePermGrantPolicyManager( 1929): allow refined permission com.oplus.permission.safe.SECURITY for com.oneplus.setupwizard
03-26 22:13:16.392 D/OplusSensitivePermGrantPolicyManager( 1929): allow refined permission oplus.permission.OPLUS_COMPONENT_SAFE for com.oneplus.setupwizard
03-26 22:13:16.392 D/OplusSensitivePermGrantPolicyManager( 1929): allow refined permission com.oppo.permission.safe.SECURITY for com.oneplus.setupwizard
03-26 22:13:16.392 D/OplusSensitivePermGrantPolicyManager( 1929): allow refined permission oppo.permission.OPPO_COMPONENT_SAFE for com.oneplus.setupwizard
03-26 22:13:16.393 D/OplusSensitivePermGrantPolicyManager( 1929): allow refined permission com.oplus.permission.safe.SETTINGS for com.oplus.aod
03-26 22:13:16.393 D/OplusSensitivePermGrantPolicyManager( 1929): allow refined permission com.oplus.permission.safe.SECURITY for com.oplus.aod
03-26 22:13:16.393 D/OplusSensitivePermGrantPolicyManager( 1929): allow refined permission com.oplus.permission.safe.SETTINGS_SEARCH for com.oplus.aod
03-26 22:13:16.393 D/OplusSensitivePermGrantPolicyManager( 1929): allow refined permission com.oplus.permission.safe.KEYGUARD for com.oplus.aod
03-26 22:13:16.393 D/OplusSensitivePermGrantPolicyManager( 1929): allow refined permission oplus.permission.OPLUS_COMPONENT_SAFE for com.oplus.aod
03-26 22:13:16.393 D/OplusSensitivePermGrantPolicyManager( 1929): allow refined permission com.oppo.permission.safe.KEYGUARD for com.oplus.aod
03-26 22:13:16.393 D/OplusSensitivePermGrantPolicyManager( 1929): allow refined permission com.oppo.permission.safe.SECURITY for com.oplus.aod
03-26 22:13:16.393 D/OplusSensitivePermGrantPolicyManager( 1929): allow refined permission oppo.permission.OPPO_COMPONENT_SAFE for com.oplus.aod
03-26 22:13:16.393 D/OplusSensitivePermGrantPolicyManager( 1929): allow refined permission com.oppo.permission.safe.SETTINGS_SEARCH for com.oplus.aod
03-26 22:13:16.393 D/OplusSensitivePermGrantPolicyManager( 1929): allow refined permission com.oppo.permission.safe.SETTINGS for com.oplus.aod
03-26 22:13:16.393 D/OplusSensitivePermGrantPolicyManager( 1929): allow refined permission oplus.permission.OPLUS_COMPONENT_SAFE for com.oplus.ocs
03-26 22:13:16.393 D/OplusSensitivePermGrantPolicyManager( 1929): allow refined permission com.oplus.permission.safe.CAMERA for com.oplus.ocs
03-26 22:13:16.393 D/OplusSensitivePermGrantPolicyManager( 1929): allow refined permission com.oplus.permission.safe.AUTHENTICATE for com.oplus.ocs
03-26 22:13:16.393 D/OplusSensitivePermGrantPolicyManager( 1929): allow refined permission com.oppo.permission.safe.CAMERA for com.oplus.ocs
03-26 22:13:16.393 D/OplusSensitivePermGrantPolicyManager( 1929): allow refined permission oppo.permission.OPPO_COMPONENT_SAFE for com.oplus.ocs
03-26 22:13:16.393 D/OplusSensitivePermGrantPolicyManager( 1929): allow refined permission com.oppo.permission.safe.AUTHENTICATE for com.oplus.ocs
03-26 22:13:16.394 D/OplusSensitivePermGrantPolicyManager( 1929): allow refined permission com.oplus.permission.safe.SAU for com.oplus.pay
03-26 22:13:16.394 D/OplusSensitivePermGrantPolicyManager( 1929): allow refined permission com.oplus.permission.safe.SECURITY for com.oplus.pay
03-26 22:13:16.394 D/OplusSensitivePermGrantPolicyManager( 1929): allow refined permission oplus.permission.OPLUS_COMPONENT_SAFE for com.oplus.pay
03-26 22:13:16.394 D/OplusSensitivePermGrantPolicyManager( 1929): allow refined permission com.oppo.permission.safe.SECURITY for com.oplus.pay
03-26 22:13:16.394 D/OplusSensitivePermGrantPolicyManager( 1929): allow refined permission oppo.permission.OPPO_COMPONENT_SAFE for com.oplus.pay
