03-13 10:02:05.654  6159  6189 D CompactWindowManagerService: addSiblingToAnimationTargets:sibling = ActivityRecord{84617cd u0 com.dearmoon.shield/.MainActivity t146}; replacedMoveAnimation = -1
03-13 10:02:05.657  6159  6189 D OplusZoomWindowManagerService: adjustWindowCropForLeash start: appToken = ActivityRecord{e2113db u0 com.dearmoon.shield/.ModeConfirmActivity t146}
03-13 10:02:05.658  1167  1167 E vendor.qti.hardware.perf@2.2-service: Unknown params
03-13 10:02:05.659  6159  6189 E PerformanceManager: addTaskTrackPid failed.
03-13 10:02:05.659  6159  6189 E PerformanceManager: android.os.RemoteException: HwBinder Error: (-74)
03-13 10:02:05.659  6159  6189 E PerformanceManager:    at android.os.HwRemoteBinder.transact(Native Method)
03-13 10:02:05.659  6159  6189 E PerformanceManager:    at vendor.oplus.hardware.performance.V1_0.IPerformance$Proxy.addTaskTrackPid(IPerformance.java:2623)
03-13 10:02:05.659  6159  6189 E PerformanceManager:    at android.os.PerformanceManager.addTaskTrackPid(PerformanceManager.java:859)
03-13 10:02:05.659  6159  6189 E PerformanceManager:    at android.os.OplusJankMonitor$LaunchTracker.stopLaunchTrace(OplusJankMonitor.java:68)
03-13 10:02:05.659  6159  6189 E PerformanceManager:    at android.os.OplusJankMonitorExtImpl.stopLaunchTrace(OplusJankMonitorExtImpl.java:81)
03-13 10:02:05.659  6159  6189 E PerformanceManager:    at java.lang.reflect.Method.invoke(Native Method)
03-13 10:02:05.659  6159  6189 E PerformanceManager:    at com.oplus.reflect.RefStaticMethod.call(RefStaticMethod.java:123)
03-13 10:02:05.659  6159  6189 E PerformanceManager:    at com.android.server.wm.ActivityMetricsLogger.done(ActivityMetricsLogger.java:958)
03-13 10:02:05.659  6159  6189 E PerformanceManager:    at com.android.server.wm.ActivityMetricsLogger.notifyTransitionStarting(ActivityMetricsLogger.java:811)
03-13 10:02:05.659  6159  6189 E PerformanceManager:    at com.android.server.wm.AppTransitionController.handleAppTransitionReady(AppTransitionController.java:290)
03-13 10:02:05.659  6159  6189 E PerformanceManager:    at com.android.server.wm.RootWindowContainer.checkAppTransitionReady(RootWindowContainer.java:1087)
03-13 10:02:05.659  6159  6189 E PerformanceManager:    at com.android.server.wm.RootWindowContainer.performSurfacePlacementNoTrace(RootWindowContainer.java:894)
03-13 10:02:05.659  6159  6189 E PerformanceManager:    at com.android.server.wm.RootWindowContainer.performSurfacePlacement(RootWindowContainer.java:830)
03-13 10:02:05.659  6159  6189 E PerformanceManager:    at com.android.server.wm.WindowSurfacePlacer.performSurfacePlacementLoop(WindowSurfacePlacer.java:177)
03-13 10:02:05.659  6159  6189 E PerformanceManager:    at com.android.server.wm.WindowSurfacePlacer.performSurfacePlacement(WindowSurfacePlacer.java:126)
03-13 10:02:05.659  6159  6189 E PerformanceManager:    at com.android.server.wm.WindowSurfacePlacer.performSurfacePlacement(WindowSurfacePlacer.java:115)
03-13 10:02:05.659  6159  6189 E PerformanceManager:    at com.android.server.wm.WindowSurfacePlacer$Traverser.run(WindowSurfacePlacer.java:57)
03-13 10:02:05.659  6159  6189 E PerformanceManager:    at android.os.Handler.handleCallback(Handler.java:938)
03-13 10:02:05.659  6159  6189 E PerformanceManager:    at android.os.Handler.dispatchMessage(Handler.java:99)
03-13 10:02:05.659  6159  6189 E PerformanceManager:    at android.os.Looper.loopOnce(Looper.java:233)
03-13 10:02:05.659  6159  6189 E PerformanceManager:    at android.os.Looper.loop(Looper.java:344)
03-13 10:02:05.659  6159  6189 E PerformanceManager:    at android.os.HandlerThread.run(HandlerThread.java:67)
03-13 10:02:05.659  6159  6189 E PerformanceManager:    at com.android.server.ServiceThread.run(ServiceThread.java:44)
03-13 10:02:05.659  6159  6189 I Quality : LaunchTime2.0: com.dearmoon.shield/.ModeConfirmActivity 2 181
03-13 10:02:05.659  1167  1167 E vendor.qti.hardware.perf@2.2-service: Unknown params
03-13 10:02:05.660   773   773 I hwservicemanager: getTransport: Cannot find entry vendor.qti.hardware.iop@2.0::IIop/default in either framework or device VINTF manifest.
03-13 10:02:05.661  1253  1253 D OplusLayer: ~Layer() sequence=12947, name=Surface(name=5d2b0f5 StatusBar)/@0x7c7c825 - animation-leash of insets_animation#1 0xb400007e9d4657c0
03-13 10:02:05.661  1253  1253 D OplusLayer: ~Layer() sequence=12948, name=Surface(name=3d56d5a NavigationBar0)/@0x49d6fab - animation-leash of insets_animation#1 0xb400007ea1df0900
03-13 10:02:05.661  6159  6185 I ActivityTaskManager: Displayed com.dearmoon.shield/.ModeConfirmActivity: +190ms
03-13 10:02:05.662   773   773 I hwservicemanager: getTransport: Cannot find entry vendor.qti.hardware.iop@2.0::IIop/default in either framework or device VINTF manifest.
03-13 10:02:05.662  1253  1253 D OplusMovieIdle: updateLayerStacks,mOmiSupport is not supoort
03-13 10:02:05.674  6159 13521 I FocusResolver: updateFocusedWindow, f3ed98d com.dearmoon.shield/com.dearmoon.shield.ModeConfirmActivity on display 0, reason: Window became focusable. Previous reason: NOT_VISIBLE, result:   FocusedWindows:
03-13 10:02:05.674  6159 13521 I FocusResolver:     displayId=0, name='f3ed98d com.dearmoon.shield/com.dearmoon.shield.ModeConfirmActivity'
03-13 10:02:05.675  1253  1253 D OplusMovieIdle: updateLayerStacks,mOmiSupport is not supoort
03-13 10:02:05.681  6159 13521 D InputMethodManagerService: isSecurity: attribute.packageName=com.dearmoon.shield mCurMethodId=com.google.android.inputmethod.latin/com.android.inputmethod.latin.LatinIME
03-13 10:02:05.682  6159 13521 D InputMethodManagerService: isSecurity= false (  enable=false needShow=false inBlackList=false isExist=true )
03-13 10:02:05.683  8509  8509 I GoogleInputMethodService: GoogleInputMethodService.onFinishInput():2114
03-13 10:02:05.685  8509  8509 I Module  : DeviceLockedStatusModuleProvider$Module.updateDeviceLockedStatus():103 repeatCheckTimes = 0, locked = false
03-13 10:02:05.685  8509  8509 I GoogleInputMethodService: GoogleInputMethodService.onStartInput():1385 onStartInput(EditorInfo{EditorInfo{packageName=com.dearmoon.shield, inputType=0, inputTypeString=NULL, enableLearning=false, autoCorrection=false, autoComplete=false, imeOptions=0, privateImeOptions=null, actionName=UNSPECIFIED, actionLabel=null, initialSelStart=-1, initialSelEnd=-1, initialCapsMode=0, label=null, fieldId=-1, fieldName=null, extras=null, hintText=null, hintLocales=[]}}, false)
03-13 10:02:05.685  8509  8509 I AndroidIME: LatinIMEBase.updateInputViewCoverNavigation():314 Update input view padding, extendsTouchBelowSpace=false, bottom inset=124
03-13 10:02:05.686  1253  1253 D OplusMovieIdle: updateLayerStacks,mOmiSupport is not supoort
03-13 10:02:05.687  8509  8509 I Module  : DeviceLockedStatusModuleProvider$Module.updateDeviceLockedStatus():103 repeatCheckTimes = 1, locked = false
03-13 10:02:05.695  1253  1253 D OplusLayer: ~Layer() sequence=12953, name=Surface(name=6b27698 InputMethod)/@0x8a580b0 - animation-leash of insets_animation#1 0xb400007ecaf462c0
03-13 10:02:05.698  1253  1253 D OplusMovieIdle: updateLayerStacks,mOmiSupport is not supoort
03-13 10:02:05.707  1253  1253 D OplusMovieIdle: updateLayerStacks,mOmiSupport is not supoort
03-13 10:02:05.718  1253  1253 D OplusMovieIdle: updateLayerStacks,mOmiSupport is not supoort
03-13 10:02:05.730  1253  1253 D OplusMovieIdle: updateLayerStacks,mOmiSupport is not supoort
03-13 10:02:05.741  1253  1253 D OplusMovieIdle: updateLayerStacks,mOmiSupport is not supoort
03-13 10:02:05.752  1253  1253 D OplusMovieIdle: updateLayerStacks,mOmiSupport is not supoort
03-13 10:02:05.763  1253  1253 D OplusMovieIdle: updateLayerStacks,mOmiSupport is not supoort
03-13 10:02:05.774  1253  1253 D OplusMovieIdle: updateLayerStacks,mOmiSupport is not supoort
03-13 10:02:05.785  1253  1253 D OplusMovieIdle: updateLayerStacks,mOmiSupport is not supoort
03-13 10:02:05.797  1253  1253 D OplusMovieIdle: updateLayerStacks,mOmiSupport is not supoort
03-13 10:02:05.808  1253  1253 D OplusMovieIdle: updateLayerStacks,mOmiSupport is not supoort
03-13 10:02:05.819  1253  1253 D OplusMovieIdle: updateLayerStacks,mOmiSupport is not supoort
03-13 10:02:05.831  1253  1253 D OplusMovieIdle: updateLayerStacks,mOmiSupport is not supoort
03-13 10:02:05.842  1253  1253 D OplusMovieIdle: updateLayerStacks,mOmiSupport is not supoort
03-13 10:02:05.855  1253  1253 D OplusMovieIdle: updateLayerStacks,mOmiSupport is not supoort
03-13 10:02:05.864  1253  1253 D OplusMovieIdle: updateLayerStacks,mOmiSupport is not supoort
03-13 10:02:05.875  1253  1253 D OplusMovieIdle: updateLayerStacks,mOmiSupport is not supoort
03-13 10:02:05.886  1253  1253 D OplusMovieIdle: updateLayerStacks,mOmiSupport is not supoort
03-13 10:02:05.897  1253  1253 D OplusMovieIdle: updateLayerStacks,mOmiSupport is not supoort
03-13 10:02:05.909  1253  1253 D OplusMovieIdle: updateLayerStacks,mOmiSupport is not supoort
03-13 10:02:05.909 14616 14616 I Quality : Skipped: true 1 cost 12.921909 refreshRate 0 processName com.dearmoon.shield
03-13 10:02:05.920  1253  1253 D OplusMovieIdle: updateLayerStacks,mOmiSupport is not supoort
03-13 10:02:05.931  1253  1253 D OplusMovieIdle: updateLayerStacks,mOmiSupport is not supoort
03-13 10:02:05.942  1253  1253 D OplusMovieIdle: updateLayerStacks,mOmiSupport is not supoort
03-13 10:02:05.953  1253  1253 D OplusMovieIdle: updateLayerStacks,mOmiSupport is not supoort
03-13 10:02:05.964  1253  1253 D OplusMovieIdle: updateLayerStacks,mOmiSupport is not supoort
03-13 10:02:05.974 14616 14616 I Quality : Skipped: true 1 cost 11.206939 refreshRate 0 processName com.dearmoon.shield
03-13 10:02:05.976  1253  1253 D OplusMovieIdle: updateLayerStacks,mOmiSupport is not supoort
03-13 10:02:05.986  1253  1253 D OplusMovieIdle: updateLayerStacks,mOmiSupport is not supoort
03-13 10:02:05.998  1253  1253 D OplusMovieIdle: updateLayerStacks,mOmiSupport is not supoort
03-13 10:02:06.009  1253  1253 D OplusMovieIdle: updateLayerStacks,mOmiSupport is not supoort
03-13 10:02:06.020  1253  1253 D OplusMovieIdle: updateLayerStacks,mOmiSupport is not supoort
03-13 10:02:06.030 14616 14616 I Quality : Skipped: true 1 cost 11.314049 refreshRate 0 processName com.dearmoon.shield
03-13 10:02:06.031  1253  1253 D OplusMovieIdle: updateLayerStacks,mOmiSupport is not supoort
03-13 10:02:06.043  1253  1253 D OplusMovieIdle: updateLayerStacks,mOmiSupport is not supoort
03-13 10:02:06.046 15852 15852 D BoundBrokerSvc: onUnbind: Intent { act=com.google.android.gms.libs.gmscorelogger.service.START dat=chimera-action: cmp=com.google.android.gms/.chimera.PersistentDirectBootAwareApiService }
03-13 10:02:06.054  1253  1253 D OplusMovieIdle: updateLayerStacks,mOmiSupport is not supoort
03-13 10:02:06.065  1253  1253 D OplusMovieIdle: updateLayerStacks,mOmiSupport is not supoort
03-13 10:02:06.076  1253  1253 D OplusMovieIdle: updateLayerStacks,mOmiSupport is not supoort
03-13 10:02:06.086  6159  6189 V OplusZoomWindowManagerService: onAnimationFinished:  r = ActivityRecord{e2113db u0 com.dearmoon.shield/.ModeConfirmActivity t146}
03-13 10:02:06.086  6159  6189 I OplusAppSwitchManagerService:  handleAppVisible , r = ActivityRecord{e2113db u0 com.dearmoon.shield/.ModeConfirmActivity t146}
03-13 10:02:06.087  1253  1253 D OplusMovieIdle: updateLayerStacks,mOmiSupport is not supoort
03-13 10:02:06.098  1253  1253 D OplusLayer: ~Layer() sequence=12960, name=Surface(name=ActivityRecord{e2113db u0 com.dearmoon.shield/.ModeConfirmActivity)/@0xafcfc9a - animation-bounds#0 0xb400007e9d416040
03-13 10:02:06.098  1253  1253 D OplusLayer: ~Layer() sequence=12959, name=Surface(name=ActivityRecord{e2113db u0 com.dearmoon.shield/.ModeConfirmActivity)/@0xafcfc9a - animation-leash of app_transition#0 0xb400007ea0b4a440
03-13 10:02:06.100  1253  1253 D OplusMovieIdle: updateLayerStacks,mOmiSupport is not supoort
03-13 10:02:06.101 14616 14616 I Quality : Skipped: true 1 cost 14.618404 refreshRate 0 processName com.dearmoon.shield
03-13 10:02:06.101  1219  1219 E ORMS_HAL: open /sys/devices/platform/soc/soc:oplus-omrg/oplus-omrg0/ruler_enable failed(No such file or directory)
03-13 10:02:06.137 14616 14616 I Quality : Skipped: true 1 cost 17.979773 refreshRate 0 processName com.dearmoon.shield
03-13 10:02:06.161 14616 14616 I Quality : Skipped: true 1 cost 18.755932 refreshRate 0 processName com.dearmoon.shield
03-13 10:02:06.189 14616 14616 I Quality : Skipped: true 2 cost 24.190308 refreshRate 0 processName com.dearmoon.shield
03-13 10:02:06.192  6159  6988 I OplusHansManager : uid=10259, pkg=com.topjohnwu.magisk can transition from M to F
03-13 10:02:06.192  6159  6988 I OplusHansManager : uid=10259, pkg=com.topjohnwu.magisk F enter()
03-13 10:02:06.195  6159  6988 I OplusHansManager : freeze uid: 10259 com.topjohnwu.magisk pids: [14044, 14064] scene: LcdOn
03-13 10:02:06.222 14616 14616 I Quality : Skipped: true 1 cost 11.878667 refreshRate 0 processName com.dearmoon.shield
03-13 10:02:06.882 14658 14658 I Process : Sending signal. PID: 14658 SIG: 9
03-13 10:02:06.884  6159  6586 D OGG_Detector: D:done mCurrStatus: 0
03-13 10:02:06.885  6693  6693 D NoBackGesture: Start gesture: MotionEvent { action=ACTION_DOWN, actionButton=0, id[0]=0, x[0]=271.25116, y[0]=937.3906, toolType[0]=TOOL_TYPE_FINGER, buttonState=0, classification=NONE, metaState=0, flags=0x0, edgeFlags=0x0, pointerCount=1, historySize=0, eventTime=349023599, downTime=349023599, deviceId=3, source=0x1002, displayId=0, eventId=401241054 }
03-13 10:02:06.885  6693  6693 D NoBackGesture: Not in side gesture area
03-13 10:02:06.891 14616 14616 V AutofillManager: requestHideFillUi(null): anchor = null
03-13 10:02:06.892  6159  7764 E OplusZoomWindowManagerService: null stack in getZoomScaleRect
03-13 10:02:06.942  6159  7764 I ActivityManager: Process com.heytap.mcs.appservice (pid 14658) has died: vis IMPF
03-13 10:02:06.942  6159  6207 I libprocessgroup: Successfully killed process cgroup uid 1000 pid 14658 in 0ms
03-13 10:02:06.942  6159  7764 W ContextImpl: Calling a method in the system process without a qualified user: android.app.ContextImpl.sendBroadcast:1175 com.android.server.am.OplusExtraActivityManagerService.setKeyLockModeNormal:51 com.android.server.am.ActivityManagerServiceExtImpl.setKeyLockModeNormal:851 com.android.server.am.ActivityManagerService.appDiedLocked:3389 com.android.server.am.ActivityManagerService$AppDeathRecipient.binderDied:1531
03-13 10:02:06.943   773   773 I hwservicemanager: getTransport: Cannot find entry vendor.qti.hardware.iop@2.0::IIop/default in either framework or device VINTF manifest.
03-13 10:02:06.944  5995  5995 I Zygote  : Process 14658 exited due to signal 9 (Killed)
03-13 10:02:06.945  7679  7679 I ActivityThread: Removing dead content provider:android.content.ContentProviderProxy@55b9018
03-13 10:02:06.951  6159  7764 I ActivityManager: Killing 13339:com.google.android.cellbroadcastreceiver/u0a239 (adj 975): empty for 2036s
03-13 10:02:06.953   773   773 I hwservicemanager: getTransport: Cannot find entry vendor.qti.hardware.iop@2.0::IIop/default in either framework or device VINTF manifest.
03-13 10:02:06.954  8828  8971 V DeepThinker: ProcessManager: onProcessDied pid:14658, uid:1000
03-13 10:02:06.965  6159  6207 I libprocessgroup: Successfully killed process cgroup uid 10239 pid 13339 in 5ms
03-13 10:02:06.972  6693  6693 D NoBackGesture: End gesture: MotionEvent { action=ACTION_UP, actionButton=0, id[0]=0, x[0]=271.25116, y[0]=937.3906, toolType[0]=TOOL_TYPE_FINGER, buttonState=0, classification=NONE, metaState=0, flags=0x0, edgeFlags=0x0, pointerCount=1, historySize=0, eventTime=349023688, downTime=349023599, deviceId=3, source=0x1002, displayId=0, eventId=782822544 }
03-13 10:02:06.991  6159  7764 D ActivityTrigger: ActivityTrigger activityPauseTrigger
03-13 10:02:07.007   773   773 I hwservicemanager: getTransport: Cannot find entry vendor.qti.hardware.iop@2.0::IIop/default in either framework or device VINTF manifest.
03-13 10:02:07.007  5995  5995 I Zygote  : Process 13339 exited due to signal 9 (Killed)
03-13 10:02:07.008  6159 13521 D OplusSecurePayManager: resume secure pay app : com.dearmoon.shield
03-13 10:02:07.008  6159  6243 D OplusSecurePayManager: startSecurePayIntent,pkgName:com.dearmoon.shield UserHandle.CURRENT=UserHandle{-2}, mCurrentUserId=0
03-13 10:02:07.011  1220  1220 E PerformanceService: Failed to open /proc/sys/kernel/sched_impt_tgid (2): No such file or directory, Linux version 4.14.180
03-13 10:02:07.011  6159 13521 I OplusAppSwitchManager: notifyAppSwitch the same packageName!
03-13 10:02:07.011  6159 13521 I InputDispatcher: setFocusedApplication displayId=0 ActivityRecord{84617cd u0 com.dearmoon.shield/.MainActivity t146}
03-13 10:02:07.012  6159 13521 V WindowManager: Changing focus from Window{f3ed98d u0 com.dearmoon.shield/com.dearmoon.shield.ModeConfirmActivity} to Window{964c301 u0 com.dearmoon.shield/com.dearmoon.shield.MainActivity},diplayid=0
03-13 10:02:07.015  6159  6606 I FocusResolver: updateFocusedWindow,  on display 0, reason: NO_WINDOW, result:   FocusedWindows: <none>
03-13 10:02:07.017  6159 13521 D Theia.NoFocusWindow: FocusWindowErrorScene cancelCheckFreezeScreen
03-13 10:02:07.019  6159 13521 D TaskExtImpl: addColorModeOnResume resume=true pkg = com.dearmoon.shield
03-13 10:02:07.019  6159 13521 D ColorDisplayServiceExtImpl: ColorDisplayServiceExtImpl getInstance=com.android.server.display.color.ColorDisplayServiceExtImpl@ff650be
03-13 10:02:07.025  6159 13521 D CompactWindowManagerService: updateBackgroundSurface openingApp: ActivityRecord{84617cd u0 com.dearmoon.shield/.MainActivity t146}
03-13 10:02:07.025  6159 13521 D OplusSplitScreenManagerService: isDragToSplitState mOplusSpiltScreenDnDUI is null, just return!
03-13 10:02:07.025  6159 13521 D CompactWindowManagerService: addSiblingToAnimationTargets:sibling = ActivityRecord{84617cd u0 com.dearmoon.shield/.MainActivity t146}; replacedMoveAnimation = -1
03-13 10:02:07.028  1253  1253 D OplusMovieIdle: updateLayerStacks,mOmiSupport is not supoort
03-13 10:02:07.029  6159 13521 D OplusZoomWindowManagerService: adjustWindowCropForLeash start: appToken = ActivityRecord{e2113db u0 com.dearmoon.shield/.ModeConfirmActivity t146 f}}
03-13 10:02:07.038  8828  8971 V DeepThinker: ProcessManager: onProcessDied pid:13339, uid:10239
03-13 10:02:07.039  1253  1253 D OplusMovieIdle: updateLayerStacks,mOmiSupport is not supoort
03-13 10:02:07.046  6159  6243 W ActivityManager: Unable to start service Intent { act=oplus.intent.action.SECURE_PAY_SCAN_RISK pkg=com.coloros.securepay (has extras) } U=0: not found
03-13 10:02:07.048  6159 13521 I FocusResolver: updateFocusedWindow, 964c301 com.dearmoon.shield/com.dearmoon.shield.MainActivity on display 0, reason: setFocusedWindow, result:   FocusedWindows:
03-13 10:02:07.048  6159 13521 I FocusResolver:     displayId=0, name='964c301 com.dearmoon.shield/com.dearmoon.shield.MainActivity'
03-13 10:02:07.048  1253  1253 D OplusMovieIdle: updateLayerStacks,mOmiSupport is not supoort
03-13 10:02:07.055 14616 14616 D CompatibilityChangeReporter: Compat change id reported: 147798919; UID 10273; state: ENABLED
03-13 10:02:07.058  6159 10465 D OplusNotificationManagerServiceExtImpl: shouldInterceptToast:
03-13 10:02:07.060  1253  1253 D OplusMovieIdle: updateLayerStacks,mOmiSupport is not supoort
03-13 10:02:07.073  1253  1253 D OplusMovieIdle: updateLayerStacks,mOmiSupport is not supoort
03-13 10:02:07.074  6159  6180 D OplusNotificationManagerServiceExtImpl: shouldInterceptToast:
03-13 10:02:07.075  6693  6693 W SystemUIToast: appEntry resourcePath = /data/app/~~xBJ3eRX6XV4DvTiHYonE4A==/com.dearmoon.shield-qtiCjqtxwFiuw4vs1TLs4A== is different with appInfo from PM = /data/app/~~Vrt5E3aJ-2jqdumKa3P-Ow==/com.dearmoon.shield-xuAt5gCzxyNlnRgfCTQoMA==
03-13 10:02:07.084  1253  1253 D OplusMovieIdle: updateLayerStacks,mOmiSupport is not supoort
03-13 10:02:07.085 14616 14616 I Quality : Skipped: false 3 cost 38.123817 refreshRate 0 processName com.dearmoon.shield
03-13 10:02:07.086  6693  6693 D WindowManager: Add to mViews: com.oplusos.systemui.toast.OplusToastLayout{e3e51b V.E...... ......I. 0,0-0,0},pkg= com.android.systemui
03-13 10:02:07.088  6159  7764 D OplusDisplayPolicy: com.dearmoon.shield, no change cutoutMode: 0
03-13 10:02:07.092  6159  6180 D OplusDisplayPolicy: com.android.systemui, change system app cutoutMode: oplus always
03-13 10:02:07.092  1253  1253 D OplusLayer: ~Layer() sequence=12957, name=Surface(name=5d2b0f5 StatusBar)/@0x7c7c825 - animation-leash of insets_animation#0 0xb400007e9d40d400
03-13 10:02:07.092  1253  1253 D OplusLayer: ~Layer() sequence=12958, name=Surface(name=3d56d5a NavigationBar0)/@0x49d6fab - animation-leash of insets_animation#0 0xb400007ebe483c00
03-13 10:02:07.097  1253  1253 D OplusMovieIdle: updateLayerStacks,mOmiSupport is not supoort
03-13 10:02:07.099 14616 14616 I ShieldProtectionService: ShieldProtectionService created
03-13 10:02:07.100  6159  7764 D CompatibilityChangeReporter: Compat change id reported: 135634846; UID 10273; state: DISABLED
03-13 10:02:07.101  6159  7764 D CompatibilityChangeReporter: Compat change id reported: 177438394; UID 10273; state: DISABLED
03-13 10:02:07.101  6159  7764 D CompatibilityChangeReporter: Compat change id reported: 135772972; UID 10273; state: DISABLED
03-13 10:02:07.101  6159  7764 D CompatibilityChangeReporter: Compat change id reported: 135754954; UID 10273; state: ENABLED
03-13 10:02:07.101  6159  6206 D CompatibilityChangeReporter: Compat change id reported: 143937733; UID 10273; state: ENABLED
03-13 10:02:07.101  6159 13521 D OplusDisplayPolicy: com.android.systemui, change system app cutoutMode: oplus always
03-13 10:02:07.101 14616 14616 I TelemetryStorage: TelemetryStorage initialized with SQLite backend
03-13 10:02:07.104 14616 14616 I BehaviorCorrelation: BehaviorCorrelationEngine initialized (REUSE mode)
03-13 10:02:07.105 14616 14616 I ShieldApplication: UnifiedDetectionEngine created (shared instance)
03-13 10:02:07.106 14616 14616 I HoneyfileCollector: HoneyfileCollector initialized - Package: com.dearmoon.shield
03-13 10:02:07.112  1253  1253 D OplusMovieIdle: updateLayerStacks,mOmiSupport is not supoort
03-13 10:02:07.116  5995  5995 D Zygote  : Forked child process 14790
03-13 10:02:07.120  1253  1253 D OplusMovieIdle: updateLayerStacks,mOmiSupport is not supoort
03-13 10:02:07.121  6159  6180 D CompatibilityChangeReporter: Compat change id reported: 149924527; UID 10273; state: ENABLED
03-13 10:02:07.122  6159  6180 D CompatibilityChangeReporter: Compat change id reported: 132649864; UID 10273; state: DISABLED
03-13 10:02:07.124 14790 14790 I shield:watchdo: Late-enabling -Xcheck:jni
03-13 10:02:07.126  1253  1253 D OplusMovieIdle: updateLayerStacks,mOmiSupport is not supoort
03-13 10:02:07.129 14616 14616 D HoneyfileCollector: Created honeyfile: /storage/emulated/0/Documents/0cb93816.txt
03-13 10:02:07.130 14616 14772 D HoneyfileCollector: Skipping honeyfile event during grace period: /storage/emulated/0/Documents/0cb93816.txt (129ms since creation)
03-13 10:02:07.130 14616 14772 D HoneyfileCollector: Skipping honeyfile event during grace period: /storage/emulated/0/Documents/0cb93816.txt (130ms since creation)
03-13 10:02:07.133 14616 14616 D HoneyfileCollector: Created honeyfile: /storage/emulated/0/Documents/3d55df25.dat
03-13 10:02:07.133 14616 14772 D HoneyfileCollector: Skipping honeyfile event during grace period: /storage/emulated/0/Documents/3d55df25.dat (133ms since creation)
03-13 10:02:07.134  6159  6206 I ActivityManager: Start proc 14790:com.dearmoon.shield:watchdog/u0a273 for service {com.dearmoon.shield/com.dearmoon.shield.services.ShieldWatchdogService}
03-13 10:02:07.135 14616 14772 D HoneyfileCollector: Skipping honeyfile event during grace period: /storage/emulated/0/Documents/3d55df25.dat (135ms since creation)
03-13 10:02:07.136  1253  1253 D OplusLayer: setBuffer sequence=12969, name=Toast#0
03-13 10:02:07.136  1253  1253 I OplusLayer: VRR [FRTC] update from -1 to 0
03-13 10:02:07.136  6693  7521 D SurfaceComposerClient: VRR [FRTC] client handle [bufferId:18446744073709551615 framenumber:0] [ffffffff, ffffffff]
03-13 10:02:07.137 27501 27598 I BtGatt.ScanManager: msg.what = 6
03-13 10:02:07.138  1253  1253 D OplusMovieIdle: updateLayerStacks,mOmiSupport is not supoort
03-13 10:02:07.138 14616 14616 D HoneyfileCollector: Created honeyfile: /storage/emulated/0/Documents/b89864ca.bin
03-13 10:02:07.139 14616 14772 D HoneyfileCollector: Skipping honeyfile event during grace period: /storage/emulated/0/Documents/b89864ca.bin (139ms since creation)
03-13 10:02:07.139 14616 14772 D HoneyfileCollector: Skipping honeyfile event during grace period: /storage/emulated/0/Documents/b89864ca.bin (139ms since creation)
03-13 10:02:07.143 14616 14616 D HoneyfileCollector: Created honeyfile: /storage/emulated/0/Documents/446af06a.bak
03-13 10:02:07.143 14616 14772 D HoneyfileCollector: Skipping honeyfile event during grace period: /storage/emulated/0/Documents/446af06a.bak (143ms since creation)
03-13 10:02:07.143 14616 14772 D HoneyfileCollector: Skipping honeyfile event during grace period: /storage/emulated/0/Documents/446af06a.bak (143ms since creation)
03-13 10:02:07.144 14790 14790 E shield:watchdo: Unknown bits set in runtime_flags: 0x40000000
03-13 10:02:07.148 14616 14616 D HoneyfileCollector: Created honeyfile: /storage/emulated/0/Documents/dc778a9c.key
03-13 10:02:07.148  1253  1253 D OplusMovieIdle: updateLayerStacks,mOmiSupport is not supoort
03-13 10:02:07.148 14616 14772 D HoneyfileCollector: Skipping honeyfile event during grace period: /storage/emulated/0/Documents/dc778a9c.key (148ms since creation)
03-13 10:02:07.148 14616 14772 D HoneyfileCollector: Skipping honeyfile event during grace period: /storage/emulated/0/Documents/dc778a9c.key (148ms since creation)
03-13 10:02:07.150 14466 14471 I adbd    : jdwp connection from 14790
03-13 10:02:07.153 14790 14790 D ProcessState: Binder ioctl to enable oneway spam detection failed: Invalid argument
03-13 10:02:07.153 14616 14616 D HoneyfileCollector: Created honeyfile: /storage/emulated/0/Documents/26cf0905.db
03-13 10:02:07.154 14616 14772 D HoneyfileCollector: Skipping honeyfile event during grace period: /storage/emulated/0/Documents/26cf0905.db (154ms since creation)
03-13 10:02:07.154 14616 14772 D HoneyfileCollector: Skipping honeyfile event during grace period: /storage/emulated/0/Documents/26cf0905.db (154ms since creation)
03-13 10:02:07.157 14790 14790 I OneTrace: Mark active for pid=14790? true
03-13 10:02:07.157 14616 14616 D HoneyfileCollector: Created honeyfile: /storage/emulated/0/Download/8e7bb5b4.txt
03-13 10:02:07.157 14790 14790 D cutils-dev: otrace_set_tracing_enabled? true
03-13 10:02:07.157 14616 14772 D HoneyfileCollector: Skipping honeyfile event during grace period: /storage/emulated/0/Download/8e7bb5b4.txt (157ms since creation)
03-13 10:02:07.157 14616 14772 D HoneyfileCollector: Skipping honeyfile event during grace period: /storage/emulated/0/Download/8e7bb5b4.txt (157ms since creation)
03-13 10:02:07.160  1253  1253 D OplusMovieIdle: updateLayerStacks,mOmiSupport is not supoort
03-13 10:02:07.161 14616 14616 D HoneyfileCollector: Created honeyfile: /storage/emulated/0/Download/80d34ab8.dat
03-13 10:02:07.162 14616 14772 D HoneyfileCollector: Skipping honeyfile event during grace period: /storage/emulated/0/Download/80d34ab8.dat (162ms since creation)
03-13 10:02:07.162 14616 14772 D HoneyfileCollector: Skipping honeyfile event during grace period: /storage/emulated/0/Download/80d34ab8.dat (162ms since creation)
03-13 10:02:07.165 14616 14616 D HoneyfileCollector: Created honeyfile: /storage/emulated/0/Download/86f77f07.bin
03-13 10:02:07.166 14616 14772 D HoneyfileCollector: Skipping honeyfile event during grace period: /storage/emulated/0/Download/86f77f07.bin (166ms since creation)
03-13 10:02:07.166 14790 14806 D cutils-dev: properties changed in otrace_seq_number_changed!
03-13 10:02:07.166 14616 14772 D HoneyfileCollector: Skipping honeyfile event during grace period: /storage/emulated/0/Download/86f77f07.bin (166ms since creation)
03-13 10:02:07.169 14616 14616 D HoneyfileCollector: Created honeyfile: /storage/emulated/0/Download/efa4fc55.bak
03-13 10:02:07.170 14616 14772 D HoneyfileCollector: Skipping honeyfile event during grace period: /storage/emulated/0/Download/efa4fc55.bak (170ms since creation)
03-13 10:02:07.170 14616 14772 D HoneyfileCollector: Skipping honeyfile event during grace period: /storage/emulated/0/Download/efa4fc55.bak (170ms since creation)
03-13 10:02:07.172  1253  1253 D OplusMovieIdle: updateLayerStacks,mOmiSupport is not supoort
03-13 10:02:07.173 14616 14616 D HoneyfileCollector: Created honeyfile: /storage/emulated/0/Download/0062f9f8.key
03-13 10:02:07.174 14616 14772 D HoneyfileCollector: Skipping honeyfile event during grace period: /storage/emulated/0/Download/0062f9f8.key (174ms since creation)
03-13 10:02:07.174 14616 14772 D HoneyfileCollector: Skipping honeyfile event during grace period: /storage/emulated/0/Download/0062f9f8.key (174ms since creation)
03-13 10:02:07.175  6159  6205 I ActivityManager: Waited long enough for: ServiceRecord{30adabe u0 com.android.mtp/.MtpService}
03-13 10:02:07.176 14616 14616 D HoneyfileCollector: Created honeyfile: /storage/emulated/0/Download/cbadb734.db
03-13 10:02:07.177 14616 14772 D HoneyfileCollector: Skipping honeyfile event during grace period: /storage/emulated/0/Download/cbadb734.db (177ms since creation)
03-13 10:02:07.177 14616 14772 D HoneyfileCollector: Skipping honeyfile event during grace period: /storage/emulated/0/Download/cbadb734.db (177ms since creation)
03-13 10:02:07.179 14616 14616 D HoneyfileCollector: Created honeyfile: /storage/emulated/0/Pictures/13c87d09.txt
03-13 10:02:07.179 14616 14772 D HoneyfileCollector: Skipping honeyfile event during grace period: /storage/emulated/0/Pictures/13c87d09.txt (179ms since creation)
03-13 10:02:07.179 14616 14772 D HoneyfileCollector: Skipping honeyfile event during grace period: /storage/emulated/0/Pictures/13c87d09.txt (179ms since creation)
03-13 10:02:07.182 14616 14616 D HoneyfileCollector: Created honeyfile: /storage/emulated/0/Pictures/2057dabe.dat
03-13 10:02:07.183 14616 14772 D HoneyfileCollector: Skipping honeyfile event during grace period: /storage/emulated/0/Pictures/2057dabe.dat (183ms since creation)
03-13 10:02:07.183 14616 14772 D HoneyfileCollector: Skipping honeyfile event during grace period: /storage/emulated/0/Pictures/2057dabe.dat (183ms since creation)
03-13 10:02:07.185  1253  1253 D OplusMovieIdle: updateLayerStacks,mOmiSupport is not supoort
03-13 10:02:07.185 14616 14616 D HoneyfileCollector: Created honeyfile: /storage/emulated/0/Pictures/4c0761fa.bin
03-13 10:02:07.186 14616 14772 D HoneyfileCollector: Skipping honeyfile event during grace period: /storage/emulated/0/Pictures/4c0761fa.bin (186ms since creation)
03-13 10:02:07.186 14616 14772 D HoneyfileCollector: Skipping honeyfile event during grace period: /storage/emulated/0/Pictures/4c0761fa.bin (186ms since creation)
03-13 10:02:07.188 14616 14616 D HoneyfileCollector: Created honeyfile: /storage/emulated/0/Pictures/f59b6e00.bak
03-13 10:02:07.189 14616 14772 D HoneyfileCollector: Skipping honeyfile event during grace period: /storage/emulated/0/Pictures/f59b6e00.bak (189ms since creation)
03-13 10:02:07.189 14616 14772 D HoneyfileCollector: Skipping honeyfile event during grace period: /storage/emulated/0/Pictures/f59b6e00.bak (189ms since creation)
03-13 10:02:07.191 14616 14616 D HoneyfileCollector: Created honeyfile: /storage/emulated/0/Pictures/711936f3.key
03-13 10:02:07.192 14616 14772 D HoneyfileCollector: Skipping honeyfile event during grace period: /storage/emulated/0/Pictures/711936f3.key (192ms since creation)
03-13 10:02:07.192 14616 14772 D HoneyfileCollector: Skipping honeyfile event during grace period: /storage/emulated/0/Pictures/711936f3.key (192ms since creation)
03-13 10:02:07.194  1253  1253 D OplusMovieIdle: updateLayerStacks,mOmiSupport is not supoort
03-13 10:02:07.196 14616 14616 D HoneyfileCollector: Created honeyfile: /storage/emulated/0/Pictures/51d7712a.db
03-13 10:02:07.198 14790 14790 D CompatibilityChangeReporter: Compat change id reported: 171979766; UID 10273; state: ENABLED
03-13 10:02:07.198 14616 14772 D HoneyfileCollector: Skipping honeyfile event during grace period: /storage/emulated/0/Pictures/51d7712a.db (197ms since creation)
03-13 10:02:07.198 14790 14790 I oplus.android.OplusFrameworkFactoryImpl: get feature:IOplusAutoResolutionFeature
03-13 10:02:07.198 14790 14790 I oplus.android.OplusFrameworkFactoryImpl: getOplusAutoResolutionFeature
03-13 10:02:07.198 14616 14772 D HoneyfileCollector: Skipping honeyfile event during grace period: /storage/emulated/0/Pictures/51d7712a.db (198ms since creation)
03-13 10:02:07.199 14790 14790 D CompactWindowAppManager: initCompactApplicationInfo
03-13 10:02:07.200 14616 14616 D HoneyfileCollector: Created honeyfile: /storage/emulated/0/DCIM/7e1e21e5.txt
03-13 10:02:07.200 14616 14772 D HoneyfileCollector: Skipping honeyfile event during grace period: /storage/emulated/0/DCIM/7e1e21e5.txt (200ms since creation)
03-13 10:02:07.201 14616 14772 D HoneyfileCollector: Skipping honeyfile event during grace period: /storage/emulated/0/DCIM/7e1e21e5.txt (201ms since creation)
03-13 10:02:07.204 14616 14616 D HoneyfileCollector: Created honeyfile: /storage/emulated/0/DCIM/17e0e526.dat
03-13 10:02:07.205  1253  1253 D OplusMovieIdle: updateLayerStacks,mOmiSupport is not supoort
03-13 10:02:07.208 14616 14772 D HoneyfileCollector: Skipping honeyfile event during grace period: /storage/emulated/0/DCIM/17e0e526.dat (208ms since creation)
03-13 10:02:07.208 14616 14772 D HoneyfileCollector: Skipping honeyfile event during grace period: /storage/emulated/0/DCIM/17e0e526.dat (208ms since creation)
03-13 10:02:07.213 14616 14616 D HoneyfileCollector: Created honeyfile: /storage/emulated/0/DCIM/f0572e37.bin
03-13 10:02:07.213 14616 14772 D HoneyfileCollector: Skipping honeyfile event during grace period: /storage/emulated/0/DCIM/f0572e37.bin (213ms since creation)
03-13 10:02:07.213 14616 14772 D HoneyfileCollector: Skipping honeyfile event during grace period: /storage/emulated/0/DCIM/f0572e37.bin (213ms since creation)
03-13 10:02:07.216  1253  1253 D OplusMovieIdle: updateLayerStacks,mOmiSupport is not supoort
03-13 10:02:07.220 14616 14616 D HoneyfileCollector: Created honeyfile: /storage/emulated/0/DCIM/824a680a.bak
03-13 10:02:07.221 14616 14772 D HoneyfileCollector: Skipping honeyfile event during grace period: /storage/emulated/0/DCIM/824a680a.bak (221ms since creation)
03-13 10:02:07.221 14616 14772 D HoneyfileCollector: Skipping honeyfile event during grace period: /storage/emulated/0/DCIM/824a680a.bak (221ms since creation)
03-13 10:02:07.223 14616 14616 D HoneyfileCollector: Created honeyfile: /storage/emulated/0/DCIM/84a3ec5f.key
03-13 10:02:07.224 14616 14772 D HoneyfileCollector: Skipping honeyfile event during grace period: /storage/emulated/0/DCIM/84a3ec5f.key (224ms since creation)
03-13 10:02:07.224 14616 14772 D HoneyfileCollector: Skipping honeyfile event during grace period: /storage/emulated/0/DCIM/84a3ec5f.key (224ms since creation)
03-13 10:02:07.225 14790 14790 I OplusFeatureCache: Milliseconds spent on init(): 16
03-13 10:02:07.226 14616 14616 D HoneyfileCollector: Created honeyfile: /storage/emulated/0/DCIM/4c514485.db
03-13 10:02:07.227 14616 14616 I HoneyfileCollector: Honeyfile creation complete. Grace period: 5000ms
03-13 10:02:07.227 14616 14773 I SnapshotManager: Creating baseline snapshot
03-13 10:02:07.227 14616 14772 D HoneyfileCollector: Skipping honeyfile event during grace period: /storage/emulated/0/DCIM/4c514485.db (227ms since creation)
03-13 10:02:07.227 14616 14772 D HoneyfileCollector: Skipping honeyfile event during grace period: /storage/emulated/0/DCIM/4c514485.db (227ms since creation)
03-13 10:02:07.228  1253  1253 D OplusMovieIdle: updateLayerStacks,mOmiSupport is not supoort
03-13 10:02:07.228 14790 14790 D LoadedApk: mApplicationInfo overrideDisplayId:null
03-13 10:02:07.229 14616 14616 I RecursiveFileSystemCollector: Starting recursive monitoring of: /storage/emulated/0/Documents
03-13 10:02:07.230 14616 14616 D FileSystemCollector: FileSystemCollector created for: /storage/emulated/0/Documents
03-13 10:02:07.231 14616 14616 D RecursiveFileSystemCollector: Monitoring [depth=0]: /storage/emulated/0/Documents
03-13 10:02:07.238  1253  1253 D OplusMovieIdle: updateLayerStacks,mOmiSupport is not supoort
03-13 10:02:07.242 14616 14616 D FileSystemCollector: FileSystemCollector created for: /storage/emulated/0/Documents/test
03-13 10:02:07.242 14616 14616 D RecursiveFileSystemCollector: Monitoring [depth=1]: /storage/emulated/0/Documents/test
03-13 10:02:07.243 14616 14616 I RecursiveFileSystemCollector: Recursive monitoring started: 2 directories monitored
03-13 10:02:07.244 14616 14616 I ShieldProtectionService: Started recursive monitoring: /storage/emulated/0/Documents (2 directories)
03-13 10:02:07.244 14616 14616 I RecursiveFileSystemCollector: Starting recursive monitoring of: /storage/emulated/0/Download
03-13 10:02:07.244 14616 14616 D FileSystemCollector: FileSystemCollector created for: /storage/emulated/0/Download
03-13 10:02:07.245 14616 14616 D RecursiveFileSystemCollector: Monitoring [depth=0]: /storage/emulated/0/Download
03-13 10:02:07.248 14616 14616 D FileSystemCollector: FileSystemCollector created for: /storage/emulated/0/Download/update
03-13 10:02:07.248 14616 14616 D RecursiveFileSystemCollector: Monitoring [depth=1]: /storage/emulated/0/Download/update
03-13 10:02:07.250  1253  1253 D OplusMovieIdle: updateLayerStacks,mOmiSupport is not supoort
03-13 10:02:07.250 14616 14616 D FileSystemCollector: FileSystemCollector created for: /storage/emulated/0/Download/update/downloads
03-13 10:02:07.250 14616 14616 D RecursiveFileSystemCollector: Monitoring [depth=2]: /storage/emulated/0/Download/update/downloads
03-13 10:02:07.251 14616 14616 I RecursiveFileSystemCollector: Recursive monitoring started: 3 directories monitored
03-13 10:02:07.252 14616 14616 I ShieldProtectionService: Started recursive monitoring: /storage/emulated/0/Download (3 directories)
03-13 10:02:07.253 14616 14616 I RecursiveFileSystemCollector: Starting recursive monitoring of: /storage/emulated/0/Pictures
03-13 10:02:07.254 14616 14616 D FileSystemCollector: FileSystemCollector created for: /storage/emulated/0/Pictures
03-13 10:02:07.254 14616 14616 D RecursiveFileSystemCollector: Monitoring [depth=0]: /storage/emulated/0/Pictures
03-13 10:02:07.255  1668  1714 D SwtpMonitorThread: read swtp_status_buf: 0
03-13 10:02:07.257 14616 14616 D FileSystemCollector: FileSystemCollector created for: /storage/emulated/0/Pictures/Notes
03-13 10:02:07.257 14616 14616 D RecursiveFileSystemCollector: Monitoring [depth=1]: /storage/emulated/0/Pictures/Notes
03-13 10:02:07.261  1253  1253 D OplusMovieIdle: updateLayerStacks,mOmiSupport is not supoort
03-13 10:02:07.263 14616 14616 I RecursiveFileSystemCollector: Recursive monitoring started: 2 directories monitored
03-13 10:02:07.263 14616 14616 I ShieldProtectionService: Started recursive monitoring: /storage/emulated/0/Pictures (2 directories)
03-13 10:02:07.263 14616 14616 I RecursiveFileSystemCollector: Starting recursive monitoring of: /storage/emulated/0/DCIM
03-13 10:02:07.265 14616 14616 D FileSystemCollector: FileSystemCollector created for: /storage/emulated/0/DCIM
03-13 10:02:07.265 14616 14616 D RecursiveFileSystemCollector: Monitoring [depth=0]: /storage/emulated/0/DCIM
03-13 10:02:07.271 14616 14616 D FileSystemCollector: FileSystemCollector created for: /storage/emulated/0/DCIM/Camera
03-13 10:02:07.271 14616 14616 D RecursiveFileSystemCollector: Monitoring [depth=1]: /storage/emulated/0/DCIM/Camera
03-13 10:02:07.272  1253  1253 D OplusMovieIdle: updateLayerStacks,mOmiSupport is not supoort
03-13 10:02:07.273 14616 14616 I RecursiveFileSystemCollector: Recursive monitoring started: 2 directories monitored
03-13 10:02:07.273 14616 14616 I ShieldProtectionService: Started recursive monitoring: /storage/emulated/0/DCIM (2 directories)
03-13 10:02:07.277 14616 14616 I MediaStoreCollector: Started watching MediaStore
03-13 10:02:07.277 14616 14616 I ShieldProtectionService: MediaStore monitoring enabled
03-13 10:02:07.278 14616 14616 D CompatibilityChangeReporter: Compat change id reported: 160794467; UID 10273; state: ENABLED
03-13 10:02:07.283  1253  1253 D OplusMovieIdle: updateLayerStacks,mOmiSupport is not supoort
03-13 10:02:07.286  6159  7764 D OplusCustomizeVpnManagerService: propGetEnable persist.sys.vpn_disable: 0
03-13 10:02:07.288 14616 14616 I ShieldProtectionService: Network monitoring started automatically
03-13 10:02:07.288  6159  6205 I OplusNotificationManagerServiceExtImpl: reportForegroundServiceUpdate notification=Notification(channel=shield_protection_channel shortcut=null contentView=null vibrate=null sound=null defaults=0x0 flags=0x42 color=0x00000000 vis=PRIVATE) id=1001 pkg=com.dearmoon.shield userId=0
03-13 10:02:07.289 14616 14616 I ShieldProtectionService: ShieldProtectionService started (integrity=DISABLED_FOR_TESTING)
03-13 10:02:07.295  1253  1253 D OplusMovieIdle: updateLayerStacks,mOmiSupport is not supoort
03-13 10:02:07.295 14616 14616 I TelemetryStorage: TelemetryStorage initialized with SQLite backend
03-13 10:02:07.297 14616 14616 I SHIELD_MODE_A: ModeAService created
03-13 10:02:07.299 14616 14807 I SHIELD_MODE_A: Checking root access…
03-13 10:02:07.301  6159 10465 D InputMethodManagerService: isSecurity: attribute.packageName=com.dearmoon.shield mCurMethodId=com.google.android.inputmethod.latin/com.android.inputmethod.latin.LatinIME
03-13 10:02:07.301  6159 10465 D InputMethodManagerService: isSecurity= false (  enable=false needShow=false inBlackList=false isExist=true )
03-13 10:02:07.302 14616 14616 I Quality : Skipped: false 18 cost 210.24811 refreshRate 0 processName com.dearmoon.shield
03-13 10:02:07.303  8509  8509 I GoogleInputMethodService: GoogleInputMethodService.onFinishInput():2114
03-13 10:02:07.306  8509  8509 I Module  : DeviceLockedStatusModuleProvider$Module.updateDeviceLockedStatus():103 repeatCheckTimes = 0, locked = false
03-13 10:02:07.306  1253  1253 D OplusMovieIdle: updateLayerStacks,mOmiSupport is not supoort
03-13 10:02:07.307  8509  8509 I GoogleInputMethodService: GoogleInputMethodService.onStartInput():1385 onStartInput(EditorInfo{EditorInfo{packageName=com.dearmoon.shield, inputType=0, inputTypeString=NULL, enableLearning=false, autoCorrection=false, autoComplete=false, imeOptions=0, privateImeOptions=null, actionName=UNSPECIFIED, actionLabel=null, initialSelStart=-1, initialSelEnd=-1, initialCapsMode=0, label=null, fieldId=-1, fieldName=null, extras=null, hintText=null, hintLocales=[]}}, false)
03-13 10:02:07.310  8509  8509 I AndroidIME: LatinIMEBase.updateInputViewCoverNavigation():314 Update input view padding, extendsTouchBelowSpace=false, bottom inset=124
03-13 10:02:07.311 14616 14616 I TelemetryStorage: TelemetryStorage initialized with SQLite backend
03-13 10:02:07.313  8509  8509 I Module  : DeviceLockedStatusModuleProvider$Module.updateDeviceLockedStatus():103 repeatCheckTimes = 1, locked = false
03-13 10:02:07.315  6159  6189 D WindowManager: Acquiring screen wakelock due to Window{30ecffa u0 Toast}
03-13 10:02:07.315  6159  6189 D OplusAONSmartDim: onWakeLockAcquireLocked: lock=10401270, flags=0x2000000a, packageName=android, tag="WindowManager", ws=WorkSource{10185}, uid=1000, pid=6159
03-13 10:02:07.316 14616 14616 D NetworkGuardService: NetworkGuardService created successfully
03-13 10:02:07.319 14616 14616 D NetworkGuardService: VPN thread started
03-13 10:02:07.319 14616 14814 D NetworkGuardService: Establishing VPN interface...
03-13 10:02:07.319  1253  1253 D OplusMovieIdle: updateLayerStacks,mOmiSupport is not supoort
03-13 10:02:07.319 14616 14616 I Quality : Skipped: true 1 cost 15.164486 refreshRate 0 processName com.dearmoon.shield
03-13 10:02:07.323  6693  6693 D PeopleSpaceWidgetMgr: isUserKeyUnlocked UserId:0
03-13 10:02:07.326  1253  1253 D OplusLayer: ~Layer() sequence=12961, name=Surface(name=6b27698 InputMethod)/@0x8a580b0 - animation-leash of insets_animation#0 0xb400007ecae78e00
03-13 10:02:07.327  1253  1253 D OplusMovieIdle: updateLayerStacks,mOmiSupport is not supoort
03-13 10:02:07.332  6159  6606 D OplusCustomizeVpnManagerService: propGetEnable persist.sys.vpn_disable: 0
03-13 10:02:07.335 14616 14807 I SHIELD_MODE_A: Root check: PASS → uid=0(root) gid=0(root) groups=0(root) context=u:r:magisk:s0
03-13 10:02:07.335 14616 14807 I SHIELD_MODE_A: Checking kernel BPF compatibility…
03-13 10:02:07.322 14616 14616 W ModeAInit: type=1400 audit(0.0:54874): avc: denied { read } for name="config.gz" dev="proc" ino=4026532250 scontext=u:r:untrusted_app:s0:c17,c257,c512,c768 tcontext=u:object_r:config_gz:s0 tclass=file permissive=0 app=com.dearmoon.shield
03-13 10:02:07.337 14616 14807 W SHIELD_MODE_A: Cannot read /proc/config.gz: /proc/config.gz: open failed: EACCES (Permission denied) — assuming compatible
03-13 10:02:07.337 14616 14807 I SHIELD_MODE_A: Deploying binaries from APK assets…
03-13 10:02:07.337 14616 14807 I SHIELD_MODE_A: Binaries already present — skipping asset deploy
03-13 10:02:07.337 14616 14807 I SHIELD_MODE_A: Starting root daemon…
03-13 10:02:07.337 14616 14616 D OplusScrollToTopManager: unregisterGuidePopupDismissReceiverInSystemUI
03-13 10:02:07.337 14616 14616 D OplusScrollToTopManager: Receiver not registered: android.view.OplusScrollToTopManager$1@fd1209f
03-13 10:02:07.337 14616 14616 D OplusScrollToTopManager: unregisterSystemUIBroadcastReceiver
03-13 10:02:07.338 14616 14616 D OplusScrollToTopManager: java.lang.IllegalArgumentException: Receiver not registered: android.view.OplusScrollToTopManager$2@df585ec
03-13 10:02:07.338  1253  1253 D OplusMovieIdle: updateLayerStacks,mOmiSupport is not supoort
03-13 10:02:07.338 14616 14616 V OplusZoomWindowDecorViewHelper: removeZoomView
03-13 10:02:07.339  6159  6185 I EthernetTracker: interfaceLinkStateChanged, iface: tun0, up: false
03-13 10:02:07.341 14616 14744 E BLASTBufferQueue: BLASTBufferItemConsumer::onDisconnect()
03-13 10:02:07.341  6159  7764 W InputManager-JNI: Input channel object 'f3ed98d com.dearmoon.shield/com.dearmoon.shield.ModeConfirmActivity (client)' was disposed without first being removed with the input manager!
03-13 10:02:07.343  6159  6185 I EthernetTracker: interfaceLinkStateChanged, iface: tun0, up: true
03-13 10:02:07.346  6159  6606 D VpnJni  : Address added on tun0: 10.0.0.2/32
03-13 10:02:07.349  1253  1253 D OplusMovieIdle: updateLayerStacks,mOmiSupport is not supoort
03-13 10:02:07.353  6159  6606 D Vpn     : setting state=CONNECTING, reason=establish
03-13 10:02:07.355  6159  6606 D Vpn     : setting state=CONNECTING, reason=agentConnect
03-13 10:02:07.358  6159  6606 D ConnectivityService: registerNetworkAgent NetworkAgentInfo{network{161}  handle{694895431693}  ni{VPN CONNECTING extra: } Score(101 ; KeepConnected : 0 ; Policies : IS_VPN)   lp{{InterfaceName: tun0 LinkAddresses: [ 10.0.0.2/32 ] DnsAddresses: [ /9.9.9.9,/149.112.112.112 ] Domains:  MTU: 1500 Routes: [ 0.0.0.0/0 -> 0.0.0.0 tun0 mtu 0,::/0 unreachable mtu 0 ]}}  nc{[ Transports: VPN Capabilities: INTERNET&NOT_RESTRICTED&TRUSTED&NOT_VCN_MANAGED TransportInfo: <VpnTransportInfo{type=1, sessionId=NetworkGuard}> Uids: <{0-99999}> OwnerUid: 10273 AdminUids: [10273] UnderlyingNetworks: Null]}  factorySerialNumber=3}
03-13 10:02:07.358  6159  6606 I Vpn     : /data/system/vpn_filter.xml not exist!
03-13 10:02:07.360  6159  6606 W System.err: java.io.FileNotFoundException: /data/system/vpn_filter.xml: open failed: ENOENT (No such file or directory)
03-13 10:02:07.360  6159  6606 W System.err:    at libcore.io.IoBridge.open(IoBridge.java:575)
03-13 10:02:07.360  6159  6606 W System.err:    at java.io.FileInputStream.<init>(FileInputStream.java:160)
03-13 10:02:07.360  6159  6606 W System.err:    at com.android.server.connectivity.OplusVpnHelper.readFromFile(OplusVpnHelper.java:214)
03-13 10:02:07.360  6159  6606 W System.err:    at com.android.server.connectivity.OplusVpnHelper.parseApplicationsFromXml(OplusVpnHelper.java:153)
03-13 10:02:07.360  6159  6606 W System.err:    at com.android.server.connectivity.Vpn.agentConnect(Vpn.java:1339)
03-13 10:02:07.360  6159  6606 W System.err:    at com.android.server.connectivity.Vpn.establish(Vpn.java:1475)
03-13 10:02:07.360  6159  6606 W System.err:    at com.android.server.VpnManagerService.establishVpn(VpnManagerService.java:247)
03-13 10:02:07.360  6159  6606 W System.err:    at android.net.IVpnManager$Stub.onTransact(IVpnManager.java:286)
03-13 10:02:07.360  6159  6606 W System.err:    at android.os.Binder.execTransactInternal(Binder.java:1221)
03-13 10:02:07.360  6159  6606 W System.err:    at android.os.Binder.execTransact(Binder.java:1163)
03-13 10:02:07.360  6159  6606 W System.err: Caused by: android.system.ErrnoException: open failed: ENOENT (No such file or directory)
03-13 10:02:07.360  6159  6606 W System.err:    at libcore.io.Linux.open(Native Method)
03-13 10:02:07.360  6159  6606 W System.err:    at libcore.io.ForwardingOs.open(ForwardingOs.java:567)
03-13 10:02:07.360  6159  6606 W System.err:    at libcore.io.BlockGuardOs.open(BlockGuardOs.java:273)
03-13 10:02:07.360  1253  1253 D OplusMovieIdle: updateLayerStacks,mOmiSupport is not supoort
03-13 10:02:07.360  6159  6606 W System.err:    at libcore.io.IoBridge.open(IoBridge.java:561)
03-13 10:02:07.360  6159  6606 W System.err:    ... 9 more
03-13 10:02:07.360  6159  6606 I Vpn     : agentConnect : mUserHandle = 0
03-13 10:02:07.360  6159  6606 D OplusCustomizeVpnManagerService: propGetEnable persist.sys.vpn_always_on: 0
03-13 10:02:07.360  6159  6606 D OplusCustomizeVpnManagerService: getVpnAlwaysOnPersis :  false
