Initialized native services in: C:\Users\gokul D\.gradle\native
Initialized jansi services in: C:\Users\gokul D\.gradle\native
Received JVM installation metadata from 'C:\Program Files\Java\jdk-17.0.18': {JAVA_HOME=C:\Program Files\Java\jdk-17.0.18, JAVA_VERSION=17.0.18, JAVA_VENDOR=Oracle Corporation, RUNTIME_NAME=Java(TM) SE Runtime Environment, RUNTIME_VERSION=17.0.18+8-LTS-264, VM_NAME=Java HotSpot(TM) 64-Bit Server VM, VM_VERSION=17.0.18+8-LTS-264, VM_VENDOR=Oracle Corporation, OS_ARCH=amd64}
To honour the JVM settings for this build a single-use Daemon process will be forked. For more on this, please refer to https://docs.gradle.org/8.9/userguide/gradle_daemon.html#sec:disabling_the_daemon in the Gradle documentation.
Starting process 'Gradle build daemon'. Working directory: C:\Users\gokul D\.gradle\daemon\8.9 Command: C:\Program Files\Java\jdk-17.0.18\bin\java.exe -XX:MaxMetaspaceSize=512m -XX:+UseG1GC --add-opens=java.base/java.util=ALL-UNNAMED --add-opens=java.base/java.lang=ALL-UNNAMED --add-opens=java.base/java.lang.invoke=ALL-UNNAMED --add-opens=java.prefs/java.util.prefs=ALL-UNNAMED --add-exports=jdk.compiler/com.sun.tools.javac.api=ALL-UNNAMED --add-exports=jdk.compiler/com.sun.tools.javac.util=ALL-UNNAMED --add-opens=java.base/java.nio.charset=ALL-UNNAMED --add-opens=java.base/java.net=ALL-UNNAMED --add-opens=java.base/java.util.concurrent.atomic=ALL-UNNAMED -Xmx1536m -Dfile.encoding=UTF-8 -Duser.country=IN -Duser.language=en -Duser.variant -cp C:\Users\gokul D\.gradle\wrapper\dists\gradle-8.9-bin\90cnw93cvbtalezasaz0blq0a\gradle-8.9\lib\gradle-daemon-main-8.9.jar -javaagent:C:\Users\gokul D\.gradle\wrapper\dists\gradle-8.9-bin\90cnw93cvbtalezasaz0blq0a\gradle-8.9\lib\agents\gradle-instrumentation-agent-8.9.jar org.gradle.launcher.daemon.bootstrap.GradleDaemon 8.9
Successfully started process 'Gradle build daemon'
An attempt to start the daemon took 1.799 secs.
The client will now receive all logging from the daemon (pid: 22828). The daemon log file: C:\Users\gokul D\.gradle\daemon\8.9\daemon-22828.out.log
Daemon will be stopped at the end of the build 
Using 12 worker leases.
Received JVM installation metadata from 'C:\Program Files\Java\jdk-17.0.18': {JAVA_HOME=C:\Program Files\Java\jdk-17.0.18, JAVA_VERSION=17.0.18, JAVA_VENDOR=Oracle Corporation, RUNTIME_NAME=Java(TM) SE Runtime Environment, RUNTIME_VERSION=17.0.18+8-LTS-264, VM_NAME=Java HotSpot(TM) 64-Bit Server VM, VM_VERSION=17.0.18+8-LTS-264, VM_VENDOR=Oracle Corporation, OS_ARCH=amd64}
Watching the file system is configured to be enabled if available
Now considering [C:\Users\gokul D\SHIELD-1] as hierarchies to watch
File system watching is active
Starting Build
Settings evaluated using settings file 'C:\Users\gokul D\SHIELD-1\settings.gradle.kts'.
Using local directory build cache for the root build (location = C:\Users\gokul D\.gradle\caches\build-cache-1, removeUnusedEntriesAfter = 7 days).
Projects loaded. Root project using build file 'C:\Users\gokul D\SHIELD-1\build.gradle.kts'.
Included projects: [root project 'SHIELD', project ':app']

> Configure project :
Evaluating root project 'SHIELD' using build file 'C:\Users\gokul D\SHIELD-1\build.gradle.kts'.
Transforming gradle-8.7.3.jar (com.android.tools.build:gradle:8.7.3) with InstrumentationAnalysisTransform
Transforming gradle-settings-api-8.7.3.jar (com.android.tools.build:gradle-settings-api:8.7.3) with InstrumentationAnalysisTransform
Transforming lint-model-31.7.3.jar (com.android.tools.lint:lint-model:31.7.3) with InstrumentationAnalysisTransform
Transforming builder-8.7.3.jar (com.android.tools.build:builder:8.7.3) with InstrumentationAnalysisTransform
Transforming manifest-merger-31.7.3.jar (com.android.tools.build:manifest-merger:31.7.3) with InstrumentationAnalysisTransform
Transforming sdk-common-31.7.3.jar (com.android.tools:sdk-common:31.7.3) with InstrumentationAnalysisTransform
Transforming sdklib-31.7.3.jar (com.android.tools:sdklib:31.7.3) with InstrumentationAnalysisTransform
Transforming repository-31.7.3.jar (com.android.tools:repository:31.7.3) with InstrumentationAnalysisTransform
Transforming aaptcompiler-8.7.3.jar (com.android.tools.build:aaptcompiler:8.7.3) with InstrumentationAnalysisTransform
Transforming tracker-31.7.3.jar (com.android.tools.analytics-library:tracker:31.7.3) with InstrumentationAnalysisTransform
Transforming shared-31.7.3.jar (com.android.tools.analytics-library:shared:31.7.3) with InstrumentationAnalysisTransform
Transforming databinding-compiler-common-8.7.3.jar (androidx.databinding:databinding-compiler-common:8.7.3) with InstrumentationAnalysisTransform
Transforming android-test-plugin-host-emulator-control-proto-31.7.3.jar (com.android.tools.utp:android-test-plugin-host-emulator-control-proto:31.7.3) with InstrumentationAnalysisTransform
Transforming android-test-plugin-host-retention-proto-31.7.3.jar (com.android.tools.utp:android-test-plugin-host-retention-proto:31.7.3) with InstrumentationAnalysisTransform
Transforming builder-model-8.7.3.jar (com.android.tools.build:builder-model:8.7.3) with InstrumentationAnalysisTransform
Transforming gradle-api-8.7.3.jar (com.android.tools.build:gradle-api:8.7.3) with InstrumentationAnalysisTransform
Transforming builder-test-api-8.7.3.jar (com.android.tools.build:builder-test-api:8.7.3) with InstrumentationAnalysisTransform
Transforming ddmlib-31.7.3.jar (com.android.tools.ddms:ddmlib:31.7.3) with InstrumentationAnalysisTransform
Transforming layoutlib-api-31.7.3.jar (com.android.tools.layoutlib:layoutlib-api:31.7.3) with InstrumentationAnalysisTransform
Transforming dvlib-31.7.3.jar (com.android.tools:dvlib:31.7.3) with InstrumentationAnalysisTransform
Transforming common-31.7.3.jar (com.android.tools:common:31.7.3) with InstrumentationAnalysisTransform
Transforming kotlin-stdlib-jdk8-1.9.20.jar (org.jetbrains.kotlin:kotlin-stdlib-jdk8:1.9.20) with InstrumentationAnalysisTransform
Transforming jetifier-processor-1.0.0-beta10.jar (com.android.tools.build.jetifier:jetifier-processor:1.0.0-beta10) with InstrumentationAnalysisTransform
Transforming jetifier-core-1.0.0-beta10.jar (com.android.tools.build.jetifier:jetifier-core:1.0.0-beta10) with InstrumentationAnalysisTransform
Transforming kotlin-reflect-1.9.23.jar (org.jetbrains.kotlin:kotlin-reflect:1.9.23) with InstrumentationAnalysisTransform
Transforming kotlin-stdlib-jdk7-1.9.20.jar (org.jetbrains.kotlin:kotlin-stdlib-jdk7:1.9.20) with InstrumentationAnalysisTransform
Transforming kotlin-stdlib-1.9.23.jar (org.jetbrains.kotlin:kotlin-stdlib:1.9.23) with InstrumentationAnalysisTransform
Transforming annotations-13.0.jar (org.jetbrains:annotations:13.0) with InstrumentationAnalysisTransform
Transforming kotlin-gradle-plugin-model-2.0.21.jar (org.jetbrains.kotlin:kotlin-gradle-plugin-model:2.0.21) with InstrumentationAnalysisTransform
Transforming kotlin-gradle-plugin-api-2.0.21.jar (org.jetbrains.kotlin:kotlin-gradle-plugin-api:2.0.21) with InstrumentationAnalysisTransform
Transforming kotlin-gradle-plugin-2.0.21-gradle85.jar (org.jetbrains.kotlin:kotlin-gradle-plugin:2.0.21) with InstrumentationAnalysisTransform
Transforming bundletool-1.17.1.jar (com.android.tools.build:bundletool:1.17.1) with InstrumentationAnalysisTransform
Transforming aapt2-proto-8.7.3-12006047.jar (com.android.tools.build:aapt2-proto:8.7.3-12006047) with InstrumentationAnalysisTransform
Transforming crash-31.7.3.jar (com.android.tools.analytics-library:crash:31.7.3) with InstrumentationAnalysisTransform
Transforming lint-typedef-remover-31.7.3.jar (com.android.tools.lint:lint-typedef-remover:31.7.3) with InstrumentationAnalysisTransform
Transforming databinding-common-8.7.3.jar (androidx.databinding:databinding-common:8.7.3) with InstrumentationAnalysisTransform
Transforming baseLibrary-8.7.3.jar (com.android.databinding:baseLibrary:8.7.3) with InstrumentationAnalysisTransform
Transforming android-device-provider-ddmlib-proto-31.7.3.jar (com.android.tools.utp:android-device-provider-ddmlib-proto:31.7.3) with InstrumentationAnalysisTransform
Transforming android-device-provider-gradle-proto-31.7.3.jar (com.android.tools.utp:android-device-provider-gradle-proto:31.7.3) with InstrumentationAnalysisTransform
Transforming android-device-provider-profile-proto-31.7.3.jar (com.android.tools.utp:android-device-provider-profile-proto:31.7.3) with InstrumentationAnalysisTransform
Transforming android-test-plugin-host-additional-test-output-proto-31.7.3.jar (com.android.tools.utp:android-test-plugin-host-additional-test-output-proto:31.7.3) with InstrumentationAnalysisTransform
Transforming android-test-plugin-host-coverage-proto-31.7.3.jar (com.android.tools.utp:android-test-plugin-host-coverage-proto:31.7.3) with InstrumentationAnalysisTransform
Transforming android-test-plugin-host-logcat-proto-31.7.3.jar (com.android.tools.utp:android-test-plugin-host-logcat-proto:31.7.3) with InstrumentationAnalysisTransform
Transforming android-test-plugin-host-apk-installer-proto-31.7.3.jar (com.android.tools.utp:android-test-plugin-host-apk-installer-proto:31.7.3) with InstrumentationAnalysisTransform
Transforming android-test-plugin-result-listener-gradle-proto-31.7.3.jar (com.android.tools.utp:android-test-plugin-result-listener-gradle-proto:31.7.3) with InstrumentationAnalysisTransform
Transforming transform-api-2.0.0-deprecated-use-gradle-api.jar (com.android.tools.build:transform-api:2.0.0-deprecated-use-gradle-api) with InstrumentationAnalysisTransform
Transforming httpmime-4.5.6.jar (org.apache.httpcomponents:httpmime:4.5.6) with InstrumentationAnalysisTransform
Transforming commons-io-2.13.0.jar (commons-io:commons-io:2.13.0) with InstrumentationAnalysisTransform
Transforming asm-commons-9.6.jar (org.ow2.asm:asm-commons:9.6) with InstrumentationAnalysisTransform
Transforming asm-util-9.6.jar (org.ow2.asm:asm-util:9.6) with InstrumentationAnalysisTransform
Transforming asm-analysis-9.6.jar (org.ow2.asm:asm-analysis:9.6) with InstrumentationAnalysisTransform
Transforming asm-tree-9.6.jar (org.ow2.asm:asm-tree:9.6) with InstrumentationAnalysisTransform
Transforming asm-9.6.jar (org.ow2.asm:asm:9.6) with InstrumentationAnalysisTransform
Transforming apkzlib-8.7.3.jar (com.android.tools.build:apkzlib:8.7.3) with InstrumentationAnalysisTransform
Transforming bcpkix-jdk18on-1.77.jar (org.bouncycastle:bcpkix-jdk18on:1.77) with InstrumentationAnalysisTransform
Transforming jaxb-runtime-2.3.2.jar (org.glassfish.jaxb:jaxb-runtime:2.3.2) with InstrumentationAnalysisTransform
Transforming jopt-simple-4.9.jar (net.sf.jopt-simple:jopt-simple:4.9) with InstrumentationAnalysisTransform
Transforming javapoet-1.10.0.jar (com.squareup:javapoet:1.10.0) with InstrumentationAnalysisTransform
Transforming protobuf-java-util-3.22.3.jar (com.google.protobuf:protobuf-java-util:3.22.3) with InstrumentationAnalysisTransform
Transforming grpc-protobuf-1.57.0.jar (io.grpc:grpc-protobuf:1.57.0) with InstrumentationAnalysisTransform
Transforming tink-1.7.0.jar (com.google.crypto.tink:tink:1.7.0) with InstrumentationAnalysisTransform
Transforming protos-31.7.3.jar (com.android.tools.analytics-library:protos:31.7.3) with InstrumentationAnalysisTransform
Transforming proto-google-common-protos-2.17.0.jar (com.google.api.grpc:proto-google-common-protos:2.17.0) with InstrumentationAnalysisTransform
Transforming protobuf-java-3.22.3.jar (com.google.protobuf:protobuf-java:3.22.3) with InstrumentationAnalysisTransform
Transforming grpc-netty-1.57.0.jar (io.grpc:grpc-netty:1.57.0) with InstrumentationAnalysisTransform
Transforming grpc-core-1.57.0.jar (io.grpc:grpc-core:1.57.0) with InstrumentationAnalysisTransform
Transforming kotlin-build-statistics-2.0.21.jar (org.jetbrains.kotlin:kotlin-build-statistics:2.0.21) with InstrumentationAnalysisTransform
Transforming gson-2.10.1.jar (com.google.code.gson:gson:2.10.1) with InstrumentationAnalysisTransform
Transforming grpc-stub-1.57.0.jar (io.grpc:grpc-stub:1.57.0) with InstrumentationAnalysisTransform
Transforming core-proto-0.0.9-alpha02.jar (com.google.testing.platform:core-proto:0.0.9-alpha02) with InstrumentationAnalysisTransform
Transforming tensorflow-lite-metadata-0.1.0-rc2.jar (org.tensorflow:tensorflow-lite-metadata:0.1.0-rc2) with InstrumentationAnalysisTransform
Transforming flatbuffers-java-1.12.0.jar (com.google.flatbuffers:flatbuffers-java:1.12.0) with InstrumentationAnalysisTransform
Transforming kotlin-gradle-plugin-idea-proto-2.0.21.jar (org.jetbrains.kotlin:kotlin-gradle-plugin-idea-proto:2.0.21) with InstrumentationAnalysisTransform
Transforming kotlin-gradle-plugin-idea-2.0.21.jar (org.jetbrains.kotlin:kotlin-gradle-plugin-idea:2.0.21) with InstrumentationAnalysisTransform
Transforming kotlin-klib-commonizer-api-2.0.21.jar (org.jetbrains.kotlin:kotlin-klib-commonizer-api:2.0.21) with InstrumentationAnalysisTransform
Transforming kotlin-build-tools-api-2.0.21.jar (org.jetbrains.kotlin:kotlin-build-tools-api:2.0.21) with InstrumentationAnalysisTransform
Transforming kotlin-compiler-runner-2.0.21.jar (org.jetbrains.kotlin:kotlin-compiler-runner:2.0.21) with InstrumentationAnalysisTransform
Transforming kotlin-native-utils-2.0.21.jar (org.jetbrains.kotlin:kotlin-native-utils:2.0.21) with InstrumentationAnalysisTransform
Transforming kotlin-util-klib-2.0.21.jar (org.jetbrains.kotlin:kotlin-util-klib:2.0.21) with InstrumentationAnalysisTransform
Transforming kotlin-compiler-embeddable-2.0.21.jar (org.jetbrains.kotlin:kotlin-compiler-embeddable:2.0.21) with InstrumentationAnalysisTransform
Transforming jimfs-1.1.jar (com.google.jimfs:jimfs:1.1) with InstrumentationAnalysisTransform
Transforming grpc-context-1.57.0.jar (io.grpc:grpc-context:1.57.0) with InstrumentationAnalysisTransform
Transforming grpc-protobuf-lite-1.57.0.jar (io.grpc:grpc-protobuf-lite:1.57.0) with InstrumentationAnalysisTransform
Transforming grpc-api-1.57.0.jar (io.grpc:grpc-api:1.57.0) with InstrumentationAnalysisTransform
Transforming guava-32.0.1-jre.jar (com.google.guava:guava:32.0.1-jre) with InstrumentationAnalysisTransform
Transforming dagger-2.28.3.jar (com.google.dagger:dagger:2.28.3) with InstrumentationAnalysisTransform
Transforming javax.inject-1.jar (javax.inject:javax.inject:1) with InstrumentationAnalysisTransform
Transforming kxml2-2.3.0.jar (net.sf.kxml:kxml2:2.3.0) with InstrumentationAnalysisTransform
Transforming bcutil-jdk18on-1.77.jar (org.bouncycastle:bcutil-jdk18on:1.77) with InstrumentationAnalysisTransform
Transforming bcprov-jdk18on-1.77.jar (org.bouncycastle:bcprov-jdk18on:1.77) with InstrumentationAnalysisTransform
Transforming trove4j-1.0.20200330.jar (org.jetbrains.intellij.deps:trove4j:1.0.20200330) with InstrumentationAnalysisTransform
Transforming commons-compress-1.21.jar (org.apache.commons:commons-compress:1.21) with InstrumentationAnalysisTransform
Transforming httpclient-4.5.14.jar (org.apache.httpcomponents:httpclient:4.5.14) with InstrumentationAnalysisTransform
Transforming httpcore-4.4.16.jar (org.apache.httpcomponents:httpcore:4.4.16) with InstrumentationAnalysisTransform
Transforming javax.activation-1.2.0.jar (com.sun.activation:javax.activation:1.2.0) with InstrumentationAnalysisTransform
Transforming signflinger-8.7.3.jar (com.android:signflinger:8.7.3) with InstrumentationAnalysisTransform
Transforming zipflinger-8.7.3.jar (com.android:zipflinger:8.7.3) with InstrumentationAnalysisTransform
Transforming annotations-31.7.3.jar (com.android.tools:annotations:31.7.3) with InstrumentationAnalysisTransform
Transforming jna-platform-5.6.0.jar (net.java.dev.jna:jna-platform:5.6.0) with InstrumentationAnalysisTransform
Transforming juniversalchardet-1.0.3.jar (com.googlecode.juniversalchardet:juniversalchardet:1.0.3) with InstrumentationAnalysisTransform
Transforming javax.annotation-api-1.3.2.jar (javax.annotation:javax.annotation-api:1.3.2) with InstrumentationAnalysisTransform
Transforming stax-ex-1.8.1.jar (org.jvnet.staxex:stax-ex:1.8.1) with InstrumentationAnalysisTransform
Transforming jakarta.xml.bind-api-2.3.2.jar (jakarta.xml.bind:jakarta.xml.bind-api:2.3.2) with InstrumentationAnalysisTransform
Transforming txw2-2.3.2.jar (org.glassfish.jaxb:txw2:2.3.2) with InstrumentationAnalysisTransform
Transforming istack-commons-runtime-3.0.8.jar (com.sun.istack:istack-commons-runtime:3.0.8) with InstrumentationAnalysisTransform
Transforming FastInfoset-1.2.16.jar (com.sun.xml.fastinfoset:FastInfoset:1.2.16) with InstrumentationAnalysisTransform
Transforming jakarta.activation-api-1.2.1.jar (jakarta.activation:jakarta.activation-api:1.2.1) with InstrumentationAnalysisTransform
Transforming auto-value-annotations-1.6.2.jar (com.google.auto.value:auto-value-annotations:1.6.2) with InstrumentationAnalysisTransform
Transforming error_prone_annotations-2.18.0.jar (com.google.errorprone:error_prone_annotations:2.18.0) with InstrumentationAnalysisTransform
Transforming jose4j-0.9.5.jar (org.bitbucket.b_c:jose4j:0.9.5) with InstrumentationAnalysisTransform
Transforming slf4j-api-1.7.30.jar (org.slf4j:slf4j-api:1.7.30) with InstrumentationAnalysisTransform
Transforming jdom2-2.0.6.jar (org.jdom:jdom2:2.0.6) with InstrumentationAnalysisTransform
Transforming jsr305-3.0.2.jar (com.google.code.findbugs:jsr305:3.0.2) with InstrumentationAnalysisTransform
Transforming j2objc-annotations-2.8.jar (com.google.j2objc:j2objc-annotations:2.8) with InstrumentationAnalysisTransform
Transforming annotations-4.1.1.4.jar (com.google.android:annotations:4.1.1.4) with InstrumentationAnalysisTransform
Transforming animal-sniffer-annotations-1.23.jar (org.codehaus.mojo:animal-sniffer-annotations:1.23) with InstrumentationAnalysisTransform
Transforming perfmark-api-0.26.0.jar (io.perfmark:perfmark-api:0.26.0) with InstrumentationAnalysisTransform
Transforming netty-codec-http2-4.1.93.Final.jar (io.netty:netty-codec-http2:4.1.93.Final) with InstrumentationAnalysisTransform
Transforming netty-handler-proxy-4.1.93.Final.jar (io.netty:netty-handler-proxy:4.1.93.Final) with InstrumentationAnalysisTransform
Transforming netty-codec-http-4.1.93.Final.jar (io.netty:netty-codec-http:4.1.93.Final) with InstrumentationAnalysisTransform
Transforming netty-handler-4.1.93.Final.jar (io.netty:netty-handler:4.1.93.Final) with InstrumentationAnalysisTransform
Transforming netty-transport-native-unix-common-4.1.93.Final.jar (io.netty:netty-transport-native-unix-common:4.1.93.Final) with InstrumentationAnalysisTransform
Transforming checker-qual-3.33.0.jar (org.checkerframework:checker-qual:3.33.0) with InstrumentationAnalysisTransform
Transforming commons-codec-1.11.jar (commons-codec:commons-codec:1.11) with InstrumentationAnalysisTransform
Transforming apksig-8.7.3.jar (com.android.tools.build:apksig:8.7.3) with InstrumentationAnalysisTransform
Transforming javawriter-2.5.0.jar (com.squareup:javawriter:2.5.0) with InstrumentationAnalysisTransform
Transforming kotlin-gradle-plugin-annotations-2.0.21.jar (org.jetbrains.kotlin:kotlin-gradle-plugin-annotations:2.0.21) with InstrumentationAnalysisTransform
Transforming kotlin-tooling-core-2.0.21.jar (org.jetbrains.kotlin:kotlin-tooling-core:2.0.21) with InstrumentationAnalysisTransform
Transforming kotlin-daemon-client-2.0.21.jar (org.jetbrains.kotlin:kotlin-daemon-client:2.0.21) with InstrumentationAnalysisTransform
Transforming kotlinx-coroutines-core-jvm-1.6.4.jar (org.jetbrains.kotlinx:kotlinx-coroutines-core-jvm:1.6.4) with InstrumentationAnalysisTransform
Transforming kotlin-util-io-2.0.21.jar (org.jetbrains.kotlin:kotlin-util-io:2.0.21) with InstrumentationAnalysisTransform
Transforming kotlin-daemon-embeddable-2.0.21.jar (org.jetbrains.kotlin:kotlin-daemon-embeddable:2.0.21) with InstrumentationAnalysisTransform
Transforming failureaccess-1.0.1.jar (com.google.guava:failureaccess:1.0.1) with InstrumentationAnalysisTransform
Transforming listenablefuture-9999.0-empty-to-avoid-conflict-with-guava.jar (com.google.guava:listenablefuture:9999.0-empty-to-avoid-conflict-with-guava) with InstrumentationAnalysisTransform
Transforming commons-logging-1.2.jar (commons-logging:commons-logging:1.2) with InstrumentationAnalysisTransform
Transforming jna-5.6.0.jar (net.java.dev.jna:jna:5.6.0) with InstrumentationAnalysisTransform
Transforming netty-codec-socks-4.1.93.Final.jar (io.netty:netty-codec-socks:4.1.93.Final) with InstrumentationAnalysisTransform
Transforming netty-codec-4.1.93.Final.jar (io.netty:netty-codec:4.1.93.Final) with InstrumentationAnalysisTransform
Transforming netty-transport-4.1.93.Final.jar (io.netty:netty-transport:4.1.93.Final) with InstrumentationAnalysisTransform
Transforming netty-buffer-4.1.93.Final.jar (io.netty:netty-buffer:4.1.93.Final) with InstrumentationAnalysisTransform
Transforming netty-resolver-4.1.93.Final.jar (io.netty:netty-resolver:4.1.93.Final) with InstrumentationAnalysisTransform
Transforming netty-common-4.1.93.Final.jar (io.netty:netty-common:4.1.93.Final) with InstrumentationAnalysisTransform
Transforming gradle-8.7.3.jar (com.android.tools.build:gradle:8.7.3) with InstrumentationAnalysisTransform
Transforming gradle-8.7.3.jar (com.android.tools.build:gradle:8.7.3) with MergeInstrumentationAnalysisTransform
Transforming gradle-settings-api-8.7.3.jar (com.android.tools.build:gradle-settings-api:8.7.3) with InstrumentationAnalysisTransform
Transforming gradle-settings-api-8.7.3.jar (com.android.tools.build:gradle-settings-api:8.7.3) with MergeInstrumentationAnalysisTransform
Transforming lint-model-31.7.3.jar (com.android.tools.lint:lint-model:31.7.3) with InstrumentationAnalysisTransform
Transforming lint-model-31.7.3.jar (com.android.tools.lint:lint-model:31.7.3) with MergeInstrumentationAnalysisTransform
Transforming builder-8.7.3.jar (com.android.tools.build:builder:8.7.3) with InstrumentationAnalysisTransform
Transforming builder-8.7.3.jar (com.android.tools.build:builder:8.7.3) with MergeInstrumentationAnalysisTransform
Transforming manifest-merger-31.7.3.jar (com.android.tools.build:manifest-merger:31.7.3) with InstrumentationAnalysisTransform
Transforming manifest-merger-31.7.3.jar (com.android.tools.build:manifest-merger:31.7.3) with MergeInstrumentationAnalysisTransform
Transforming sdk-common-31.7.3.jar (com.android.tools:sdk-common:31.7.3) with InstrumentationAnalysisTransform
Transforming sdk-common-31.7.3.jar (com.android.tools:sdk-common:31.7.3) with MergeInstrumentationAnalysisTransform
Transforming sdklib-31.7.3.jar (com.android.tools:sdklib:31.7.3) with InstrumentationAnalysisTransform
Transforming sdklib-31.7.3.jar (com.android.tools:sdklib:31.7.3) with MergeInstrumentationAnalysisTransform
Transforming repository-31.7.3.jar (com.android.tools:repository:31.7.3) with InstrumentationAnalysisTransform
Transforming repository-31.7.3.jar (com.android.tools:repository:31.7.3) with MergeInstrumentationAnalysisTransform
Transforming aaptcompiler-8.7.3.jar (com.android.tools.build:aaptcompiler:8.7.3) with InstrumentationAnalysisTransform
Transforming aaptcompiler-8.7.3.jar (com.android.tools.build:aaptcompiler:8.7.3) with MergeInstrumentationAnalysisTransform
Transforming tracker-31.7.3.jar (com.android.tools.analytics-library:tracker:31.7.3) with InstrumentationAnalysisTransform
Transforming tracker-31.7.3.jar (com.android.tools.analytics-library:tracker:31.7.3) with MergeInstrumentationAnalysisTransform
Transforming shared-31.7.3.jar (com.android.tools.analytics-library:shared:31.7.3) with InstrumentationAnalysisTransform
Transforming shared-31.7.3.jar (com.android.tools.analytics-library:shared:31.7.3) with MergeInstrumentationAnalysisTransform
Transforming databinding-compiler-common-8.7.3.jar (androidx.databinding:databinding-compiler-common:8.7.3) with InstrumentationAnalysisTransform
Transforming databinding-compiler-common-8.7.3.jar (androidx.databinding:databinding-compiler-common:8.7.3) with MergeInstrumentationAnalysisTransform
Transforming android-test-plugin-host-emulator-control-proto-31.7.3.jar (com.android.tools.utp:android-test-plugin-host-emulator-control-proto:31.7.3) with InstrumentationAnalysisTransform
Transforming android-test-plugin-host-emulator-control-proto-31.7.3.jar (com.android.tools.utp:android-test-plugin-host-emulator-control-proto:31.7.3) with MergeInstrumentationAnalysisTransform
Transforming android-test-plugin-host-retention-proto-31.7.3.jar (com.android.tools.utp:android-test-plugin-host-retention-proto:31.7.3) with InstrumentationAnalysisTransform
Transforming android-test-plugin-host-retention-proto-31.7.3.jar (com.android.tools.utp:android-test-plugin-host-retention-proto:31.7.3) with MergeInstrumentationAnalysisTransform
Transforming builder-model-8.7.3.jar (com.android.tools.build:builder-model:8.7.3) with InstrumentationAnalysisTransform
Transforming builder-model-8.7.3.jar (com.android.tools.build:builder-model:8.7.3) with MergeInstrumentationAnalysisTransform
Transforming gradle-api-8.7.3.jar (com.android.tools.build:gradle-api:8.7.3) with InstrumentationAnalysisTransform
Transforming gradle-api-8.7.3.jar (com.android.tools.build:gradle-api:8.7.3) with MergeInstrumentationAnalysisTransform
Transforming builder-test-api-8.7.3.jar (com.android.tools.build:builder-test-api:8.7.3) with InstrumentationAnalysisTransform
Transforming builder-test-api-8.7.3.jar (com.android.tools.build:builder-test-api:8.7.3) with MergeInstrumentationAnalysisTransform
Transforming ddmlib-31.7.3.jar (com.android.tools.ddms:ddmlib:31.7.3) with InstrumentationAnalysisTransform
Transforming ddmlib-31.7.3.jar (com.android.tools.ddms:ddmlib:31.7.3) with MergeInstrumentationAnalysisTransform
Transforming layoutlib-api-31.7.3.jar (com.android.tools.layoutlib:layoutlib-api:31.7.3) with InstrumentationAnalysisTransform
Transforming layoutlib-api-31.7.3.jar (com.android.tools.layoutlib:layoutlib-api:31.7.3) with MergeInstrumentationAnalysisTransform
Transforming dvlib-31.7.3.jar (com.android.tools:dvlib:31.7.3) with InstrumentationAnalysisTransform
Transforming dvlib-31.7.3.jar (com.android.tools:dvlib:31.7.3) with MergeInstrumentationAnalysisTransform
Transforming common-31.7.3.jar (com.android.tools:common:31.7.3) with InstrumentationAnalysisTransform
Transforming common-31.7.3.jar (com.android.tools:common:31.7.3) with MergeInstrumentationAnalysisTransform
Transforming kotlin-stdlib-jdk8-1.9.20.jar (org.jetbrains.kotlin:kotlin-stdlib-jdk8:1.9.20) with InstrumentationAnalysisTransform
Transforming kotlin-stdlib-jdk8-1.9.20.jar (org.jetbrains.kotlin:kotlin-stdlib-jdk8:1.9.20) with MergeInstrumentationAnalysisTransform
Transforming jetifier-processor-1.0.0-beta10.jar (com.android.tools.build.jetifier:jetifier-processor:1.0.0-beta10) with InstrumentationAnalysisTransform
Transforming jetifier-processor-1.0.0-beta10.jar (com.android.tools.build.jetifier:jetifier-processor:1.0.0-beta10) with MergeInstrumentationAnalysisTransform
Transforming jetifier-core-1.0.0-beta10.jar (com.android.tools.build.jetifier:jetifier-core:1.0.0-beta10) with InstrumentationAnalysisTransform
Transforming jetifier-core-1.0.0-beta10.jar (com.android.tools.build.jetifier:jetifier-core:1.0.0-beta10) with MergeInstrumentationAnalysisTransform
Transforming kotlin-reflect-1.9.23.jar (org.jetbrains.kotlin:kotlin-reflect:1.9.23) with InstrumentationAnalysisTransform
Transforming repository-31.7.3.jar (com.android.tools:repository:31.7.3) with ExternalDependencyInstrumentingArtifactTransform
Transforming kotlin-reflect-1.9.23.jar (org.jetbrains.kotlin:kotlin-reflect:1.9.23) with MergeInstrumentationAnalysisTransform
Transforming kotlin-stdlib-jdk7-1.9.20.jar (org.jetbrains.kotlin:kotlin-stdlib-jdk7:1.9.20) with InstrumentationAnalysisTransform
Transforming kotlin-stdlib-jdk7-1.9.20.jar (org.jetbrains.kotlin:kotlin-stdlib-jdk7:1.9.20) with MergeInstrumentationAnalysisTransform
Transforming gradle-8.7.3.jar (com.android.tools.build:gradle:8.7.3) with ExternalDependencyInstrumentingArtifactTransform
Transforming sdklib-31.7.3.jar (com.android.tools:sdklib:31.7.3) with ExternalDependencyInstrumentingArtifactTransform
Transforming kotlin-stdlib-1.9.23.jar (org.jetbrains.kotlin:kotlin-stdlib:1.9.23) with InstrumentationAnalysisTransform
Transforming kotlin-stdlib-1.9.23.jar (org.jetbrains.kotlin:kotlin-stdlib:1.9.23) with MergeInstrumentationAnalysisTransform
Transforming gradle-settings-api-8.7.3.jar (com.android.tools.build:gradle-settings-api:8.7.3) with ExternalDependencyInstrumentingArtifactTransform
Transforming aaptcompiler-8.7.3.jar (com.android.tools.build:aaptcompiler:8.7.3) with ExternalDependencyInstrumentingArtifactTransform
Transforming annotations-13.0.jar (org.jetbrains:annotations:13.0) with InstrumentationAnalysisTransform
Transforming annotations-13.0.jar (org.jetbrains:annotations:13.0) with MergeInstrumentationAnalysisTransform
Transforming kotlin-gradle-plugin-model-2.0.21.jar (org.jetbrains.kotlin:kotlin-gradle-plugin-model:2.0.21) with InstrumentationAnalysisTransform
Transforming kotlin-gradle-plugin-model-2.0.21.jar (org.jetbrains.kotlin:kotlin-gradle-plugin-model:2.0.21) with MergeInstrumentationAnalysisTransform
Transforming kotlin-gradle-plugin-api-2.0.21.jar (org.jetbrains.kotlin:kotlin-gradle-plugin-api:2.0.21) with InstrumentationAnalysisTransform
Transforming sdk-common-31.7.3.jar (com.android.tools:sdk-common:31.7.3) with ExternalDependencyInstrumentingArtifactTransform
Transforming kotlin-gradle-plugin-api-2.0.21.jar (org.jetbrains.kotlin:kotlin-gradle-plugin-api:2.0.21) with MergeInstrumentationAnalysisTransform
Transforming kotlin-gradle-plugin-2.0.21-gradle85.jar (org.jetbrains.kotlin:kotlin-gradle-plugin:2.0.21) with InstrumentationAnalysisTransform
Transforming manifest-merger-31.7.3.jar (com.android.tools.build:manifest-merger:31.7.3) with ExternalDependencyInstrumentingArtifactTransform
Transforming kotlin-gradle-plugin-2.0.21-gradle85.jar (org.jetbrains.kotlin:kotlin-gradle-plugin:2.0.21) with MergeInstrumentationAnalysisTransform
Transforming shared-31.7.3.jar (com.android.tools.analytics-library:shared:31.7.3) with ExternalDependencyInstrumentingArtifactTransform
Transforming bundletool-1.17.1.jar (com.android.tools.build:bundletool:1.17.1) with InstrumentationAnalysisTransform
Transforming bundletool-1.17.1.jar (com.android.tools.build:bundletool:1.17.1) with MergeInstrumentationAnalysisTransform
Transforming aapt2-proto-8.7.3-12006047.jar (com.android.tools.build:aapt2-proto:8.7.3-12006047) with InstrumentationAnalysisTransform
Transforming aapt2-proto-8.7.3-12006047.jar (com.android.tools.build:aapt2-proto:8.7.3-12006047) with MergeInstrumentationAnalysisTransform
Transforming crash-31.7.3.jar (com.android.tools.analytics-library:crash:31.7.3) with InstrumentationAnalysisTransform
Transforming builder-8.7.3.jar (com.android.tools.build:builder:8.7.3) with ExternalDependencyInstrumentingArtifactTransform
Transforming crash-31.7.3.jar (com.android.tools.analytics-library:crash:31.7.3) with MergeInstrumentationAnalysisTransform
Transforming lint-typedef-remover-31.7.3.jar (com.android.tools.lint:lint-typedef-remover:31.7.3) with InstrumentationAnalysisTransform
Transforming lint-typedef-remover-31.7.3.jar (com.android.tools.lint:lint-typedef-remover:31.7.3) with MergeInstrumentationAnalysisTransform
Transforming databinding-common-8.7.3.jar (androidx.databinding:databinding-common:8.7.3) with InstrumentationAnalysisTransform
Transforming databinding-common-8.7.3.jar (androidx.databinding:databinding-common:8.7.3) with MergeInstrumentationAnalysisTransform
Transforming baseLibrary-8.7.3.jar (com.android.databinding:baseLibrary:8.7.3) with InstrumentationAnalysisTransform
Transforming baseLibrary-8.7.3.jar (com.android.databinding:baseLibrary:8.7.3) with MergeInstrumentationAnalysisTransform
Transforming android-device-provider-ddmlib-proto-31.7.3.jar (com.android.tools.utp:android-device-provider-ddmlib-proto:31.7.3) with InstrumentationAnalysisTransform
Transforming android-device-provider-ddmlib-proto-31.7.3.jar (com.android.tools.utp:android-device-provider-ddmlib-proto:31.7.3) with MergeInstrumentationAnalysisTransform
Transforming android-device-provider-gradle-proto-31.7.3.jar (com.android.tools.utp:android-device-provider-gradle-proto:31.7.3) with InstrumentationAnalysisTransform
Transforming android-device-provider-gradle-proto-31.7.3.jar (com.android.tools.utp:android-device-provider-gradle-proto:31.7.3) with MergeInstrumentationAnalysisTransform
Transforming android-device-provider-profile-proto-31.7.3.jar (com.android.tools.utp:android-device-provider-profile-proto:31.7.3) with InstrumentationAnalysisTransform
Transforming android-device-provider-profile-proto-31.7.3.jar (com.android.tools.utp:android-device-provider-profile-proto:31.7.3) with MergeInstrumentationAnalysisTransform
Transforming android-test-plugin-host-additional-test-output-proto-31.7.3.jar (com.android.tools.utp:android-test-plugin-host-additional-test-output-proto:31.7.3) with InstrumentationAnalysisTransform
Transforming android-test-plugin-host-additional-test-output-proto-31.7.3.jar (com.android.tools.utp:android-test-plugin-host-additional-test-output-proto:31.7.3) with MergeInstrumentationAnalysisTransform
Transforming android-test-plugin-host-coverage-proto-31.7.3.jar (com.android.tools.utp:android-test-plugin-host-coverage-proto:31.7.3) with InstrumentationAnalysisTransform
Transforming android-test-plugin-host-coverage-proto-31.7.3.jar (com.android.tools.utp:android-test-plugin-host-coverage-proto:31.7.3) with MergeInstrumentationAnalysisTransform
Transforming android-test-plugin-host-logcat-proto-31.7.3.jar (com.android.tools.utp:android-test-plugin-host-logcat-proto:31.7.3) with InstrumentationAnalysisTransform
Transforming android-test-plugin-host-logcat-proto-31.7.3.jar (com.android.tools.utp:android-test-plugin-host-logcat-proto:31.7.3) with MergeInstrumentationAnalysisTransform
Transforming android-test-plugin-host-apk-installer-proto-31.7.3.jar (com.android.tools.utp:android-test-plugin-host-apk-installer-proto:31.7.3) with InstrumentationAnalysisTransform
Transforming android-test-plugin-host-apk-installer-proto-31.7.3.jar (com.android.tools.utp:android-test-plugin-host-apk-installer-proto:31.7.3) with MergeInstrumentationAnalysisTransform
Transforming android-test-plugin-result-listener-gradle-proto-31.7.3.jar (com.android.tools.utp:android-test-plugin-result-listener-gradle-proto:31.7.3) with InstrumentationAnalysisTransform
Transforming android-test-plugin-result-listener-gradle-proto-31.7.3.jar (com.android.tools.utp:android-test-plugin-result-listener-gradle-proto:31.7.3) with MergeInstrumentationAnalysisTransform
Transforming transform-api-2.0.0-deprecated-use-gradle-api.jar (com.android.tools.build:transform-api:2.0.0-deprecated-use-gradle-api) with InstrumentationAnalysisTransform
Transforming transform-api-2.0.0-deprecated-use-gradle-api.jar (com.android.tools.build:transform-api:2.0.0-deprecated-use-gradle-api) with MergeInstrumentationAnalysisTransform
Transforming httpmime-4.5.6.jar (org.apache.httpcomponents:httpmime:4.5.6) with InstrumentationAnalysisTransform
Transforming httpmime-4.5.6.jar (org.apache.httpcomponents:httpmime:4.5.6) with MergeInstrumentationAnalysisTransform
Transforming commons-io-2.13.0.jar (commons-io:commons-io:2.13.0) with InstrumentationAnalysisTransform
Transforming commons-io-2.13.0.jar (commons-io:commons-io:2.13.0) with MergeInstrumentationAnalysisTransform
Transforming asm-commons-9.6.jar (org.ow2.asm:asm-commons:9.6) with InstrumentationAnalysisTransform
Transforming lint-model-31.7.3.jar (com.android.tools.lint:lint-model:31.7.3) with ExternalDependencyInstrumentingArtifactTransform
Transforming asm-commons-9.6.jar (org.ow2.asm:asm-commons:9.6) with MergeInstrumentationAnalysisTransform
Transforming asm-util-9.6.jar (org.ow2.asm:asm-util:9.6) with InstrumentationAnalysisTransform
Transforming asm-util-9.6.jar (org.ow2.asm:asm-util:9.6) with MergeInstrumentationAnalysisTransform
Transforming asm-analysis-9.6.jar (org.ow2.asm:asm-analysis:9.6) with InstrumentationAnalysisTransform
Transforming asm-analysis-9.6.jar (org.ow2.asm:asm-analysis:9.6) with MergeInstrumentationAnalysisTransform
Transforming asm-tree-9.6.jar (org.ow2.asm:asm-tree:9.6) with InstrumentationAnalysisTransform
Transforming asm-tree-9.6.jar (org.ow2.asm:asm-tree:9.6) with MergeInstrumentationAnalysisTransform
Transforming asm-9.6.jar (org.ow2.asm:asm:9.6) with InstrumentationAnalysisTransform
Transforming asm-9.6.jar (org.ow2.asm:asm:9.6) with MergeInstrumentationAnalysisTransform
Transforming apkzlib-8.7.3.jar (com.android.tools.build:apkzlib:8.7.3) with InstrumentationAnalysisTransform
Transforming apkzlib-8.7.3.jar (com.android.tools.build:apkzlib:8.7.3) with MergeInstrumentationAnalysisTransform
Transforming bcpkix-jdk18on-1.77.jar (org.bouncycastle:bcpkix-jdk18on:1.77) with InstrumentationAnalysisTransform
Transforming bcpkix-jdk18on-1.77.jar (org.bouncycastle:bcpkix-jdk18on:1.77) with MergeInstrumentationAnalysisTransform
Transforming jaxb-runtime-2.3.2.jar (org.glassfish.jaxb:jaxb-runtime:2.3.2) with InstrumentationAnalysisTransform
Transforming jaxb-runtime-2.3.2.jar (org.glassfish.jaxb:jaxb-runtime:2.3.2) with MergeInstrumentationAnalysisTransform
Transforming jopt-simple-4.9.jar (net.sf.jopt-simple:jopt-simple:4.9) with InstrumentationAnalysisTransform
Transforming jopt-simple-4.9.jar (net.sf.jopt-simple:jopt-simple:4.9) with MergeInstrumentationAnalysisTransform
Transforming javapoet-1.10.0.jar (com.squareup:javapoet:1.10.0) with InstrumentationAnalysisTransform
Transforming javapoet-1.10.0.jar (com.squareup:javapoet:1.10.0) with MergeInstrumentationAnalysisTransform
Transforming protobuf-java-util-3.22.3.jar (com.google.protobuf:protobuf-java-util:3.22.3) with InstrumentationAnalysisTransform
Transforming protobuf-java-util-3.22.3.jar (com.google.protobuf:protobuf-java-util:3.22.3) with MergeInstrumentationAnalysisTransform
Transforming grpc-protobuf-1.57.0.jar (io.grpc:grpc-protobuf:1.57.0) with InstrumentationAnalysisTransform
Transforming grpc-protobuf-1.57.0.jar (io.grpc:grpc-protobuf:1.57.0) with MergeInstrumentationAnalysisTransform
Transforming tink-1.7.0.jar (com.google.crypto.tink:tink:1.7.0) with InstrumentationAnalysisTransform
Transforming tink-1.7.0.jar (com.google.crypto.tink:tink:1.7.0) with MergeInstrumentationAnalysisTransform
Transforming protos-31.7.3.jar (com.android.tools.analytics-library:protos:31.7.3) with InstrumentationAnalysisTransform
Transforming protos-31.7.3.jar (com.android.tools.analytics-library:protos:31.7.3) with MergeInstrumentationAnalysisTransform
Transforming proto-google-common-protos-2.17.0.jar (com.google.api.grpc:proto-google-common-protos:2.17.0) with InstrumentationAnalysisTransform
Transforming proto-google-common-protos-2.17.0.jar (com.google.api.grpc:proto-google-common-protos:2.17.0) with MergeInstrumentationAnalysisTransform
Transforming protobuf-java-3.22.3.jar (com.google.protobuf:protobuf-java:3.22.3) with InstrumentationAnalysisTransform
Transforming protobuf-java-3.22.3.jar (com.google.protobuf:protobuf-java:3.22.3) with MergeInstrumentationAnalysisTransform
Transforming grpc-netty-1.57.0.jar (io.grpc:grpc-netty:1.57.0) with InstrumentationAnalysisTransform
Transforming grpc-netty-1.57.0.jar (io.grpc:grpc-netty:1.57.0) with MergeInstrumentationAnalysisTransform
Transforming grpc-core-1.57.0.jar (io.grpc:grpc-core:1.57.0) with InstrumentationAnalysisTransform
Transforming tracker-31.7.3.jar (com.android.tools.analytics-library:tracker:31.7.3) with ExternalDependencyInstrumentingArtifactTransform
Transforming grpc-core-1.57.0.jar (io.grpc:grpc-core:1.57.0) with MergeInstrumentationAnalysisTransform
Transforming kotlin-build-statistics-2.0.21.jar (org.jetbrains.kotlin:kotlin-build-statistics:2.0.21) with InstrumentationAnalysisTransform
Transforming kotlin-build-statistics-2.0.21.jar (org.jetbrains.kotlin:kotlin-build-statistics:2.0.21) with MergeInstrumentationAnalysisTransform
Transforming gson-2.10.1.jar (com.google.code.gson:gson:2.10.1) with InstrumentationAnalysisTransform
Transforming gson-2.10.1.jar (com.google.code.gson:gson:2.10.1) with MergeInstrumentationAnalysisTransform
Transforming grpc-stub-1.57.0.jar (io.grpc:grpc-stub:1.57.0) with InstrumentationAnalysisTransform
Transforming grpc-stub-1.57.0.jar (io.grpc:grpc-stub:1.57.0) with MergeInstrumentationAnalysisTransform
Transforming core-proto-0.0.9-alpha02.jar (com.google.testing.platform:core-proto:0.0.9-alpha02) with InstrumentationAnalysisTransform
Transforming core-proto-0.0.9-alpha02.jar (com.google.testing.platform:core-proto:0.0.9-alpha02) with MergeInstrumentationAnalysisTransform
Transforming tensorflow-lite-metadata-0.1.0-rc2.jar (org.tensorflow:tensorflow-lite-metadata:0.1.0-rc2) with InstrumentationAnalysisTransform
Transforming tensorflow-lite-metadata-0.1.0-rc2.jar (org.tensorflow:tensorflow-lite-metadata:0.1.0-rc2) with MergeInstrumentationAnalysisTransform
Transforming flatbuffers-java-1.12.0.jar (com.google.flatbuffers:flatbuffers-java:1.12.0) with InstrumentationAnalysisTransform
Transforming flatbuffers-java-1.12.0.jar (com.google.flatbuffers:flatbuffers-java:1.12.0) with MergeInstrumentationAnalysisTransform
Transforming kotlin-gradle-plugin-idea-proto-2.0.21.jar (org.jetbrains.kotlin:kotlin-gradle-plugin-idea-proto:2.0.21) with InstrumentationAnalysisTransform
Transforming kotlin-gradle-plugin-idea-proto-2.0.21.jar (org.jetbrains.kotlin:kotlin-gradle-plugin-idea-proto:2.0.21) with MergeInstrumentationAnalysisTransform
Transforming kotlin-gradle-plugin-idea-2.0.21.jar (org.jetbrains.kotlin:kotlin-gradle-plugin-idea:2.0.21) with InstrumentationAnalysisTransform
Transforming kotlin-gradle-plugin-idea-2.0.21.jar (org.jetbrains.kotlin:kotlin-gradle-plugin-idea:2.0.21) with MergeInstrumentationAnalysisTransform
Transforming kotlin-klib-commonizer-api-2.0.21.jar (org.jetbrains.kotlin:kotlin-klib-commonizer-api:2.0.21) with InstrumentationAnalysisTransform
Transforming kotlin-klib-commonizer-api-2.0.21.jar (org.jetbrains.kotlin:kotlin-klib-commonizer-api:2.0.21) with MergeInstrumentationAnalysisTransform
Transforming kotlin-build-tools-api-2.0.21.jar (org.jetbrains.kotlin:kotlin-build-tools-api:2.0.21) with InstrumentationAnalysisTransform
Transforming kotlin-build-tools-api-2.0.21.jar (org.jetbrains.kotlin:kotlin-build-tools-api:2.0.21) with MergeInstrumentationAnalysisTransform
Transforming kotlin-compiler-runner-2.0.21.jar (org.jetbrains.kotlin:kotlin-compiler-runner:2.0.21) with InstrumentationAnalysisTransform
Transforming kotlin-compiler-runner-2.0.21.jar (org.jetbrains.kotlin:kotlin-compiler-runner:2.0.21) with MergeInstrumentationAnalysisTransform
Transforming kotlin-native-utils-2.0.21.jar (org.jetbrains.kotlin:kotlin-native-utils:2.0.21) with InstrumentationAnalysisTransform
Transforming kotlin-native-utils-2.0.21.jar (org.jetbrains.kotlin:kotlin-native-utils:2.0.21) with MergeInstrumentationAnalysisTransform
Transforming kotlin-util-klib-2.0.21.jar (org.jetbrains.kotlin:kotlin-util-klib:2.0.21) with InstrumentationAnalysisTransform
Transforming kotlin-util-klib-2.0.21.jar (org.jetbrains.kotlin:kotlin-util-klib:2.0.21) with MergeInstrumentationAnalysisTransform
Transforming kotlin-compiler-embeddable-2.0.21.jar (org.jetbrains.kotlin:kotlin-compiler-embeddable:2.0.21) with InstrumentationAnalysisTransform
Transforming kotlin-compiler-embeddable-2.0.21.jar (org.jetbrains.kotlin:kotlin-compiler-embeddable:2.0.21) with MergeInstrumentationAnalysisTransform
Transforming jimfs-1.1.jar (com.google.jimfs:jimfs:1.1) with InstrumentationAnalysisTransform
Transforming jimfs-1.1.jar (com.google.jimfs:jimfs:1.1) with MergeInstrumentationAnalysisTransform
Transforming grpc-context-1.57.0.jar (io.grpc:grpc-context:1.57.0) with InstrumentationAnalysisTransform
Transforming grpc-context-1.57.0.jar (io.grpc:grpc-context:1.57.0) with MergeInstrumentationAnalysisTransform
Transforming grpc-protobuf-lite-1.57.0.jar (io.grpc:grpc-protobuf-lite:1.57.0) with InstrumentationAnalysisTransform
Transforming grpc-protobuf-lite-1.57.0.jar (io.grpc:grpc-protobuf-lite:1.57.0) with MergeInstrumentationAnalysisTransform
Transforming grpc-api-1.57.0.jar (io.grpc:grpc-api:1.57.0) with InstrumentationAnalysisTransform
Transforming grpc-api-1.57.0.jar (io.grpc:grpc-api:1.57.0) with MergeInstrumentationAnalysisTransform
Transforming guava-32.0.1-jre.jar (com.google.guava:guava:32.0.1-jre) with InstrumentationAnalysisTransform
Transforming guava-32.0.1-jre.jar (com.google.guava:guava:32.0.1-jre) with MergeInstrumentationAnalysisTransform
Transforming dagger-2.28.3.jar (com.google.dagger:dagger:2.28.3) with InstrumentationAnalysisTransform
Transforming dagger-2.28.3.jar (com.google.dagger:dagger:2.28.3) with MergeInstrumentationAnalysisTransform
Transforming javax.inject-1.jar (javax.inject:javax.inject:1) with InstrumentationAnalysisTransform
Transforming javax.inject-1.jar (javax.inject:javax.inject:1) with MergeInstrumentationAnalysisTransform
Transforming kxml2-2.3.0.jar (net.sf.kxml:kxml2:2.3.0) with InstrumentationAnalysisTransform
Transforming kxml2-2.3.0.jar (net.sf.kxml:kxml2:2.3.0) with MergeInstrumentationAnalysisTransform
Transforming bcutil-jdk18on-1.77.jar (org.bouncycastle:bcutil-jdk18on:1.77) with InstrumentationAnalysisTransform
Transforming bcutil-jdk18on-1.77.jar (org.bouncycastle:bcutil-jdk18on:1.77) with MergeInstrumentationAnalysisTransform
Transforming databinding-compiler-common-8.7.3.jar (androidx.databinding:databinding-compiler-common:8.7.3) with ExternalDependencyInstrumentingArtifactTransform
Transforming bcprov-jdk18on-1.77.jar (org.bouncycastle:bcprov-jdk18on:1.77) with InstrumentationAnalysisTransform
Transforming bcprov-jdk18on-1.77.jar (org.bouncycastle:bcprov-jdk18on:1.77) with MergeInstrumentationAnalysisTransform
Transforming trove4j-1.0.20200330.jar (org.jetbrains.intellij.deps:trove4j:1.0.20200330) with InstrumentationAnalysisTransform
Transforming builder-model-8.7.3.jar (com.android.tools.build:builder-model:8.7.3) with ExternalDependencyInstrumentingArtifactTransform
Transforming android-test-plugin-host-retention-proto-31.7.3.jar (com.android.tools.utp:android-test-plugin-host-retention-proto:31.7.3) with ExternalDependencyInstrumentingArtifactTransform
Transforming android-test-plugin-host-emulator-control-proto-31.7.3.jar (com.android.tools.utp:android-test-plugin-host-emulator-control-proto:31.7.3) with ExternalDependencyInstrumentingArtifactTransform
Transforming trove4j-1.0.20200330.jar (org.jetbrains.intellij.deps:trove4j:1.0.20200330) with MergeInstrumentationAnalysisTransform
Transforming builder-test-api-8.7.3.jar (com.android.tools.build:builder-test-api:8.7.3) with ExternalDependencyInstrumentingArtifactTransform
Transforming gradle-api-8.7.3.jar (com.android.tools.build:gradle-api:8.7.3) with ExternalDependencyInstrumentingArtifactTransform
Transforming commons-compress-1.21.jar (org.apache.commons:commons-compress:1.21) with InstrumentationAnalysisTransform
Transforming commons-compress-1.21.jar (org.apache.commons:commons-compress:1.21) with MergeInstrumentationAnalysisTransform
Transforming httpclient-4.5.14.jar (org.apache.httpcomponents:httpclient:4.5.14) with InstrumentationAnalysisTransform
Transforming ddmlib-31.7.3.jar (com.android.tools.ddms:ddmlib:31.7.3) with ExternalDependencyInstrumentingArtifactTransform
Transforming dvlib-31.7.3.jar (com.android.tools:dvlib:31.7.3) with ExternalDependencyInstrumentingArtifactTransform
Transforming layoutlib-api-31.7.3.jar (com.android.tools.layoutlib:layoutlib-api:31.7.3) with ExternalDependencyInstrumentingArtifactTransform
Transforming httpclient-4.5.14.jar (org.apache.httpcomponents:httpclient:4.5.14) with MergeInstrumentationAnalysisTransform
Transforming httpcore-4.4.16.jar (org.apache.httpcomponents:httpcore:4.4.16) with InstrumentationAnalysisTransform
Transforming common-31.7.3.jar (com.android.tools:common:31.7.3) with ExternalDependencyInstrumentingArtifactTransform
Transforming jetifier-core-1.0.0-beta10.jar (com.android.tools.build.jetifier:jetifier-core:1.0.0-beta10) with ExternalDependencyInstrumentingArtifactTransform
Transforming kotlin-stdlib-jdk7-1.9.20.jar (org.jetbrains.kotlin:kotlin-stdlib-jdk7:1.9.20) with ExternalDependencyInstrumentingArtifactTransform
Transforming jetifier-processor-1.0.0-beta10.jar (com.android.tools.build.jetifier:jetifier-processor:1.0.0-beta10) with ExternalDependencyInstrumentingArtifactTransform
Transforming kotlin-reflect-1.9.23.jar (org.jetbrains.kotlin:kotlin-reflect:1.9.23) with ExternalDependencyInstrumentingArtifactTransform
Transforming annotations-13.0.jar (org.jetbrains:annotations:13.0) with ExternalDependencyInstrumentingArtifactTransform
Transforming kotlin-stdlib-1.9.23.jar (org.jetbrains.kotlin:kotlin-stdlib:1.9.23) with ExternalDependencyInstrumentingArtifactTransform
Transforming kotlin-stdlib-jdk8-1.9.20.jar (org.jetbrains.kotlin:kotlin-stdlib-jdk8:1.9.20) with ExternalDependencyInstrumentingArtifactTransform
Transforming httpcore-4.4.16.jar (org.apache.httpcomponents:httpcore:4.4.16) with MergeInstrumentationAnalysisTransform
Transforming javax.activation-1.2.0.jar (com.sun.activation:javax.activation:1.2.0) with InstrumentationAnalysisTransform
Transforming kotlin-gradle-plugin-2.0.21-gradle85.jar (org.jetbrains.kotlin:kotlin-gradle-plugin:2.0.21) with ExternalDependencyInstrumentingArtifactTransform
Transforming kotlin-gradle-plugin-model-2.0.21.jar (org.jetbrains.kotlin:kotlin-gradle-plugin-model:2.0.21) with ExternalDependencyInstrumentingArtifactTransform
Transforming javax.activation-1.2.0.jar (com.sun.activation:javax.activation:1.2.0) with MergeInstrumentationAnalysisTransform
Transforming crash-31.7.3.jar (com.android.tools.analytics-library:crash:31.7.3) with ExternalDependencyInstrumentingArtifactTransform
Transforming signflinger-8.7.3.jar (com.android:signflinger:8.7.3) with InstrumentationAnalysisTransform
Transforming signflinger-8.7.3.jar (com.android:signflinger:8.7.3) with MergeInstrumentationAnalysisTransform
Transforming zipflinger-8.7.3.jar (com.android:zipflinger:8.7.3) with InstrumentationAnalysisTransform
Transforming databinding-common-8.7.3.jar (androidx.databinding:databinding-common:8.7.3) with ExternalDependencyInstrumentingArtifactTransform
Transforming bundletool-1.17.1.jar (com.android.tools.build:bundletool:1.17.1) with ExternalDependencyInstrumentingArtifactTransform
Transforming zipflinger-8.7.3.jar (com.android:zipflinger:8.7.3) with MergeInstrumentationAnalysisTransform
Transforming kotlin-gradle-plugin-api-2.0.21.jar (org.jetbrains.kotlin:kotlin-gradle-plugin-api:2.0.21) with ExternalDependencyInstrumentingArtifactTransform
Transforming aapt2-proto-8.7.3-12006047.jar (com.android.tools.build:aapt2-proto:8.7.3-12006047) with ExternalDependencyInstrumentingArtifactTransform
Transforming baseLibrary-8.7.3.jar (com.android.databinding:baseLibrary:8.7.3) with ExternalDependencyInstrumentingArtifactTransform
Transforming lint-typedef-remover-31.7.3.jar (com.android.tools.lint:lint-typedef-remover:31.7.3) with ExternalDependencyInstrumentingArtifactTransform
Transforming android-device-provider-ddmlib-proto-31.7.3.jar (com.android.tools.utp:android-device-provider-ddmlib-proto:31.7.3) with ExternalDependencyInstrumentingArtifactTransform
Transforming annotations-31.7.3.jar (com.android.tools:annotations:31.7.3) with InstrumentationAnalysisTransform
Transforming annotations-31.7.3.jar (com.android.tools:annotations:31.7.3) with MergeInstrumentationAnalysisTransform
Transforming jna-platform-5.6.0.jar (net.java.dev.jna:jna-platform:5.6.0) with InstrumentationAnalysisTransform
Transforming jna-platform-5.6.0.jar (net.java.dev.jna:jna-platform:5.6.0) with MergeInstrumentationAnalysisTransform
Transforming juniversalchardet-1.0.3.jar (com.googlecode.juniversalchardet:juniversalchardet:1.0.3) with InstrumentationAnalysisTransform
Transforming juniversalchardet-1.0.3.jar (com.googlecode.juniversalchardet:juniversalchardet:1.0.3) with MergeInstrumentationAnalysisTransform
Transforming javax.annotation-api-1.3.2.jar (javax.annotation:javax.annotation-api:1.3.2) with InstrumentationAnalysisTransform
Transforming android-device-provider-gradle-proto-31.7.3.jar (com.android.tools.utp:android-device-provider-gradle-proto:31.7.3) with ExternalDependencyInstrumentingArtifactTransform
Transforming javax.annotation-api-1.3.2.jar (javax.annotation:javax.annotation-api:1.3.2) with MergeInstrumentationAnalysisTransform
Transforming stax-ex-1.8.1.jar (org.jvnet.staxex:stax-ex:1.8.1) with InstrumentationAnalysisTransform
Transforming stax-ex-1.8.1.jar (org.jvnet.staxex:stax-ex:1.8.1) with MergeInstrumentationAnalysisTransform
Transforming jakarta.xml.bind-api-2.3.2.jar (jakarta.xml.bind:jakarta.xml.bind-api:2.3.2) with InstrumentationAnalysisTransform
Transforming jakarta.xml.bind-api-2.3.2.jar (jakarta.xml.bind:jakarta.xml.bind-api:2.3.2) with MergeInstrumentationAnalysisTransform
Transforming txw2-2.3.2.jar (org.glassfish.jaxb:txw2:2.3.2) with InstrumentationAnalysisTransform
Transforming txw2-2.3.2.jar (org.glassfish.jaxb:txw2:2.3.2) with MergeInstrumentationAnalysisTransform
Transforming istack-commons-runtime-3.0.8.jar (com.sun.istack:istack-commons-runtime:3.0.8) with InstrumentationAnalysisTransform
Transforming istack-commons-runtime-3.0.8.jar (com.sun.istack:istack-commons-runtime:3.0.8) with MergeInstrumentationAnalysisTransform
Transforming FastInfoset-1.2.16.jar (com.sun.xml.fastinfoset:FastInfoset:1.2.16) with InstrumentationAnalysisTransform
Transforming FastInfoset-1.2.16.jar (com.sun.xml.fastinfoset:FastInfoset:1.2.16) with MergeInstrumentationAnalysisTransform
Transforming android-test-plugin-host-additional-test-output-proto-31.7.3.jar (com.android.tools.utp:android-test-plugin-host-additional-test-output-proto:31.7.3) with ExternalDependencyInstrumentingArtifactTransform
Transforming jakarta.activation-api-1.2.1.jar (jakarta.activation:jakarta.activation-api:1.2.1) with InstrumentationAnalysisTransform
Transforming jakarta.activation-api-1.2.1.jar (jakarta.activation:jakarta.activation-api:1.2.1) with MergeInstrumentationAnalysisTransform
Transforming android-test-plugin-host-logcat-proto-31.7.3.jar (com.android.tools.utp:android-test-plugin-host-logcat-proto:31.7.3) with ExternalDependencyInstrumentingArtifactTransform
Transforming android-test-plugin-host-apk-installer-proto-31.7.3.jar (com.android.tools.utp:android-test-plugin-host-apk-installer-proto:31.7.3) with ExternalDependencyInstrumentingArtifactTransform
Transforming android-test-plugin-host-coverage-proto-31.7.3.jar (com.android.tools.utp:android-test-plugin-host-coverage-proto:31.7.3) with ExternalDependencyInstrumentingArtifactTransform
Transforming auto-value-annotations-1.6.2.jar (com.google.auto.value:auto-value-annotations:1.6.2) with InstrumentationAnalysisTransform
Transforming auto-value-annotations-1.6.2.jar (com.google.auto.value:auto-value-annotations:1.6.2) with MergeInstrumentationAnalysisTransform
Transforming error_prone_annotations-2.18.0.jar (com.google.errorprone:error_prone_annotations:2.18.0) with InstrumentationAnalysisTransform
Transforming error_prone_annotations-2.18.0.jar (com.google.errorprone:error_prone_annotations:2.18.0) with MergeInstrumentationAnalysisTransform
Transforming jose4j-0.9.5.jar (org.bitbucket.b_c:jose4j:0.9.5) with InstrumentationAnalysisTransform
Transforming jose4j-0.9.5.jar (org.bitbucket.b_c:jose4j:0.9.5) with MergeInstrumentationAnalysisTransform
Transforming slf4j-api-1.7.30.jar (org.slf4j:slf4j-api:1.7.30) with InstrumentationAnalysisTransform
Transforming slf4j-api-1.7.30.jar (org.slf4j:slf4j-api:1.7.30) with MergeInstrumentationAnalysisTransform
Transforming jdom2-2.0.6.jar (org.jdom:jdom2:2.0.6) with InstrumentationAnalysisTransform
Transforming jdom2-2.0.6.jar (org.jdom:jdom2:2.0.6) with MergeInstrumentationAnalysisTransform
Transforming jsr305-3.0.2.jar (com.google.code.findbugs:jsr305:3.0.2) with InstrumentationAnalysisTransform
Transforming commons-io-2.13.0.jar (commons-io:commons-io:2.13.0) with ExternalDependencyInstrumentingArtifactTransform
Transforming jsr305-3.0.2.jar (com.google.code.findbugs:jsr305:3.0.2) with MergeInstrumentationAnalysisTransform
Transforming transform-api-2.0.0-deprecated-use-gradle-api.jar (com.android.tools.build:transform-api:2.0.0-deprecated-use-gradle-api) with ExternalDependencyInstrumentingArtifactTransform
Transforming j2objc-annotations-2.8.jar (com.google.j2objc:j2objc-annotations:2.8) with InstrumentationAnalysisTransform
Transforming android-device-provider-profile-proto-31.7.3.jar (com.android.tools.utp:android-device-provider-profile-proto:31.7.3) with ExternalDependencyInstrumentingArtifactTransform
Transforming j2objc-annotations-2.8.jar (com.google.j2objc:j2objc-annotations:2.8) with MergeInstrumentationAnalysisTransform
Transforming annotations-4.1.1.4.jar (com.google.android:annotations:4.1.1.4) with InstrumentationAnalysisTransform
Transforming annotations-4.1.1.4.jar (com.google.android:annotations:4.1.1.4) with MergeInstrumentationAnalysisTransform
Transforming animal-sniffer-annotations-1.23.jar (org.codehaus.mojo:animal-sniffer-annotations:1.23) with InstrumentationAnalysisTransform
Transforming httpmime-4.5.6.jar (org.apache.httpcomponents:httpmime:4.5.6) with ExternalDependencyInstrumentingArtifactTransform
Transforming animal-sniffer-annotations-1.23.jar (org.codehaus.mojo:animal-sniffer-annotations:1.23) with MergeInstrumentationAnalysisTransform
Transforming perfmark-api-0.26.0.jar (io.perfmark:perfmark-api:0.26.0) with InstrumentationAnalysisTransform
Transforming asm-util-9.6.jar (org.ow2.asm:asm-util:9.6) with ExternalDependencyInstrumentingArtifactTransform
Transforming android-test-plugin-result-listener-gradle-proto-31.7.3.jar (com.android.tools.utp:android-test-plugin-result-listener-gradle-proto:31.7.3) with ExternalDependencyInstrumentingArtifactTransform
Transforming asm-analysis-9.6.jar (org.ow2.asm:asm-analysis:9.6) with ExternalDependencyInstrumentingArtifactTransform
Transforming perfmark-api-0.26.0.jar (io.perfmark:perfmark-api:0.26.0) with MergeInstrumentationAnalysisTransform
Transforming asm-9.6.jar (org.ow2.asm:asm:9.6) with ExternalDependencyInstrumentingArtifactTransform
Transforming netty-codec-http2-4.1.93.Final.jar (io.netty:netty-codec-http2:4.1.93.Final) with InstrumentationAnalysisTransform
Transforming netty-codec-http2-4.1.93.Final.jar (io.netty:netty-codec-http2:4.1.93.Final) with MergeInstrumentationAnalysisTransform
Transforming netty-handler-proxy-4.1.93.Final.jar (io.netty:netty-handler-proxy:4.1.93.Final) with InstrumentationAnalysisTransform
Transforming netty-handler-proxy-4.1.93.Final.jar (io.netty:netty-handler-proxy:4.1.93.Final) with MergeInstrumentationAnalysisTransform
Transforming netty-codec-http-4.1.93.Final.jar (io.netty:netty-codec-http:4.1.93.Final) with InstrumentationAnalysisTransform
Transforming netty-codec-http-4.1.93.Final.jar (io.netty:netty-codec-http:4.1.93.Final) with MergeInstrumentationAnalysisTransform
Transforming netty-handler-4.1.93.Final.jar (io.netty:netty-handler:4.1.93.Final) with InstrumentationAnalysisTransform
Transforming netty-handler-4.1.93.Final.jar (io.netty:netty-handler:4.1.93.Final) with MergeInstrumentationAnalysisTransform
Transforming netty-transport-native-unix-common-4.1.93.Final.jar (io.netty:netty-transport-native-unix-common:4.1.93.Final) with InstrumentationAnalysisTransform
Transforming netty-transport-native-unix-common-4.1.93.Final.jar (io.netty:netty-transport-native-unix-common:4.1.93.Final) with MergeInstrumentationAnalysisTransform
Transforming checker-qual-3.33.0.jar (org.checkerframework:checker-qual:3.33.0) with InstrumentationAnalysisTransform
Transforming checker-qual-3.33.0.jar (org.checkerframework:checker-qual:3.33.0) with MergeInstrumentationAnalysisTransform
Transforming commons-codec-1.11.jar (commons-codec:commons-codec:1.11) with InstrumentationAnalysisTransform
Transforming commons-codec-1.11.jar (commons-codec:commons-codec:1.11) with MergeInstrumentationAnalysisTransform
Transforming apksig-8.7.3.jar (com.android.tools.build:apksig:8.7.3) with InstrumentationAnalysisTransform
Transforming asm-commons-9.6.jar (org.ow2.asm:asm-commons:9.6) with ExternalDependencyInstrumentingArtifactTransform
Transforming apksig-8.7.3.jar (com.android.tools.build:apksig:8.7.3) with MergeInstrumentationAnalysisTransform
Transforming javawriter-2.5.0.jar (com.squareup:javawriter:2.5.0) with InstrumentationAnalysisTransform
Transforming javawriter-2.5.0.jar (com.squareup:javawriter:2.5.0) with MergeInstrumentationAnalysisTransform
Transforming kotlin-gradle-plugin-annotations-2.0.21.jar (org.jetbrains.kotlin:kotlin-gradle-plugin-annotations:2.0.21) with InstrumentationAnalysisTransform
Transforming kotlin-gradle-plugin-annotations-2.0.21.jar (org.jetbrains.kotlin:kotlin-gradle-plugin-annotations:2.0.21) with MergeInstrumentationAnalysisTransform
Transforming kotlin-tooling-core-2.0.21.jar (org.jetbrains.kotlin:kotlin-tooling-core:2.0.21) with InstrumentationAnalysisTransform
Transforming kotlin-tooling-core-2.0.21.jar (org.jetbrains.kotlin:kotlin-tooling-core:2.0.21) with MergeInstrumentationAnalysisTransform
Transforming kotlin-daemon-client-2.0.21.jar (org.jetbrains.kotlin:kotlin-daemon-client:2.0.21) with InstrumentationAnalysisTransform
Transforming kotlin-daemon-client-2.0.21.jar (org.jetbrains.kotlin:kotlin-daemon-client:2.0.21) with MergeInstrumentationAnalysisTransform
Transforming kotlinx-coroutines-core-jvm-1.6.4.jar (org.jetbrains.kotlinx:kotlinx-coroutines-core-jvm:1.6.4) with InstrumentationAnalysisTransform
Transforming kotlinx-coroutines-core-jvm-1.6.4.jar (org.jetbrains.kotlinx:kotlinx-coroutines-core-jvm:1.6.4) with MergeInstrumentationAnalysisTransform
Transforming kotlin-util-io-2.0.21.jar (org.jetbrains.kotlin:kotlin-util-io:2.0.21) with InstrumentationAnalysisTransform
Transforming kotlin-util-io-2.0.21.jar (org.jetbrains.kotlin:kotlin-util-io:2.0.21) with MergeInstrumentationAnalysisTransform
Transforming kotlin-daemon-embeddable-2.0.21.jar (org.jetbrains.kotlin:kotlin-daemon-embeddable:2.0.21) with InstrumentationAnalysisTransform
Transforming kotlin-daemon-embeddable-2.0.21.jar (org.jetbrains.kotlin:kotlin-daemon-embeddable:2.0.21) with MergeInstrumentationAnalysisTransform
Transforming asm-tree-9.6.jar (org.ow2.asm:asm-tree:9.6) with ExternalDependencyInstrumentingArtifactTransform
Transforming failureaccess-1.0.1.jar (com.google.guava:failureaccess:1.0.1) with InstrumentationAnalysisTransform
Transforming jopt-simple-4.9.jar (net.sf.jopt-simple:jopt-simple:4.9) with ExternalDependencyInstrumentingArtifactTransform
Transforming failureaccess-1.0.1.jar (com.google.guava:failureaccess:1.0.1) with MergeInstrumentationAnalysisTransform
Transforming listenablefuture-9999.0-empty-to-avoid-conflict-with-guava.jar (com.google.guava:listenablefuture:9999.0-empty-to-avoid-conflict-with-guava) with InstrumentationAnalysisTransform
Transforming bcpkix-jdk18on-1.77.jar (org.bouncycastle:bcpkix-jdk18on:1.77) with ExternalDependencyInstrumentingArtifactTransform
Transforming listenablefuture-9999.0-empty-to-avoid-conflict-with-guava.jar (com.google.guava:listenablefuture:9999.0-empty-to-avoid-conflict-with-guava) with MergeInstrumentationAnalysisTransform
Transforming apkzlib-8.7.3.jar (com.android.tools.build:apkzlib:8.7.3) with ExternalDependencyInstrumentingArtifactTransform
Transforming jaxb-runtime-2.3.2.jar (org.glassfish.jaxb:jaxb-runtime:2.3.2) with ExternalDependencyInstrumentingArtifactTransform
Transforming javapoet-1.10.0.jar (com.squareup:javapoet:1.10.0) with ExternalDependencyInstrumentingArtifactTransform
Transforming commons-logging-1.2.jar (commons-logging:commons-logging:1.2) with InstrumentationAnalysisTransform
Transforming protobuf-java-util-3.22.3.jar (com.google.protobuf:protobuf-java-util:3.22.3) with ExternalDependencyInstrumentingArtifactTransform
Transforming commons-logging-1.2.jar (commons-logging:commons-logging:1.2) with MergeInstrumentationAnalysisTransform
Transforming jna-5.6.0.jar (net.java.dev.jna:jna:5.6.0) with InstrumentationAnalysisTransform
Transforming jna-5.6.0.jar (net.java.dev.jna:jna:5.6.0) with MergeInstrumentationAnalysisTransform
Transforming netty-codec-socks-4.1.93.Final.jar (io.netty:netty-codec-socks:4.1.93.Final) with InstrumentationAnalysisTransform
Transforming netty-codec-socks-4.1.93.Final.jar (io.netty:netty-codec-socks:4.1.93.Final) with MergeInstrumentationAnalysisTransform
Transforming netty-codec-4.1.93.Final.jar (io.netty:netty-codec:4.1.93.Final) with InstrumentationAnalysisTransform
Transforming netty-codec-4.1.93.Final.jar (io.netty:netty-codec:4.1.93.Final) with MergeInstrumentationAnalysisTransform
Transforming netty-transport-4.1.93.Final.jar (io.netty:netty-transport:4.1.93.Final) with InstrumentationAnalysisTransform
Transforming netty-transport-4.1.93.Final.jar (io.netty:netty-transport:4.1.93.Final) with MergeInstrumentationAnalysisTransform
Transforming netty-buffer-4.1.93.Final.jar (io.netty:netty-buffer:4.1.93.Final) with InstrumentationAnalysisTransform
Transforming netty-buffer-4.1.93.Final.jar (io.netty:netty-buffer:4.1.93.Final) with MergeInstrumentationAnalysisTransform
Transforming netty-resolver-4.1.93.Final.jar (io.netty:netty-resolver:4.1.93.Final) with InstrumentationAnalysisTransform
Transforming netty-resolver-4.1.93.Final.jar (io.netty:netty-resolver:4.1.93.Final) with MergeInstrumentationAnalysisTransform
Transforming netty-common-4.1.93.Final.jar (io.netty:netty-common:4.1.93.Final) with InstrumentationAnalysisTransform
Transforming netty-common-4.1.93.Final.jar (io.netty:netty-common:4.1.93.Final) with MergeInstrumentationAnalysisTransform
Transforming tink-1.7.0.jar (com.google.crypto.tink:tink:1.7.0) with ExternalDependencyInstrumentingArtifactTransform
Transforming grpc-protobuf-1.57.0.jar (io.grpc:grpc-protobuf:1.57.0) with ExternalDependencyInstrumentingArtifactTransform
Transforming grpc-core-1.57.0.jar (io.grpc:grpc-core:1.57.0) with ExternalDependencyInstrumentingArtifactTransform
Transforming grpc-netty-1.57.0.jar (io.grpc:grpc-netty:1.57.0) with ExternalDependencyInstrumentingArtifactTransform
Transforming protos-31.7.3.jar (com.android.tools.analytics-library:protos:31.7.3) with ExternalDependencyInstrumentingArtifactTransform
Transforming proto-google-common-protos-2.17.0.jar (com.google.api.grpc:proto-google-common-protos:2.17.0) with ExternalDependencyInstrumentingArtifactTransform
Transforming grpc-stub-1.57.0.jar (io.grpc:grpc-stub:1.57.0) with ExternalDependencyInstrumentingArtifactTransform
Transforming gson-2.10.1.jar (com.google.code.gson:gson:2.10.1) with ExternalDependencyInstrumentingArtifactTransform
Transforming core-proto-0.0.9-alpha02.jar (com.google.testing.platform:core-proto:0.0.9-alpha02) with ExternalDependencyInstrumentingArtifactTransform
Transforming protobuf-java-3.22.3.jar (com.google.protobuf:protobuf-java:3.22.3) with ExternalDependencyInstrumentingArtifactTransform
Transforming tensorflow-lite-metadata-0.1.0-rc2.jar (org.tensorflow:tensorflow-lite-metadata:0.1.0-rc2) with ExternalDependencyInstrumentingArtifactTransform
Transforming kotlin-build-statistics-2.0.21.jar (org.jetbrains.kotlin:kotlin-build-statistics:2.0.21) with ExternalDependencyInstrumentingArtifactTransform
Transforming flatbuffers-java-1.12.0.jar (com.google.flatbuffers:flatbuffers-java:1.12.0) with ExternalDependencyInstrumentingArtifactTransform
Transforming kotlin-gradle-plugin-idea-proto-2.0.21.jar (org.jetbrains.kotlin:kotlin-gradle-plugin-idea-proto:2.0.21) with ExternalDependencyInstrumentingArtifactTransform
Transforming kotlin-klib-commonizer-api-2.0.21.jar (org.jetbrains.kotlin:kotlin-klib-commonizer-api:2.0.21) with ExternalDependencyInstrumentingArtifactTransform
Transforming kotlin-gradle-plugin-idea-2.0.21.jar (org.jetbrains.kotlin:kotlin-gradle-plugin-idea:2.0.21) with ExternalDependencyInstrumentingArtifactTransform
Transforming kotlin-native-utils-2.0.21.jar (org.jetbrains.kotlin:kotlin-native-utils:2.0.21) with ExternalDependencyInstrumentingArtifactTransform
Transforming kotlin-util-klib-2.0.21.jar (org.jetbrains.kotlin:kotlin-util-klib:2.0.21) with ExternalDependencyInstrumentingArtifactTransform
Transforming kotlin-build-tools-api-2.0.21.jar (org.jetbrains.kotlin:kotlin-build-tools-api:2.0.21) with ExternalDependencyInstrumentingArtifactTransform
Transforming kotlin-compiler-runner-2.0.21.jar (org.jetbrains.kotlin:kotlin-compiler-runner:2.0.21) with ExternalDependencyInstrumentingArtifactTransform
Transforming grpc-context-1.57.0.jar (io.grpc:grpc-context:1.57.0) with ExternalDependencyInstrumentingArtifactTransform
Transforming kotlin-compiler-embeddable-2.0.21.jar (org.jetbrains.kotlin:kotlin-compiler-embeddable:2.0.21) with ExternalDependencyInstrumentingArtifactTransform
Transforming jimfs-1.1.jar (com.google.jimfs:jimfs:1.1) with ExternalDependencyInstrumentingArtifactTransform
Transforming dagger-2.28.3.jar (com.google.dagger:dagger:2.28.3) with ExternalDependencyInstrumentingArtifactTransform
Transforming javax.inject-1.jar (javax.inject:javax.inject:1) with ExternalDependencyInstrumentingArtifactTransform
Transforming bcutil-jdk18on-1.77.jar (org.bouncycastle:bcutil-jdk18on:1.77) with ExternalDependencyInstrumentingArtifactTransform
Transforming kxml2-2.3.0.jar (net.sf.kxml:kxml2:2.3.0) with ExternalDependencyInstrumentingArtifactTransform
Transforming bcprov-jdk18on-1.77.jar (org.bouncycastle:bcprov-jdk18on:1.77) with ExternalDependencyInstrumentingArtifactTransform
Transforming trove4j-1.0.20200330.jar (org.jetbrains.intellij.deps:trove4j:1.0.20200330) with ExternalDependencyInstrumentingArtifactTransform
Transforming guava-32.0.1-jre.jar (com.google.guava:guava:32.0.1-jre) with ExternalDependencyInstrumentingArtifactTransform
Transforming grpc-api-1.57.0.jar (io.grpc:grpc-api:1.57.0) with ExternalDependencyInstrumentingArtifactTransform
Transforming grpc-protobuf-lite-1.57.0.jar (io.grpc:grpc-protobuf-lite:1.57.0) with ExternalDependencyInstrumentingArtifactTransform
Transforming httpclient-4.5.14.jar (org.apache.httpcomponents:httpclient:4.5.14) with ExternalDependencyInstrumentingArtifactTransform
Transforming httpcore-4.4.16.jar (org.apache.httpcomponents:httpcore:4.4.16) with ExternalDependencyInstrumentingArtifactTransform
Transforming annotations-31.7.3.jar (com.android.tools:annotations:31.7.3) with ExternalDependencyInstrumentingArtifactTransform
Transforming javax.annotation-api-1.3.2.jar (javax.annotation:javax.annotation-api:1.3.2) with ExternalDependencyInstrumentingArtifactTransform
Transforming juniversalchardet-1.0.3.jar (com.googlecode.juniversalchardet:juniversalchardet:1.0.3) with ExternalDependencyInstrumentingArtifactTransform
Transforming jna-platform-5.6.0.jar (net.java.dev.jna:jna-platform:5.6.0) with ExternalDependencyInstrumentingArtifactTransform
Transforming commons-compress-1.21.jar (org.apache.commons:commons-compress:1.21) with ExternalDependencyInstrumentingArtifactTransform
Transforming zipflinger-8.7.3.jar (com.android:zipflinger:8.7.3) with ExternalDependencyInstrumentingArtifactTransform
Transforming javax.activation-1.2.0.jar (com.sun.activation:javax.activation:1.2.0) with ExternalDependencyInstrumentingArtifactTransform
Transforming signflinger-8.7.3.jar (com.android:signflinger:8.7.3) with ExternalDependencyInstrumentingArtifactTransform
Transforming txw2-2.3.2.jar (org.glassfish.jaxb:txw2:2.3.2) with ExternalDependencyInstrumentingArtifactTransform
Transforming jakarta.xml.bind-api-2.3.2.jar (jakarta.xml.bind:jakarta.xml.bind-api:2.3.2) with ExternalDependencyInstrumentingArtifactTransform
Transforming FastInfoset-1.2.16.jar (com.sun.xml.fastinfoset:FastInfoset:1.2.16) with ExternalDependencyInstrumentingArtifactTransform
Transforming stax-ex-1.8.1.jar (org.jvnet.staxex:stax-ex:1.8.1) with ExternalDependencyInstrumentingArtifactTransform
Transforming jakarta.activation-api-1.2.1.jar (jakarta.activation:jakarta.activation-api:1.2.1) with ExternalDependencyInstrumentingArtifactTransform
Transforming auto-value-annotations-1.6.2.jar (com.google.auto.value:auto-value-annotations:1.6.2) with ExternalDependencyInstrumentingArtifactTransform
Transforming istack-commons-runtime-3.0.8.jar (com.sun.istack:istack-commons-runtime:3.0.8) with ExternalDependencyInstrumentingArtifactTransform
Transforming error_prone_annotations-2.18.0.jar (com.google.errorprone:error_prone_annotations:2.18.0) with ExternalDependencyInstrumentingArtifactTransform
Transforming j2objc-annotations-2.8.jar (com.google.j2objc:j2objc-annotations:2.8) with ExternalDependencyInstrumentingArtifactTransform
Transforming jsr305-3.0.2.jar (com.google.code.findbugs:jsr305:3.0.2) with ExternalDependencyInstrumentingArtifactTransform
Transforming slf4j-api-1.7.30.jar (org.slf4j:slf4j-api:1.7.30) with ExternalDependencyInstrumentingArtifactTransform
Transforming animal-sniffer-annotations-1.23.jar (org.codehaus.mojo:animal-sniffer-annotations:1.23) with ExternalDependencyInstrumentingArtifactTransform
Transforming annotations-4.1.1.4.jar (com.google.android:annotations:4.1.1.4) with ExternalDependencyInstrumentingArtifactTransform
Transforming perfmark-api-0.26.0.jar (io.perfmark:perfmark-api:0.26.0) with ExternalDependencyInstrumentingArtifactTransform
Transforming jose4j-0.9.5.jar (org.bitbucket.b_c:jose4j:0.9.5) with ExternalDependencyInstrumentingArtifactTransform
Transforming jdom2-2.0.6.jar (org.jdom:jdom2:2.0.6) with ExternalDependencyInstrumentingArtifactTransform
Transforming netty-codec-http2-4.1.93.Final.jar (io.netty:netty-codec-http2:4.1.93.Final) with ExternalDependencyInstrumentingArtifactTransform
Transforming netty-handler-proxy-4.1.93.Final.jar (io.netty:netty-handler-proxy:4.1.93.Final) with ExternalDependencyInstrumentingArtifactTransform
Transforming netty-transport-native-unix-common-4.1.93.Final.jar (io.netty:netty-transport-native-unix-common:4.1.93.Final) with ExternalDependencyInstrumentingArtifactTransform
Transforming netty-codec-http-4.1.93.Final.jar (io.netty:netty-codec-http:4.1.93.Final) with ExternalDependencyInstrumentingArtifactTransform
Transforming netty-handler-4.1.93.Final.jar (io.netty:netty-handler:4.1.93.Final) with ExternalDependencyInstrumentingArtifactTransform
Transforming checker-qual-3.33.0.jar (org.checkerframework:checker-qual:3.33.0) with ExternalDependencyInstrumentingArtifactTransform
Transforming apksig-8.7.3.jar (com.android.tools.build:apksig:8.7.3) with ExternalDependencyInstrumentingArtifactTransform
Transforming kotlin-gradle-plugin-annotations-2.0.21.jar (org.jetbrains.kotlin:kotlin-gradle-plugin-annotations:2.0.21) with ExternalDependencyInstrumentingArtifactTransform
Transforming commons-codec-1.11.jar (commons-codec:commons-codec:1.11) with ExternalDependencyInstrumentingArtifactTransform
Transforming kotlin-tooling-core-2.0.21.jar (org.jetbrains.kotlin:kotlin-tooling-core:2.0.21) with ExternalDependencyInstrumentingArtifactTransform
Transforming javawriter-2.5.0.jar (com.squareup:javawriter:2.5.0) with ExternalDependencyInstrumentingArtifactTransform
Transforming kotlin-daemon-embeddable-2.0.21.jar (org.jetbrains.kotlin:kotlin-daemon-embeddable:2.0.21) with ExternalDependencyInstrumentingArtifactTransform
Transforming kotlin-util-io-2.0.21.jar (org.jetbrains.kotlin:kotlin-util-io:2.0.21) with ExternalDependencyInstrumentingArtifactTransform
Transforming kotlinx-coroutines-core-jvm-1.6.4.jar (org.jetbrains.kotlinx:kotlinx-coroutines-core-jvm:1.6.4) with ExternalDependencyInstrumentingArtifactTransform
Transforming failureaccess-1.0.1.jar (com.google.guava:failureaccess:1.0.1) with ExternalDependencyInstrumentingArtifactTransform
Transforming commons-logging-1.2.jar (commons-logging:commons-logging:1.2) with ExternalDependencyInstrumentingArtifactTransform
Transforming listenablefuture-9999.0-empty-to-avoid-conflict-with-guava.jar (com.google.guava:listenablefuture:9999.0-empty-to-avoid-conflict-with-guava) with ExternalDependencyInstrumentingArtifactTransform
Transforming jna-5.6.0.jar (net.java.dev.jna:jna:5.6.0) with ExternalDependencyInstrumentingArtifactTransform
Transforming kotlin-daemon-client-2.0.21.jar (org.jetbrains.kotlin:kotlin-daemon-client:2.0.21) with ExternalDependencyInstrumentingArtifactTransform
Transforming netty-codec-socks-4.1.93.Final.jar (io.netty:netty-codec-socks:4.1.93.Final) with ExternalDependencyInstrumentingArtifactTransform
Transforming netty-transport-4.1.93.Final.jar (io.netty:netty-transport:4.1.93.Final) with ExternalDependencyInstrumentingArtifactTransform
Transforming netty-codec-4.1.93.Final.jar (io.netty:netty-codec:4.1.93.Final) with ExternalDependencyInstrumentingArtifactTransform
Transforming netty-common-4.1.93.Final.jar (io.netty:netty-common:4.1.93.Final) with ExternalDependencyInstrumentingArtifactTransform
Transforming netty-resolver-4.1.93.Final.jar (io.netty:netty-resolver:4.1.93.Final) with ExternalDependencyInstrumentingArtifactTransform
Transforming netty-buffer-4.1.93.Final.jar (io.netty:netty-buffer:4.1.93.Final) with ExternalDependencyInstrumentingArtifactTransform

> Configure project :app
Evaluating project ':app' using build file 'C:\Users\gokul D\SHIELD-1\app\build.gradle.kts'.
Using default execution profile
Using Kotlin Gradle Plugin gradle85 variant
C/C++: android.ndkVersion from module build.gradle is [27.0.12077973]
C/C++: android.ndkPath from module build.gradle is not set
C/C++: ndk.dir in local.properties is not set
C/C++: Not considering ANDROID_NDK_HOME because support was removed after deprecation period.
C/C++: sdkFolder is C:\Users\gokul D\AppData\Local\Android\Sdk
C/C++: android.ndkVersion from module build.gradle is [27.0.12077973]
C/C++: android.ndkPath from module build.gradle is not set
C/C++: ndk.dir in local.properties is not set
C/C++: Not considering ANDROID_NDK_HOME because support was removed after deprecation period.
C/C++: sdkFolder is C:\Users\gokul D\AppData\Local\Android\Sdk
C/C++: android.ndkVersion from module build.gradle is [27.0.12077973]
C/C++: android.ndkPath from module build.gradle is not set
C/C++: ndk.dir in local.properties is not set
C/C++: Not considering ANDROID_NDK_HOME because support was removed after deprecation period.
C/C++: sdkFolder is C:\Users\gokul D\AppData\Local\Android\Sdk
C/C++: android.ndkVersion from module build.gradle is [27.0.12077973]
C/C++: android.ndkPath from module build.gradle is not set
C/C++: ndk.dir in local.properties is not set
C/C++: Not considering ANDROID_NDK_HOME because support was removed after deprecation period.
C/C++: sdkFolder is C:\Users\gokul D\AppData\Local\Android\Sdk
C/C++: android.ndkVersion from module build.gradle is [27.0.12077973]
C/C++: android.ndkPath from module build.gradle is not set
C/C++: ndk.dir in local.properties is not set
C/C++: Not considering ANDROID_NDK_HOME because support was removed after deprecation period.
C/C++: sdkFolder is C:\Users\gokul D\AppData\Local\Android\Sdk
C/C++: android.ndkVersion from module build.gradle is [27.0.12077973]
C/C++: android.ndkPath from module build.gradle is not set
C/C++: ndk.dir in local.properties is not set
C/C++: Not considering ANDROID_NDK_HOME because support was removed after deprecation period.
C/C++: sdkFolder is C:\Users\gokul D\AppData\Local\Android\Sdk
C/C++: android.ndkVersion from module build.gradle is [27.0.12077973]
C/C++: android.ndkPath from module build.gradle is not set
C/C++: ndk.dir in local.properties is not set
C/C++: Not considering ANDROID_NDK_HOME because support was removed after deprecation period.
C/C++: sdkFolder is C:\Users\gokul D\AppData\Local\Android\Sdk
C/C++: android.ndkVersion from module build.gradle is [27.0.12077973]
C/C++: android.ndkPath from module build.gradle is not set
C/C++: ndk.dir in local.properties is not set
C/C++: Not considering ANDROID_NDK_HOME because support was removed after deprecation period.
C/C++: sdkFolder is C:\Users\gokul D\AppData\Local\Android\Sdk
C/C++: android.ndkVersion from module build.gradle is [27.0.12077973]
C/C++: android.ndkPath from module build.gradle is not set
C/C++: ndk.dir in local.properties is not set
C/C++: Not considering ANDROID_NDK_HOME because support was removed after deprecation period.
C/C++: sdkFolder is C:\Users\gokul D\AppData\Local\Android\Sdk
C/C++: android.ndkVersion from module build.gradle is [27.0.12077973]
C/C++: android.ndkPath from module build.gradle is not set
C/C++: ndk.dir in local.properties is not set
C/C++: Not considering ANDROID_NDK_HOME because support was removed after deprecation period.
C/C++: sdkFolder is C:\Users\gokul D\AppData\Local\Android\Sdk
C/C++: android.ndkVersion from module build.gradle is [27.0.12077973]
C/C++: android.ndkPath from module build.gradle is not set
C/C++: ndk.dir in local.properties is not set
C/C++: Not considering ANDROID_NDK_HOME because support was removed after deprecation period.
C/C++: sdkFolder is C:\Users\gokul D\AppData\Local\Android\Sdk
C/C++: android.ndkVersion from module build.gradle is [27.0.12077973]
C/C++: android.ndkPath from module build.gradle is not set
C/C++: ndk.dir in local.properties is not set
C/C++: Not considering ANDROID_NDK_HOME because support was removed after deprecation period.
C/C++: sdkFolder is C:\Users\gokul D\AppData\Local\Android\Sdk
C/C++: android.ndkVersion from module build.gradle is [27.0.12077973]
C/C++: android.ndkPath from module build.gradle is not set
C/C++: ndk.dir in local.properties is not set
C/C++: Not considering ANDROID_NDK_HOME because support was removed after deprecation period.
C/C++: sdkFolder is C:\Users\gokul D\AppData\Local\Android\Sdk
All projects evaluated.
Task path ':app:testDebugUnitTest' matched project ':app'
Task name matched 'testDebugUnitTest'
Selected primary task 'testDebugUnitTest' from project :app
Tasks to be executed: [task ':app:checkKotlinGradlePluginConfigurationErrors', task ':app:preBuild', task ':app:preDebugBuild', task ':app:checkDebugAarMetadata', task ':app:generateDebugResValues', task ':app:mapDebugSourceSetPaths', task ':app:generateDebugResources', task ':app:mergeDebugResources', task ':app:packageDebugResources', task ':app:parseDebugLocalResources', task ':app:createDebugCompatibleScreenManifests', task ':app:extractDeepLinksDebug', task ':app:processDebugMainManifest', task ':app:processDebugManifest', task ':app:processDebugManifestForPackage', task ':app:processDebugResources', task ':app:compileDebugKotlin', task ':app:javaPreCompileDebug', task ':app:compileDebugJavaWithJavac', task ':app:bundleDebugClassesToRuntimeJar', task ':app:bundleDebugClassesToCompileJar', task ':app:compileDebugUnitTestKotlin', task ':app:preDebugUnitTestBuild', task ':app:javaPreCompileDebugUnitTest', task ':app:compileDebugUnitTestJavaWithJavac', task ':app:mergeDebugShaders', task ':app:compileDebugShaders', task ':app:generateDebugAssets', task ':app:mergeDebugAssets', task ':app:packageDebugUnitTestForUnitTest', task ':app:generateDebugUnitTestConfig', task ':app:processDebugJavaRes', task ':app:processDebugUnitTestJavaRes', task ':app:testDebugUnitTest']
Tasks that were excluded: []
Resolve mutations for :app:checkKotlinGradlePluginConfigurationErrors (Thread[Execution worker Thread 5,5,main]) started.
:app:checkKotlinGradlePluginConfigurationErrors (Thread[included builds,5,main]) started.

> Task :app:checkKotlinGradlePluginConfigurationErrors SKIPPED
Skipping task ':app:checkKotlinGradlePluginConfigurationErrors' as task onlyIf 'errorDiagnostics are present' is false.
Resolve mutations for :app:preBuild (Thread[included builds,5,main]) started.
:app:preBuild (Thread[included builds,5,main]) started.

> Task :app:preBuild UP-TO-DATE
Skipping task ':app:preBuild' as it has no actions.
Resolve mutations for :app:preDebugBuild (Thread[included builds,5,main]) started.
:app:preDebugBuild (Thread[included builds,5,main]) started.

> Task :app:preDebugBuild UP-TO-DATE
Skipping task ':app:preDebugBuild' as it has no actions.
Resolve mutations for :app:checkDebugAarMetadata (Thread[included builds,5,main]) started.
:app:checkDebugAarMetadata (Thread[included builds,5,main]) started.

> Task :app:checkDebugAarMetadata UP-TO-DATE
Transforming material-1.12.0.aar (com.google.android.material:material:1.12.0) with ExtractAarTransform
Transforming constraintlayout-2.2.0.aar (androidx.constraintlayout:constraintlayout:2.2.0) with ExtractAarTransform
Transforming biometric-1.1.0.aar (androidx.biometric:biometric:1.1.0) with ExtractAarTransform
Transforming appcompat-resources-1.7.0.aar (androidx.appcompat:appcompat-resources:1.7.0) with ExtractAarTransform
Transforming appcompat-1.7.0.aar (androidx.appcompat:appcompat:1.7.0) with ExtractAarTransform
Transforming recyclerview-1.3.1.aar (androidx.recyclerview:recyclerview:1.3.1) with ExtractAarTransform
Transforming fragment-1.8.5.aar (androidx.fragment:fragment:1.8.5) with ExtractAarTransform
Transforming viewpager2-1.1.0.aar (androidx.viewpager2:viewpager2:1.1.0) with ExtractAarTransform
Transforming fragment-ktx-1.8.5.aar (androidx.fragment:fragment-ktx:1.8.5) with ExtractAarTransform
Transforming activity-ktx-1.9.3.aar (androidx.activity:activity-ktx:1.9.3) with ExtractAarTransform
Transforming activity-1.9.3.aar (androidx.activity:activity:1.9.3) with ExtractAarTransform
Transforming emoji2-views-helper-1.3.0.aar (androidx.emoji2:emoji2-views-helper:1.3.0) with ExtractAarTransform
Transforming appcompat-resources-1.7.0.aar (androidx.appcompat:appcompat-resources:1.7.0) with AarTransform
Transforming constraintlayout-2.2.0.aar (androidx.constraintlayout:constraintlayout:2.2.0) with AarTransform
Transforming fragment-ktx-1.8.5.aar (androidx.fragment:fragment-ktx:1.8.5) with AarTransform
Transforming recyclerview-1.3.1.aar (androidx.recyclerview:recyclerview:1.3.1) with AarTransform
Transforming emoji2-1.3.0.aar (androidx.emoji2:emoji2:1.3.0) with ExtractAarTransform
Transforming customview-poolingcontainer-1.0.0.aar (androidx.customview:customview-poolingcontainer:1.0.0) with ExtractAarTransform
Transforming activity-ktx-1.9.3.aar (androidx.activity:activity-ktx:1.9.3) with AarTransform
Transforming fragment-1.8.5.aar (androidx.fragment:fragment:1.8.5) with AarTransform
Transforming viewpager2-1.1.0.aar (androidx.viewpager2:viewpager2:1.1.0) with AarTransform
Transforming core-ktx-1.13.0.aar (androidx.core:core-ktx:1.13.0) with ExtractAarTransform
Transforming emoji2-views-helper-1.3.0.aar (androidx.emoji2:emoji2-views-helper:1.3.0) with AarTransform
Transforming drawerlayout-1.1.1.aar (androidx.drawerlayout:drawerlayout:1.1.1) with ExtractAarTransform
Transforming coordinatorlayout-1.1.0.aar (androidx.coordinatorlayout:coordinatorlayout:1.1.0) with ExtractAarTransform
Transforming customview-poolingcontainer-1.0.0.aar (androidx.customview:customview-poolingcontainer:1.0.0) with AarTransform
Transforming emoji2-1.3.0.aar (androidx.emoji2:emoji2:1.3.0) with AarTransform
Transforming transition-1.5.0.aar (androidx.transition:transition:1.5.0) with ExtractAarTransform
Transforming dynamicanimation-1.0.0.aar (androidx.dynamicanimation:dynamicanimation:1.0.0) with ExtractAarTransform
Transforming vectordrawable-animated-1.1.0.aar (androidx.vectordrawable:vectordrawable-animated:1.1.0) with ExtractAarTransform
Transforming vectordrawable-1.1.0.aar (androidx.vectordrawable:vectordrawable:1.1.0) with ExtractAarTransform
Transforming vectordrawable-1.1.0.aar (androidx.vectordrawable:vectordrawable:1.1.0) with ExtractAarTransform
Transforming activity-1.9.3.aar (androidx.activity:activity:1.9.3) with AarTransform
Transforming coordinatorlayout-1.1.0.aar (androidx.coordinatorlayout:coordinatorlayout:1.1.0) with AarTransform
Transforming core-ktx-1.13.0.aar (androidx.core:core-ktx:1.13.0) with AarTransform
Transforming viewpager-1.0.0.aar (androidx.viewpager:viewpager:1.0.0) with ExtractAarTransform
Transforming customview-1.1.0.aar (androidx.customview:customview:1.1.0) with ExtractAarTransform
Transforming vectordrawable-1.1.0.aar (androidx.vectordrawable:vectordrawable:1.1.0) with AarTransform
Transforming customview-1.1.0.aar (androidx.customview:customview:1.1.0) with ExtractAarTransform
Transforming vectordrawable-1.1.0.aar (androidx.vectordrawable:vectordrawable:1.1.0) with AarTransform
Transforming dynamicanimation-1.0.0.aar (androidx.dynamicanimation:dynamicanimation:1.0.0) with AarTransform
Transforming drawerlayout-1.1.1.aar (androidx.drawerlayout:drawerlayout:1.1.1) with AarTransform
Transforming transition-1.5.0.aar (androidx.transition:transition:1.5.0) with AarTransform
Transforming customview-1.1.0.aar (androidx.customview:customview:1.1.0) with ExtractAarTransform
Transforming customview-1.1.0.aar (androidx.customview:customview:1.1.0) with ExtractAarTransform
Transforming vectordrawable-animated-1.1.0.aar (androidx.vectordrawable:vectordrawable-animated:1.1.0) with AarTransform
Transforming customview-1.1.0.aar (androidx.customview:customview:1.1.0) with AarTransform
Transforming customview-1.1.0.aar (androidx.customview:customview:1.1.0) with AarTransform
Transforming customview-1.1.0.aar (androidx.customview:customview:1.1.0) with AarTransform
Transforming customview-1.1.0.aar (androidx.customview:customview:1.1.0) with AarTransform
Transforming viewpager-1.0.0.aar (androidx.viewpager:viewpager:1.0.0) with AarTransform
Transforming legacy-support-core-utils-1.0.0.aar (androidx.legacy:legacy-support-core-utils:1.0.0) with ExtractAarTransform
Transforming loader-1.0.0.aar (androidx.loader:loader:1.0.0) with ExtractAarTransform
Transforming core-1.13.0.aar (androidx.core:core:1.13.0) with ExtractAarTransform
Transforming loader-1.0.0.aar (androidx.loader:loader:1.0.0) with ExtractAarTransform
Transforming loader-1.0.0.aar (androidx.loader:loader:1.0.0) with AarTransform
Transforming loader-1.0.0.aar (androidx.loader:loader:1.0.0) with AarTransform
Transforming legacy-support-core-utils-1.0.0.aar (androidx.legacy:legacy-support-core-utils:1.0.0) with AarTransform
Transforming core-1.13.0.aar (androidx.core:core:1.13.0) with ExtractAarTransform
Transforming core-1.13.0.aar (androidx.core:core:1.13.0) with ExtractAarTransform
Transforming core-1.13.0.aar (androidx.core:core:1.13.0) with ExtractAarTransform
Transforming core-1.13.0.aar (androidx.core:core:1.13.0) with ExtractAarTransform
Transforming core-1.13.0.aar (androidx.core:core:1.13.0) with ExtractAarTransform
Transforming core-1.13.0.aar (androidx.core:core:1.13.0) with ExtractAarTransform
Transforming core-1.13.0.aar (androidx.core:core:1.13.0) with ExtractAarTransform
Transforming core-1.13.0.aar (androidx.core:core:1.13.0) with ExtractAarTransform
Transforming biometric-1.1.0.aar (androidx.biometric:biometric:1.1.0) with AarTransform
Transforming savedstate-ktx-1.2.1.aar (androidx.savedstate:savedstate-ktx:1.2.1) with ExtractAarTransform
Transforming savedstate-ktx-1.2.1.aar (androidx.savedstate:savedstate-ktx:1.2.1) with AarTransform
Transforming savedstate-1.2.1.aar (androidx.savedstate:savedstate:1.2.1) with ExtractAarTransform
Transforming savedstate-1.2.1.aar (androidx.savedstate:savedstate:1.2.1) with AarTransform
Transforming lifecycle-runtime-release.aar (androidx.lifecycle:lifecycle-runtime-android:2.8.7) with ExtractAarTransform
Transforming lifecycle-runtime-release.aar (androidx.lifecycle:lifecycle-runtime-android:2.8.7) with AarTransform
Transforming lifecycle-viewmodel-2.8.7.aar (androidx.lifecycle:lifecycle-viewmodel:2.8.7) with ExtractAarTransform
Transforming lifecycle-viewmodel-2.8.7.aar (androidx.lifecycle:lifecycle-viewmodel:2.8.7) with AarTransform
Transforming lifecycle-viewmodel-release.aar (androidx.lifecycle:lifecycle-viewmodel-android:2.8.7) with ExtractAarTransform
Transforming lifecycle-viewmodel-release.aar (androidx.lifecycle:lifecycle-viewmodel-android:2.8.7) with AarTransform
Transforming lifecycle-process-2.8.7.aar (androidx.lifecycle:lifecycle-process:2.8.7) with ExtractAarTransform
Transforming core-1.13.0.aar (androidx.core:core:1.13.0) with AarTransform
Transforming core-1.13.0.aar (androidx.core:core:1.13.0) with AarTransform
Transforming core-1.13.0.aar (androidx.core:core:1.13.0) with AarTransform
Transforming core-1.13.0.aar (androidx.core:core:1.13.0) with AarTransform
Transforming core-1.13.0.aar (androidx.core:core:1.13.0) with AarTransform
Transforming core-1.13.0.aar (androidx.core:core:1.13.0) with AarTransform
Transforming core-1.13.0.aar (androidx.core:core:1.13.0) with AarTransform
Transforming core-1.13.0.aar (androidx.core:core:1.13.0) with AarTransform
Transforming core-1.13.0.aar (androidx.core:core:1.13.0) with AarTransform
Transforming lifecycle-livedata-core-2.8.7.aar (androidx.lifecycle:lifecycle-livedata-core:2.8.7) with ExtractAarTransform
Transforming annotation-experimental-1.4.0.aar (androidx.annotation:annotation-experimental:1.4.0) with ExtractAarTransform
Transforming lifecycle-livedata-2.8.7.aar (androidx.lifecycle:lifecycle-livedata:2.8.7) with ExtractAarTransform
Transforming lifecycle-livedata-core-ktx-2.8.7.aar (androidx.lifecycle:lifecycle-livedata-core-ktx:2.8.7) with ExtractAarTransform
Transforming lifecycle-livedata-2.8.7.aar (androidx.lifecycle:lifecycle-livedata:2.8.7) with ExtractAarTransform
Transforming lifecycle-viewmodel-savedstate-2.8.7.aar (androidx.lifecycle:lifecycle-viewmodel-savedstate:2.8.7) with ExtractAarTransform
Transforming lifecycle-runtime-ktx-release.aar (androidx.lifecycle:lifecycle-runtime-ktx-android:2.8.7) with ExtractAarTransform
Transforming lifecycle-viewmodel-ktx-2.8.7.aar (androidx.lifecycle:lifecycle-viewmodel-ktx:2.8.7) with ExtractAarTransform
Transforming lifecycle-livedata-ktx-2.8.7.aar (androidx.lifecycle:lifecycle-livedata-ktx:2.8.7) with ExtractAarTransform
Transforming lifecycle-process-2.8.7.aar (androidx.lifecycle:lifecycle-process:2.8.7) with AarTransform
Transforming lifecycle-livedata-core-ktx-2.8.7.aar (androidx.lifecycle:lifecycle-livedata-core-ktx:2.8.7) with AarTransform
Transforming annotation-experimental-1.4.0.aar (androidx.annotation:annotation-experimental:1.4.0) with AarTransform
Transforming lifecycle-viewmodel-savedstate-2.8.7.aar (androidx.lifecycle:lifecycle-viewmodel-savedstate:2.8.7) with AarTransform
Transforming lifecycle-livedata-core-2.8.7.aar (androidx.lifecycle:lifecycle-livedata-core:2.8.7) with AarTransform
Transforming lifecycle-viewmodel-ktx-2.8.7.aar (androidx.lifecycle:lifecycle-viewmodel-ktx:2.8.7) with AarTransform
Transforming lifecycle-runtime-ktx-release.aar (androidx.lifecycle:lifecycle-runtime-ktx-android:2.8.7) with AarTransform
Transforming cursoradapter-1.0.0.aar (androidx.cursoradapter:cursoradapter:1.0.0) with ExtractAarTransform
Transforming lifecycle-livedata-ktx-2.8.7.aar (androidx.lifecycle:lifecycle-livedata-ktx:2.8.7) with AarTransform
Transforming lifecycle-livedata-2.8.7.aar (androidx.lifecycle:lifecycle-livedata:2.8.7) with AarTransform
Transforming lifecycle-livedata-2.8.7.aar (androidx.lifecycle:lifecycle-livedata:2.8.7) with AarTransform
Transforming cardview-1.0.0.aar (androidx.cardview:cardview:1.0.0) with ExtractAarTransform
Transforming MPAndroidChart-v3.1.0.aar (com.github.PhilJay:MPAndroidChart:v3.1.0) with ExtractAarTransform
Transforming profileinstaller-1.4.0.aar (androidx.profileinstaller:profileinstaller:1.4.0) with ExtractAarTransform
Transforming startup-runtime-1.1.1.aar (androidx.startup:startup-runtime:1.1.1) with ExtractAarTransform
Transforming cursoradapter-1.0.0.aar (androidx.cursoradapter:cursoradapter:1.0.0) with AarTransform
Transforming tracing-1.0.0.aar (androidx.tracing:tracing:1.0.0) with ExtractAarTransform
Transforming versionedparcelable-1.1.1.aar (androidx.versionedparcelable:versionedparcelable:1.1.1) with ExtractAarTransform
Transforming appcompat-1.7.0.aar (androidx.appcompat:appcompat:1.7.0) with AarTransform
Transforming cardview-1.0.0.aar (androidx.cardview:cardview:1.0.0) with AarTransform
Transforming interpolator-1.0.0.aar (androidx.interpolator:interpolator:1.0.0) with ExtractAarTransform
Transforming interpolator-1.0.0.aar (androidx.interpolator:interpolator:1.0.0) with ExtractAarTransform
Transforming tracing-1.0.0.aar (androidx.tracing:tracing:1.0.0) with AarTransform
Transforming documentfile-1.0.0.aar (androidx.documentfile:documentfile:1.0.0) with ExtractAarTransform
Transforming core-runtime-2.2.0.aar (androidx.arch.core:core-runtime:2.2.0) with ExtractAarTransform
Transforming interpolator-1.0.0.aar (androidx.interpolator:interpolator:1.0.0) with AarTransform
Transforming interpolator-1.0.0.aar (androidx.interpolator:interpolator:1.0.0) with AarTransform
Transforming versionedparcelable-1.1.1.aar (androidx.versionedparcelable:versionedparcelable:1.1.1) with AarTransform
Transforming localbroadcastmanager-1.0.0.aar (androidx.localbroadcastmanager:localbroadcastmanager:1.0.0) with ExtractAarTransform
Transforming print-1.0.0.aar (androidx.print:print:1.0.0) with ExtractAarTransform
Transforming startup-runtime-1.1.1.aar (androidx.startup:startup-runtime:1.1.1) with AarTransform
Transforming core-runtime-2.2.0.aar (androidx.arch.core:core-runtime:2.2.0) with AarTransform
Transforming localbroadcastmanager-1.0.0.aar (androidx.localbroadcastmanager:localbroadcastmanager:1.0.0) with AarTransform
Transforming documentfile-1.0.0.aar (androidx.documentfile:documentfile:1.0.0) with AarTransform
Transforming print-1.0.0.aar (androidx.print:print:1.0.0) with AarTransform
Transforming material-1.12.0.aar (com.google.android.material:material:1.12.0) with AarTransform
Transforming MPAndroidChart-v3.1.0.aar (com.github.PhilJay:MPAndroidChart:v3.1.0) with AarTransform
Transforming profileinstaller-1.4.0.aar (androidx.profileinstaller:profileinstaller:1.4.0) with AarTransform
Caching disabled for task ':app:checkDebugAarMetadata' because:
  Caching has been disabled for the task
Skipping task ':app:checkDebugAarMetadata' as it is up-to-date.
Resolve mutations for :app:generateDebugResValues (Thread[included builds,5,main]) started.
:app:generateDebugResValues (Thread[included builds,5,main]) started.

> Task :app:generateDebugResValues UP-TO-DATE
Build cache key for task ':app:generateDebugResValues' is 19936032165ca07050166c422ef46182
Skipping task ':app:generateDebugResValues' as it is up-to-date.
Resolve mutations for :app:mapDebugSourceSetPaths (Thread[included builds,5,main]) started.
:app:mapDebugSourceSetPaths (Thread[included builds,5,main]) started.

> Task :app:mapDebugSourceSetPaths UP-TO-DATE
Transforming material-1.12.0.aar (com.google.android.material:material:1.12.0) with ExtractAarTransform
Transforming material-1.12.0.aar (com.google.android.material:material:1.12.0) with AarTransform
Transforming constraintlayout-2.2.0.aar (androidx.constraintlayout:constraintlayout:2.2.0) with ExtractAarTransform
Transforming constraintlayout-2.2.0.aar (androidx.constraintlayout:constraintlayout:2.2.0) with AarTransform
Transforming biometric-1.1.0.aar (androidx.biometric:biometric:1.1.0) with ExtractAarTransform
Transforming biometric-1.1.0.aar (androidx.biometric:biometric:1.1.0) with AarTransform
Transforming appcompat-resources-1.7.0.aar (androidx.appcompat:appcompat-resources:1.7.0) with ExtractAarTransform
Transforming appcompat-resources-1.7.0.aar (androidx.appcompat:appcompat-resources:1.7.0) with AarTransform
Transforming appcompat-1.7.0.aar (androidx.appcompat:appcompat:1.7.0) with ExtractAarTransform
Transforming appcompat-1.7.0.aar (androidx.appcompat:appcompat:1.7.0) with AarTransform
Transforming recyclerview-1.3.1.aar (androidx.recyclerview:recyclerview:1.3.1) with ExtractAarTransform
Transforming recyclerview-1.3.1.aar (androidx.recyclerview:recyclerview:1.3.1) with AarTransform
Transforming viewpager2-1.1.0.aar (androidx.viewpager2:viewpager2:1.1.0) with ExtractAarTransform
Transforming viewpager2-1.1.0.aar (androidx.viewpager2:viewpager2:1.1.0) with AarTransform
Transforming fragment-ktx-1.8.5.aar (androidx.fragment:fragment-ktx:1.8.5) with ExtractAarTransform
Transforming fragment-ktx-1.8.5.aar (androidx.fragment:fragment-ktx:1.8.5) with AarTransform
Transforming fragment-1.8.5.aar (androidx.fragment:fragment:1.8.5) with ExtractAarTransform
Transforming fragment-1.8.5.aar (androidx.fragment:fragment:1.8.5) with AarTransform
Transforming activity-ktx-1.9.3.aar (androidx.activity:activity-ktx:1.9.3) with ExtractAarTransform
Transforming activity-ktx-1.9.3.aar (androidx.activity:activity-ktx:1.9.3) with AarTransform
Transforming activity-1.9.3.aar (androidx.activity:activity:1.9.3) with ExtractAarTransform
Transforming activity-1.9.3.aar (androidx.activity:activity:1.9.3) with AarTransform
Transforming emoji2-views-helper-1.3.0.aar (androidx.emoji2:emoji2-views-helper:1.3.0) with ExtractAarTransform
Transforming emoji2-views-helper-1.3.0.aar (androidx.emoji2:emoji2-views-helper:1.3.0) with AarTransform
Transforming emoji2-1.3.0.aar (androidx.emoji2:emoji2:1.3.0) with ExtractAarTransform
Transforming emoji2-1.3.0.aar (androidx.emoji2:emoji2:1.3.0) with AarTransform
Transforming customview-poolingcontainer-1.0.0.aar (androidx.customview:customview-poolingcontainer:1.0.0) with ExtractAarTransform
Transforming customview-poolingcontainer-1.0.0.aar (androidx.customview:customview-poolingcontainer:1.0.0) with AarTransform
Transforming core-ktx-1.13.0.aar (androidx.core:core-ktx:1.13.0) with ExtractAarTransform
Transforming core-ktx-1.13.0.aar (androidx.core:core-ktx:1.13.0) with AarTransform
Transforming drawerlayout-1.1.1.aar (androidx.drawerlayout:drawerlayout:1.1.1) with ExtractAarTransform
Transforming drawerlayout-1.1.1.aar (androidx.drawerlayout:drawerlayout:1.1.1) with AarTransform
Transforming coordinatorlayout-1.1.0.aar (androidx.coordinatorlayout:coordinatorlayout:1.1.0) with ExtractAarTransform
Transforming coordinatorlayout-1.1.0.aar (androidx.coordinatorlayout:coordinatorlayout:1.1.0) with AarTransform
Transforming transition-1.5.0.aar (androidx.transition:transition:1.5.0) with ExtractAarTransform
Transforming transition-1.5.0.aar (androidx.transition:transition:1.5.0) with AarTransform
Transforming dynamicanimation-1.0.0.aar (androidx.dynamicanimation:dynamicanimation:1.0.0) with ExtractAarTransform
Transforming dynamicanimation-1.0.0.aar (androidx.dynamicanimation:dynamicanimation:1.0.0) with AarTransform
Transforming vectordrawable-animated-1.1.0.aar (androidx.vectordrawable:vectordrawable-animated:1.1.0) with ExtractAarTransform
Transforming vectordrawable-animated-1.1.0.aar (androidx.vectordrawable:vectordrawable-animated:1.1.0) with AarTransform
Transforming vectordrawable-1.1.0.aar (androidx.vectordrawable:vectordrawable:1.1.0) with ExtractAarTransform
Transforming vectordrawable-1.1.0.aar (androidx.vectordrawable:vectordrawable:1.1.0) with AarTransform
Transforming vectordrawable-1.1.0.aar (androidx.vectordrawable:vectordrawable:1.1.0) with ExtractAarTransform
Transforming vectordrawable-1.1.0.aar (androidx.vectordrawable:vectordrawable:1.1.0) with AarTransform
Transforming viewpager-1.0.0.aar (androidx.viewpager:viewpager:1.0.0) with ExtractAarTransform
Transforming viewpager-1.0.0.aar (androidx.viewpager:viewpager:1.0.0) with AarTransform
Transforming customview-1.1.0.aar (androidx.customview:customview:1.1.0) with ExtractAarTransform
Transforming customview-1.1.0.aar (androidx.customview:customview:1.1.0) with AarTransform
Transforming customview-1.1.0.aar (androidx.customview:customview:1.1.0) with ExtractAarTransform
Transforming customview-1.1.0.aar (androidx.customview:customview:1.1.0) with AarTransform
Transforming customview-1.1.0.aar (androidx.customview:customview:1.1.0) with ExtractAarTransform
Transforming customview-1.1.0.aar (androidx.customview:customview:1.1.0) with AarTransform
Transforming customview-1.1.0.aar (androidx.customview:customview:1.1.0) with ExtractAarTransform
Transforming customview-1.1.0.aar (androidx.customview:customview:1.1.0) with AarTransform
Transforming legacy-support-core-utils-1.0.0.aar (androidx.legacy:legacy-support-core-utils:1.0.0) with ExtractAarTransform
Transforming legacy-support-core-utils-1.0.0.aar (androidx.legacy:legacy-support-core-utils:1.0.0) with AarTransform
Transforming loader-1.0.0.aar (androidx.loader:loader:1.0.0) with ExtractAarTransform
Transforming loader-1.0.0.aar (androidx.loader:loader:1.0.0) with AarTransform
Transforming loader-1.0.0.aar (androidx.loader:loader:1.0.0) with ExtractAarTransform
Transforming loader-1.0.0.aar (androidx.loader:loader:1.0.0) with AarTransform
Transforming core-1.13.0.aar (androidx.core:core:1.13.0) with ExtractAarTransform
Transforming core-1.13.0.aar (androidx.core:core:1.13.0) with AarTransform
Transforming core-1.13.0.aar (androidx.core:core:1.13.0) with ExtractAarTransform
Transforming core-1.13.0.aar (androidx.core:core:1.13.0) with AarTransform
Transforming core-1.13.0.aar (androidx.core:core:1.13.0) with ExtractAarTransform
Transforming core-1.13.0.aar (androidx.core:core:1.13.0) with AarTransform
Transforming core-1.13.0.aar (androidx.core:core:1.13.0) with ExtractAarTransform
Transforming core-1.13.0.aar (androidx.core:core:1.13.0) with AarTransform
Transforming core-1.13.0.aar (androidx.core:core:1.13.0) with ExtractAarTransform
Transforming core-1.13.0.aar (androidx.core:core:1.13.0) with AarTransform
Transforming core-1.13.0.aar (androidx.core:core:1.13.0) with ExtractAarTransform
Transforming core-1.13.0.aar (androidx.core:core:1.13.0) with AarTransform
Transforming core-1.13.0.aar (androidx.core:core:1.13.0) with ExtractAarTransform
Transforming core-1.13.0.aar (androidx.core:core:1.13.0) with AarTransform
Transforming core-1.13.0.aar (androidx.core:core:1.13.0) with ExtractAarTransform
Transforming core-1.13.0.aar (androidx.core:core:1.13.0) with AarTransform
Transforming core-1.13.0.aar (androidx.core:core:1.13.0) with ExtractAarTransform
Transforming core-1.13.0.aar (androidx.core:core:1.13.0) with AarTransform
Transforming savedstate-ktx-1.2.1.aar (androidx.savedstate:savedstate-ktx:1.2.1) with ExtractAarTransform
Transforming savedstate-ktx-1.2.1.aar (androidx.savedstate:savedstate-ktx:1.2.1) with AarTransform
Transforming savedstate-1.2.1.aar (androidx.savedstate:savedstate:1.2.1) with ExtractAarTransform
Transforming savedstate-1.2.1.aar (androidx.savedstate:savedstate:1.2.1) with AarTransform
Transforming lifecycle-runtime-release.aar (androidx.lifecycle:lifecycle-runtime-android:2.8.7) with ExtractAarTransform
Transforming lifecycle-runtime-release.aar (androidx.lifecycle:lifecycle-runtime-android:2.8.7) with AarTransform
Transforming lifecycle-viewmodel-2.8.7.aar (androidx.lifecycle:lifecycle-viewmodel:2.8.7) with ExtractAarTransform
Transforming lifecycle-viewmodel-2.8.7.aar (androidx.lifecycle:lifecycle-viewmodel:2.8.7) with AarTransform
Transforming lifecycle-viewmodel-release.aar (androidx.lifecycle:lifecycle-viewmodel-android:2.8.7) with ExtractAarTransform
Transforming lifecycle-viewmodel-release.aar (androidx.lifecycle:lifecycle-viewmodel-android:2.8.7) with AarTransform
Transforming lifecycle-process-2.8.7.aar (androidx.lifecycle:lifecycle-process:2.8.7) with ExtractAarTransform
Transforming lifecycle-process-2.8.7.aar (androidx.lifecycle:lifecycle-process:2.8.7) with AarTransform
Transforming lifecycle-livedata-core-2.8.7.aar (androidx.lifecycle:lifecycle-livedata-core:2.8.7) with ExtractAarTransform
Transforming lifecycle-livedata-core-2.8.7.aar (androidx.lifecycle:lifecycle-livedata-core:2.8.7) with AarTransform
Transforming lifecycle-runtime-ktx-release.aar (androidx.lifecycle:lifecycle-runtime-ktx-android:2.8.7) with ExtractAarTransform
Transforming lifecycle-runtime-ktx-release.aar (androidx.lifecycle:lifecycle-runtime-ktx-android:2.8.7) with AarTransform
Transforming lifecycle-livedata-core-ktx-2.8.7.aar (androidx.lifecycle:lifecycle-livedata-core-ktx:2.8.7) with ExtractAarTransform
Transforming lifecycle-livedata-core-ktx-2.8.7.aar (androidx.lifecycle:lifecycle-livedata-core-ktx:2.8.7) with AarTransform
Transforming lifecycle-livedata-2.8.7.aar (androidx.lifecycle:lifecycle-livedata:2.8.7) with ExtractAarTransform
Transforming lifecycle-livedata-2.8.7.aar (androidx.lifecycle:lifecycle-livedata:2.8.7) with AarTransform
Transforming lifecycle-livedata-2.8.7.aar (androidx.lifecycle:lifecycle-livedata:2.8.7) with ExtractAarTransform
Transforming lifecycle-livedata-2.8.7.aar (androidx.lifecycle:lifecycle-livedata:2.8.7) with AarTransform
Transforming lifecycle-viewmodel-savedstate-2.8.7.aar (androidx.lifecycle:lifecycle-viewmodel-savedstate:2.8.7) with ExtractAarTransform
Transforming lifecycle-viewmodel-savedstate-2.8.7.aar (androidx.lifecycle:lifecycle-viewmodel-savedstate:2.8.7) with AarTransform
Transforming lifecycle-livedata-ktx-2.8.7.aar (androidx.lifecycle:lifecycle-livedata-ktx:2.8.7) with ExtractAarTransform
Transforming lifecycle-livedata-ktx-2.8.7.aar (androidx.lifecycle:lifecycle-livedata-ktx:2.8.7) with AarTransform
Transforming lifecycle-viewmodel-ktx-2.8.7.aar (androidx.lifecycle:lifecycle-viewmodel-ktx:2.8.7) with ExtractAarTransform
Transforming lifecycle-viewmodel-ktx-2.8.7.aar (androidx.lifecycle:lifecycle-viewmodel-ktx:2.8.7) with AarTransform
Transforming annotation-experimental-1.4.0.aar (androidx.annotation:annotation-experimental:1.4.0) with ExtractAarTransform
Transforming annotation-experimental-1.4.0.aar (androidx.annotation:annotation-experimental:1.4.0) with AarTransform
Transforming MPAndroidChart-v3.1.0.aar (com.github.PhilJay:MPAndroidChart:v3.1.0) with ExtractAarTransform
Transforming MPAndroidChart-v3.1.0.aar (com.github.PhilJay:MPAndroidChart:v3.1.0) with AarTransform
Transforming cursoradapter-1.0.0.aar (androidx.cursoradapter:cursoradapter:1.0.0) with ExtractAarTransform
Transforming cursoradapter-1.0.0.aar (androidx.cursoradapter:cursoradapter:1.0.0) with AarTransform
Transforming cardview-1.0.0.aar (androidx.cardview:cardview:1.0.0) with ExtractAarTransform
Transforming cardview-1.0.0.aar (androidx.cardview:cardview:1.0.0) with AarTransform
Transforming profileinstaller-1.4.0.aar (androidx.profileinstaller:profileinstaller:1.4.0) with ExtractAarTransform
Transforming profileinstaller-1.4.0.aar (androidx.profileinstaller:profileinstaller:1.4.0) with AarTransform
Transforming startup-runtime-1.1.1.aar (androidx.startup:startup-runtime:1.1.1) with ExtractAarTransform
Transforming startup-runtime-1.1.1.aar (androidx.startup:startup-runtime:1.1.1) with AarTransform
Transforming tracing-1.0.0.aar (androidx.tracing:tracing:1.0.0) with ExtractAarTransform
Transforming tracing-1.0.0.aar (androidx.tracing:tracing:1.0.0) with AarTransform
Transforming versionedparcelable-1.1.1.aar (androidx.versionedparcelable:versionedparcelable:1.1.1) with ExtractAarTransform
Transforming versionedparcelable-1.1.1.aar (androidx.versionedparcelable:versionedparcelable:1.1.1) with AarTransform
Transforming interpolator-1.0.0.aar (androidx.interpolator:interpolator:1.0.0) with ExtractAarTransform
Transforming interpolator-1.0.0.aar (androidx.interpolator:interpolator:1.0.0) with AarTransform
Transforming interpolator-1.0.0.aar (androidx.interpolator:interpolator:1.0.0) with ExtractAarTransform
Transforming interpolator-1.0.0.aar (androidx.interpolator:interpolator:1.0.0) with AarTransform
Transforming core-runtime-2.2.0.aar (androidx.arch.core:core-runtime:2.2.0) with ExtractAarTransform
Transforming core-runtime-2.2.0.aar (androidx.arch.core:core-runtime:2.2.0) with AarTransform
Transforming documentfile-1.0.0.aar (androidx.documentfile:documentfile:1.0.0) with ExtractAarTransform
Transforming documentfile-1.0.0.aar (androidx.documentfile:documentfile:1.0.0) with AarTransform
Transforming localbroadcastmanager-1.0.0.aar (androidx.localbroadcastmanager:localbroadcastmanager:1.0.0) with ExtractAarTransform
Transforming localbroadcastmanager-1.0.0.aar (androidx.localbroadcastmanager:localbroadcastmanager:1.0.0) with AarTransform
Transforming print-1.0.0.aar (androidx.print:print:1.0.0) with ExtractAarTransform
Transforming print-1.0.0.aar (androidx.print:print:1.0.0) with AarTransform
Caching disabled for task ':app:mapDebugSourceSetPaths' because:
  Caching has been disabled for the task
Skipping task ':app:mapDebugSourceSetPaths' as it is up-to-date.
Resolve mutations for :app:generateDebugResources (Thread[included builds,5,main]) started.
:app:generateDebugResources (Thread[included builds,5,main]) started.

> Task :app:generateDebugResources UP-TO-DATE
Build cache key for task ':app:generateDebugResources' is 67b5695d3e42648092a12da85a48f602
Skipping task ':app:generateDebugResources' as it is up-to-date.
Resolve mutations for :app:mergeDebugResources (Thread[included builds,5,main]) started.
:app:mergeDebugResources (Thread[included builds,5,main]) started.

> Task :app:mergeDebugResources UP-TO-DATE
Build cache key for task ':app:mergeDebugResources' is fdfcb3634d372957321e28c8a4bb6ee1
Skipping task ':app:mergeDebugResources' as it is up-to-date.
Resolve mutations for :app:packageDebugResources (Thread[included builds,5,main]) started.
:app:packageDebugResources (Thread[included builds,5,main]) started.

> Task :app:packageDebugResources UP-TO-DATE
Build cache key for task ':app:packageDebugResources' is e8e8fc5855e6927dad87e31452e9aede
Skipping task ':app:packageDebugResources' as it is up-to-date.
Resolve mutations for :app:parseDebugLocalResources (Thread[included builds,5,main]) started.
:app:parseDebugLocalResources (Thread[included builds,5,main]) started.

> Task :app:parseDebugLocalResources UP-TO-DATE
Transforming android.jar with PlatformAttrTransform
Transforming android.jar with PlatformAttrTransform
Build cache key for task ':app:parseDebugLocalResources' is 4cdc05824465a4ebbc92c3c669c6b24d
Skipping task ':app:parseDebugLocalResources' as it is up-to-date.
Resolve mutations for :app:createDebugCompatibleScreenManifests (Thread[included builds,5,main]) started.
:app:createDebugCompatibleScreenManifests (Thread[included builds,5,main]) started.

> Task :app:createDebugCompatibleScreenManifests UP-TO-DATE
Caching disabled for task ':app:createDebugCompatibleScreenManifests' because:
  Caching has been disabled for the task
Skipping task ':app:createDebugCompatibleScreenManifests' as it is up-to-date.
Resolve mutations for :app:extractDeepLinksDebug (Thread[included builds,5,main]) started.
:app:extractDeepLinksDebug (Thread[included builds,5,main]) started.

> Task :app:extractDeepLinksDebug UP-TO-DATE
Build cache key for task ':app:extractDeepLinksDebug' is 1620cf46aca2fcc7384b675518bc5ac8
Skipping task ':app:extractDeepLinksDebug' as it is up-to-date.
Resolve mutations for :app:processDebugMainManifest (Thread[included builds,5,main]) started.
:app:processDebugMainManifest (Thread[included builds,5,main]) started.

> Task :app:processDebugMainManifest UP-TO-DATE
Transforming material-1.12.0.aar (com.google.android.material:material:1.12.0) with ExtractAarTransform
Transforming material-1.12.0.aar (com.google.android.material:material:1.12.0) with AarTransform
Transforming constraintlayout-2.2.0.aar (androidx.constraintlayout:constraintlayout:2.2.0) with ExtractAarTransform
Transforming constraintlayout-2.2.0.aar (androidx.constraintlayout:constraintlayout:2.2.0) with AarTransform
Transforming biometric-1.1.0.aar (androidx.biometric:biometric:1.1.0) with ExtractAarTransform
Transforming biometric-1.1.0.aar (androidx.biometric:biometric:1.1.0) with AarTransform
Transforming appcompat-resources-1.7.0.aar (androidx.appcompat:appcompat-resources:1.7.0) with ExtractAarTransform
Transforming appcompat-resources-1.7.0.aar (androidx.appcompat:appcompat-resources:1.7.0) with AarTransform
Transforming appcompat-1.7.0.aar (androidx.appcompat:appcompat:1.7.0) with ExtractAarTransform
Transforming appcompat-1.7.0.aar (androidx.appcompat:appcompat:1.7.0) with AarTransform
Transforming recyclerview-1.3.1.aar (androidx.recyclerview:recyclerview:1.3.1) with ExtractAarTransform
Transforming recyclerview-1.3.1.aar (androidx.recyclerview:recyclerview:1.3.1) with AarTransform
Transforming viewpager2-1.1.0.aar (androidx.viewpager2:viewpager2:1.1.0) with ExtractAarTransform
Transforming viewpager2-1.1.0.aar (androidx.viewpager2:viewpager2:1.1.0) with AarTransform
Transforming fragment-ktx-1.8.5.aar (androidx.fragment:fragment-ktx:1.8.5) with ExtractAarTransform
Transforming fragment-ktx-1.8.5.aar (androidx.fragment:fragment-ktx:1.8.5) with AarTransform
Transforming fragment-1.8.5.aar (androidx.fragment:fragment:1.8.5) with ExtractAarTransform
Transforming fragment-1.8.5.aar (androidx.fragment:fragment:1.8.5) with AarTransform
Transforming activity-ktx-1.9.3.aar (androidx.activity:activity-ktx:1.9.3) with ExtractAarTransform
Transforming activity-ktx-1.9.3.aar (androidx.activity:activity-ktx:1.9.3) with AarTransform
Transforming activity-1.9.3.aar (androidx.activity:activity:1.9.3) with ExtractAarTransform
Transforming activity-1.9.3.aar (androidx.activity:activity:1.9.3) with AarTransform
Transforming emoji2-views-helper-1.3.0.aar (androidx.emoji2:emoji2-views-helper:1.3.0) with ExtractAarTransform
Transforming emoji2-views-helper-1.3.0.aar (androidx.emoji2:emoji2-views-helper:1.3.0) with AarTransform
Transforming emoji2-1.3.0.aar (androidx.emoji2:emoji2:1.3.0) with ExtractAarTransform
Transforming emoji2-1.3.0.aar (androidx.emoji2:emoji2:1.3.0) with AarTransform
Transforming customview-poolingcontainer-1.0.0.aar (androidx.customview:customview-poolingcontainer:1.0.0) with ExtractAarTransform
Transforming customview-poolingcontainer-1.0.0.aar (androidx.customview:customview-poolingcontainer:1.0.0) with AarTransform
Transforming core-ktx-1.13.0.aar (androidx.core:core-ktx:1.13.0) with ExtractAarTransform
Transforming core-ktx-1.13.0.aar (androidx.core:core-ktx:1.13.0) with AarTransform
Transforming drawerlayout-1.1.1.aar (androidx.drawerlayout:drawerlayout:1.1.1) with ExtractAarTransform
Transforming drawerlayout-1.1.1.aar (androidx.drawerlayout:drawerlayout:1.1.1) with AarTransform
Transforming coordinatorlayout-1.1.0.aar (androidx.coordinatorlayout:coordinatorlayout:1.1.0) with ExtractAarTransform
Transforming coordinatorlayout-1.1.0.aar (androidx.coordinatorlayout:coordinatorlayout:1.1.0) with AarTransform
Transforming transition-1.5.0.aar (androidx.transition:transition:1.5.0) with ExtractAarTransform
Transforming transition-1.5.0.aar (androidx.transition:transition:1.5.0) with AarTransform
Transforming dynamicanimation-1.0.0.aar (androidx.dynamicanimation:dynamicanimation:1.0.0) with ExtractAarTransform
Transforming dynamicanimation-1.0.0.aar (androidx.dynamicanimation:dynamicanimation:1.0.0) with AarTransform
Transforming vectordrawable-animated-1.1.0.aar (androidx.vectordrawable:vectordrawable-animated:1.1.0) with ExtractAarTransform
Transforming vectordrawable-animated-1.1.0.aar (androidx.vectordrawable:vectordrawable-animated:1.1.0) with AarTransform
Transforming vectordrawable-1.1.0.aar (androidx.vectordrawable:vectordrawable:1.1.0) with ExtractAarTransform
Transforming vectordrawable-1.1.0.aar (androidx.vectordrawable:vectordrawable:1.1.0) with AarTransform
Transforming vectordrawable-1.1.0.aar (androidx.vectordrawable:vectordrawable:1.1.0) with ExtractAarTransform
Transforming vectordrawable-1.1.0.aar (androidx.vectordrawable:vectordrawable:1.1.0) with AarTransform
Transforming viewpager-1.0.0.aar (androidx.viewpager:viewpager:1.0.0) with ExtractAarTransform
Transforming viewpager-1.0.0.aar (androidx.viewpager:viewpager:1.0.0) with AarTransform
Transforming customview-1.1.0.aar (androidx.customview:customview:1.1.0) with ExtractAarTransform
Transforming customview-1.1.0.aar (androidx.customview:customview:1.1.0) with AarTransform
Transforming customview-1.1.0.aar (androidx.customview:customview:1.1.0) with ExtractAarTransform
Transforming customview-1.1.0.aar (androidx.customview:customview:1.1.0) with AarTransform
Transforming customview-1.1.0.aar (androidx.customview:customview:1.1.0) with ExtractAarTransform
Transforming customview-1.1.0.aar (androidx.customview:customview:1.1.0) with AarTransform
Transforming customview-1.1.0.aar (androidx.customview:customview:1.1.0) with ExtractAarTransform
Transforming customview-1.1.0.aar (androidx.customview:customview:1.1.0) with AarTransform
Transforming legacy-support-core-utils-1.0.0.aar (androidx.legacy:legacy-support-core-utils:1.0.0) with ExtractAarTransform
Transforming legacy-support-core-utils-1.0.0.aar (androidx.legacy:legacy-support-core-utils:1.0.0) with AarTransform
Transforming loader-1.0.0.aar (androidx.loader:loader:1.0.0) with ExtractAarTransform
Transforming loader-1.0.0.aar (androidx.loader:loader:1.0.0) with AarTransform
Transforming loader-1.0.0.aar (androidx.loader:loader:1.0.0) with ExtractAarTransform
Transforming loader-1.0.0.aar (androidx.loader:loader:1.0.0) with AarTransform
Transforming core-1.13.0.aar (androidx.core:core:1.13.0) with ExtractAarTransform
Transforming core-1.13.0.aar (androidx.core:core:1.13.0) with AarTransform
Transforming core-1.13.0.aar (androidx.core:core:1.13.0) with ExtractAarTransform
Transforming core-1.13.0.aar (androidx.core:core:1.13.0) with AarTransform
Transforming core-1.13.0.aar (androidx.core:core:1.13.0) with ExtractAarTransform
Transforming core-1.13.0.aar (androidx.core:core:1.13.0) with AarTransform
Transforming core-1.13.0.aar (androidx.core:core:1.13.0) with ExtractAarTransform
Transforming core-1.13.0.aar (androidx.core:core:1.13.0) with AarTransform
Transforming core-1.13.0.aar (androidx.core:core:1.13.0) with ExtractAarTransform
Transforming core-1.13.0.aar (androidx.core:core:1.13.0) with AarTransform
Transforming core-1.13.0.aar (androidx.core:core:1.13.0) with ExtractAarTransform
Transforming core-1.13.0.aar (androidx.core:core:1.13.0) with AarTransform
Transforming core-1.13.0.aar (androidx.core:core:1.13.0) with ExtractAarTransform
Transforming core-1.13.0.aar (androidx.core:core:1.13.0) with AarTransform
Transforming core-1.13.0.aar (androidx.core:core:1.13.0) with ExtractAarTransform
Transforming core-1.13.0.aar (androidx.core:core:1.13.0) with AarTransform
Transforming savedstate-ktx-1.2.1.aar (androidx.savedstate:savedstate-ktx:1.2.1) with ExtractAarTransform
Transforming savedstate-ktx-1.2.1.aar (androidx.savedstate:savedstate-ktx:1.2.1) with AarTransform
Transforming savedstate-1.2.1.aar (androidx.savedstate:savedstate:1.2.1) with ExtractAarTransform
Transforming savedstate-1.2.1.aar (androidx.savedstate:savedstate:1.2.1) with AarTransform
Transforming lifecycle-runtime-release.aar (androidx.lifecycle:lifecycle-runtime-android:2.8.7) with ExtractAarTransform
Transforming lifecycle-runtime-release.aar (androidx.lifecycle:lifecycle-runtime-android:2.8.7) with AarTransform
Transforming lifecycle-viewmodel-2.8.7.aar (androidx.lifecycle:lifecycle-viewmodel:2.8.7) with ExtractAarTransform
Transforming lifecycle-viewmodel-2.8.7.aar (androidx.lifecycle:lifecycle-viewmodel:2.8.7) with AarTransform
Transforming lifecycle-viewmodel-release.aar (androidx.lifecycle:lifecycle-viewmodel-android:2.8.7) with ExtractAarTransform
Transforming lifecycle-viewmodel-release.aar (androidx.lifecycle:lifecycle-viewmodel-android:2.8.7) with AarTransform
Transforming lifecycle-process-2.8.7.aar (androidx.lifecycle:lifecycle-process:2.8.7) with ExtractAarTransform
Transforming lifecycle-process-2.8.7.aar (androidx.lifecycle:lifecycle-process:2.8.7) with AarTransform
Transforming lifecycle-livedata-core-2.8.7.aar (androidx.lifecycle:lifecycle-livedata-core:2.8.7) with ExtractAarTransform
Transforming lifecycle-livedata-core-2.8.7.aar (androidx.lifecycle:lifecycle-livedata-core:2.8.7) with AarTransform
Transforming lifecycle-runtime-ktx-release.aar (androidx.lifecycle:lifecycle-runtime-ktx-android:2.8.7) with ExtractAarTransform
Transforming lifecycle-runtime-ktx-release.aar (androidx.lifecycle:lifecycle-runtime-ktx-android:2.8.7) with AarTransform
Transforming lifecycle-livedata-core-ktx-2.8.7.aar (androidx.lifecycle:lifecycle-livedata-core-ktx:2.8.7) with ExtractAarTransform
Transforming lifecycle-livedata-core-ktx-2.8.7.aar (androidx.lifecycle:lifecycle-livedata-core-ktx:2.8.7) with AarTransform
Transforming lifecycle-livedata-2.8.7.aar (androidx.lifecycle:lifecycle-livedata:2.8.7) with ExtractAarTransform
Transforming lifecycle-livedata-2.8.7.aar (androidx.lifecycle:lifecycle-livedata:2.8.7) with AarTransform
Transforming lifecycle-livedata-2.8.7.aar (androidx.lifecycle:lifecycle-livedata:2.8.7) with ExtractAarTransform
Transforming lifecycle-livedata-2.8.7.aar (androidx.lifecycle:lifecycle-livedata:2.8.7) with AarTransform
Transforming lifecycle-viewmodel-savedstate-2.8.7.aar (androidx.lifecycle:lifecycle-viewmodel-savedstate:2.8.7) with ExtractAarTransform
Transforming lifecycle-viewmodel-savedstate-2.8.7.aar (androidx.lifecycle:lifecycle-viewmodel-savedstate:2.8.7) with AarTransform
Transforming lifecycle-livedata-ktx-2.8.7.aar (androidx.lifecycle:lifecycle-livedata-ktx:2.8.7) with ExtractAarTransform
Transforming lifecycle-livedata-ktx-2.8.7.aar (androidx.lifecycle:lifecycle-livedata-ktx:2.8.7) with AarTransform
Transforming lifecycle-viewmodel-ktx-2.8.7.aar (androidx.lifecycle:lifecycle-viewmodel-ktx:2.8.7) with ExtractAarTransform
Transforming lifecycle-viewmodel-ktx-2.8.7.aar (androidx.lifecycle:lifecycle-viewmodel-ktx:2.8.7) with AarTransform
Transforming annotation-experimental-1.4.0.aar (androidx.annotation:annotation-experimental:1.4.0) with ExtractAarTransform
Transforming annotation-experimental-1.4.0.aar (androidx.annotation:annotation-experimental:1.4.0) with AarTransform
Transforming MPAndroidChart-v3.1.0.aar (com.github.PhilJay:MPAndroidChart:v3.1.0) with ExtractAarTransform
Transforming MPAndroidChart-v3.1.0.aar (com.github.PhilJay:MPAndroidChart:v3.1.0) with AarTransform
Transforming cursoradapter-1.0.0.aar (androidx.cursoradapter:cursoradapter:1.0.0) with ExtractAarTransform
Transforming cursoradapter-1.0.0.aar (androidx.cursoradapter:cursoradapter:1.0.0) with AarTransform
Transforming cardview-1.0.0.aar (androidx.cardview:cardview:1.0.0) with ExtractAarTransform
Transforming cardview-1.0.0.aar (androidx.cardview:cardview:1.0.0) with AarTransform
Transforming profileinstaller-1.4.0.aar (androidx.profileinstaller:profileinstaller:1.4.0) with ExtractAarTransform
Transforming profileinstaller-1.4.0.aar (androidx.profileinstaller:profileinstaller:1.4.0) with AarTransform
Transforming startup-runtime-1.1.1.aar (androidx.startup:startup-runtime:1.1.1) with ExtractAarTransform
Transforming startup-runtime-1.1.1.aar (androidx.startup:startup-runtime:1.1.1) with AarTransform
Transforming tracing-1.0.0.aar (androidx.tracing:tracing:1.0.0) with ExtractAarTransform
Transforming tracing-1.0.0.aar (androidx.tracing:tracing:1.0.0) with AarTransform
Transforming versionedparcelable-1.1.1.aar (androidx.versionedparcelable:versionedparcelable:1.1.1) with ExtractAarTransform
Transforming versionedparcelable-1.1.1.aar (androidx.versionedparcelable:versionedparcelable:1.1.1) with AarTransform
Transforming interpolator-1.0.0.aar (androidx.interpolator:interpolator:1.0.0) with ExtractAarTransform
Transforming interpolator-1.0.0.aar (androidx.interpolator:interpolator:1.0.0) with AarTransform
Transforming interpolator-1.0.0.aar (androidx.interpolator:interpolator:1.0.0) with ExtractAarTransform
Transforming interpolator-1.0.0.aar (androidx.interpolator:interpolator:1.0.0) with AarTransform
Transforming core-runtime-2.2.0.aar (androidx.arch.core:core-runtime:2.2.0) with ExtractAarTransform
Transforming core-runtime-2.2.0.aar (androidx.arch.core:core-runtime:2.2.0) with AarTransform
Transforming documentfile-1.0.0.aar (androidx.documentfile:documentfile:1.0.0) with ExtractAarTransform
Transforming documentfile-1.0.0.aar (androidx.documentfile:documentfile:1.0.0) with AarTransform
Transforming localbroadcastmanager-1.0.0.aar (androidx.localbroadcastmanager:localbroadcastmanager:1.0.0) with ExtractAarTransform
Transforming localbroadcastmanager-1.0.0.aar (androidx.localbroadcastmanager:localbroadcastmanager:1.0.0) with AarTransform
Transforming print-1.0.0.aar (androidx.print:print:1.0.0) with ExtractAarTransform
Transforming print-1.0.0.aar (androidx.print:print:1.0.0) with AarTransform
Transforming material-1.12.0.aar (com.google.android.material:material:1.12.0) with ExtractAarTransform
Transforming material-1.12.0.aar (com.google.android.material:material:1.12.0) with AarTransform
Transforming constraintlayout-2.2.0.aar (androidx.constraintlayout:constraintlayout:2.2.0) with ExtractAarTransform
Transforming constraintlayout-2.2.0.aar (androidx.constraintlayout:constraintlayout:2.2.0) with AarTransform
Transforming biometric-1.1.0.aar (androidx.biometric:biometric:1.1.0) with ExtractAarTransform
Transforming biometric-1.1.0.aar (androidx.biometric:biometric:1.1.0) with AarTransform
Transforming appcompat-resources-1.7.0.aar (androidx.appcompat:appcompat-resources:1.7.0) with ExtractAarTransform
Transforming appcompat-resources-1.7.0.aar (androidx.appcompat:appcompat-resources:1.7.0) with AarTransform
Transforming appcompat-1.7.0.aar (androidx.appcompat:appcompat:1.7.0) with ExtractAarTransform
Transforming appcompat-1.7.0.aar (androidx.appcompat:appcompat:1.7.0) with AarTransform
Transforming recyclerview-1.3.1.aar (androidx.recyclerview:recyclerview:1.3.1) with ExtractAarTransform
Transforming recyclerview-1.3.1.aar (androidx.recyclerview:recyclerview:1.3.1) with AarTransform
Transforming viewpager2-1.1.0.aar (androidx.viewpager2:viewpager2:1.1.0) with ExtractAarTransform
Transforming viewpager2-1.1.0.aar (androidx.viewpager2:viewpager2:1.1.0) with AarTransform
Transforming fragment-ktx-1.8.5.aar (androidx.fragment:fragment-ktx:1.8.5) with ExtractAarTransform
Transforming fragment-ktx-1.8.5.aar (androidx.fragment:fragment-ktx:1.8.5) with AarTransform
Transforming fragment-1.8.5.aar (androidx.fragment:fragment:1.8.5) with ExtractAarTransform
Transforming fragment-1.8.5.aar (androidx.fragment:fragment:1.8.5) with AarTransform
Transforming activity-ktx-1.9.3.aar (androidx.activity:activity-ktx:1.9.3) with ExtractAarTransform
Transforming activity-ktx-1.9.3.aar (androidx.activity:activity-ktx:1.9.3) with AarTransform
Transforming activity-1.9.3.aar (androidx.activity:activity:1.9.3) with ExtractAarTransform
Transforming activity-1.9.3.aar (androidx.activity:activity:1.9.3) with AarTransform
Transforming emoji2-views-helper-1.3.0.aar (androidx.emoji2:emoji2-views-helper:1.3.0) with ExtractAarTransform
Transforming emoji2-views-helper-1.3.0.aar (androidx.emoji2:emoji2-views-helper:1.3.0) with AarTransform
Transforming emoji2-1.3.0.aar (androidx.emoji2:emoji2:1.3.0) with ExtractAarTransform
Transforming emoji2-1.3.0.aar (androidx.emoji2:emoji2:1.3.0) with AarTransform
Transforming customview-poolingcontainer-1.0.0.aar (androidx.customview:customview-poolingcontainer:1.0.0) with ExtractAarTransform
Transforming customview-poolingcontainer-1.0.0.aar (androidx.customview:customview-poolingcontainer:1.0.0) with AarTransform
Transforming core-ktx-1.13.0.aar (androidx.core:core-ktx:1.13.0) with ExtractAarTransform
Transforming core-ktx-1.13.0.aar (androidx.core:core-ktx:1.13.0) with AarTransform
Transforming drawerlayout-1.1.1.aar (androidx.drawerlayout:drawerlayout:1.1.1) with ExtractAarTransform
Transforming drawerlayout-1.1.1.aar (androidx.drawerlayout:drawerlayout:1.1.1) with AarTransform
Transforming coordinatorlayout-1.1.0.aar (androidx.coordinatorlayout:coordinatorlayout:1.1.0) with ExtractAarTransform
Transforming coordinatorlayout-1.1.0.aar (androidx.coordinatorlayout:coordinatorlayout:1.1.0) with AarTransform
Transforming transition-1.5.0.aar (androidx.transition:transition:1.5.0) with ExtractAarTransform
Transforming transition-1.5.0.aar (androidx.transition:transition:1.5.0) with AarTransform
Transforming dynamicanimation-1.0.0.aar (androidx.dynamicanimation:dynamicanimation:1.0.0) with ExtractAarTransform
Transforming dynamicanimation-1.0.0.aar (androidx.dynamicanimation:dynamicanimation:1.0.0) with AarTransform
Transforming vectordrawable-animated-1.1.0.aar (androidx.vectordrawable:vectordrawable-animated:1.1.0) with ExtractAarTransform
Transforming vectordrawable-animated-1.1.0.aar (androidx.vectordrawable:vectordrawable-animated:1.1.0) with AarTransform
Transforming vectordrawable-1.1.0.aar (androidx.vectordrawable:vectordrawable:1.1.0) with ExtractAarTransform
Transforming vectordrawable-1.1.0.aar (androidx.vectordrawable:vectordrawable:1.1.0) with AarTransform
Transforming vectordrawable-1.1.0.aar (androidx.vectordrawable:vectordrawable:1.1.0) with ExtractAarTransform
Transforming vectordrawable-1.1.0.aar (androidx.vectordrawable:vectordrawable:1.1.0) with AarTransform
Transforming viewpager-1.0.0.aar (androidx.viewpager:viewpager:1.0.0) with ExtractAarTransform
Transforming viewpager-1.0.0.aar (androidx.viewpager:viewpager:1.0.0) with AarTransform
Transforming customview-1.1.0.aar (androidx.customview:customview:1.1.0) with ExtractAarTransform
Transforming customview-1.1.0.aar (androidx.customview:customview:1.1.0) with AarTransform
Transforming customview-1.1.0.aar (androidx.customview:customview:1.1.0) with ExtractAarTransform
Transforming customview-1.1.0.aar (androidx.customview:customview:1.1.0) with AarTransform
Transforming customview-1.1.0.aar (androidx.customview:customview:1.1.0) with ExtractAarTransform
Transforming customview-1.1.0.aar (androidx.customview:customview:1.1.0) with AarTransform
Transforming customview-1.1.0.aar (androidx.customview:customview:1.1.0) with ExtractAarTransform
Transforming customview-1.1.0.aar (androidx.customview:customview:1.1.0) with AarTransform
Transforming legacy-support-core-utils-1.0.0.aar (androidx.legacy:legacy-support-core-utils:1.0.0) with ExtractAarTransform
Transforming legacy-support-core-utils-1.0.0.aar (androidx.legacy:legacy-support-core-utils:1.0.0) with AarTransform
Transforming loader-1.0.0.aar (androidx.loader:loader:1.0.0) with ExtractAarTransform
Transforming loader-1.0.0.aar (androidx.loader:loader:1.0.0) with AarTransform
Transforming loader-1.0.0.aar (androidx.loader:loader:1.0.0) with ExtractAarTransform
Transforming loader-1.0.0.aar (androidx.loader:loader:1.0.0) with AarTransform
Transforming core-1.13.0.aar (androidx.core:core:1.13.0) with ExtractAarTransform
Transforming core-1.13.0.aar (androidx.core:core:1.13.0) with AarTransform
Transforming core-1.13.0.aar (androidx.core:core:1.13.0) with ExtractAarTransform
Transforming core-1.13.0.aar (androidx.core:core:1.13.0) with AarTransform
Transforming core-1.13.0.aar (androidx.core:core:1.13.0) with ExtractAarTransform
Transforming core-1.13.0.aar (androidx.core:core:1.13.0) with AarTransform
Transforming core-1.13.0.aar (androidx.core:core:1.13.0) with ExtractAarTransform
Transforming core-1.13.0.aar (androidx.core:core:1.13.0) with AarTransform
Transforming core-1.13.0.aar (androidx.core:core:1.13.0) with ExtractAarTransform
Transforming core-1.13.0.aar (androidx.core:core:1.13.0) with AarTransform
Transforming core-1.13.0.aar (androidx.core:core:1.13.0) with ExtractAarTransform
Transforming core-1.13.0.aar (androidx.core:core:1.13.0) with AarTransform
Transforming core-1.13.0.aar (androidx.core:core:1.13.0) with ExtractAarTransform
Transforming core-1.13.0.aar (androidx.core:core:1.13.0) with AarTransform
Transforming core-1.13.0.aar (androidx.core:core:1.13.0) with ExtractAarTransform
Transforming core-1.13.0.aar (androidx.core:core:1.13.0) with AarTransform
Transforming core-1.13.0.aar (androidx.core:core:1.13.0) with ExtractAarTransform
Transforming core-1.13.0.aar (androidx.core:core:1.13.0) with AarTransform
Transforming savedstate-ktx-1.2.1.aar (androidx.savedstate:savedstate-ktx:1.2.1) with ExtractAarTransform
Transforming savedstate-ktx-1.2.1.aar (androidx.savedstate:savedstate-ktx:1.2.1) with AarTransform
Transforming savedstate-1.2.1.aar (androidx.savedstate:savedstate:1.2.1) with ExtractAarTransform
Transforming savedstate-1.2.1.aar (androidx.savedstate:savedstate:1.2.1) with AarTransform
Transforming lifecycle-runtime-release.aar (androidx.lifecycle:lifecycle-runtime-android:2.8.7) with ExtractAarTransform
Transforming lifecycle-runtime-release.aar (androidx.lifecycle:lifecycle-runtime-android:2.8.7) with AarTransform
Transforming lifecycle-viewmodel-2.8.7.aar (androidx.lifecycle:lifecycle-viewmodel:2.8.7) with ExtractAarTransform
Transforming lifecycle-viewmodel-2.8.7.aar (androidx.lifecycle:lifecycle-viewmodel:2.8.7) with AarTransform
Transforming lifecycle-viewmodel-release.aar (androidx.lifecycle:lifecycle-viewmodel-android:2.8.7) with ExtractAarTransform
Transforming lifecycle-viewmodel-release.aar (androidx.lifecycle:lifecycle-viewmodel-android:2.8.7) with AarTransform
Transforming lifecycle-process-2.8.7.aar (androidx.lifecycle:lifecycle-process:2.8.7) with ExtractAarTransform
Transforming lifecycle-process-2.8.7.aar (androidx.lifecycle:lifecycle-process:2.8.7) with AarTransform
Transforming lifecycle-livedata-core-2.8.7.aar (androidx.lifecycle:lifecycle-livedata-core:2.8.7) with ExtractAarTransform
Transforming lifecycle-livedata-core-2.8.7.aar (androidx.lifecycle:lifecycle-livedata-core:2.8.7) with AarTransform
Transforming lifecycle-runtime-ktx-release.aar (androidx.lifecycle:lifecycle-runtime-ktx-android:2.8.7) with ExtractAarTransform
Transforming lifecycle-runtime-ktx-release.aar (androidx.lifecycle:lifecycle-runtime-ktx-android:2.8.7) with AarTransform
Transforming lifecycle-livedata-core-ktx-2.8.7.aar (androidx.lifecycle:lifecycle-livedata-core-ktx:2.8.7) with ExtractAarTransform
Transforming lifecycle-livedata-core-ktx-2.8.7.aar (androidx.lifecycle:lifecycle-livedata-core-ktx:2.8.7) with AarTransform
Transforming lifecycle-livedata-2.8.7.aar (androidx.lifecycle:lifecycle-livedata:2.8.7) with ExtractAarTransform
Transforming lifecycle-livedata-2.8.7.aar (androidx.lifecycle:lifecycle-livedata:2.8.7) with AarTransform
Transforming lifecycle-livedata-2.8.7.aar (androidx.lifecycle:lifecycle-livedata:2.8.7) with ExtractAarTransform
Transforming lifecycle-livedata-2.8.7.aar (androidx.lifecycle:lifecycle-livedata:2.8.7) with AarTransform
Transforming lifecycle-viewmodel-savedstate-2.8.7.aar (androidx.lifecycle:lifecycle-viewmodel-savedstate:2.8.7) with ExtractAarTransform
Transforming lifecycle-viewmodel-savedstate-2.8.7.aar (androidx.lifecycle:lifecycle-viewmodel-savedstate:2.8.7) with AarTransform
Transforming lifecycle-livedata-ktx-2.8.7.aar (androidx.lifecycle:lifecycle-livedata-ktx:2.8.7) with ExtractAarTransform
Transforming lifecycle-livedata-ktx-2.8.7.aar (androidx.lifecycle:lifecycle-livedata-ktx:2.8.7) with AarTransform
Transforming lifecycle-viewmodel-ktx-2.8.7.aar (androidx.lifecycle:lifecycle-viewmodel-ktx:2.8.7) with ExtractAarTransform
Transforming lifecycle-viewmodel-ktx-2.8.7.aar (androidx.lifecycle:lifecycle-viewmodel-ktx:2.8.7) with AarTransform
Transforming annotation-experimental-1.4.0.aar (androidx.annotation:annotation-experimental:1.4.0) with ExtractAarTransform
Transforming annotation-experimental-1.4.0.aar (androidx.annotation:annotation-experimental:1.4.0) with AarTransform
Transforming MPAndroidChart-v3.1.0.aar (com.github.PhilJay:MPAndroidChart:v3.1.0) with ExtractAarTransform
Transforming MPAndroidChart-v3.1.0.aar (com.github.PhilJay:MPAndroidChart:v3.1.0) with AarTransform
Transforming cursoradapter-1.0.0.aar (androidx.cursoradapter:cursoradapter:1.0.0) with ExtractAarTransform
Transforming cursoradapter-1.0.0.aar (androidx.cursoradapter:cursoradapter:1.0.0) with AarTransform
Transforming cardview-1.0.0.aar (androidx.cardview:cardview:1.0.0) with ExtractAarTransform
Transforming cardview-1.0.0.aar (androidx.cardview:cardview:1.0.0) with AarTransform
Transforming profileinstaller-1.4.0.aar (androidx.profileinstaller:profileinstaller:1.4.0) with ExtractAarTransform
Transforming profileinstaller-1.4.0.aar (androidx.profileinstaller:profileinstaller:1.4.0) with AarTransform
Transforming startup-runtime-1.1.1.aar (androidx.startup:startup-runtime:1.1.1) with ExtractAarTransform
Transforming startup-runtime-1.1.1.aar (androidx.startup:startup-runtime:1.1.1) with AarTransform
Transforming tracing-1.0.0.aar (androidx.tracing:tracing:1.0.0) with ExtractAarTransform
Transforming tracing-1.0.0.aar (androidx.tracing:tracing:1.0.0) with AarTransform
Transforming versionedparcelable-1.1.1.aar (androidx.versionedparcelable:versionedparcelable:1.1.1) with ExtractAarTransform
Transforming versionedparcelable-1.1.1.aar (androidx.versionedparcelable:versionedparcelable:1.1.1) with AarTransform
Transforming interpolator-1.0.0.aar (androidx.interpolator:interpolator:1.0.0) with ExtractAarTransform
Transforming interpolator-1.0.0.aar (androidx.interpolator:interpolator:1.0.0) with AarTransform
Transforming interpolator-1.0.0.aar (androidx.interpolator:interpolator:1.0.0) with ExtractAarTransform
Transforming interpolator-1.0.0.aar (androidx.interpolator:interpolator:1.0.0) with AarTransform
Transforming core-runtime-2.2.0.aar (androidx.arch.core:core-runtime:2.2.0) with ExtractAarTransform
Transforming core-runtime-2.2.0.aar (androidx.arch.core:core-runtime:2.2.0) with AarTransform
Transforming documentfile-1.0.0.aar (androidx.documentfile:documentfile:1.0.0) with ExtractAarTransform
Transforming documentfile-1.0.0.aar (androidx.documentfile:documentfile:1.0.0) with AarTransform
Transforming localbroadcastmanager-1.0.0.aar (androidx.localbroadcastmanager:localbroadcastmanager:1.0.0) with ExtractAarTransform
Transforming localbroadcastmanager-1.0.0.aar (androidx.localbroadcastmanager:localbroadcastmanager:1.0.0) with AarTransform
Transforming print-1.0.0.aar (androidx.print:print:1.0.0) with ExtractAarTransform
Transforming print-1.0.0.aar (androidx.print:print:1.0.0) with AarTransform
Build cache key for task ':app:processDebugMainManifest' is 984282897ab01e5083ea06601343eade
Skipping task ':app:processDebugMainManifest' as it is up-to-date.
Resolve mutations for :app:processDebugManifest (Thread[included builds,5,main]) started.
:app:processDebugManifest (Thread[Execution worker Thread 10,5,main]) started.

> Task :app:processDebugManifest UP-TO-DATE
Build cache key for task ':app:processDebugManifest' is 343521adc016fc517e3476990d670925
Skipping task ':app:processDebugManifest' as it is up-to-date.
Resolve mutations for :app:processDebugManifestForPackage (Thread[Execution worker Thread 10,5,main]) started.
:app:processDebugManifestForPackage (Thread[Execution worker Thread 10,5,main]) started.

> Task :app:processDebugManifestForPackage UP-TO-DATE
Custom actions are attached to task ':app:processDebugManifestForPackage'.
Build cache key for task ':app:processDebugManifestForPackage' is 98c4dce31145e4b464d83bbd73d67e3c
Skipping task ':app:processDebugManifestForPackage' as it is up-to-date.
Resolve mutations for :app:processDebugResources (Thread[Execution worker Thread 10,5,main]) started.
:app:processDebugResources (Thread[included builds,5,main]) started.

> Task :app:processDebugResources UP-TO-DATE
Transforming aapt2-8.7.3-12006047-windows.jar (com.android.tools.build:aapt2:8.7.3-12006047) with Aapt2Extractor
Transforming material-1.12.0.aar (com.google.android.material:material:1.12.0) with ExtractAarTransform
Transforming material-1.12.0.aar (com.google.android.material:material:1.12.0) with AarResourcesCompilerTransform
Transforming constraintlayout-2.2.0.aar (androidx.constraintlayout:constraintlayout:2.2.0) with ExtractAarTransform
Transforming constraintlayout-2.2.0.aar (androidx.constraintlayout:constraintlayout:2.2.0) with AarResourcesCompilerTransform
Transforming biometric-1.1.0.aar (androidx.biometric:biometric:1.1.0) with ExtractAarTransform
Transforming biometric-1.1.0.aar (androidx.biometric:biometric:1.1.0) with AarResourcesCompilerTransform
Transforming appcompat-resources-1.7.0.aar (androidx.appcompat:appcompat-resources:1.7.0) with ExtractAarTransform
Transforming appcompat-resources-1.7.0.aar (androidx.appcompat:appcompat-resources:1.7.0) with AarResourcesCompilerTransform
Transforming appcompat-1.7.0.aar (androidx.appcompat:appcompat:1.7.0) with ExtractAarTransform
Transforming appcompat-1.7.0.aar (androidx.appcompat:appcompat:1.7.0) with AarResourcesCompilerTransform
Transforming recyclerview-1.3.1.aar (androidx.recyclerview:recyclerview:1.3.1) with ExtractAarTransform
Transforming recyclerview-1.3.1.aar (androidx.recyclerview:recyclerview:1.3.1) with AarResourcesCompilerTransform
Transforming viewpager2-1.1.0.aar (androidx.viewpager2:viewpager2:1.1.0) with ExtractAarTransform
Transforming viewpager2-1.1.0.aar (androidx.viewpager2:viewpager2:1.1.0) with AarResourcesCompilerTransform
Transforming fragment-ktx-1.8.5.aar (androidx.fragment:fragment-ktx:1.8.5) with ExtractAarTransform
Transforming fragment-ktx-1.8.5.aar (androidx.fragment:fragment-ktx:1.8.5) with AarResourcesCompilerTransform
Transforming fragment-1.8.5.aar (androidx.fragment:fragment:1.8.5) with ExtractAarTransform
Transforming fragment-1.8.5.aar (androidx.fragment:fragment:1.8.5) with AarResourcesCompilerTransform
Transforming activity-ktx-1.9.3.aar (androidx.activity:activity-ktx:1.9.3) with ExtractAarTransform
Transforming activity-ktx-1.9.3.aar (androidx.activity:activity-ktx:1.9.3) with AarResourcesCompilerTransform
Transforming activity-1.9.3.aar (androidx.activity:activity:1.9.3) with ExtractAarTransform
Transforming activity-1.9.3.aar (androidx.activity:activity:1.9.3) with AarResourcesCompilerTransform
Transforming emoji2-views-helper-1.3.0.aar (androidx.emoji2:emoji2-views-helper:1.3.0) with ExtractAarTransform
Transforming emoji2-views-helper-1.3.0.aar (androidx.emoji2:emoji2-views-helper:1.3.0) with AarResourcesCompilerTransform
Transforming emoji2-1.3.0.aar (androidx.emoji2:emoji2:1.3.0) with ExtractAarTransform
Transforming emoji2-1.3.0.aar (androidx.emoji2:emoji2:1.3.0) with AarResourcesCompilerTransform
Transforming customview-poolingcontainer-1.0.0.aar (androidx.customview:customview-poolingcontainer:1.0.0) with ExtractAarTransform
Transforming customview-poolingcontainer-1.0.0.aar (androidx.customview:customview-poolingcontainer:1.0.0) with AarResourcesCompilerTransform
Transforming core-ktx-1.13.0.aar (androidx.core:core-ktx:1.13.0) with ExtractAarTransform
Transforming core-ktx-1.13.0.aar (androidx.core:core-ktx:1.13.0) with AarResourcesCompilerTransform
Transforming drawerlayout-1.1.1.aar (androidx.drawerlayout:drawerlayout:1.1.1) with ExtractAarTransform
Transforming drawerlayout-1.1.1.aar (androidx.drawerlayout:drawerlayout:1.1.1) with AarResourcesCompilerTransform
Transforming coordinatorlayout-1.1.0.aar (androidx.coordinatorlayout:coordinatorlayout:1.1.0) with ExtractAarTransform
Transforming coordinatorlayout-1.1.0.aar (androidx.coordinatorlayout:coordinatorlayout:1.1.0) with AarResourcesCompilerTransform
Transforming transition-1.5.0.aar (androidx.transition:transition:1.5.0) with ExtractAarTransform
Transforming transition-1.5.0.aar (androidx.transition:transition:1.5.0) with AarResourcesCompilerTransform
Transforming dynamicanimation-1.0.0.aar (androidx.dynamicanimation:dynamicanimation:1.0.0) with ExtractAarTransform
Transforming dynamicanimation-1.0.0.aar (androidx.dynamicanimation:dynamicanimation:1.0.0) with AarResourcesCompilerTransform
Transforming vectordrawable-animated-1.1.0.aar (androidx.vectordrawable:vectordrawable-animated:1.1.0) with ExtractAarTransform
Transforming vectordrawable-animated-1.1.0.aar (androidx.vectordrawable:vectordrawable-animated:1.1.0) with AarResourcesCompilerTransform
Transforming vectordrawable-1.1.0.aar (androidx.vectordrawable:vectordrawable:1.1.0) with ExtractAarTransform
Transforming vectordrawable-1.1.0.aar (androidx.vectordrawable:vectordrawable:1.1.0) with AarResourcesCompilerTransform
Transforming vectordrawable-1.1.0.aar (androidx.vectordrawable:vectordrawable:1.1.0) with ExtractAarTransform
Transforming vectordrawable-1.1.0.aar (androidx.vectordrawable:vectordrawable:1.1.0) with AarResourcesCompilerTransform
Transforming viewpager-1.0.0.aar (androidx.viewpager:viewpager:1.0.0) with ExtractAarTransform
Transforming viewpager-1.0.0.aar (androidx.viewpager:viewpager:1.0.0) with AarResourcesCompilerTransform
Transforming customview-1.1.0.aar (androidx.customview:customview:1.1.0) with ExtractAarTransform
Transforming customview-1.1.0.aar (androidx.customview:customview:1.1.0) with AarResourcesCompilerTransform
Transforming customview-1.1.0.aar (androidx.customview:customview:1.1.0) with ExtractAarTransform
Transforming customview-1.1.0.aar (androidx.customview:customview:1.1.0) with AarResourcesCompilerTransform
Transforming customview-1.1.0.aar (androidx.customview:customview:1.1.0) with ExtractAarTransform
Transforming customview-1.1.0.aar (androidx.customview:customview:1.1.0) with AarResourcesCompilerTransform
Transforming customview-1.1.0.aar (androidx.customview:customview:1.1.0) with ExtractAarTransform
Transforming customview-1.1.0.aar (androidx.customview:customview:1.1.0) with AarResourcesCompilerTransform
Transforming legacy-support-core-utils-1.0.0.aar (androidx.legacy:legacy-support-core-utils:1.0.0) with ExtractAarTransform
Transforming legacy-support-core-utils-1.0.0.aar (androidx.legacy:legacy-support-core-utils:1.0.0) with AarResourcesCompilerTransform
Transforming loader-1.0.0.aar (androidx.loader:loader:1.0.0) with ExtractAarTransform
Transforming loader-1.0.0.aar (androidx.loader:loader:1.0.0) with AarResourcesCompilerTransform
Transforming loader-1.0.0.aar (androidx.loader:loader:1.0.0) with ExtractAarTransform
Transforming loader-1.0.0.aar (androidx.loader:loader:1.0.0) with AarResourcesCompilerTransform
Transforming core-1.13.0.aar (androidx.core:core:1.13.0) with ExtractAarTransform
Transforming core-1.13.0.aar (androidx.core:core:1.13.0) with AarResourcesCompilerTransform
Transforming core-1.13.0.aar (androidx.core:core:1.13.0) with ExtractAarTransform
Transforming core-1.13.0.aar (androidx.core:core:1.13.0) with AarResourcesCompilerTransform
Transforming core-1.13.0.aar (androidx.core:core:1.13.0) with ExtractAarTransform
Transforming core-1.13.0.aar (androidx.core:core:1.13.0) with AarResourcesCompilerTransform
Transforming core-1.13.0.aar (androidx.core:core:1.13.0) with ExtractAarTransform
Transforming core-1.13.0.aar (androidx.core:core:1.13.0) with AarResourcesCompilerTransform
Transforming core-1.13.0.aar (androidx.core:core:1.13.0) with ExtractAarTransform
Transforming core-1.13.0.aar (androidx.core:core:1.13.0) with AarResourcesCompilerTransform
Transforming core-1.13.0.aar (androidx.core:core:1.13.0) with ExtractAarTransform
Transforming core-1.13.0.aar (androidx.core:core:1.13.0) with AarResourcesCompilerTransform
Transforming core-1.13.0.aar (androidx.core:core:1.13.0) with ExtractAarTransform
Transforming core-1.13.0.aar (androidx.core:core:1.13.0) with AarResourcesCompilerTransform
Transforming core-1.13.0.aar (androidx.core:core:1.13.0) with ExtractAarTransform
Transforming core-1.13.0.aar (androidx.core:core:1.13.0) with AarResourcesCompilerTransform
Transforming core-1.13.0.aar (androidx.core:core:1.13.0) with ExtractAarTransform
Transforming core-1.13.0.aar (androidx.core:core:1.13.0) with AarResourcesCompilerTransform
Transforming savedstate-ktx-1.2.1.aar (androidx.savedstate:savedstate-ktx:1.2.1) with ExtractAarTransform
Transforming savedstate-ktx-1.2.1.aar (androidx.savedstate:savedstate-ktx:1.2.1) with AarResourcesCompilerTransform
Transforming savedstate-1.2.1.aar (androidx.savedstate:savedstate:1.2.1) with ExtractAarTransform
Transforming savedstate-1.2.1.aar (androidx.savedstate:savedstate:1.2.1) with AarResourcesCompilerTransform
Transforming lifecycle-runtime-release.aar (androidx.lifecycle:lifecycle-runtime-android:2.8.7) with ExtractAarTransform
Transforming lifecycle-runtime-release.aar (androidx.lifecycle:lifecycle-runtime-android:2.8.7) with AarResourcesCompilerTransform
Transforming lifecycle-viewmodel-2.8.7.aar (androidx.lifecycle:lifecycle-viewmodel:2.8.7) with ExtractAarTransform
Transforming lifecycle-viewmodel-2.8.7.aar (androidx.lifecycle:lifecycle-viewmodel:2.8.7) with AarResourcesCompilerTransform
Transforming lifecycle-viewmodel-release.aar (androidx.lifecycle:lifecycle-viewmodel-android:2.8.7) with ExtractAarTransform
Transforming lifecycle-viewmodel-release.aar (androidx.lifecycle:lifecycle-viewmodel-android:2.8.7) with AarResourcesCompilerTransform
Transforming lifecycle-process-2.8.7.aar (androidx.lifecycle:lifecycle-process:2.8.7) with ExtractAarTransform
Transforming lifecycle-process-2.8.7.aar (androidx.lifecycle:lifecycle-process:2.8.7) with AarResourcesCompilerTransform
Transforming lifecycle-livedata-core-2.8.7.aar (androidx.lifecycle:lifecycle-livedata-core:2.8.7) with ExtractAarTransform
Transforming lifecycle-livedata-core-2.8.7.aar (androidx.lifecycle:lifecycle-livedata-core:2.8.7) with AarResourcesCompilerTransform
Transforming lifecycle-runtime-ktx-release.aar (androidx.lifecycle:lifecycle-runtime-ktx-android:2.8.7) with ExtractAarTransform
Transforming lifecycle-runtime-ktx-release.aar (androidx.lifecycle:lifecycle-runtime-ktx-android:2.8.7) with AarResourcesCompilerTransform
Transforming lifecycle-livedata-core-ktx-2.8.7.aar (androidx.lifecycle:lifecycle-livedata-core-ktx:2.8.7) with ExtractAarTransform
Transforming lifecycle-livedata-core-ktx-2.8.7.aar (androidx.lifecycle:lifecycle-livedata-core-ktx:2.8.7) with AarResourcesCompilerTransform
Transforming lifecycle-livedata-2.8.7.aar (androidx.lifecycle:lifecycle-livedata:2.8.7) with ExtractAarTransform
Transforming lifecycle-livedata-2.8.7.aar (androidx.lifecycle:lifecycle-livedata:2.8.7) with AarResourcesCompilerTransform
Transforming lifecycle-livedata-2.8.7.aar (androidx.lifecycle:lifecycle-livedata:2.8.7) with ExtractAarTransform
Transforming lifecycle-livedata-2.8.7.aar (androidx.lifecycle:lifecycle-livedata:2.8.7) with AarResourcesCompilerTransform
Transforming lifecycle-viewmodel-savedstate-2.8.7.aar (androidx.lifecycle:lifecycle-viewmodel-savedstate:2.8.7) with ExtractAarTransform
Transforming lifecycle-viewmodel-savedstate-2.8.7.aar (androidx.lifecycle:lifecycle-viewmodel-savedstate:2.8.7) with AarResourcesCompilerTransform
Transforming lifecycle-livedata-ktx-2.8.7.aar (androidx.lifecycle:lifecycle-livedata-ktx:2.8.7) with ExtractAarTransform
Transforming lifecycle-livedata-ktx-2.8.7.aar (androidx.lifecycle:lifecycle-livedata-ktx:2.8.7) with AarResourcesCompilerTransform
Transforming lifecycle-viewmodel-ktx-2.8.7.aar (androidx.lifecycle:lifecycle-viewmodel-ktx:2.8.7) with ExtractAarTransform
Transforming lifecycle-viewmodel-ktx-2.8.7.aar (androidx.lifecycle:lifecycle-viewmodel-ktx:2.8.7) with AarResourcesCompilerTransform
Transforming annotation-experimental-1.4.0.aar (androidx.annotation:annotation-experimental:1.4.0) with ExtractAarTransform
Transforming annotation-experimental-1.4.0.aar (androidx.annotation:annotation-experimental:1.4.0) with AarResourcesCompilerTransform
Transforming MPAndroidChart-v3.1.0.aar (com.github.PhilJay:MPAndroidChart:v3.1.0) with ExtractAarTransform
Transforming MPAndroidChart-v3.1.0.aar (com.github.PhilJay:MPAndroidChart:v3.1.0) with AarResourcesCompilerTransform
Transforming cursoradapter-1.0.0.aar (androidx.cursoradapter:cursoradapter:1.0.0) with ExtractAarTransform
Transforming cursoradapter-1.0.0.aar (androidx.cursoradapter:cursoradapter:1.0.0) with AarResourcesCompilerTransform
Transforming cardview-1.0.0.aar (androidx.cardview:cardview:1.0.0) with ExtractAarTransform
Transforming cardview-1.0.0.aar (androidx.cardview:cardview:1.0.0) with AarResourcesCompilerTransform
Transforming profileinstaller-1.4.0.aar (androidx.profileinstaller:profileinstaller:1.4.0) with ExtractAarTransform
Transforming profileinstaller-1.4.0.aar (androidx.profileinstaller:profileinstaller:1.4.0) with AarResourcesCompilerTransform
Transforming startup-runtime-1.1.1.aar (androidx.startup:startup-runtime:1.1.1) with ExtractAarTransform
Transforming startup-runtime-1.1.1.aar (androidx.startup:startup-runtime:1.1.1) with AarResourcesCompilerTransform
Transforming tracing-1.0.0.aar (androidx.tracing:tracing:1.0.0) with ExtractAarTransform
Transforming tracing-1.0.0.aar (androidx.tracing:tracing:1.0.0) with AarResourcesCompilerTransform
Transforming versionedparcelable-1.1.1.aar (androidx.versionedparcelable:versionedparcelable:1.1.1) with ExtractAarTransform
Transforming versionedparcelable-1.1.1.aar (androidx.versionedparcelable:versionedparcelable:1.1.1) with AarResourcesCompilerTransform
Transforming interpolator-1.0.0.aar (androidx.interpolator:interpolator:1.0.0) with ExtractAarTransform
Transforming interpolator-1.0.0.aar (androidx.interpolator:interpolator:1.0.0) with AarResourcesCompilerTransform
Transforming interpolator-1.0.0.aar (androidx.interpolator:interpolator:1.0.0) with ExtractAarTransform
Transforming interpolator-1.0.0.aar (androidx.interpolator:interpolator:1.0.0) with AarResourcesCompilerTransform
Transforming core-runtime-2.2.0.aar (androidx.arch.core:core-runtime:2.2.0) with ExtractAarTransform
Transforming core-runtime-2.2.0.aar (androidx.arch.core:core-runtime:2.2.0) with AarResourcesCompilerTransform
Transforming documentfile-1.0.0.aar (androidx.documentfile:documentfile:1.0.0) with ExtractAarTransform
Transforming documentfile-1.0.0.aar (androidx.documentfile:documentfile:1.0.0) with AarResourcesCompilerTransform
Transforming localbroadcastmanager-1.0.0.aar (androidx.localbroadcastmanager:localbroadcastmanager:1.0.0) with ExtractAarTransform
Transforming localbroadcastmanager-1.0.0.aar (androidx.localbroadcastmanager:localbroadcastmanager:1.0.0) with AarResourcesCompilerTransform
Transforming print-1.0.0.aar (androidx.print:print:1.0.0) with ExtractAarTransform
Transforming print-1.0.0.aar (androidx.print:print:1.0.0) with AarResourcesCompilerTransform
Transforming material-1.12.0.aar (com.google.android.material:material:1.12.0) with ExtractAarTransform
Transforming material-1.12.0.aar (com.google.android.material:material:1.12.0) with LibrarySymbolTableTransform
Transforming constraintlayout-2.2.0.aar (androidx.constraintlayout:constraintlayout:2.2.0) with ExtractAarTransform
Transforming constraintlayout-2.2.0.aar (androidx.constraintlayout:constraintlayout:2.2.0) with LibrarySymbolTableTransform
Transforming biometric-1.1.0.aar (androidx.biometric:biometric:1.1.0) with ExtractAarTransform
Transforming biometric-1.1.0.aar (androidx.biometric:biometric:1.1.0) with LibrarySymbolTableTransform
Transforming appcompat-resources-1.7.0.aar (androidx.appcompat:appcompat-resources:1.7.0) with ExtractAarTransform
Transforming appcompat-resources-1.7.0.aar (androidx.appcompat:appcompat-resources:1.7.0) with LibrarySymbolTableTransform
Transforming appcompat-1.7.0.aar (androidx.appcompat:appcompat:1.7.0) with ExtractAarTransform
Transforming appcompat-1.7.0.aar (androidx.appcompat:appcompat:1.7.0) with LibrarySymbolTableTransform
Transforming recyclerview-1.3.1.aar (androidx.recyclerview:recyclerview:1.3.1) with ExtractAarTransform
Transforming recyclerview-1.3.1.aar (androidx.recyclerview:recyclerview:1.3.1) with LibrarySymbolTableTransform
Transforming viewpager2-1.1.0.aar (androidx.viewpager2:viewpager2:1.1.0) with ExtractAarTransform
Transforming viewpager2-1.1.0.aar (androidx.viewpager2:viewpager2:1.1.0) with LibrarySymbolTableTransform
Transforming fragment-ktx-1.8.5.aar (androidx.fragment:fragment-ktx:1.8.5) with ExtractAarTransform
Transforming fragment-ktx-1.8.5.aar (androidx.fragment:fragment-ktx:1.8.5) with LibrarySymbolTableTransform
Transforming fragment-1.8.5.aar (androidx.fragment:fragment:1.8.5) with ExtractAarTransform
Transforming fragment-1.8.5.aar (androidx.fragment:fragment:1.8.5) with LibrarySymbolTableTransform
Transforming activity-ktx-1.9.3.aar (androidx.activity:activity-ktx:1.9.3) with ExtractAarTransform
Transforming activity-ktx-1.9.3.aar (androidx.activity:activity-ktx:1.9.3) with LibrarySymbolTableTransform
Transforming activity-1.9.3.aar (androidx.activity:activity:1.9.3) with ExtractAarTransform
Transforming activity-1.9.3.aar (androidx.activity:activity:1.9.3) with LibrarySymbolTableTransform
Transforming emoji2-views-helper-1.3.0.aar (androidx.emoji2:emoji2-views-helper:1.3.0) with ExtractAarTransform
Transforming emoji2-views-helper-1.3.0.aar (androidx.emoji2:emoji2-views-helper:1.3.0) with LibrarySymbolTableTransform
Transforming emoji2-1.3.0.aar (androidx.emoji2:emoji2:1.3.0) with ExtractAarTransform
Transforming emoji2-1.3.0.aar (androidx.emoji2:emoji2:1.3.0) with LibrarySymbolTableTransform
Transforming customview-poolingcontainer-1.0.0.aar (androidx.customview:customview-poolingcontainer:1.0.0) with ExtractAarTransform
Transforming customview-poolingcontainer-1.0.0.aar (androidx.customview:customview-poolingcontainer:1.0.0) with LibrarySymbolTableTransform
Transforming core-ktx-1.13.0.aar (androidx.core:core-ktx:1.13.0) with ExtractAarTransform
Transforming core-ktx-1.13.0.aar (androidx.core:core-ktx:1.13.0) with LibrarySymbolTableTransform
Transforming drawerlayout-1.1.1.aar (androidx.drawerlayout:drawerlayout:1.1.1) with ExtractAarTransform
Transforming drawerlayout-1.1.1.aar (androidx.drawerlayout:drawerlayout:1.1.1) with LibrarySymbolTableTransform
Transforming coordinatorlayout-1.1.0.aar (androidx.coordinatorlayout:coordinatorlayout:1.1.0) with ExtractAarTransform
Transforming coordinatorlayout-1.1.0.aar (androidx.coordinatorlayout:coordinatorlayout:1.1.0) with LibrarySymbolTableTransform
Transforming transition-1.5.0.aar (androidx.transition:transition:1.5.0) with ExtractAarTransform
Transforming transition-1.5.0.aar (androidx.transition:transition:1.5.0) with LibrarySymbolTableTransform
Transforming dynamicanimation-1.0.0.aar (androidx.dynamicanimation:dynamicanimation:1.0.0) with ExtractAarTransform
Transforming dynamicanimation-1.0.0.aar (androidx.dynamicanimation:dynamicanimation:1.0.0) with LibrarySymbolTableTransform
Transforming vectordrawable-animated-1.1.0.aar (androidx.vectordrawable:vectordrawable-animated:1.1.0) with ExtractAarTransform
Transforming vectordrawable-animated-1.1.0.aar (androidx.vectordrawable:vectordrawable-animated:1.1.0) with LibrarySymbolTableTransform
Transforming vectordrawable-1.1.0.aar (androidx.vectordrawable:vectordrawable:1.1.0) with ExtractAarTransform
Transforming vectordrawable-1.1.0.aar (androidx.vectordrawable:vectordrawable:1.1.0) with LibrarySymbolTableTransform
Transforming vectordrawable-1.1.0.aar (androidx.vectordrawable:vectordrawable:1.1.0) with ExtractAarTransform
Transforming vectordrawable-1.1.0.aar (androidx.vectordrawable:vectordrawable:1.1.0) with LibrarySymbolTableTransform
Transforming viewpager-1.0.0.aar (androidx.viewpager:viewpager:1.0.0) with ExtractAarTransform
Transforming viewpager-1.0.0.aar (androidx.viewpager:viewpager:1.0.0) with LibrarySymbolTableTransform
Transforming customview-1.1.0.aar (androidx.customview:customview:1.1.0) with ExtractAarTransform
Transforming customview-1.1.0.aar (androidx.customview:customview:1.1.0) with LibrarySymbolTableTransform
Transforming customview-1.1.0.aar (androidx.customview:customview:1.1.0) with ExtractAarTransform
Transforming customview-1.1.0.aar (androidx.customview:customview:1.1.0) with LibrarySymbolTableTransform
Transforming customview-1.1.0.aar (androidx.customview:customview:1.1.0) with ExtractAarTransform
Transforming customview-1.1.0.aar (androidx.customview:customview:1.1.0) with LibrarySymbolTableTransform
Transforming customview-1.1.0.aar (androidx.customview:customview:1.1.0) with ExtractAarTransform
Transforming customview-1.1.0.aar (androidx.customview:customview:1.1.0) with LibrarySymbolTableTransform
Transforming legacy-support-core-utils-1.0.0.aar (androidx.legacy:legacy-support-core-utils:1.0.0) with ExtractAarTransform
Transforming legacy-support-core-utils-1.0.0.aar (androidx.legacy:legacy-support-core-utils:1.0.0) with LibrarySymbolTableTransform
Transforming loader-1.0.0.aar (androidx.loader:loader:1.0.0) with ExtractAarTransform
Transforming loader-1.0.0.aar (androidx.loader:loader:1.0.0) with LibrarySymbolTableTransform
Transforming loader-1.0.0.aar (androidx.loader:loader:1.0.0) with ExtractAarTransform
Transforming loader-1.0.0.aar (androidx.loader:loader:1.0.0) with LibrarySymbolTableTransform
Transforming core-1.13.0.aar (androidx.core:core:1.13.0) with ExtractAarTransform
Transforming core-1.13.0.aar (androidx.core:core:1.13.0) with LibrarySymbolTableTransform
Transforming core-1.13.0.aar (androidx.core:core:1.13.0) with ExtractAarTransform
Transforming core-1.13.0.aar (androidx.core:core:1.13.0) with LibrarySymbolTableTransform
Transforming core-1.13.0.aar (androidx.core:core:1.13.0) with ExtractAarTransform
Transforming core-1.13.0.aar (androidx.core:core:1.13.0) with LibrarySymbolTableTransform
Transforming core-1.13.0.aar (androidx.core:core:1.13.0) with ExtractAarTransform
Transforming core-1.13.0.aar (androidx.core:core:1.13.0) with LibrarySymbolTableTransform
Transforming core-1.13.0.aar (androidx.core:core:1.13.0) with ExtractAarTransform
Transforming core-1.13.0.aar (androidx.core:core:1.13.0) with LibrarySymbolTableTransform
Transforming core-1.13.0.aar (androidx.core:core:1.13.0) with ExtractAarTransform
Transforming core-1.13.0.aar (androidx.core:core:1.13.0) with LibrarySymbolTableTransform
Transforming core-1.13.0.aar (androidx.core:core:1.13.0) with ExtractAarTransform
Transforming core-1.13.0.aar (androidx.core:core:1.13.0) with LibrarySymbolTableTransform
Transforming core-1.13.0.aar (androidx.core:core:1.13.0) with ExtractAarTransform
Transforming core-1.13.0.aar (androidx.core:core:1.13.0) with LibrarySymbolTableTransform
Transforming core-1.13.0.aar (androidx.core:core:1.13.0) with ExtractAarTransform
Transforming core-1.13.0.aar (androidx.core:core:1.13.0) with LibrarySymbolTableTransform
Transforming savedstate-ktx-1.2.1.aar (androidx.savedstate:savedstate-ktx:1.2.1) with ExtractAarTransform
Transforming savedstate-ktx-1.2.1.aar (androidx.savedstate:savedstate-ktx:1.2.1) with LibrarySymbolTableTransform
Transforming savedstate-1.2.1.aar (androidx.savedstate:savedstate:1.2.1) with ExtractAarTransform
Transforming savedstate-1.2.1.aar (androidx.savedstate:savedstate:1.2.1) with LibrarySymbolTableTransform
Transforming lifecycle-runtime-release.aar (androidx.lifecycle:lifecycle-runtime-android:2.8.7) with ExtractAarTransform
Transforming lifecycle-runtime-release.aar (androidx.lifecycle:lifecycle-runtime-android:2.8.7) with LibrarySymbolTableTransform
Transforming lifecycle-viewmodel-2.8.7.aar (androidx.lifecycle:lifecycle-viewmodel:2.8.7) with ExtractAarTransform
Transforming lifecycle-viewmodel-2.8.7.aar (androidx.lifecycle:lifecycle-viewmodel:2.8.7) with LibrarySymbolTableTransform
Transforming lifecycle-viewmodel-release.aar (androidx.lifecycle:lifecycle-viewmodel-android:2.8.7) with ExtractAarTransform
Transforming lifecycle-viewmodel-release.aar (androidx.lifecycle:lifecycle-viewmodel-android:2.8.7) with LibrarySymbolTableTransform
Transforming lifecycle-process-2.8.7.aar (androidx.lifecycle:lifecycle-process:2.8.7) with ExtractAarTransform
Transforming lifecycle-process-2.8.7.aar (androidx.lifecycle:lifecycle-process:2.8.7) with LibrarySymbolTableTransform
Transforming lifecycle-livedata-core-2.8.7.aar (androidx.lifecycle:lifecycle-livedata-core:2.8.7) with ExtractAarTransform
Transforming lifecycle-livedata-core-2.8.7.aar (androidx.lifecycle:lifecycle-livedata-core:2.8.7) with LibrarySymbolTableTransform
Transforming lifecycle-runtime-ktx-release.aar (androidx.lifecycle:lifecycle-runtime-ktx-android:2.8.7) with ExtractAarTransform
Transforming lifecycle-runtime-ktx-release.aar (androidx.lifecycle:lifecycle-runtime-ktx-android:2.8.7) with LibrarySymbolTableTransform
Transforming lifecycle-livedata-core-ktx-2.8.7.aar (androidx.lifecycle:lifecycle-livedata-core-ktx:2.8.7) with ExtractAarTransform
Transforming lifecycle-livedata-core-ktx-2.8.7.aar (androidx.lifecycle:lifecycle-livedata-core-ktx:2.8.7) with LibrarySymbolTableTransform
Transforming lifecycle-livedata-2.8.7.aar (androidx.lifecycle:lifecycle-livedata:2.8.7) with ExtractAarTransform
Transforming lifecycle-livedata-2.8.7.aar (androidx.lifecycle:lifecycle-livedata:2.8.7) with LibrarySymbolTableTransform
Transforming lifecycle-livedata-2.8.7.aar (androidx.lifecycle:lifecycle-livedata:2.8.7) with ExtractAarTransform
Transforming lifecycle-livedata-2.8.7.aar (androidx.lifecycle:lifecycle-livedata:2.8.7) with LibrarySymbolTableTransform
Transforming lifecycle-viewmodel-savedstate-2.8.7.aar (androidx.lifecycle:lifecycle-viewmodel-savedstate:2.8.7) with ExtractAarTransform
Transforming lifecycle-viewmodel-savedstate-2.8.7.aar (androidx.lifecycle:lifecycle-viewmodel-savedstate:2.8.7) with LibrarySymbolTableTransform
Transforming lifecycle-livedata-ktx-2.8.7.aar (androidx.lifecycle:lifecycle-livedata-ktx:2.8.7) with ExtractAarTransform
Transforming lifecycle-livedata-ktx-2.8.7.aar (androidx.lifecycle:lifecycle-livedata-ktx:2.8.7) with LibrarySymbolTableTransform
Transforming lifecycle-viewmodel-ktx-2.8.7.aar (androidx.lifecycle:lifecycle-viewmodel-ktx:2.8.7) with ExtractAarTransform
Transforming lifecycle-viewmodel-ktx-2.8.7.aar (androidx.lifecycle:lifecycle-viewmodel-ktx:2.8.7) with LibrarySymbolTableTransform
Transforming annotation-experimental-1.4.0.aar (androidx.annotation:annotation-experimental:1.4.0) with ExtractAarTransform
Transforming annotation-experimental-1.4.0.aar (androidx.annotation:annotation-experimental:1.4.0) with LibrarySymbolTableTransform
Transforming MPAndroidChart-v3.1.0.aar (com.github.PhilJay:MPAndroidChart:v3.1.0) with ExtractAarTransform
Transforming MPAndroidChart-v3.1.0.aar (com.github.PhilJay:MPAndroidChart:v3.1.0) with LibrarySymbolTableTransform
Transforming cursoradapter-1.0.0.aar (androidx.cursoradapter:cursoradapter:1.0.0) with ExtractAarTransform
Transforming cursoradapter-1.0.0.aar (androidx.cursoradapter:cursoradapter:1.0.0) with LibrarySymbolTableTransform
Transforming cardview-1.0.0.aar (androidx.cardview:cardview:1.0.0) with ExtractAarTransform
Transforming cardview-1.0.0.aar (androidx.cardview:cardview:1.0.0) with LibrarySymbolTableTransform
Transforming profileinstaller-1.4.0.aar (androidx.profileinstaller:profileinstaller:1.4.0) with ExtractAarTransform
Transforming profileinstaller-1.4.0.aar (androidx.profileinstaller:profileinstaller:1.4.0) with LibrarySymbolTableTransform
Transforming startup-runtime-1.1.1.aar (androidx.startup:startup-runtime:1.1.1) with ExtractAarTransform
Transforming startup-runtime-1.1.1.aar (androidx.startup:startup-runtime:1.1.1) with LibrarySymbolTableTransform
Transforming tracing-1.0.0.aar (androidx.tracing:tracing:1.0.0) with ExtractAarTransform
Transforming tracing-1.0.0.aar (androidx.tracing:tracing:1.0.0) with LibrarySymbolTableTransform
Transforming versionedparcelable-1.1.1.aar (androidx.versionedparcelable:versionedparcelable:1.1.1) with ExtractAarTransform
Transforming versionedparcelable-1.1.1.aar (androidx.versionedparcelable:versionedparcelable:1.1.1) with LibrarySymbolTableTransform
Transforming interpolator-1.0.0.aar (androidx.interpolator:interpolator:1.0.0) with ExtractAarTransform
Transforming interpolator-1.0.0.aar (androidx.interpolator:interpolator:1.0.0) with LibrarySymbolTableTransform
Transforming interpolator-1.0.0.aar (androidx.interpolator:interpolator:1.0.0) with ExtractAarTransform
Transforming interpolator-1.0.0.aar (androidx.interpolator:interpolator:1.0.0) with LibrarySymbolTableTransform
Transforming core-runtime-2.2.0.aar (androidx.arch.core:core-runtime:2.2.0) with ExtractAarTransform
Transforming core-runtime-2.2.0.aar (androidx.arch.core:core-runtime:2.2.0) with LibrarySymbolTableTransform
Transforming documentfile-1.0.0.aar (androidx.documentfile:documentfile:1.0.0) with ExtractAarTransform
Transforming documentfile-1.0.0.aar (androidx.documentfile:documentfile:1.0.0) with LibrarySymbolTableTransform
Transforming localbroadcastmanager-1.0.0.aar (androidx.localbroadcastmanager:localbroadcastmanager:1.0.0) with ExtractAarTransform
Transforming localbroadcastmanager-1.0.0.aar (androidx.localbroadcastmanager:localbroadcastmanager:1.0.0) with LibrarySymbolTableTransform
Transforming print-1.0.0.aar (androidx.print:print:1.0.0) with ExtractAarTransform
Transforming print-1.0.0.aar (androidx.print:print:1.0.0) with LibrarySymbolTableTransform
Build cache key for task ':app:processDebugResources' is 40487a794c72413b3d85cb2a65d99ca1
Skipping task ':app:processDebugResources' as it is up-to-date.
Resolve mutations for :app:compileDebugKotlin (Thread[included builds,5,main]) started.
:app:compileDebugKotlin (Thread[included builds,5,main]) started.

> Task :app:compileDebugKotlin UP-TO-DATE
Transforming material-1.12.0.aar (com.google.android.material:material:1.12.0) with AarToClassTransform
Transforming appcompat-resources-1.7.0.aar (androidx.appcompat:appcompat-resources:1.7.0) with AarToClassTransform
Transforming appcompat-1.7.0.aar (androidx.appcompat:appcompat:1.7.0) with AarToClassTransform
Transforming viewpager2-1.1.0.aar (androidx.viewpager2:viewpager2:1.1.0) with AarToClassTransform
Transforming fragment-ktx-1.8.5.aar (androidx.fragment:fragment-ktx:1.8.5) with AarToClassTransform
Transforming biometric-1.1.0.aar (androidx.biometric:biometric:1.1.0) with AarToClassTransform
Transforming fragment-1.8.5.aar (androidx.fragment:fragment:1.8.5) with AarToClassTransform
Transforming activity-ktx-1.9.3.aar (androidx.activity:activity-ktx:1.9.3) with AarToClassTransform
Transforming activity-1.9.3.aar (androidx.activity:activity:1.9.3) with AarToClassTransform
Transforming drawerlayout-1.1.1.aar (androidx.drawerlayout:drawerlayout:1.1.1) with AarToClassTransform
Transforming coordinatorlayout-1.1.0.aar (androidx.coordinatorlayout:coordinatorlayout:1.1.0) with AarToClassTransform
Transforming dynamicanimation-1.0.0.aar (androidx.dynamicanimation:dynamicanimation:1.0.0) with AarToClassTransform
Transforming recyclerview-1.3.1.aar (androidx.recyclerview:recyclerview:1.3.1) with AarToClassTransform
Transforming transition-1.5.0.aar (androidx.transition:transition:1.5.0) with AarToClassTransform
Transforming vectordrawable-animated-1.1.0.aar (androidx.vectordrawable:vectordrawable-animated:1.1.0) with AarToClassTransform
Transforming vectordrawable-1.1.0.aar (androidx.vectordrawable:vectordrawable:1.1.0) with AarToClassTransform
Transforming vectordrawable-1.1.0.aar (androidx.vectordrawable:vectordrawable:1.1.0) with AarToClassTransform
Transforming core-ktx-1.13.0.aar (androidx.core:core-ktx:1.13.0) with AarToClassTransform
Transforming viewpager-1.0.0.aar (androidx.viewpager:viewpager:1.0.0) with AarToClassTransform
Transforming customview-1.1.0.aar (androidx.customview:customview:1.1.0) with AarToClassTransform
Transforming customview-1.1.0.aar (androidx.customview:customview:1.1.0) with AarToClassTransform
Transforming customview-1.1.0.aar (androidx.customview:customview:1.1.0) with AarToClassTransform
Transforming customview-1.1.0.aar (androidx.customview:customview:1.1.0) with AarToClassTransform
Transforming legacy-support-core-utils-1.0.0.aar (androidx.legacy:legacy-support-core-utils:1.0.0) with AarToClassTransform
Transforming loader-1.0.0.aar (androidx.loader:loader:1.0.0) with AarToClassTransform
Transforming loader-1.0.0.aar (androidx.loader:loader:1.0.0) with AarToClassTransform
Transforming core-1.13.0.aar (androidx.core:core:1.13.0) with AarToClassTransform
Transforming core-1.13.0.aar (androidx.core:core:1.13.0) with AarToClassTransform
Transforming core-1.13.0.aar (androidx.core:core:1.13.0) with AarToClassTransform
Transforming core-1.13.0.aar (androidx.core:core:1.13.0) with AarToClassTransform
Transforming core-1.13.0.aar (androidx.core:core:1.13.0) with AarToClassTransform
Transforming core-1.13.0.aar (androidx.core:core:1.13.0) with AarToClassTransform
Transforming core-1.13.0.aar (androidx.core:core:1.13.0) with AarToClassTransform
Transforming core-1.13.0.aar (androidx.core:core:1.13.0) with AarToClassTransform
Transforming core-1.13.0.aar (androidx.core:core:1.13.0) with AarToClassTransform
Transforming lifecycle-viewmodel-2.8.7.aar (androidx.lifecycle:lifecycle-viewmodel:2.8.7) with AarToClassTransform
Transforming lifecycle-viewmodel-release.aar (androidx.lifecycle:lifecycle-viewmodel-android:2.8.7) with AarToClassTransform
Transforming lifecycle-runtime-release.aar (androidx.lifecycle:lifecycle-runtime-android:2.8.7) with AarToClassTransform
Transforming lifecycle-livedata-core-2.8.7.aar (androidx.lifecycle:lifecycle-livedata-core:2.8.7) with AarToClassTransform
Transforming lifecycle-runtime-ktx-release.aar (androidx.lifecycle:lifecycle-runtime-ktx-android:2.8.7) with AarToClassTransform
Transforming lifecycle-livedata-core-ktx-2.8.7.aar (androidx.lifecycle:lifecycle-livedata-core-ktx:2.8.7) with AarToClassTransform
Transforming lifecycle-livedata-2.8.7.aar (androidx.lifecycle:lifecycle-livedata:2.8.7) with AarToClassTransform
Transforming lifecycle-common-jvm-2.8.7.jar (androidx.lifecycle:lifecycle-common-jvm:2.8.7) with IdentityTransform
Transforming lifecycle-livedata-2.8.7.aar (androidx.lifecycle:lifecycle-livedata:2.8.7) with AarToClassTransform
Transforming lifecycle-viewmodel-savedstate-2.8.7.aar (androidx.lifecycle:lifecycle-viewmodel-savedstate:2.8.7) with AarToClassTransform
Transforming lifecycle-livedata-ktx-2.8.7.aar (androidx.lifecycle:lifecycle-livedata-ktx:2.8.7) with AarToClassTransform
Transforming lifecycle-viewmodel-ktx-2.8.7.aar (androidx.lifecycle:lifecycle-viewmodel-ktx:2.8.7) with AarToClassTransform
Transforming savedstate-ktx-1.2.1.aar (androidx.savedstate:savedstate-ktx:1.2.1) with AarToClassTransform
Transforming savedstate-1.2.1.aar (androidx.savedstate:savedstate:1.2.1) with AarToClassTransform
Transforming annotation-experimental-1.4.0.aar (androidx.annotation:annotation-experimental:1.4.0) with AarToClassTransform
Transforming cursoradapter-1.0.0.aar (androidx.cursoradapter:cursoradapter:1.0.0) with AarToClassTransform
Transforming cardview-1.0.0.aar (androidx.cardview:cardview:1.0.0) with AarToClassTransform
Transforming versionedparcelable-1.1.1.aar (androidx.versionedparcelable:versionedparcelable:1.1.1) with AarToClassTransform
Transforming core-runtime-2.2.0.aar (androidx.arch.core:core-runtime:2.2.0) with AarToClassTransform
Transforming interpolator-1.0.0.aar (androidx.interpolator:interpolator:1.0.0) with AarToClassTransform
Transforming documentfile-1.0.0.aar (androidx.documentfile:documentfile:1.0.0) with AarToClassTransform
Transforming localbroadcastmanager-1.0.0.aar (androidx.localbroadcastmanager:localbroadcastmanager:1.0.0) with AarToClassTransform
Transforming print-1.0.0.aar (androidx.print:print:1.0.0) with AarToClassTransform
Transforming constraintlayout-2.2.0.aar (androidx.constraintlayout:constraintlayout:2.2.0) with AarToClassTransform
Transforming MPAndroidChart-v3.1.0.aar (com.github.PhilJay:MPAndroidChart:v3.1.0) with AarToClassTransform
Transforming kotlinx-coroutines-core-jvm-1.9.0.jar (org.jetbrains.kotlinx:kotlinx-coroutines-core-jvm:1.9.0) with IdentityTransform
Transforming kotlinx-coroutines-android-1.9.0.jar (org.jetbrains.kotlinx:kotlinx-coroutines-android:1.9.0) with IdentityTransform
Transforming collection-ktx-1.1.0.jar (androidx.collection:collection-ktx:1.1.0) with IdentityTransform
Transforming collection-1.1.0.jar (androidx.collection:collection:1.1.0) with IdentityTransform
Transforming core-common-2.2.0.jar (androidx.arch.core:core-common:2.2.0) with IdentityTransform
Transforming annotation-jvm-1.8.1.jar (androidx.annotation:annotation-jvm:1.8.1) with IdentityTransform
Transforming kotlin-stdlib-2.0.21.jar (org.jetbrains.kotlin:kotlin-stdlib:2.0.21) with IdentityTransform
Transforming resourceinspection-annotation-1.0.1.jar (androidx.resourceinspection:resourceinspection-annotation:1.0.1) with IdentityTransform
Transforming annotations-23.0.0.jar (org.jetbrains:annotations:23.0.0) with IdentityTransform
Transforming R.jar with BuildToolsApiClasspathEntrySnapshotTransform
Transforming material-1.12.0-api.jar with BuildToolsApiClasspathEntrySnapshotTransform
Transforming appcompat-resources-1.7.0-api.jar with BuildToolsApiClasspathEntrySnapshotTransform
Transforming appcompat-1.7.0-api.jar with BuildToolsApiClasspathEntrySnapshotTransform
Transforming viewpager2-1.1.0-api.jar with BuildToolsApiClasspathEntrySnapshotTransform
Transforming fragment-ktx-1.8.5-api.jar with BuildToolsApiClasspathEntrySnapshotTransform
Transforming biometric-1.1.0-api.jar with BuildToolsApiClasspathEntrySnapshotTransform
Transforming fragment-1.8.5-api.jar with BuildToolsApiClasspathEntrySnapshotTransform
Transforming activity-ktx-1.9.3-api.jar with BuildToolsApiClasspathEntrySnapshotTransform
Transforming activity-1.9.3-api.jar with BuildToolsApiClasspathEntrySnapshotTransform
Transforming drawerlayout-1.1.1-api.jar with BuildToolsApiClasspathEntrySnapshotTransform
Transforming coordinatorlayout-1.1.0-api.jar with BuildToolsApiClasspathEntrySnapshotTransform
Transforming dynamicanimation-1.0.0-api.jar with BuildToolsApiClasspathEntrySnapshotTransform
Transforming recyclerview-1.3.1-api.jar with BuildToolsApiClasspathEntrySnapshotTransform
Transforming transition-1.5.0-api.jar with BuildToolsApiClasspathEntrySnapshotTransform
Transforming vectordrawable-animated-1.1.0-api.jar with BuildToolsApiClasspathEntrySnapshotTransform
Transforming vectordrawable-1.1.0-api.jar with BuildToolsApiClasspathEntrySnapshotTransform
Transforming core-ktx-1.13.0-api.jar with BuildToolsApiClasspathEntrySnapshotTransform
Transforming viewpager-1.0.0-api.jar with BuildToolsApiClasspathEntrySnapshotTransform
Transforming customview-1.1.0-api.jar with BuildToolsApiClasspathEntrySnapshotTransform
Transforming legacy-support-core-utils-1.0.0-api.jar with BuildToolsApiClasspathEntrySnapshotTransform
Transforming loader-1.0.0-api.jar with BuildToolsApiClasspathEntrySnapshotTransform
Transforming core-1.13.0-api.jar with BuildToolsApiClasspathEntrySnapshotTransform
Transforming lifecycle-common-jvm-2.8.7.jar with BuildToolsApiClasspathEntrySnapshotTransform
Transforming lifecycle-viewmodel-2.8.7-api.jar with BuildToolsApiClasspathEntrySnapshotTransform
Transforming lifecycle-viewmodel-release-api.jar with BuildToolsApiClasspathEntrySnapshotTransform
Transforming lifecycle-runtime-release-api.jar with BuildToolsApiClasspathEntrySnapshotTransform
Transforming lifecycle-livedata-core-2.8.7-api.jar with BuildToolsApiClasspathEntrySnapshotTransform
Transforming lifecycle-runtime-ktx-release-api.jar with BuildToolsApiClasspathEntrySnapshotTransform
Transforming lifecycle-livedata-core-ktx-2.8.7-api.jar with BuildToolsApiClasspathEntrySnapshotTransform
Transforming lifecycle-livedata-2.8.7-api.jar with BuildToolsApiClasspathEntrySnapshotTransform
Transforming lifecycle-viewmodel-savedstate-2.8.7-api.jar with BuildToolsApiClasspathEntrySnapshotTransform
Transforming lifecycle-livedata-ktx-2.8.7-api.jar with BuildToolsApiClasspathEntrySnapshotTransform
Transforming lifecycle-viewmodel-ktx-2.8.7-api.jar with BuildToolsApiClasspathEntrySnapshotTransform
Transforming kotlinx-coroutines-core-jvm-1.9.0.jar with BuildToolsApiClasspathEntrySnapshotTransform
Transforming kotlinx-coroutines-android-1.9.0.jar with BuildToolsApiClasspathEntrySnapshotTransform
Transforming savedstate-ktx-1.2.1-api.jar with BuildToolsApiClasspathEntrySnapshotTransform
Transforming savedstate-1.2.1-api.jar with BuildToolsApiClasspathEntrySnapshotTransform
Transforming annotation-experimental-1.4.0-api.jar with BuildToolsApiClasspathEntrySnapshotTransform
Transforming collection-ktx-1.1.0.jar with BuildToolsApiClasspathEntrySnapshotTransform
Transforming cursoradapter-1.0.0-api.jar with BuildToolsApiClasspathEntrySnapshotTransform
Transforming cardview-1.0.0-api.jar with BuildToolsApiClasspathEntrySnapshotTransform
Transforming versionedparcelable-1.1.1-api.jar with BuildToolsApiClasspathEntrySnapshotTransform
Transforming collection-1.1.0.jar with BuildToolsApiClasspathEntrySnapshotTransform
Transforming core-runtime-2.2.0-api.jar with BuildToolsApiClasspathEntrySnapshotTransform
Transforming interpolator-1.0.0-api.jar with BuildToolsApiClasspathEntrySnapshotTransform
Transforming documentfile-1.0.0-api.jar with BuildToolsApiClasspathEntrySnapshotTransform
Transforming localbroadcastmanager-1.0.0-api.jar with BuildToolsApiClasspathEntrySnapshotTransform
Transforming print-1.0.0-api.jar with BuildToolsApiClasspathEntrySnapshotTransform
Transforming core-common-2.2.0.jar with BuildToolsApiClasspathEntrySnapshotTransform
Transforming annotation-jvm-1.8.1.jar with BuildToolsApiClasspathEntrySnapshotTransform
Transforming kotlin-stdlib-2.0.21.jar with BuildToolsApiClasspathEntrySnapshotTransform
Transforming constraintlayout-2.2.0-api.jar with BuildToolsApiClasspathEntrySnapshotTransform
Transforming MPAndroidChart-v3.1.0-api.jar with BuildToolsApiClasspathEntrySnapshotTransform
Transforming annotations-23.0.0.jar with BuildToolsApiClasspathEntrySnapshotTransform
Transforming resourceinspection-annotation-1.0.1.jar with BuildToolsApiClasspathEntrySnapshotTransform
Transforming android.jar with BuildToolsApiClasspathEntrySnapshotTransform
Transforming core-lambda-stubs.jar with BuildToolsApiClasspathEntrySnapshotTransform
Build cache key for task ':app:compileDebugKotlin' is e21cf53b34ec518693f8aaf9bd861bba
Skipping task ':app:compileDebugKotlin' as it is up-to-date.
Resolve mutations for :app:javaPreCompileDebug (Thread[included builds,5,main]) started.
:app:javaPreCompileDebug (Thread[included builds,5,main]) started.

> Task :app:javaPreCompileDebug UP-TO-DATE
Build cache key for task ':app:javaPreCompileDebug' is 5904064ef0e266b9ff8b2e3077f61c7f
Skipping task ':app:javaPreCompileDebug' as it is up-to-date.
Resolve mutations for :app:compileDebugJavaWithJavac (Thread[included builds,5,main]) started.
:app:compileDebugJavaWithJavac (Thread[included builds,5,main]) started.

> Task :app:compileDebugJavaWithJavac UP-TO-DATE
Transforming core-for-system-modules.jar with JdkImageTransform
Transforming core-for-system-modules.jar with JdkImageTransform
Transforming core-for-system-modules.jar with JdkImageTransform
Transforming core-for-system-modules.jar with JdkImageTransform
Transforming core-for-system-modules.jar with JdkImageTransform
Transforming core-for-system-modules.jar with JdkImageTransform
Custom actions are attached to task ':app:compileDebugJavaWithJavac'.
Build cache key for task ':app:compileDebugJavaWithJavac' is 221615ebc61d57fa4a7be14cc1368bf9
Skipping task ':app:compileDebugJavaWithJavac' as it is up-to-date.
No compile result for :app:compileDebugJavaWithJavac
Resolve mutations for :app:bundleDebugClassesToRuntimeJar (Thread[included builds,5,main]) started.
:app:bundleDebugClassesToRuntimeJar (Thread[included builds,5,main]) started.

> Task :app:bundleDebugClassesToRuntimeJar UP-TO-DATE
Caching disabled for task ':app:bundleDebugClassesToRuntimeJar' because:
  Caching has been disabled for the task
Skipping task ':app:bundleDebugClassesToRuntimeJar' as it is up-to-date.
work action resolve classes.jar (project :app) (Thread[included builds,5,main]) started.
Resolve mutations for :app:bundleDebugClassesToCompileJar (Thread[included builds,5,main]) started.
:app:bundleDebugClassesToCompileJar (Thread[included builds,5,main]) started.

> Task :app:bundleDebugClassesToCompileJar UP-TO-DATE
Caching disabled for task ':app:bundleDebugClassesToCompileJar' because:
  Caching has been disabled for the task
Skipping task ':app:bundleDebugClassesToCompileJar' as it is up-to-date.
work action resolve classes.jar (project :app) (Thread[included builds,5,main]) started.
Resolve mutations for :app:compileDebugUnitTestKotlin (Thread[included builds,5,main]) started.
:app:compileDebugUnitTestKotlin (Thread[included builds,5,main]) started.

> Task :app:compileDebugUnitTestKotlin UP-TO-DATE
Transforming failureaccess-1.0.1.jar (com.google.guava:failureaccess:1.0.1) with IdentityTransform
Transforming listenablefuture-9999.0-empty-to-avoid-conflict-with-guava.jar (com.google.guava:listenablefuture:9999.0-empty-to-avoid-conflict-with-guava) with IdentityTransform
Transforming jsr305-3.0.2.jar (com.google.code.findbugs:jsr305:3.0.2) with IdentityTransform
Transforming javax.inject-1.jar (javax.inject:javax.inject:1) with IdentityTransform
Transforming javax.annotation-api-1.3.2.jar (javax.annotation:javax.annotation-api:1.3.2) with IdentityTransform
Transforming junit-1.2.1.aar (androidx.test.ext:junit:1.2.1) with AarToClassTransform
Transforming robolectric-4.13.jar (org.robolectric:robolectric:4.13) with IdentityTransform
Transforming storage-1.5.0.aar (androidx.test.services:storage:1.5.0) with AarToClassTransform
Transforming core-1.6.1.aar (androidx.test:core:1.6.1) with AarToClassTransform
Transforming concurrent-futures-1.1.0.jar (androidx.concurrent:concurrent-futures:1.1.0) with IdentityTransform
Transforming junit-4.13.2.jar (junit:junit:4.13.2) with IdentityTransform
Transforming monitor-1.7.1.aar (androidx.test:monitor:1.7.1) with AarToClassTransform
Transforming shadows-framework-4.13.jar (org.robolectric:shadows-framework:4.13) with IdentityTransform
Transforming concurrent-futures-ktx-1.1.0.jar (androidx.concurrent:concurrent-futures-ktx:1.1.0) with IdentityTransform
Transforming monitor-1.7.1.aar (androidx.test:monitor:1.7.1) with AarToClassTransform
Transforming mockito-inline-5.2.0.jar (org.mockito:mockito-inline:5.2.0) with IdentityTransform
Transforming mockito-core-5.3.1.jar (org.mockito:mockito-core:5.3.1) with IdentityTransform
Transforming monitor-1.7.1.aar (androidx.test:monitor:1.7.1) with AarToClassTransform
Transforming json-20231013.jar (org.json:json:20231013) with IdentityTransform
Transforming hamcrest-core-1.3.jar (org.hamcrest:hamcrest-core:1.3) with IdentityTransform
Transforming byte-buddy-1.14.4.jar (net.bytebuddy:byte-buddy:1.14.4) with IdentityTransform
Transforming byte-buddy-agent-1.14.4.jar (net.bytebuddy:byte-buddy-agent:1.14.4) with IdentityTransform
Transforming junit-4.13.jar (org.robolectric:junit:4.13) with IdentityTransform
Transforming sandbox-4.13.jar (org.robolectric:sandbox:4.13) with IdentityTransform
Transforming utils-reflector-4.13.jar (org.robolectric:utils-reflector:4.13) with IdentityTransform
Transforming resources-4.13.jar (org.robolectric:resources:4.13) with IdentityTransform
Transforming nativeruntime-4.13.jar (org.robolectric:nativeruntime:4.13) with IdentityTransform
Transforming shadowapi-4.13.jar (org.robolectric:shadowapi:4.13) with IdentityTransform
Transforming plugins-maven-dependency-resolver-4.13.jar (org.robolectric:plugins-maven-dependency-resolver:4.13) with IdentityTransform
Transforming utils-4.13.jar (org.robolectric:utils:4.13) with IdentityTransform
Transforming pluginapi-4.13.jar (org.robolectric:pluginapi:4.13) with IdentityTransform
Transforming annotations-4.13.jar (org.robolectric:annotations:4.13) with IdentityTransform
Transforming guava-31.1-jre.jar (com.google.guava:guava:31.1-jre) with IdentityTransform
Transforming checker-qual-3.12.0.jar (org.checkerframework:checker-qual:3.12.0) with IdentityTransform
Transforming j2objc-annotations-1.3.jar (com.google.j2objc:j2objc-annotations:1.3) with IdentityTransform
Transforming asm-commons-9.7.jar (org.ow2.asm:asm-commons:9.7) with IdentityTransform
Transforming asm-util-9.7.jar (org.ow2.asm:asm-util:9.7) with IdentityTransform
Transforming error_prone_annotations-2.15.0.jar (com.google.errorprone:error_prone_annotations:2.15.0) with IdentityTransform
Transforming asm-analysis-9.7.jar (org.ow2.asm:asm-analysis:9.7) with IdentityTransform
Transforming asm-tree-9.7.jar (org.ow2.asm:asm-tree:9.7) with IdentityTransform
Transforming auto-value-annotations-1.11.0.jar (com.google.auto.value:auto-value-annotations:1.11.0) with IdentityTransform
Transforming tracing-1.1.0.aar (androidx.tracing:tracing:1.1.0) with AarToClassTransform
Transforming asm-9.7.jar (org.ow2.asm:asm:9.7) with IdentityTransform
Transforming sqlite4java-1.0.392.jar (com.almworks.sqlite4java:sqlite4java:1.0.392) with IdentityTransform
Transforming bcprov-jdk18on-1.78.1.jar (org.bouncycastle:bcprov-jdk18on:1.78.1) with IdentityTransform
Transforming icu4j-75.1.jar (com.ibm.icu:icu4j:75.1) with IdentityTransform
Transforming R.jar with BuildToolsApiClasspathEntrySnapshotTransform
Transforming classes.jar with BuildToolsApiClasspathEntrySnapshotTransform
Transforming material-1.12.0-api.jar with BuildToolsApiClasspathEntrySnapshotTransform
Transforming appcompat-resources-1.7.0-api.jar with BuildToolsApiClasspathEntrySnapshotTransform
Transforming appcompat-1.7.0-api.jar with BuildToolsApiClasspathEntrySnapshotTransform
Transforming viewpager2-1.1.0-api.jar with BuildToolsApiClasspathEntrySnapshotTransform
Transforming fragment-ktx-1.8.5-api.jar with BuildToolsApiClasspathEntrySnapshotTransform
Transforming biometric-1.1.0-api.jar with BuildToolsApiClasspathEntrySnapshotTransform
Transforming fragment-1.8.5-api.jar with BuildToolsApiClasspathEntrySnapshotTransform
Transforming activity-ktx-1.9.3-api.jar with BuildToolsApiClasspathEntrySnapshotTransform
Transforming activity-1.9.3-api.jar with BuildToolsApiClasspathEntrySnapshotTransform
Transforming drawerlayout-1.1.1-api.jar with BuildToolsApiClasspathEntrySnapshotTransform
Transforming coordinatorlayout-1.1.0-api.jar with BuildToolsApiClasspathEntrySnapshotTransform
Transforming dynamicanimation-1.0.0-api.jar with BuildToolsApiClasspathEntrySnapshotTransform
Transforming recyclerview-1.3.1-api.jar with BuildToolsApiClasspathEntrySnapshotTransform
Transforming transition-1.5.0-api.jar with BuildToolsApiClasspathEntrySnapshotTransform
Transforming vectordrawable-animated-1.1.0-api.jar with BuildToolsApiClasspathEntrySnapshotTransform
Transforming vectordrawable-1.1.0-api.jar with BuildToolsApiClasspathEntrySnapshotTransform
Transforming core-ktx-1.13.0-api.jar with BuildToolsApiClasspathEntrySnapshotTransform
Transforming viewpager-1.0.0-api.jar with BuildToolsApiClasspathEntrySnapshotTransform
Transforming customview-1.1.0-api.jar with BuildToolsApiClasspathEntrySnapshotTransform
Transforming legacy-support-core-utils-1.0.0-api.jar with BuildToolsApiClasspathEntrySnapshotTransform
Transforming loader-1.0.0-api.jar with BuildToolsApiClasspathEntrySnapshotTransform
Transforming core-1.13.0-api.jar with BuildToolsApiClasspathEntrySnapshotTransform
Transforming junit-1.2.1-api.jar with BuildToolsApiClasspathEntrySnapshotTransform
Transforming core-1.6.1-api.jar with BuildToolsApiClasspathEntrySnapshotTransform
Transforming lifecycle-common-jvm-2.8.7.jar with BuildToolsApiClasspathEntrySnapshotTransform
Transforming lifecycle-viewmodel-2.8.7-api.jar with BuildToolsApiClasspathEntrySnapshotTransform
Transforming lifecycle-viewmodel-release-api.jar with BuildToolsApiClasspathEntrySnapshotTransform
Transforming lifecycle-runtime-release-api.jar with BuildToolsApiClasspathEntrySnapshotTransform
Transforming lifecycle-livedata-core-2.8.7-api.jar with BuildToolsApiClasspathEntrySnapshotTransform
Transforming lifecycle-runtime-ktx-release-api.jar with BuildToolsApiClasspathEntrySnapshotTransform
Transforming lifecycle-livedata-core-ktx-2.8.7-api.jar with BuildToolsApiClasspathEntrySnapshotTransform
Transforming lifecycle-livedata-2.8.7-api.jar with BuildToolsApiClasspathEntrySnapshotTransform
Transforming lifecycle-viewmodel-savedstate-2.8.7-api.jar with BuildToolsApiClasspathEntrySnapshotTransform
Transforming lifecycle-livedata-ktx-2.8.7-api.jar with BuildToolsApiClasspathEntrySnapshotTransform
Transforming lifecycle-viewmodel-ktx-2.8.7-api.jar with BuildToolsApiClasspathEntrySnapshotTransform
Transforming concurrent-futures-ktx-1.1.0.jar with BuildToolsApiClasspathEntrySnapshotTransform
Transforming kotlinx-coroutines-core-jvm-1.9.0.jar with BuildToolsApiClasspathEntrySnapshotTransform
Transforming kotlinx-coroutines-android-1.9.0.jar with BuildToolsApiClasspathEntrySnapshotTransform
Transforming savedstate-ktx-1.2.1-api.jar with BuildToolsApiClasspathEntrySnapshotTransform
Transforming savedstate-1.2.1-api.jar with BuildToolsApiClasspathEntrySnapshotTransform
Transforming annotation-experimental-1.4.0-api.jar with BuildToolsApiClasspathEntrySnapshotTransform
Transforming collection-ktx-1.1.0.jar with BuildToolsApiClasspathEntrySnapshotTransform
Transforming robolectric-4.13.jar with BuildToolsApiClasspathEntrySnapshotTransform
Transforming shadows-framework-4.13.jar with BuildToolsApiClasspathEntrySnapshotTransform
Transforming storage-1.5.0-api.jar with BuildToolsApiClasspathEntrySnapshotTransform
Transforming monitor-1.7.1-api.jar with BuildToolsApiClasspathEntrySnapshotTransform
Transforming cursoradapter-1.0.0-api.jar with BuildToolsApiClasspathEntrySnapshotTransform
Transforming cardview-1.0.0-api.jar with BuildToolsApiClasspathEntrySnapshotTransform
Transforming versionedparcelable-1.1.1-api.jar with BuildToolsApiClasspathEntrySnapshotTransform
Transforming collection-1.1.0.jar with BuildToolsApiClasspathEntrySnapshotTransform
Transforming core-runtime-2.2.0-api.jar with BuildToolsApiClasspathEntrySnapshotTransform
Transforming concurrent-futures-1.1.0.jar with BuildToolsApiClasspathEntrySnapshotTransform
Transforming interpolator-1.0.0-api.jar with BuildToolsApiClasspathEntrySnapshotTransform
Transforming documentfile-1.0.0-api.jar with BuildToolsApiClasspathEntrySnapshotTransform
Transforming localbroadcastmanager-1.0.0-api.jar with BuildToolsApiClasspathEntrySnapshotTransform
Transforming print-1.0.0-api.jar with BuildToolsApiClasspathEntrySnapshotTransform
Transforming core-common-2.2.0.jar with BuildToolsApiClasspathEntrySnapshotTransform
Transforming annotation-jvm-1.8.1.jar with BuildToolsApiClasspathEntrySnapshotTransform
Transforming kotlin-stdlib-2.0.21.jar with BuildToolsApiClasspathEntrySnapshotTransform
Transforming constraintlayout-2.2.0-api.jar with BuildToolsApiClasspathEntrySnapshotTransform
Transforming MPAndroidChart-v3.1.0-api.jar with BuildToolsApiClasspathEntrySnapshotTransform
Transforming junit-4.13.2.jar with BuildToolsApiClasspathEntrySnapshotTransform
Transforming mockito-inline-5.2.0.jar with BuildToolsApiClasspathEntrySnapshotTransform
Transforming mockito-core-5.3.1.jar with BuildToolsApiClasspathEntrySnapshotTransform
Transforming json-20231013.jar with BuildToolsApiClasspathEntrySnapshotTransform
Transforming hamcrest-core-1.3.jar with BuildToolsApiClasspathEntrySnapshotTransform
Transforming byte-buddy-1.14.4.jar with BuildToolsApiClasspathEntrySnapshotTransform
Transforming byte-buddy-agent-1.14.4.jar with BuildToolsApiClasspathEntrySnapshotTransform
Transforming junit-4.13.jar with BuildToolsApiClasspathEntrySnapshotTransform
Transforming resources-4.13.jar with BuildToolsApiClasspathEntrySnapshotTransform
Transforming sandbox-4.13.jar with BuildToolsApiClasspathEntrySnapshotTransform
Transforming nativeruntime-4.13.jar with BuildToolsApiClasspathEntrySnapshotTransform
Transforming utils-reflector-4.13.jar with BuildToolsApiClasspathEntrySnapshotTransform
Transforming plugins-maven-dependency-resolver-4.13.jar with BuildToolsApiClasspathEntrySnapshotTransform
Transforming shadowapi-4.13.jar with BuildToolsApiClasspathEntrySnapshotTransform
Transforming utils-4.13.jar with BuildToolsApiClasspathEntrySnapshotTransform
Transforming pluginapi-4.13.jar with BuildToolsApiClasspathEntrySnapshotTransform
Transforming annotations-4.13.jar with BuildToolsApiClasspathEntrySnapshotTransform
Transforming guava-31.1-jre.jar with BuildToolsApiClasspathEntrySnapshotTransform
Transforming failureaccess-1.0.1.jar with BuildToolsApiClasspathEntrySnapshotTransform
Transforming listenablefuture-9999.0-empty-to-avoid-conflict-with-guava.jar with BuildToolsApiClasspathEntrySnapshotTransform
Transforming jsr305-3.0.2.jar with BuildToolsApiClasspathEntrySnapshotTransform
Transforming checker-qual-3.12.0.jar with BuildToolsApiClasspathEntrySnapshotTransform
Transforming error_prone_annotations-2.15.0.jar with BuildToolsApiClasspathEntrySnapshotTransform
Transforming j2objc-annotations-1.3.jar with BuildToolsApiClasspathEntrySnapshotTransform
Transforming javax.inject-1.jar with BuildToolsApiClasspathEntrySnapshotTransform
Transforming javax.annotation-api-1.3.2.jar with BuildToolsApiClasspathEntrySnapshotTransform
Transforming asm-commons-9.7.jar with BuildToolsApiClasspathEntrySnapshotTransform
Transforming asm-util-9.7.jar with BuildToolsApiClasspathEntrySnapshotTransform
Transforming asm-analysis-9.7.jar with BuildToolsApiClasspathEntrySnapshotTransform
Transforming asm-tree-9.7.jar with BuildToolsApiClasspathEntrySnapshotTransform
Transforming asm-9.7.jar with BuildToolsApiClasspathEntrySnapshotTransform
Transforming auto-value-annotations-1.11.0.jar with BuildToolsApiClasspathEntrySnapshotTransform
Transforming annotations-23.0.0.jar with BuildToolsApiClasspathEntrySnapshotTransform
Transforming tracing-1.1.0-api.jar with BuildToolsApiClasspathEntrySnapshotTransform
Transforming sqlite4java-1.0.392.jar with BuildToolsApiClasspathEntrySnapshotTransform
Transforming icu4j-75.1.jar with BuildToolsApiClasspathEntrySnapshotTransform
Transforming bcprov-jdk18on-1.78.1.jar with BuildToolsApiClasspathEntrySnapshotTransform
Transforming resourceinspection-annotation-1.0.1.jar with BuildToolsApiClasspathEntrySnapshotTransform
Transforming android.jar with BuildToolsApiClasspathEntrySnapshotTransform
Transforming core-lambda-stubs.jar with BuildToolsApiClasspathEntrySnapshotTransform
Build cache key for task ':app:compileDebugUnitTestKotlin' is 5216ff7e4ac1d8bd01e9177dc6b71215
Skipping task ':app:compileDebugUnitTestKotlin' as it is up-to-date.
Resolve mutations for :app:preDebugUnitTestBuild (Thread[included builds,5,main]) started.
:app:preDebugUnitTestBuild (Thread[Execution worker Thread 9,5,main]) started.

> Task :app:preDebugUnitTestBuild UP-TO-DATE
Skipping task ':app:preDebugUnitTestBuild' as it has no actions.
Resolve mutations for :app:javaPreCompileDebugUnitTest (Thread[Execution worker Thread 9,5,main]) started.
:app:javaPreCompileDebugUnitTest (Thread[Execution worker Thread 9,5,main]) started.

> Task :app:javaPreCompileDebugUnitTest UP-TO-DATE
Build cache key for task ':app:javaPreCompileDebugUnitTest' is 5904064ef0e266b9ff8b2e3077f61c7f
Skipping task ':app:javaPreCompileDebugUnitTest' as it is up-to-date.
Resolve mutations for :app:compileDebugUnitTestJavaWithJavac (Thread[Execution worker Thread 9,5,main]) started.
:app:compileDebugUnitTestJavaWithJavac (Thread[Execution worker Thread 9,5,main]) started.

> Task :app:compileDebugUnitTestJavaWithJavac UP-TO-DATE
Transforming core-for-system-modules.jar with JdkImageTransform
Transforming core-for-system-modules.jar with JdkImageTransform
Transforming core-for-system-modules.jar with JdkImageTransform
Transforming core-for-system-modules.jar with JdkImageTransform
Transforming core-for-system-modules.jar with JdkImageTransform
Transforming core-for-system-modules.jar with JdkImageTransform
Custom actions are attached to task ':app:compileDebugUnitTestJavaWithJavac'.
Build cache key for task ':app:compileDebugUnitTestJavaWithJavac' is 5962c72a83f6332e508f862f6cd52957
Skipping task ':app:compileDebugUnitTestJavaWithJavac' as it is up-to-date.
No compile result for :app:compileDebugUnitTestJavaWithJavac
Resolve mutations for :app:mergeDebugShaders (Thread[Execution worker Thread 9,5,main]) started.
:app:mergeDebugShaders (Thread[Execution worker Thread 9,5,main]) started.

> Task :app:mergeDebugShaders UP-TO-DATE
Caching disabled for task ':app:mergeDebugShaders' because:
  Simple merging task
Skipping task ':app:mergeDebugShaders' as it is up-to-date.
Resolve mutations for :app:compileDebugShaders (Thread[Execution worker Thread 9,5,main]) started.
:app:compileDebugShaders (Thread[Execution worker Thread 9,5,main]) started.

> Task :app:compileDebugShaders NO-SOURCE
Skipping task ':app:compileDebugShaders' as it has no source files and no previous output files.
Resolve mutations for :app:generateDebugAssets (Thread[Execution worker Thread 9,5,main]) started.
:app:generateDebugAssets (Thread[Execution worker Thread 9,5,main]) started.

> Task :app:generateDebugAssets UP-TO-DATE
Skipping task ':app:generateDebugAssets' as it has no actions.
Resolve mutations for :app:mergeDebugAssets (Thread[Execution worker Thread 9,5,main]) started.
:app:mergeDebugAssets (Thread[Execution worker Thread 9,5,main]) started.

> Task :app:mergeDebugAssets UP-TO-DATE
Transforming material-1.12.0.aar (com.google.android.material:material:1.12.0) with ExtractAarTransform
Transforming material-1.12.0.aar (com.google.android.material:material:1.12.0) with AarTransform
Transforming constraintlayout-2.2.0.aar (androidx.constraintlayout:constraintlayout:2.2.0) with ExtractAarTransform
Transforming constraintlayout-2.2.0.aar (androidx.constraintlayout:constraintlayout:2.2.0) with AarTransform
Transforming biometric-1.1.0.aar (androidx.biometric:biometric:1.1.0) with ExtractAarTransform
Transforming biometric-1.1.0.aar (androidx.biometric:biometric:1.1.0) with AarTransform
Transforming appcompat-resources-1.7.0.aar (androidx.appcompat:appcompat-resources:1.7.0) with ExtractAarTransform
Transforming appcompat-resources-1.7.0.aar (androidx.appcompat:appcompat-resources:1.7.0) with AarTransform
Transforming appcompat-1.7.0.aar (androidx.appcompat:appcompat:1.7.0) with ExtractAarTransform
Transforming appcompat-1.7.0.aar (androidx.appcompat:appcompat:1.7.0) with AarTransform
Transforming recyclerview-1.3.1.aar (androidx.recyclerview:recyclerview:1.3.1) with ExtractAarTransform
Transforming recyclerview-1.3.1.aar (androidx.recyclerview:recyclerview:1.3.1) with AarTransform
Transforming viewpager2-1.1.0.aar (androidx.viewpager2:viewpager2:1.1.0) with ExtractAarTransform
Transforming viewpager2-1.1.0.aar (androidx.viewpager2:viewpager2:1.1.0) with AarTransform
Transforming fragment-ktx-1.8.5.aar (androidx.fragment:fragment-ktx:1.8.5) with ExtractAarTransform
Transforming fragment-ktx-1.8.5.aar (androidx.fragment:fragment-ktx:1.8.5) with AarTransform
Transforming fragment-1.8.5.aar (androidx.fragment:fragment:1.8.5) with ExtractAarTransform
Transforming fragment-1.8.5.aar (androidx.fragment:fragment:1.8.5) with AarTransform
Transforming activity-ktx-1.9.3.aar (androidx.activity:activity-ktx:1.9.3) with ExtractAarTransform
Transforming activity-ktx-1.9.3.aar (androidx.activity:activity-ktx:1.9.3) with AarTransform
Transforming activity-1.9.3.aar (androidx.activity:activity:1.9.3) with ExtractAarTransform
Transforming activity-1.9.3.aar (androidx.activity:activity:1.9.3) with AarTransform
Transforming emoji2-views-helper-1.3.0.aar (androidx.emoji2:emoji2-views-helper:1.3.0) with ExtractAarTransform
Transforming emoji2-views-helper-1.3.0.aar (androidx.emoji2:emoji2-views-helper:1.3.0) with AarTransform
Transforming emoji2-1.3.0.aar (androidx.emoji2:emoji2:1.3.0) with ExtractAarTransform
Transforming emoji2-1.3.0.aar (androidx.emoji2:emoji2:1.3.0) with AarTransform
Transforming customview-poolingcontainer-1.0.0.aar (androidx.customview:customview-poolingcontainer:1.0.0) with ExtractAarTransform
Transforming customview-poolingcontainer-1.0.0.aar (androidx.customview:customview-poolingcontainer:1.0.0) with AarTransform
Transforming core-ktx-1.13.0.aar (androidx.core:core-ktx:1.13.0) with ExtractAarTransform
Transforming core-ktx-1.13.0.aar (androidx.core:core-ktx:1.13.0) with AarTransform
Transforming drawerlayout-1.1.1.aar (androidx.drawerlayout:drawerlayout:1.1.1) with ExtractAarTransform
Transforming drawerlayout-1.1.1.aar (androidx.drawerlayout:drawerlayout:1.1.1) with AarTransform
Transforming coordinatorlayout-1.1.0.aar (androidx.coordinatorlayout:coordinatorlayout:1.1.0) with ExtractAarTransform
Transforming coordinatorlayout-1.1.0.aar (androidx.coordinatorlayout:coordinatorlayout:1.1.0) with AarTransform
Transforming transition-1.5.0.aar (androidx.transition:transition:1.5.0) with ExtractAarTransform
Transforming transition-1.5.0.aar (androidx.transition:transition:1.5.0) with AarTransform
Transforming dynamicanimation-1.0.0.aar (androidx.dynamicanimation:dynamicanimation:1.0.0) with ExtractAarTransform
Transforming dynamicanimation-1.0.0.aar (androidx.dynamicanimation:dynamicanimation:1.0.0) with AarTransform
Transforming vectordrawable-animated-1.1.0.aar (androidx.vectordrawable:vectordrawable-animated:1.1.0) with ExtractAarTransform
Transforming vectordrawable-animated-1.1.0.aar (androidx.vectordrawable:vectordrawable-animated:1.1.0) with AarTransform
Transforming vectordrawable-1.1.0.aar (androidx.vectordrawable:vectordrawable:1.1.0) with ExtractAarTransform
Transforming vectordrawable-1.1.0.aar (androidx.vectordrawable:vectordrawable:1.1.0) with AarTransform
Transforming vectordrawable-1.1.0.aar (androidx.vectordrawable:vectordrawable:1.1.0) with ExtractAarTransform
Transforming vectordrawable-1.1.0.aar (androidx.vectordrawable:vectordrawable:1.1.0) with AarTransform
Transforming viewpager-1.0.0.aar (androidx.viewpager:viewpager:1.0.0) with ExtractAarTransform
Transforming viewpager-1.0.0.aar (androidx.viewpager:viewpager:1.0.0) with AarTransform
Transforming customview-1.1.0.aar (androidx.customview:customview:1.1.0) with ExtractAarTransform
Transforming customview-1.1.0.aar (androidx.customview:customview:1.1.0) with AarTransform
Transforming customview-1.1.0.aar (androidx.customview:customview:1.1.0) with ExtractAarTransform
Transforming customview-1.1.0.aar (androidx.customview:customview:1.1.0) with AarTransform
Transforming customview-1.1.0.aar (androidx.customview:customview:1.1.0) with ExtractAarTransform
Transforming customview-1.1.0.aar (androidx.customview:customview:1.1.0) with AarTransform
Transforming customview-1.1.0.aar (androidx.customview:customview:1.1.0) with ExtractAarTransform
Transforming customview-1.1.0.aar (androidx.customview:customview:1.1.0) with AarTransform
Transforming legacy-support-core-utils-1.0.0.aar (androidx.legacy:legacy-support-core-utils:1.0.0) with ExtractAarTransform
Transforming legacy-support-core-utils-1.0.0.aar (androidx.legacy:legacy-support-core-utils:1.0.0) with AarTransform
Transforming loader-1.0.0.aar (androidx.loader:loader:1.0.0) with ExtractAarTransform
Transforming loader-1.0.0.aar (androidx.loader:loader:1.0.0) with AarTransform
Transforming loader-1.0.0.aar (androidx.loader:loader:1.0.0) with ExtractAarTransform
Transforming loader-1.0.0.aar (androidx.loader:loader:1.0.0) with AarTransform
Transforming core-1.13.0.aar (androidx.core:core:1.13.0) with ExtractAarTransform
Transforming core-1.13.0.aar (androidx.core:core:1.13.0) with AarTransform
Transforming core-1.13.0.aar (androidx.core:core:1.13.0) with ExtractAarTransform
Transforming core-1.13.0.aar (androidx.core:core:1.13.0) with AarTransform
Transforming core-1.13.0.aar (androidx.core:core:1.13.0) with ExtractAarTransform
Transforming core-1.13.0.aar (androidx.core:core:1.13.0) with AarTransform
Transforming core-1.13.0.aar (androidx.core:core:1.13.0) with ExtractAarTransform
Transforming core-1.13.0.aar (androidx.core:core:1.13.0) with AarTransform
Transforming core-1.13.0.aar (androidx.core:core:1.13.0) with ExtractAarTransform
Transforming core-1.13.0.aar (androidx.core:core:1.13.0) with AarTransform
Transforming core-1.13.0.aar (androidx.core:core:1.13.0) with ExtractAarTransform
Transforming core-1.13.0.aar (androidx.core:core:1.13.0) with AarTransform
Transforming savedstate-ktx-1.2.1.aar (androidx.savedstate:savedstate-ktx:1.2.1) with ExtractAarTransform
Transforming savedstate-ktx-1.2.1.aar (androidx.savedstate:savedstate-ktx:1.2.1) with AarTransform
Transforming savedstate-1.2.1.aar (androidx.savedstate:savedstate:1.2.1) with ExtractAarTransform
Transforming savedstate-1.2.1.aar (androidx.savedstate:savedstate:1.2.1) with AarTransform
Transforming lifecycle-runtime-release.aar (androidx.lifecycle:lifecycle-runtime-android:2.8.7) with ExtractAarTransform
Transforming lifecycle-runtime-release.aar (androidx.lifecycle:lifecycle-runtime-android:2.8.7) with AarTransform
Transforming lifecycle-viewmodel-2.8.7.aar (androidx.lifecycle:lifecycle-viewmodel:2.8.7) with ExtractAarTransform
Transforming lifecycle-viewmodel-2.8.7.aar (androidx.lifecycle:lifecycle-viewmodel:2.8.7) with AarTransform
Transforming lifecycle-viewmodel-release.aar (androidx.lifecycle:lifecycle-viewmodel-android:2.8.7) with ExtractAarTransform
Transforming lifecycle-viewmodel-release.aar (androidx.lifecycle:lifecycle-viewmodel-android:2.8.7) with AarTransform
Transforming lifecycle-process-2.8.7.aar (androidx.lifecycle:lifecycle-process:2.8.7) with ExtractAarTransform
Transforming lifecycle-process-2.8.7.aar (androidx.lifecycle:lifecycle-process:2.8.7) with AarTransform
Transforming lifecycle-livedata-core-2.8.7.aar (androidx.lifecycle:lifecycle-livedata-core:2.8.7) with ExtractAarTransform
Transforming lifecycle-livedata-core-2.8.7.aar (androidx.lifecycle:lifecycle-livedata-core:2.8.7) with AarTransform
Transforming lifecycle-runtime-ktx-release.aar (androidx.lifecycle:lifecycle-runtime-ktx-android:2.8.7) with ExtractAarTransform
Transforming lifecycle-runtime-ktx-release.aar (androidx.lifecycle:lifecycle-runtime-ktx-android:2.8.7) with AarTransform
Transforming lifecycle-livedata-core-ktx-2.8.7.aar (androidx.lifecycle:lifecycle-livedata-core-ktx:2.8.7) with ExtractAarTransform
Transforming lifecycle-livedata-core-ktx-2.8.7.aar (androidx.lifecycle:lifecycle-livedata-core-ktx:2.8.7) with AarTransform
Transforming lifecycle-livedata-2.8.7.aar (androidx.lifecycle:lifecycle-livedata:2.8.7) with ExtractAarTransform
Transforming lifecycle-livedata-2.8.7.aar (androidx.lifecycle:lifecycle-livedata:2.8.7) with AarTransform
Transforming lifecycle-livedata-2.8.7.aar (androidx.lifecycle:lifecycle-livedata:2.8.7) with ExtractAarTransform
Transforming lifecycle-livedata-2.8.7.aar (androidx.lifecycle:lifecycle-livedata:2.8.7) with AarTransform
Transforming lifecycle-viewmodel-savedstate-2.8.7.aar (androidx.lifecycle:lifecycle-viewmodel-savedstate:2.8.7) with ExtractAarTransform
Transforming lifecycle-viewmodel-savedstate-2.8.7.aar (androidx.lifecycle:lifecycle-viewmodel-savedstate:2.8.7) with AarTransform
Transforming lifecycle-livedata-ktx-2.8.7.aar (androidx.lifecycle:lifecycle-livedata-ktx:2.8.7) with ExtractAarTransform
Transforming lifecycle-livedata-ktx-2.8.7.aar (androidx.lifecycle:lifecycle-livedata-ktx:2.8.7) with AarTransform
Transforming lifecycle-viewmodel-ktx-2.8.7.aar (androidx.lifecycle:lifecycle-viewmodel-ktx:2.8.7) with ExtractAarTransform
Transforming lifecycle-viewmodel-ktx-2.8.7.aar (androidx.lifecycle:lifecycle-viewmodel-ktx:2.8.7) with AarTransform
Transforming annotation-experimental-1.4.0.aar (androidx.annotation:annotation-experimental:1.4.0) with ExtractAarTransform
Transforming annotation-experimental-1.4.0.aar (androidx.annotation:annotation-experimental:1.4.0) with AarTransform
Transforming MPAndroidChart-v3.1.0.aar (com.github.PhilJay:MPAndroidChart:v3.1.0) with ExtractAarTransform
Transforming MPAndroidChart-v3.1.0.aar (com.github.PhilJay:MPAndroidChart:v3.1.0) with AarTransform
Transforming cursoradapter-1.0.0.aar (androidx.cursoradapter:cursoradapter:1.0.0) with ExtractAarTransform
Transforming cursoradapter-1.0.0.aar (androidx.cursoradapter:cursoradapter:1.0.0) with AarTransform
Transforming cardview-1.0.0.aar (androidx.cardview:cardview:1.0.0) with ExtractAarTransform
Transforming cardview-1.0.0.aar (androidx.cardview:cardview:1.0.0) with AarTransform
Transforming profileinstaller-1.4.0.aar (androidx.profileinstaller:profileinstaller:1.4.0) with ExtractAarTransform
Transforming profileinstaller-1.4.0.aar (androidx.profileinstaller:profileinstaller:1.4.0) with AarTransform
Transforming startup-runtime-1.1.1.aar (androidx.startup:startup-runtime:1.1.1) with ExtractAarTransform
Transforming startup-runtime-1.1.1.aar (androidx.startup:startup-runtime:1.1.1) with AarTransform
Transforming tracing-1.0.0.aar (androidx.tracing:tracing:1.0.0) with ExtractAarTransform
Transforming tracing-1.0.0.aar (androidx.tracing:tracing:1.0.0) with AarTransform
Transforming versionedparcelable-1.1.1.aar (androidx.versionedparcelable:versionedparcelable:1.1.1) with ExtractAarTransform
Transforming versionedparcelable-1.1.1.aar (androidx.versionedparcelable:versionedparcelable:1.1.1) with AarTransform
Transforming interpolator-1.0.0.aar (androidx.interpolator:interpolator:1.0.0) with ExtractAarTransform
Transforming interpolator-1.0.0.aar (androidx.interpolator:interpolator:1.0.0) with AarTransform
Transforming interpolator-1.0.0.aar (androidx.interpolator:interpolator:1.0.0) with ExtractAarTransform
Transforming interpolator-1.0.0.aar (androidx.interpolator:interpolator:1.0.0) with AarTransform
Transforming core-runtime-2.2.0.aar (androidx.arch.core:core-runtime:2.2.0) with ExtractAarTransform
Transforming core-runtime-2.2.0.aar (androidx.arch.core:core-runtime:2.2.0) with AarTransform
Transforming documentfile-1.0.0.aar (androidx.documentfile:documentfile:1.0.0) with ExtractAarTransform
Transforming documentfile-1.0.0.aar (androidx.documentfile:documentfile:1.0.0) with AarTransform
Transforming localbroadcastmanager-1.0.0.aar (androidx.localbroadcastmanager:localbroadcastmanager:1.0.0) with ExtractAarTransform
Transforming localbroadcastmanager-1.0.0.aar (androidx.localbroadcastmanager:localbroadcastmanager:1.0.0) with AarTransform
Transforming print-1.0.0.aar (androidx.print:print:1.0.0) with ExtractAarTransform
Transforming print-1.0.0.aar (androidx.print:print:1.0.0) with AarTransform
Caching disabled for task ':app:mergeDebugAssets' because:
  Simple merging task
Skipping task ':app:mergeDebugAssets' as it is up-to-date.
Resolve mutations for :app:packageDebugUnitTestForUnitTest (Thread[Execution worker Thread 9,5,main]) started.
:app:packageDebugUnitTestForUnitTest (Thread[Execution worker Thread 9,5,main]) started.

> Task :app:packageDebugUnitTestForUnitTest UP-TO-DATE
Caching disabled for task ':app:packageDebugUnitTestForUnitTest' because:
  Simple merging task
Skipping task ':app:packageDebugUnitTestForUnitTest' as it is up-to-date.
Resolve mutations for :app:generateDebugUnitTestConfig (Thread[Execution worker Thread 9,5,main]) started.
:app:generateDebugUnitTestConfig (Thread[Execution worker Thread 9,5,main]) started.

> Task :app:generateDebugUnitTestConfig UP-TO-DATE
Caching disabled for task ':app:generateDebugUnitTestConfig' because:
  Caching has been disabled for the task
Skipping task ':app:generateDebugUnitTestConfig' as it is up-to-date.
Resolve mutations for :app:processDebugJavaRes (Thread[Execution worker Thread 9,5,main]) started.
:app:processDebugJavaRes (Thread[Execution worker Thread 9,5,main]) started.

> Task :app:processDebugJavaRes UP-TO-DATE
file or directory 'C:\Users\gokul D\SHIELD-1\app\src\main\resources', not found
file or directory 'C:\Users\gokul D\SHIELD-1\app\src\debug\resources', not found
file or directory 'C:\Users\gokul D\SHIELD-1\app\src\main\resources', not found
file or directory 'C:\Users\gokul D\SHIELD-1\app\src\debug\resources', not found
Caching disabled for task ':app:processDebugJavaRes' because:
  Caching has been disabled for the task
Skipping task ':app:processDebugJavaRes' as it is up-to-date.
work action resolve out (project :app) (Thread[Execution worker Thread 9,5,main]) started.
Resolve mutations for :app:processDebugUnitTestJavaRes (Thread[Execution worker Thread 9,5,main]) started.
:app:processDebugUnitTestJavaRes (Thread[Execution worker Thread 9,5,main]) started.

> Task :app:processDebugUnitTestJavaRes UP-TO-DATE
file or directory 'C:\Users\gokul D\SHIELD-1\app\src\testDebug\resources', not found
file or directory 'C:\Users\gokul D\SHIELD-1\app\src\testDebug\resources', not found
Caching disabled for task ':app:processDebugUnitTestJavaRes' because:
  Caching has been disabled for the task
Skipping task ':app:processDebugUnitTestJavaRes' as it is up-to-date.
Resolve mutations for :app:testDebugUnitTest (Thread[Execution worker Thread 9,5,main]) started.
:app:testDebugUnitTest (Thread[Execution worker Thread 9,5,main]) started.
Gradle Test Executor 1 started executing tests.
Gradle Test Executor 1 finished executing tests.

> Task :app:testDebugUnitTest FAILED
Transforming junit-1.2.1.aar (androidx.test.ext:junit:1.2.1) with AarToClassTransform
Transforming junit-4.13.2.jar (junit:junit:4.13.2) with IdentityTransform
Transforming mockito-inline-5.2.0.jar (org.mockito:mockito-inline:5.2.0) with IdentityTransform
Transforming mockito-core-5.3.1.jar (org.mockito:mockito-core:5.3.1) with IdentityTransform
Transforming robolectric-4.13.jar (org.robolectric:robolectric:4.13) with IdentityTransform
Transforming core-1.6.1.aar (androidx.test:core:1.6.1) with AarToClassTransform
Transforming json-20231013.jar (org.json:json:20231013) with IdentityTransform
Transforming material-1.12.0.aar (com.google.android.material:material:1.12.0) with AarToClassTransform
Transforming constraintlayout-2.2.0.aar (androidx.constraintlayout:constraintlayout:2.2.0) with AarToClassTransform
Transforming biometric-1.1.0.aar (androidx.biometric:biometric:1.1.0) with AarToClassTransform
Transforming appcompat-resources-1.7.0.aar (androidx.appcompat:appcompat-resources:1.7.0) with AarToClassTransform
Transforming appcompat-1.7.0.aar (androidx.appcompat:appcompat:1.7.0) with AarToClassTransform
Transforming recyclerview-1.3.1.aar (androidx.recyclerview:recyclerview:1.3.1) with AarToClassTransform
Transforming viewpager2-1.1.0.aar (androidx.viewpager2:viewpager2:1.1.0) with AarToClassTransform
Transforming fragment-ktx-1.8.5.aar (androidx.fragment:fragment-ktx:1.8.5) with AarToClassTransform
Transforming fragment-1.8.5.aar (androidx.fragment:fragment:1.8.5) with AarToClassTransform
Transforming activity-ktx-1.9.3.aar (androidx.activity:activity-ktx:1.9.3) with AarToClassTransform
Transforming activity-1.9.3.aar (androidx.activity:activity:1.9.3) with AarToClassTransform
Transforming emoji2-views-helper-1.3.0.aar (androidx.emoji2:emoji2-views-helper:1.3.0) with AarToClassTransform
Transforming emoji2-1.3.0.aar (androidx.emoji2:emoji2:1.3.0) with AarToClassTransform
Transforming savedstate-ktx-1.2.1.aar (androidx.savedstate:savedstate-ktx:1.2.1) with AarToClassTransform
Transforming savedstate-1.2.1.aar (androidx.savedstate:savedstate:1.2.1) with AarToClassTransform
Transforming customview-poolingcontainer-1.0.0.aar (androidx.customview:customview-poolingcontainer:1.0.0) with AarToClassTransform
Transforming core-ktx-1.13.0.aar (androidx.core:core-ktx:1.13.0) with AarToClassTransform
Transforming drawerlayout-1.1.1.aar (androidx.drawerlayout:drawerlayout:1.1.1) with AarToClassTransform
Transforming coordinatorlayout-1.1.0.aar (androidx.coordinatorlayout:coordinatorlayout:1.1.0) with AarToClassTransform
Transforming transition-1.5.0.aar (androidx.transition:transition:1.5.0) with AarToClassTransform
Transforming dynamicanimation-1.0.0.aar (androidx.dynamicanimation:dynamicanimation:1.0.0) with AarToClassTransform
Transforming vectordrawable-animated-1.1.0.aar (androidx.vectordrawable:vectordrawable-animated:1.1.0) with AarToClassTransform
Transforming vectordrawable-1.1.0.aar (androidx.vectordrawable:vectordrawable:1.1.0) with AarToClassTransform
Transforming vectordrawable-1.1.0.aar (androidx.vectordrawable:vectordrawable:1.1.0) with AarToClassTransform
Transforming viewpager-1.0.0.aar (androidx.viewpager:viewpager:1.0.0) with AarToClassTransform
Transforming customview-1.1.0.aar (androidx.customview:customview:1.1.0) with AarToClassTransform
Transforming customview-1.1.0.aar (androidx.customview:customview:1.1.0) with AarToClassTransform
Transforming customview-1.1.0.aar (androidx.customview:customview:1.1.0) with AarToClassTransform
Transforming customview-1.1.0.aar (androidx.customview:customview:1.1.0) with AarToClassTransform
Transforming legacy-support-core-utils-1.0.0.aar (androidx.legacy:legacy-support-core-utils:1.0.0) with AarToClassTransform
Transforming loader-1.0.0.aar (androidx.loader:loader:1.0.0) with AarToClassTransform
Transforming loader-1.0.0.aar (androidx.loader:loader:1.0.0) with AarToClassTransform
Transforming core-1.13.0.aar (androidx.core:core:1.13.0) with AarToClassTransform
Transforming core-1.13.0.aar (androidx.core:core:1.13.0) with AarToClassTransform
Transforming core-1.13.0.aar (androidx.core:core:1.13.0) with AarToClassTransform
Transforming core-1.13.0.aar (androidx.core:core:1.13.0) with AarToClassTransform
Transforming core-1.13.0.aar (androidx.core:core:1.13.0) with AarToClassTransform
Transforming core-1.13.0.aar (androidx.core:core:1.13.0) with AarToClassTransform
Transforming core-1.13.0.aar (androidx.core:core:1.13.0) with AarToClassTransform
Transforming core-1.13.0.aar (androidx.core:core:1.13.0) with AarToClassTransform
Transforming core-1.13.0.aar (androidx.core:core:1.13.0) with AarToClassTransform
Transforming lifecycle-runtime-release.aar (androidx.lifecycle:lifecycle-runtime-android:2.8.7) with AarToClassTransform
Transforming lifecycle-common-jvm-2.8.7.jar (androidx.lifecycle:lifecycle-common-jvm:2.8.7) with IdentityTransform
Transforming lifecycle-viewmodel-2.8.7.aar (androidx.lifecycle:lifecycle-viewmodel:2.8.7) with AarToClassTransform
Transforming lifecycle-viewmodel-release.aar (androidx.lifecycle:lifecycle-viewmodel-android:2.8.7) with AarToClassTransform
Transforming lifecycle-process-2.8.7.aar (androidx.lifecycle:lifecycle-process:2.8.7) with AarToClassTransform
Transforming lifecycle-livedata-core-2.8.7.aar (androidx.lifecycle:lifecycle-livedata-core:2.8.7) with AarToClassTransform
Transforming lifecycle-runtime-ktx-release.aar (androidx.lifecycle:lifecycle-runtime-ktx-android:2.8.7) with AarToClassTransform
Transforming lifecycle-livedata-core-ktx-2.8.7.aar (androidx.lifecycle:lifecycle-livedata-core-ktx:2.8.7) with AarToClassTransform
Transforming lifecycle-livedata-2.8.7.aar (androidx.lifecycle:lifecycle-livedata:2.8.7) with AarToClassTransform
Transforming lifecycle-livedata-2.8.7.aar (androidx.lifecycle:lifecycle-livedata:2.8.7) with AarToClassTransform
Transforming lifecycle-viewmodel-savedstate-2.8.7.aar (androidx.lifecycle:lifecycle-viewmodel-savedstate:2.8.7) with AarToClassTransform
Transforming lifecycle-livedata-ktx-2.8.7.aar (androidx.lifecycle:lifecycle-livedata-ktx:2.8.7) with AarToClassTransform
Transforming lifecycle-viewmodel-ktx-2.8.7.aar (androidx.lifecycle:lifecycle-viewmodel-ktx:2.8.7) with AarToClassTransform
Transforming concurrent-futures-ktx-1.1.0.jar (androidx.concurrent:concurrent-futures-ktx:1.1.0) with IdentityTransform
Transforming kotlinx-coroutines-core-jvm-1.9.0.jar (org.jetbrains.kotlinx:kotlinx-coroutines-core-jvm:1.9.0) with IdentityTransform
Transforming kotlinx-coroutines-android-1.9.0.jar (org.jetbrains.kotlinx:kotlinx-coroutines-android:1.9.0) with IdentityTransform
Transforming shadows-framework-4.13.jar (org.robolectric:shadows-framework:4.13) with IdentityTransform
Transforming storage-1.5.0.aar (androidx.test.services:storage:1.5.0) with AarToClassTransform
Transforming monitor-1.7.1.aar (androidx.test:monitor:1.7.1) with AarToClassTransform
Transforming monitor-1.7.1.aar (androidx.test:monitor:1.7.1) with AarToClassTransform
Transforming monitor-1.7.1.aar (androidx.test:monitor:1.7.1) with AarToClassTransform
Transforming annotation-experimental-1.4.0.aar (androidx.annotation:annotation-experimental:1.4.0) with AarToClassTransform
Transforming collection-ktx-1.1.0.jar (androidx.collection:collection-ktx:1.1.0) with IdentityTransform
Transforming MPAndroidChart-v3.1.0.aar (com.github.PhilJay:MPAndroidChart:v3.1.0) with AarToClassTransform
Transforming profileinstaller-1.4.0.aar (androidx.profileinstaller:profileinstaller:1.4.0) with AarToClassTransform
Transforming startup-runtime-1.1.1.aar (androidx.startup:startup-runtime:1.1.1) with AarToClassTransform
Transforming tracing-1.1.0.aar (androidx.tracing:tracing:1.1.0) with AarToClassTransform
Transforming cursoradapter-1.0.0.aar (androidx.cursoradapter:cursoradapter:1.0.0) with AarToClassTransform
Transforming resourceinspection-annotation-1.0.1.jar (androidx.resourceinspection:resourceinspection-annotation:1.0.1) with IdentityTransform
Transforming cardview-1.0.0.aar (androidx.cardview:cardview:1.0.0) with AarToClassTransform
Transforming versionedparcelable-1.1.1.aar (androidx.versionedparcelable:versionedparcelable:1.1.1) with AarToClassTransform
Transforming collection-1.1.0.jar (androidx.collection:collection:1.1.0) with IdentityTransform
Transforming concurrent-futures-1.1.0.jar (androidx.concurrent:concurrent-futures:1.1.0) with IdentityTransform
Transforming interpolator-1.0.0.aar (androidx.interpolator:interpolator:1.0.0) with AarToClassTransform
Transforming interpolator-1.0.0.aar (androidx.interpolator:interpolator:1.0.0) with AarToClassTransform
Transforming core-runtime-2.2.0.aar (androidx.arch.core:core-runtime:2.2.0) with AarToClassTransform
Transforming core-common-2.2.0.jar (androidx.arch.core:core-common:2.2.0) with IdentityTransform
Transforming documentfile-1.0.0.aar (androidx.documentfile:documentfile:1.0.0) with AarToClassTransform
Transforming localbroadcastmanager-1.0.0.aar (androidx.localbroadcastmanager:localbroadcastmanager:1.0.0) with AarToClassTransform
Transforming print-1.0.0.aar (androidx.print:print:1.0.0) with AarToClassTransform
Transforming constraintlayout-core-1.1.0.jar (androidx.constraintlayout:constraintlayout-core:1.1.0) with IdentityTransform
Transforming annotation-jvm-1.8.1.jar (androidx.annotation:annotation-jvm:1.8.1) with IdentityTransform
Transforming kotlin-stdlib-2.0.21.jar (org.jetbrains.kotlin:kotlin-stdlib:2.0.21) with IdentityTransform
Transforming hamcrest-core-1.3.jar (org.hamcrest:hamcrest-core:1.3) with IdentityTransform
Transforming byte-buddy-1.14.4.jar (net.bytebuddy:byte-buddy:1.14.4) with IdentityTransform
Transforming byte-buddy-agent-1.14.4.jar (net.bytebuddy:byte-buddy-agent:1.14.4) with IdentityTransform
Transforming junit-4.13.jar (org.robolectric:junit:4.13) with IdentityTransform
Transforming resources-4.13.jar (org.robolectric:resources:4.13) with IdentityTransform
Transforming objenesis-3.3.jar (org.objenesis:objenesis:3.3) with IdentityTransform
Transforming sandbox-4.13.jar (org.robolectric:sandbox:4.13) with IdentityTransform
Transforming nativeruntime-4.13.jar (org.robolectric:nativeruntime:4.13) with IdentityTransform
Transforming conscrypt-openjdk-uber-2.5.2.jar (org.conscrypt:conscrypt-openjdk-uber:2.5.2) with IdentityTransform
Transforming utils-reflector-4.13.jar (org.robolectric:utils-reflector:4.13) with IdentityTransform
Transforming espresso-idling-resource-3.6.1.aar (androidx.test.espresso:espresso-idling-resource:3.6.1) with AarToClassTransform
Transforming plugins-maven-dependency-resolver-4.13.jar (org.robolectric:plugins-maven-dependency-resolver:4.13) with IdentityTransform
Transforming shadowapi-4.13.jar (org.robolectric:shadowapi:4.13) with IdentityTransform
Transforming utils-4.13.jar (org.robolectric:utils:4.13) with IdentityTransform
Transforming pluginapi-4.13.jar (org.robolectric:pluginapi:4.13) with IdentityTransform
Transforming annotations-4.13.jar (org.robolectric:annotations:4.13) with IdentityTransform
Transforming javax.inject-1.jar (javax.inject:javax.inject:1) with IdentityTransform
Transforming javax.annotation-api-1.3.2.jar (javax.annotation:javax.annotation-api:1.3.2) with IdentityTransform
Transforming bcprov-jdk18on-1.78.1.jar (org.bouncycastle:bcprov-jdk18on:1.78.1) with IdentityTransform
Transforming guava-31.1-jre.jar (com.google.guava:guava:31.1-jre) with IdentityTransform
Transforming listenablefuture-9999.0-empty-to-avoid-conflict-with-guava.jar (com.google.guava:listenablefuture:9999.0-empty-to-avoid-conflict-with-guava) with IdentityTransform
Transforming error_prone_annotation-2.19.1.jar (com.google.errorprone:error_prone_annotation:2.19.1) with IdentityTransform
Transforming annotations-23.0.0.jar (org.jetbrains:annotations:23.0.0) with IdentityTransform
Transforming error_prone_annotations-2.15.0.jar (com.google.errorprone:error_prone_annotations:2.15.0) with IdentityTransform
Transforming auto-value-annotations-1.11.0.jar (com.google.auto.value:auto-value-annotations:1.11.0) with IdentityTransform
Transforming asm-commons-9.7.jar (org.ow2.asm:asm-commons:9.7) with IdentityTransform
Transforming asm-util-9.7.jar (org.ow2.asm:asm-util:9.7) with IdentityTransform
Transforming asm-analysis-9.7.jar (org.ow2.asm:asm-analysis:9.7) with IdentityTransform
Transforming asm-tree-9.7.jar (org.ow2.asm:asm-tree:9.7) with IdentityTransform
Transforming asm-9.7.jar (org.ow2.asm:asm:9.7) with IdentityTransform
Transforming sqlite4java-1.0.392.jar (com.almworks.sqlite4java:sqlite4java:1.0.392) with IdentityTransform
Transforming icu4j-75.1.jar (com.ibm.icu:icu4j:75.1) with IdentityTransform
Transforming failureaccess-1.0.1.jar (com.google.guava:failureaccess:1.0.1) with IdentityTransform
Transforming jsr305-3.0.2.jar (com.google.code.findbugs:jsr305:3.0.2) with IdentityTransform
Transforming checker-qual-3.12.0.jar (org.checkerframework:checker-qual:3.12.0) with IdentityTransform
Transforming j2objc-annotations-1.3.jar (com.google.j2objc:j2objc-annotations:1.3) with IdentityTransform
Transforming nativeruntime-dist-compat-1.0.12.jar (org.robolectric:nativeruntime-dist-compat:1.0.12) with IdentityTransform
Transforming junit-1.2.1.aar (androidx.test.ext:junit:1.2.1) with ExtractAarTransform
Transforming junit-4.13.2.jar (junit:junit:4.13.2) with IdentityTransform
Transforming mockito-inline-5.2.0.jar (org.mockito:mockito-inline:5.2.0) with IdentityTransform
Transforming mockito-core-5.3.1.jar (org.mockito:mockito-core:5.3.1) with IdentityTransform
Transforming robolectric-4.13.jar (org.robolectric:robolectric:4.13) with IdentityTransform
Transforming core-1.6.1.aar (androidx.test:core:1.6.1) with ExtractAarTransform
Transforming json-20231013.jar (org.json:json:20231013) with IdentityTransform
Transforming material-1.12.0.aar (com.google.android.material:material:1.12.0) with ExtractAarTransform
Transforming material-1.12.0.aar (com.google.android.material:material:1.12.0) with AarTransform
Transforming constraintlayout-2.2.0.aar (androidx.constraintlayout:constraintlayout:2.2.0) with ExtractAarTransform
Transforming constraintlayout-2.2.0.aar (androidx.constraintlayout:constraintlayout:2.2.0) with AarTransform
Transforming biometric-1.1.0.aar (androidx.biometric:biometric:1.1.0) with ExtractAarTransform
Transforming biometric-1.1.0.aar (androidx.biometric:biometric:1.1.0) with AarTransform
Transforming appcompat-resources-1.7.0.aar (androidx.appcompat:appcompat-resources:1.7.0) with ExtractAarTransform
Transforming appcompat-resources-1.7.0.aar (androidx.appcompat:appcompat-resources:1.7.0) with AarTransform
Transforming appcompat-1.7.0.aar (androidx.appcompat:appcompat:1.7.0) with ExtractAarTransform
Transforming appcompat-1.7.0.aar (androidx.appcompat:appcompat:1.7.0) with AarTransform
Transforming recyclerview-1.3.1.aar (androidx.recyclerview:recyclerview:1.3.1) with ExtractAarTransform
Transforming recyclerview-1.3.1.aar (androidx.recyclerview:recyclerview:1.3.1) with AarTransform
Transforming viewpager2-1.1.0.aar (androidx.viewpager2:viewpager2:1.1.0) with ExtractAarTransform
Transforming viewpager2-1.1.0.aar (androidx.viewpager2:viewpager2:1.1.0) with AarTransform
Transforming fragment-ktx-1.8.5.aar (androidx.fragment:fragment-ktx:1.8.5) with ExtractAarTransform
Transforming fragment-ktx-1.8.5.aar (androidx.fragment:fragment-ktx:1.8.5) with AarTransform
Transforming fragment-1.8.5.aar (androidx.fragment:fragment:1.8.5) with ExtractAarTransform
Transforming fragment-1.8.5.aar (androidx.fragment:fragment:1.8.5) with AarTransform
Transforming activity-ktx-1.9.3.aar (androidx.activity:activity-ktx:1.9.3) with ExtractAarTransform
Transforming activity-ktx-1.9.3.aar (androidx.activity:activity-ktx:1.9.3) with AarTransform
Transforming activity-1.9.3.aar (androidx.activity:activity:1.9.3) with ExtractAarTransform
Transforming activity-1.9.3.aar (androidx.activity:activity:1.9.3) with AarTransform
Transforming emoji2-views-helper-1.3.0.aar (androidx.emoji2:emoji2-views-helper:1.3.0) with ExtractAarTransform
Transforming emoji2-views-helper-1.3.0.aar (androidx.emoji2:emoji2-views-helper:1.3.0) with AarTransform
Transforming emoji2-1.3.0.aar (androidx.emoji2:emoji2:1.3.0) with ExtractAarTransform
Transforming emoji2-1.3.0.aar (androidx.emoji2:emoji2:1.3.0) with AarTransform
Transforming savedstate-ktx-1.2.1.aar (androidx.savedstate:savedstate-ktx:1.2.1) with ExtractAarTransform
Transforming savedstate-ktx-1.2.1.aar (androidx.savedstate:savedstate-ktx:1.2.1) with AarTransform
Transforming savedstate-1.2.1.aar (androidx.savedstate:savedstate:1.2.1) with ExtractAarTransform
Transforming savedstate-1.2.1.aar (androidx.savedstate:savedstate:1.2.1) with AarTransform
Transforming customview-poolingcontainer-1.0.0.aar (androidx.customview:customview-poolingcontainer:1.0.0) with ExtractAarTransform
Transforming customview-poolingcontainer-1.0.0.aar (androidx.customview:customview-poolingcontainer:1.0.0) with AarTransform
Transforming core-ktx-1.13.0.aar (androidx.core:core-ktx:1.13.0) with ExtractAarTransform
Transforming core-ktx-1.13.0.aar (androidx.core:core-ktx:1.13.0) with AarTransform
Transforming drawerlayout-1.1.1.aar (androidx.drawerlayout:drawerlayout:1.1.1) with ExtractAarTransform
Transforming drawerlayout-1.1.1.aar (androidx.drawerlayout:drawerlayout:1.1.1) with AarTransform
Transforming coordinatorlayout-1.1.0.aar (androidx.coordinatorlayout:coordinatorlayout:1.1.0) with ExtractAarTransform
Transforming coordinatorlayout-1.1.0.aar (androidx.coordinatorlayout:coordinatorlayout:1.1.0) with AarTransform
Transforming transition-1.5.0.aar (androidx.transition:transition:1.5.0) with ExtractAarTransform
Transforming transition-1.5.0.aar (androidx.transition:transition:1.5.0) with AarTransform
Transforming dynamicanimation-1.0.0.aar (androidx.dynamicanimation:dynamicanimation:1.0.0) with ExtractAarTransform
Transforming dynamicanimation-1.0.0.aar (androidx.dynamicanimation:dynamicanimation:1.0.0) with AarTransform
Transforming vectordrawable-animated-1.1.0.aar (androidx.vectordrawable:vectordrawable-animated:1.1.0) with ExtractAarTransform
Transforming vectordrawable-animated-1.1.0.aar (androidx.vectordrawable:vectordrawable-animated:1.1.0) with AarTransform
Transforming vectordrawable-1.1.0.aar (androidx.vectordrawable:vectordrawable:1.1.0) with ExtractAarTransform
Transforming vectordrawable-1.1.0.aar (androidx.vectordrawable:vectordrawable:1.1.0) with AarTransform
Transforming vectordrawable-1.1.0.aar (androidx.vectordrawable:vectordrawable:1.1.0) with ExtractAarTransform
Transforming vectordrawable-1.1.0.aar (androidx.vectordrawable:vectordrawable:1.1.0) with AarTransform
Transforming viewpager-1.0.0.aar (androidx.viewpager:viewpager:1.0.0) with ExtractAarTransform
Transforming viewpager-1.0.0.aar (androidx.viewpager:viewpager:1.0.0) with AarTransform
Transforming customview-1.1.0.aar (androidx.customview:customview:1.1.0) with ExtractAarTransform
Transforming customview-1.1.0.aar (androidx.customview:customview:1.1.0) with AarTransform
Transforming customview-1.1.0.aar (androidx.customview:customview:1.1.0) with ExtractAarTransform
Transforming customview-1.1.0.aar (androidx.customview:customview:1.1.0) with AarTransform
Transforming customview-1.1.0.aar (androidx.customview:customview:1.1.0) with ExtractAarTransform
Transforming customview-1.1.0.aar (androidx.customview:customview:1.1.0) with AarTransform
Transforming customview-1.1.0.aar (androidx.customview:customview:1.1.0) with ExtractAarTransform
Transforming customview-1.1.0.aar (androidx.customview:customview:1.1.0) with AarTransform
Transforming legacy-support-core-utils-1.0.0.aar (androidx.legacy:legacy-support-core-utils:1.0.0) with ExtractAarTransform
Transforming legacy-support-core-utils-1.0.0.aar (androidx.legacy:legacy-support-core-utils:1.0.0) with AarTransform
Transforming loader-1.0.0.aar (androidx.loader:loader:1.0.0) with ExtractAarTransform
Transforming loader-1.0.0.aar (androidx.loader:loader:1.0.0) with AarTransform
Transforming loader-1.0.0.aar (androidx.loader:loader:1.0.0) with ExtractAarTransform
Transforming loader-1.0.0.aar (androidx.loader:loader:1.0.0) with AarTransform
Transforming junit-1.2.1.aar (androidx.test.ext:junit:1.2.1) with AarTransform
Transforming core-1.13.0.aar (androidx.core:core:1.13.0) with ExtractAarTransform
Transforming core-1.13.0.aar (androidx.core:core:1.13.0) with AarTransform
Transforming core-1.13.0.aar (androidx.core:core:1.13.0) with ExtractAarTransform
Transforming core-1.13.0.aar (androidx.core:core:1.13.0) with AarTransform
Transforming core-1.13.0.aar (androidx.core:core:1.13.0) with ExtractAarTransform
Transforming core-1.13.0.aar (androidx.core:core:1.13.0) with AarTransform
Transforming core-1.13.0.aar (androidx.core:core:1.13.0) with ExtractAarTransform
Transforming core-1.13.0.aar (androidx.core:core:1.13.0) with AarTransform
Transforming core-1.13.0.aar (androidx.core:core:1.13.0) with ExtractAarTransform
Transforming core-1.13.0.aar (androidx.core:core:1.13.0) with AarTransform
Transforming core-1.13.0.aar (androidx.core:core:1.13.0) with ExtractAarTransform
Transforming core-1.13.0.aar (androidx.core:core:1.13.0) with AarTransform
Transforming core-1.6.1.aar (androidx.test:core:1.6.1) with AarTransform
Transforming core-1.13.0.aar (androidx.core:core:1.13.0) with ExtractAarTransform
Transforming core-1.13.0.aar (androidx.core:core:1.13.0) with AarTransform
Transforming core-1.13.0.aar (androidx.core:core:1.13.0) with ExtractAarTransform
Transforming core-1.13.0.aar (androidx.core:core:1.13.0) with AarTransform
Transforming core-1.13.0.aar (androidx.core:core:1.13.0) with ExtractAarTransform
Transforming core-1.13.0.aar (androidx.core:core:1.13.0) with AarTransform
Transforming lifecycle-runtime-release.aar (androidx.lifecycle:lifecycle-runtime-android:2.8.7) with ExtractAarTransform
Transforming lifecycle-runtime-release.aar (androidx.lifecycle:lifecycle-runtime-android:2.8.7) with AarTransform
Transforming lifecycle-common-jvm-2.8.7.jar (androidx.lifecycle:lifecycle-common-jvm:2.8.7) with IdentityTransform
Transforming lifecycle-viewmodel-2.8.7.aar (androidx.lifecycle:lifecycle-viewmodel:2.8.7) with ExtractAarTransform
Transforming lifecycle-viewmodel-2.8.7.aar (androidx.lifecycle:lifecycle-viewmodel:2.8.7) with AarTransform
Transforming lifecycle-viewmodel-release.aar (androidx.lifecycle:lifecycle-viewmodel-android:2.8.7) with ExtractAarTransform
Transforming lifecycle-viewmodel-release.aar (androidx.lifecycle:lifecycle-viewmodel-android:2.8.7) with AarTransform
Transforming lifecycle-process-2.8.7.aar (androidx.lifecycle:lifecycle-process:2.8.7) with ExtractAarTransform
Transforming lifecycle-process-2.8.7.aar (androidx.lifecycle:lifecycle-process:2.8.7) with AarTransform
Transforming lifecycle-livedata-core-2.8.7.aar (androidx.lifecycle:lifecycle-livedata-core:2.8.7) with ExtractAarTransform
Transforming lifecycle-livedata-core-2.8.7.aar (androidx.lifecycle:lifecycle-livedata-core:2.8.7) with AarTransform
Transforming lifecycle-runtime-ktx-release.aar (androidx.lifecycle:lifecycle-runtime-ktx-android:2.8.7) with ExtractAarTransform
Transforming lifecycle-runtime-ktx-release.aar (androidx.lifecycle:lifecycle-runtime-ktx-android:2.8.7) with AarTransform
Transforming lifecycle-livedata-core-ktx-2.8.7.aar (androidx.lifecycle:lifecycle-livedata-core-ktx:2.8.7) with ExtractAarTransform
Transforming lifecycle-livedata-core-ktx-2.8.7.aar (androidx.lifecycle:lifecycle-livedata-core-ktx:2.8.7) with AarTransform
Transforming lifecycle-livedata-2.8.7.aar (androidx.lifecycle:lifecycle-livedata:2.8.7) with ExtractAarTransform
Transforming lifecycle-livedata-2.8.7.aar (androidx.lifecycle:lifecycle-livedata:2.8.7) with AarTransform
Transforming lifecycle-livedata-2.8.7.aar (androidx.lifecycle:lifecycle-livedata:2.8.7) with ExtractAarTransform
Transforming lifecycle-livedata-2.8.7.aar (androidx.lifecycle:lifecycle-livedata:2.8.7) with AarTransform
Transforming lifecycle-viewmodel-savedstate-2.8.7.aar (androidx.lifecycle:lifecycle-viewmodel-savedstate:2.8.7) with ExtractAarTransform
Transforming lifecycle-viewmodel-savedstate-2.8.7.aar (androidx.lifecycle:lifecycle-viewmodel-savedstate:2.8.7) with AarTransform
Transforming lifecycle-livedata-ktx-2.8.7.aar (androidx.lifecycle:lifecycle-livedata-ktx:2.8.7) with ExtractAarTransform
Transforming lifecycle-livedata-ktx-2.8.7.aar (androidx.lifecycle:lifecycle-livedata-ktx:2.8.7) with AarTransform
Transforming lifecycle-viewmodel-ktx-2.8.7.aar (androidx.lifecycle:lifecycle-viewmodel-ktx:2.8.7) with ExtractAarTransform
Transforming lifecycle-viewmodel-ktx-2.8.7.aar (androidx.lifecycle:lifecycle-viewmodel-ktx:2.8.7) with AarTransform
Transforming concurrent-futures-ktx-1.1.0.jar (androidx.concurrent:concurrent-futures-ktx:1.1.0) with IdentityTransform
Transforming kotlinx-coroutines-core-jvm-1.9.0.jar (org.jetbrains.kotlinx:kotlinx-coroutines-core-jvm:1.9.0) with IdentityTransform
Transforming kotlinx-coroutines-android-1.9.0.jar (org.jetbrains.kotlinx:kotlinx-coroutines-android:1.9.0) with IdentityTransform
Transforming shadows-framework-4.13.jar (org.robolectric:shadows-framework:4.13) with IdentityTransform
Transforming storage-1.5.0.aar (androidx.test.services:storage:1.5.0) with ExtractAarTransform
Transforming monitor-1.7.1.aar (androidx.test:monitor:1.7.1) with ExtractAarTransform
Transforming monitor-1.7.1.aar (androidx.test:monitor:1.7.1) with ExtractAarTransform
Transforming monitor-1.7.1.aar (androidx.test:monitor:1.7.1) with ExtractAarTransform
Transforming annotation-experimental-1.4.0.aar (androidx.annotation:annotation-experimental:1.4.0) with ExtractAarTransform
Transforming annotation-experimental-1.4.0.aar (androidx.annotation:annotation-experimental:1.4.0) with AarTransform
Transforming collection-ktx-1.1.0.jar (androidx.collection:collection-ktx:1.1.0) with IdentityTransform
Transforming MPAndroidChart-v3.1.0.aar (com.github.PhilJay:MPAndroidChart:v3.1.0) with ExtractAarTransform
Transforming MPAndroidChart-v3.1.0.aar (com.github.PhilJay:MPAndroidChart:v3.1.0) with AarTransform
Transforming profileinstaller-1.4.0.aar (androidx.profileinstaller:profileinstaller:1.4.0) with ExtractAarTransform
Transforming profileinstaller-1.4.0.aar (androidx.profileinstaller:profileinstaller:1.4.0) with AarTransform
Transforming startup-runtime-1.1.1.aar (androidx.startup:startup-runtime:1.1.1) with ExtractAarTransform
Transforming startup-runtime-1.1.1.aar (androidx.startup:startup-runtime:1.1.1) with AarTransform
Transforming tracing-1.1.0.aar (androidx.tracing:tracing:1.1.0) with ExtractAarTransform
Transforming cursoradapter-1.0.0.aar (androidx.cursoradapter:cursoradapter:1.0.0) with ExtractAarTransform
Transforming cursoradapter-1.0.0.aar (androidx.cursoradapter:cursoradapter:1.0.0) with AarTransform
Transforming resourceinspection-annotation-1.0.1.jar (androidx.resourceinspection:resourceinspection-annotation:1.0.1) with IdentityTransform
Transforming cardview-1.0.0.aar (androidx.cardview:cardview:1.0.0) with ExtractAarTransform
Transforming cardview-1.0.0.aar (androidx.cardview:cardview:1.0.0) with AarTransform
Transforming constraintlayout-core-1.1.0.jar (androidx.constraintlayout:constraintlayout-core:1.1.0) with IdentityTransform
Transforming versionedparcelable-1.1.1.aar (androidx.versionedparcelable:versionedparcelable:1.1.1) with ExtractAarTransform
Transforming versionedparcelable-1.1.1.aar (androidx.versionedparcelable:versionedparcelable:1.1.1) with AarTransform
Transforming collection-1.1.0.jar (androidx.collection:collection:1.1.0) with IdentityTransform
Transforming concurrent-futures-1.1.0.jar (androidx.concurrent:concurrent-futures:1.1.0) with IdentityTransform
Transforming interpolator-1.0.0.aar (androidx.interpolator:interpolator:1.0.0) with ExtractAarTransform
Transforming interpolator-1.0.0.aar (androidx.interpolator:interpolator:1.0.0) with AarTransform
Transforming interpolator-1.0.0.aar (androidx.interpolator:interpolator:1.0.0) with ExtractAarTransform
Transforming interpolator-1.0.0.aar (androidx.interpolator:interpolator:1.0.0) with AarTransform
Transforming core-runtime-2.2.0.aar (androidx.arch.core:core-runtime:2.2.0) with ExtractAarTransform
Transforming core-runtime-2.2.0.aar (androidx.arch.core:core-runtime:2.2.0) with AarTransform
Transforming core-common-2.2.0.jar (androidx.arch.core:core-common:2.2.0) with IdentityTransform
Transforming documentfile-1.0.0.aar (androidx.documentfile:documentfile:1.0.0) with ExtractAarTransform
Transforming documentfile-1.0.0.aar (androidx.documentfile:documentfile:1.0.0) with AarTransform
Transforming localbroadcastmanager-1.0.0.aar (androidx.localbroadcastmanager:localbroadcastmanager:1.0.0) with ExtractAarTransform
Transforming localbroadcastmanager-1.0.0.aar (androidx.localbroadcastmanager:localbroadcastmanager:1.0.0) with AarTransform
Transforming print-1.0.0.aar (androidx.print:print:1.0.0) with ExtractAarTransform
Transforming print-1.0.0.aar (androidx.print:print:1.0.0) with AarTransform
Transforming annotation-jvm-1.8.1.jar (androidx.annotation:annotation-jvm:1.8.1) with IdentityTransform
Transforming kotlin-stdlib-2.0.21.jar (org.jetbrains.kotlin:kotlin-stdlib:2.0.21) with IdentityTransform
Transforming hamcrest-core-1.3.jar (org.hamcrest:hamcrest-core:1.3) with IdentityTransform
Transforming byte-buddy-1.14.4.jar (net.bytebuddy:byte-buddy:1.14.4) with IdentityTransform
Transforming byte-buddy-agent-1.14.4.jar (net.bytebuddy:byte-buddy-agent:1.14.4) with IdentityTransform
Transforming objenesis-3.3.jar (org.objenesis:objenesis:3.3) with IdentityTransform
Transforming conscrypt-openjdk-uber-2.5.2.jar (org.conscrypt:conscrypt-openjdk-uber:2.5.2) with IdentityTransform
Transforming espresso-idling-resource-3.6.1.aar (androidx.test.espresso:espresso-idling-resource:3.6.1) with ExtractAarTransform
Transforming junit-4.13.jar (org.robolectric:junit:4.13) with IdentityTransform
Transforming resources-4.13.jar (org.robolectric:resources:4.13) with IdentityTransform
Transforming sandbox-4.13.jar (org.robolectric:sandbox:4.13) with IdentityTransform
Transforming nativeruntime-4.13.jar (org.robolectric:nativeruntime:4.13) with IdentityTransform
Transforming utils-reflector-4.13.jar (org.robolectric:utils-reflector:4.13) with IdentityTransform
Transforming plugins-maven-dependency-resolver-4.13.jar (org.robolectric:plugins-maven-dependency-resolver:4.13) with IdentityTransform
Transforming shadowapi-4.13.jar (org.robolectric:shadowapi:4.13) with IdentityTransform
Transforming utils-4.13.jar (org.robolectric:utils:4.13) with IdentityTransform
Transforming pluginapi-4.13.jar (org.robolectric:pluginapi:4.13) with IdentityTransform
Transforming annotations-4.13.jar (org.robolectric:annotations:4.13) with IdentityTransform
Transforming javax.inject-1.jar (javax.inject:javax.inject:1) with IdentityTransform
Transforming javax.annotation-api-1.3.2.jar (javax.annotation:javax.annotation-api:1.3.2) with IdentityTransform
Transforming bcprov-jdk18on-1.78.1.jar (org.bouncycastle:bcprov-jdk18on:1.78.1) with IdentityTransform
Transforming error_prone_annotation-2.19.1.jar (com.google.errorprone:error_prone_annotation:2.19.1) with IdentityTransform
Transforming guava-31.1-jre.jar (com.google.guava:guava:31.1-jre) with IdentityTransform
Transforming listenablefuture-9999.0-empty-to-avoid-conflict-with-guava.jar (com.google.guava:listenablefuture:9999.0-empty-to-avoid-conflict-with-guava) with IdentityTransform
Transforming annotations-23.0.0.jar (org.jetbrains:annotations:23.0.0) with IdentityTransform
Transforming error_prone_annotations-2.15.0.jar (com.google.errorprone:error_prone_annotations:2.15.0) with IdentityTransform
Transforming auto-value-annotations-1.11.0.jar (com.google.auto.value:auto-value-annotations:1.11.0) with IdentityTransform
Transforming asm-commons-9.7.jar (org.ow2.asm:asm-commons:9.7) with IdentityTransform
Transforming asm-util-9.7.jar (org.ow2.asm:asm-util:9.7) with IdentityTransform
Transforming asm-analysis-9.7.jar (org.ow2.asm:asm-analysis:9.7) with IdentityTransform
Transforming asm-tree-9.7.jar (org.ow2.asm:asm-tree:9.7) with IdentityTransform
Transforming asm-9.7.jar (org.ow2.asm:asm:9.7) with IdentityTransform
Transforming sqlite4java-1.0.392.jar (com.almworks.sqlite4java:sqlite4java:1.0.392) with IdentityTransform
Transforming icu4j-75.1.jar (com.ibm.icu:icu4j:75.1) with IdentityTransform
Transforming storage-1.5.0.aar (androidx.test.services:storage:1.5.0) with AarTransform
Transforming failureaccess-1.0.1.jar (com.google.guava:failureaccess:1.0.1) with IdentityTransform
Transforming monitor-1.7.1.aar (androidx.test:monitor:1.7.1) with AarTransform
Transforming jsr305-3.0.2.jar (com.google.code.findbugs:jsr305:3.0.2) with IdentityTransform
Transforming monitor-1.7.1.aar (androidx.test:monitor:1.7.1) with AarTransform
Transforming checker-qual-3.12.0.jar (org.checkerframework:checker-qual:3.12.0) with IdentityTransform
Transforming j2objc-annotations-1.3.jar (com.google.j2objc:j2objc-annotations:1.3) with IdentityTransform
Transforming nativeruntime-dist-compat-1.0.12.jar (org.robolectric:nativeruntime-dist-compat:1.0.12) with IdentityTransform
Transforming espresso-idling-resource-3.6.1.aar (androidx.test.espresso:espresso-idling-resource:3.6.1) with AarTransform
Transforming tracing-1.1.0.aar (androidx.tracing:tracing:1.1.0) with AarTransform
Transforming android.jar with MockableJarTransform
Transforming android.jar with MockableJarTransform
Build cache key for task ':app:testDebugUnitTest' is 02d17cf244ec6a0702c79d6d7494d3f7
Task ':app:testDebugUnitTest' is not up-to-date because:
  Task has failed previously.
Transforming android.jar with MockableJarTransform
Transforming android.jar with MockableJarTransform
Starting process 'Gradle Test Executor 1'. Working directory: C:\Users\gokul D\SHIELD-1\app Command: C:\Program Files\Java\jdk-17.0.18\bin\java.exe -Djava.awt.headless=true -Djava.library.path=C:\Program Files\Java\jdk-17.0.18\bin;C:\WINDOWS\Sun\Java\bin;C:\WINDOWS\system32;C:\WINDOWS;C:\Users\gokul D\AppData\Local\Android\Sdk\platform-tools;C:\Program Files\Java\jdk-17.0.18\bin;C:\Program Files\Python39\Scripts\;C:\Program Files\Python39\;C:\Program Files\Common Files\Oracle\Java\javapath;C:\Program Files\Volta\;C:\Program Files\NVIDIA GPU Computing Toolkit\CUDA\v12.6\bin;C:\Program Files\NVIDIA GPU Computing Toolkit\CUDA\v12.6\libnvvp;C:\WINDOWS\system32;C:\WINDOWS;C:\WINDOWS\System32\Wbem;C:\WINDOWS\System32\WindowsPowerShell\v1.0\;C:\WINDOWS\System32\OpenSSH\;C:\Program Files (x86)\NVIDIA Corporation\PhysX\Common;C:\Program Files\NVIDIA Corporation\Nsight Compute 2024.3.2\;C:\Program Files\NVIDIA Corporation\NVIDIA app\NvDLISR;C:\Program Files\Git\cmd;C:\Android;C:\Windows\System32;C:\ProgramData\chocolatey\bin;C:\Program Files\LLVM\bin;C:\protoc-31.1-win64\bin;C:\Program Files (x86)\eSpeak\command_line;C:\Program Files\CMake\bin;C:\Users\gokul D\AppData\Local\Programs\Python\Python39\Scripts;C:\Users\gokul D\AppData\Local\Programs\Python\Python39;C:\Program Files\Docker\Docker\resources\bin;C:\Program Files\MATLAB\R2025b\bin;C:\Program Files\Tailscale\;C:\Users\gokul D\Downloads\payload-dumper-go_1.3.0_windows_amd64;C:\Users\gokul D\.cargo\bin;C:\Users\gokul D\AppData\Local\Android\Sdk\platform-tools;C:\Users\gokul D\AppData\Local\Volta\bin;C:\Users\gokul D\Downloads\flutter_windows_3.27.1-stable\flutter\bin;C:\Users\gokul D\scoop\apps\mpv\current;C:\Users\gokul D\scoop\shims;C:\Users\gokul D\AppData\Local\Programs\Python\Launcher\;C:\Users\gokul D\AppData\Local\Microsoft\WindowsApps;C:\Users\gokul D\AppData\Local\Programs\Microsoft VS Code\bin;C:\Users\gokul D\AppData\Local\Programs\Ollama;C:\msys64\ucrt64\bin;C:\Program Files\JetBrains\CLion 2024.3.2\bin;C:\Users\gokul D\.dotnet\tools;C:\Users\gokul D\.lmstudio\bin;C:\Program Files (x86)\Microsoft Visual Studio\2022\BuildTools\VC\Tools\MSVC\14.43.34808\bin\Hostx64\x64;C:\Users\gokul D\AppData\Local\Microsoft\WindowsApps;c:\users\gokul d\.local\bin;C:\Users\gokul D\scoop\apps\ffmpeg-shared\current\bin;C:\Users\gokul D\AppData\Local\Microsoft\WinGet\Packages\GNU.Nano_Microsoft.Winget.Source_8wekyb3d8bbwe;C:\Program Files\Tesseract-OCR;C:\Users\gokul D\AppData\Local\Programs\cursor\resources\app\bin;C:\protoc-31.1-win64\bin\protoc.exe;C:\Users\gokul D\AppData\Local\Programs\Python\Python310;C:\Users\gokul D\Downloads\apache-maven-3.9.11-bin\apache-maven-3.9.11\bin;C:\Users\gokul D\AppData\Local\Programs\Python\Python39;C:\Users\gokul D\AppData\Local\Programs\Python\Python39\Scripts;C:\Users\gokul D\AppData\Local\Programs\Antigravity\bin;;.;C:\Users\gokul D\SHIELD-1\app\src\testDebug\jniLibs;C:\Users\gokul D\SHIELD-1\app\src\test\jniLibs -Dorg.gradle.internal.worker.tmpdir=C:\Users\gokul D\SHIELD-1\app\build\tmp\testDebugUnitTest\work --add-opens=java.base/java.io=ALL-UNNAMED @C:\Users\gokul D\.gradle\.tmp\gradle-worker-classpath3947575552039896165txt -Xmx256m -Dfile.encoding=UTF-8 -Duser.country=IN -Duser.language=en -Duser.variant -ea worker.org.gradle.process.internal.worker.GradleWorkerMain 'Gradle Test Executor 1'
Successfully started process 'Gradle Test Executor 1'

EventMergerTest > testMergeReplacesNullFields FAILED
    org.junit.ComparisonFailure: expected:<M[ERGED]> but was:<M[ODE_B]>
        at org.junit.Assert.assertEquals(Assert.java:117)
        at org.junit.Assert.assertEquals(Assert.java:146)
        at com.dearmoon.shield.data.EventMergerTest.testMergeReplacesNullFields(EventMergerTest.java:79)
Finished generating test XML results (0.02 secs) into: C:\Users\gokul D\SHIELD-1\app\build\test-results\testDebugUnitTest
Generating HTML test report...
Finished generating test html results (0.039 secs) into: C:\Users\gokul D\SHIELD-1\app\build\reports\tests\testDebugUnitTest
28 actionable tasks: 1 executed, 27 up-to-date
Watched directory hierarchies: [C:\Users\gokul D\SHIELD-1]
