> Task :app:checkKotlinGradlePluginConfigurationErrors SKIPPED
> Task :app:preBuild UP-TO-DATE
> Task :app:preDebugBuild UP-TO-DATE
> Task :app:checkDebugAarMetadata UP-TO-DATE
> Task :app:generateDebugResValues UP-TO-DATE
> Task :app:mapDebugSourceSetPaths UP-TO-DATE
> Task :app:generateDebugResources UP-TO-DATE
> Task :app:mergeDebugResources UP-TO-DATE
> Task :app:packageDebugResources UP-TO-DATE
> Task :app:parseDebugLocalResources UP-TO-DATE
> Task :app:createDebugCompatibleScreenManifests UP-TO-DATE
> Task :app:extractDeepLinksDebug UP-TO-DATE
> Task :app:processDebugMainManifest UP-TO-DATE
> Task :app:processDebugManifest UP-TO-DATE
> Task :app:processDebugManifestForPackage UP-TO-DATE
> Task :app:processDebugResources UP-TO-DATE
> Task :app:compileDebugKotlin UP-TO-DATE
> Task :app:javaPreCompileDebug UP-TO-DATE
> Task :app:compileDebugJavaWithJavac UP-TO-DATE
> Task :app:bundleDebugClassesToRuntimeJar UP-TO-DATE
> Task :app:bundleDebugClassesToCompileJar UP-TO-DATE
> Task :app:compileDebugUnitTestKotlin UP-TO-DATE
> Task :app:preDebugUnitTestBuild UP-TO-DATE
> Task :app:javaPreCompileDebugUnitTest UP-TO-DATE

> Task :app:compileDebugUnitTestJavaWithJavac FAILED
./gradlew : C:\Users\gokul D\SHIELD-1\app\src\
test\java\com\dearmoon\shield\collectors\Honey
fileCollectorTest.java:38: error: cannot find 
symbol
At line:1 char:1
+ ./gradlew testDebugUnitTest --tests 
"com.dearmoon.shield.detection.Pr ...
+ ~~~~~~~~~~~~~~~~~~~~~~~~~~~~~~~~~~~~~~~~~~~~
~~~~~~~~~~~~~~~~~~~~~~~~~
    + CategoryInfo          : NotSpecified:   
  (C:\Users\gokul ...not find symbol:Str    
ing) [], RemoteException
    + FullyQualifiedErrorId : NativeCommand   
 Error
 
    private UnifiedDetectionEngine 
mockDetectionEngine;
            ^
  symbol:   class UnifiedDetectionEngine
  location: class HoneyfileCollectorTest
Note: Some input files use or override a 
deprecated API.
Note: Recompile with -Xlint:deprecation for 
details.
1 error

FAILURE: Build failed with an exception.

* What went wrong:
Execution failed for task 
':app:compileDebugUnitTestJavaWithJavac'.
> Compilation failed; see the compiler error 
output for details.

* Try:
> Run with --info option to get more log 
output.
> Run with --scan to get full insights.

21 actionable tasks: 1 executed, 20 up-to-date
BUILD FAILED in 28s
